08-25 19:17:37.252  2155  2562 I chatty  : uid=10108(com.android.systemui) RenderThread identical 2 lines
08-25 19:17:37.273  2155  2562 D EGL_emulation: eglMakeCurrent: 0xe21abc60: ver 2 0 (tinfo 0xc1cc0b40)
08-25 19:17:37.274  3120  3427 I StreamController: registerScope: nowcards-15-92d4-babb
08-25 19:17:37.290  2155  2562 D EGL_emulation: eglMakeCurrent: 0xe21abc60: ver 2 0 (tinfo 0xc1cc0b40)
08-25 19:17:37.442  2155  2562 I chatty  : uid=10108(com.android.systemui) RenderThread identical 4 lines
08-25 19:17:37.477  2155  2562 D EGL_emulation: eglMakeCurrent: 0xe21abc60: ver 2 0 (tinfo 0xc1cc0b40)
08-25 19:17:37.483  3120  6460 W LocationOracle: No location history returned by ContextManager
08-25 19:17:37.567  3120  3151 I earchbox:searc: Background young concurrent copying GC freed 22652(977KB) AllocSpace objects, 0(0B) LOS objects, 9% free, 10MB/11MB, paused 3.154ms total 116.010ms
08-25 19:17:37.582  3120  3427 I MicroDetectionWorker: #startMicroDetector [speakerMode: 0]
08-25 19:17:37.583  2660  3225 I LogUtils: [Places]: ?: Couldn't find platform key file. [CONTEXT service_id=253 ]
08-25 19:17:37.591  3120  3427 W ErrorReporter: reportError [type: 211, code: 393244, bug: 0]: errorCode: 393244, engine: 0
08-25 19:17:37.593  3120  3427 I MicroDetector: Keeping mic open: false
08-25 19:17:37.593  3120  3427 I MicroDetectionWorker: #onError(false)
08-25 19:17:37.650  2660  2660 I GeofencerStateMachine: removeGeofences: removeRequest=RemoveGeofencingRequest[REMOVE_BY_PENDING_INTENT pendingIntent=PendingIntent[creatorPackage=com.google.android.gms], packageName=com.google.android.gms]
08-25 19:17:37.661  2660  2660 I GeofencerStateMachine: removeGeofences: removeRequest=RemoveGeofencingRequest[REMOVE_BY_PENDING_INTENT pendingIntent=PendingIntent[creatorPackage=com.google.android.gms], packageName=com.google.android.gms]
08-25 19:17:37.666  4585  4821 D EGL_emulation: eglMakeCurrent: 0xe21ecc80: ver 2 0 (tinfo 0xc27f10e0)
08-25 19:17:37.675  2660  2660 I GeofencerStateMachine: removeGeofences: removeRequest=RemoveGeofencingRequest[REMOVE_BY_PENDING_INTENT pendingIntent=PendingIntent[creatorPackage=com.google.android.gms], packageName=com.google.android.gms]
08-25 19:17:37.696  4585  4585 I AppLifecycleTracker: onActivityStopped: 
08-25 19:17:37.697  4585  4585 I AppLifecycleTracker: App transition to background
08-25 19:17:37.701  4585  4585 I AppLifecycleTracker: onActivitySaveInstanceState: 
08-25 19:17:37.705  2001  3955 D HostConnection: HostConnection::get() New Host Connection established 0xba558800, tid 3955
08-25 19:17:37.705  2001  3955 D HostConnection: HostComposition ext ANDROID_EMU_CHECKSUM_HELPER_v1 ANDROID_EMU_dma_v1 ANDROID_EMU_direct_mem ANDROID_EMU_host_composition_v1 ANDROID_EMU_host_composition_v2 ANDROID_EMU_vulkan ANDROID_EMU_deferred_vulkan_commands ANDROID_EMU_vulkan_null_optional_strings ANDROID_EMU_vulkan_create_resources_with_requirements ANDROID_EMU_YUV_Cache ANDROID_EMU_vulkan_ignored_handles ANDROID_EMU_vulkan_free_memory_sync ANDROID_EMU_vulkan_shader_float16_int8 ANDROID_EMU_vulkan_async_queue_submit ANDROID_EMU_sync_buffer_data GL_OES_vertex_array_object GL_KHR_texture_compression_astc_ldr ANDROID_EMU_host_side_tracing ANDROID_EMU_gles_max_version_2 
08-25 19:17:37.707  2001  3955 W OpenGLRenderer: Failed to choose config with EGL_SWAP_BEHAVIOR_PRESERVED, retrying without...
08-25 19:17:37.726  2001  3955 D EGL_emulation: eglCreateContext: 0xbd195800: maj 2 min 0 rcv 2
08-25 19:17:37.727  2001  3955 D EGL_emulation: eglMakeCurrent: 0xbd195800: ver 2 0 (tinfo 0xb1c41480)
08-25 19:17:37.741  2660  5349 W ctxmgr  : [AclManager] No 3 for (accnt=account#1178712851#, com.google.android.gms(10116):UserVelocityProducer, vrsn=202414022, 0, 3pPkg = null ,  3pMdlId = null ,  pid = 2660). Was: 2 for 1, account#1178712851# [CONTEXT service_id=47 ]
08-25 19:17:37.783  2660  2723 I LogUtils: [Places]: ?: Couldn't find platform key file. [CONTEXT service_id=253 ]
08-25 19:17:37.831  2660  5349 I ctxmgr  : [ProducerStatusImpl] updateStateForNewContextData: inactive, contextName=7 [CONTEXT service_id=47 ]
08-25 19:17:37.834  2660  6532 I LogUtils: [Places]: ?: Couldn't find platform key file. [CONTEXT service_id=253 ]
08-25 19:17:37.865  2660  2660 I GeofencerStateMachine: removeGeofences: removeRequest=RemoveGeofencingRequest[REMOVE_BY_PENDING_INTENT pendingIntent=PendingIntent[creatorPackage=com.google.android.gms], packageName=com.google.android.gms]
08-25 19:17:37.868  2660  2660 I GeofencerStateMachine: removeGeofences: removeRequest=RemoveGeofencingRequest[REMOVE_BY_PENDING_INTENT pendingIntent=PendingIntent[creatorPackage=com.google.android.gms], packageName=com.google.android.gms]
08-25 19:17:37.878  2660  6530 I LogUtils: [Places]: ?: Couldn't find platform key file. [CONTEXT service_id=253 ]
08-25 19:17:37.878  2660  6534 I PlacesLogger: [PlaceInferenceEngine]: [anon] Changed inference mode: 0 [CONTEXT service_id=253 ]
08-25 19:17:37.879  2660  6532 I LogUtils: [Places]: ?: Couldn't find platform key file. [CONTEXT service_id=253 ]
08-25 19:17:37.879  2660  6531 I LogUtils: [Places]: ?: Couldn't find platform key file. [CONTEXT service_id=253 ]
08-25 19:17:37.882  2660  6534 I PlacesLogger: [PlaceInferenceEngine]: [account#1178712851] Changed inference mode: 0 [CONTEXT service_id=253 ]
08-25 19:17:37.894  2660  3406 I LogUtils: [Places]: ?: Couldn't find platform key file. [CONTEXT service_id=253 ]
08-25 19:17:37.906  2660  6530 I LogUtils: [Places]: ?: Couldn't find platform key file. [CONTEXT service_id=253 ]
08-25 19:17:37.917  2660  6534 I LogUtils: [Places]: ?: PlacesBleScanner start() with priority 2 [CONTEXT service_id=253 ]
08-25 19:17:37.917  2660  6534 I PlacesLogger: [PlaceInferenceEngine]: [anon] Changed inference mode: 1 [CONTEXT service_id=253 ]
08-25 19:17:37.917  2660  6534 I PlacesLogger: [PlaceInferenceEngine]: [account#1178712851] Changed inference mode: 1 [CONTEXT service_id=253 ]
08-25 19:17:37.929  2660  2660 E BeaconBle: Missing BluetoothAdapter [CONTEXT service_id=111 ]
08-25 19:17:37.929  2660  2660 I BeaconBle: BLE 'KK+' software access layer enabled [CONTEXT service_id=111 ]
08-25 19:17:37.941  2660  6531 I LogUtils: [Places]: ?: Couldn't find platform key file. [CONTEXT service_id=253 ]
08-25 19:17:37.946  2660  2660 I BeaconBle: Client requested scan, settings=BleSettings [scanMode=ZERO_POWER, callbackType=ALL_MATCHES, reportDelayMillis=0, 1 filters, 0 clients, callingClientName=Places] [CONTEXT service_id=111 ]
08-25 19:17:37.946  2660  2660 I BeaconBle: Scan : No clients left, canceling alarm. [CONTEXT service_id=111 ]
08-25 19:17:37.947  2660  2660 E BeaconBle: Scan couldn't start for Places [CONTEXT service_id=111 ]
08-25 19:17:37.947  2660  2660 W Places  : BLE failure while scanning - code 5
08-25 19:17:38.835  2001  2216 D WificondControl: Scan result ready event
08-25 19:17:38.902  2660  6534 I Places  : Converted 1 out of 1 WiFi scans
08-25 19:17:38.910  2660  6534 I PlacesLogger: [PlaceInferenceEngine]: [account#1178712851] Changed inference mode: 1 [CONTEXT service_id=253 ]
08-25 19:17:38.910  2660  5349 I LogUtils: [Places]: ?: Couldn't find platform key file. [CONTEXT service_id=253 ]
08-25 19:17:38.910  2660  6534 I PlacesLogger: [PlaceInferenceEngine]: [anon] Changed inference mode: 1 [CONTEXT service_id=253 ]
08-25 19:17:38.912  2660  6530 I LogUtils: [Places]: ?: Couldn't find platform key file. [CONTEXT service_id=253 ]
08-25 19:17:38.913  2660  6531 I LogUtils: [Places]: ?: Couldn't find platform key file. [CONTEXT service_id=253 ]
08-25 19:17:38.937  2660  6531 I LogUtils: [Places]: ?: Couldn't find platform key file. [CONTEXT service_id=253 ]
08-25 19:17:38.937  2660  5349 I PlacesLogger: [PlaceInferenceEngine]: No beacon scan available - ignoring candidates. [CONTEXT service_id=253 ]
08-25 19:17:38.967  2660  5349 I PlacesLogger: [PlaceInferenceEngine]: No beacon scan available - ignoring candidates. [CONTEXT service_id=253 ]
08-25 19:17:38.967  2660  6532 I LogUtils: [Places]: ?: Couldn't find platform key file. [CONTEXT service_id=253 ]
08-25 19:17:38.994  2660  5349 I LogUtils: [Places]: ?: Couldn't find platform key file. [CONTEXT service_id=253 ]
08-25 19:17:39.829  1751  1875 W audio_hw_generic: Not supplying enough data to HAL, expected position 1930294 , only wrote 1793954
08-25 19:17:42.607  3120  3427 I MicroDetectionWorker: #startMicroDetector [speakerMode: 0]
08-25 19:17:42.609  3120  3427 W ErrorReporter: reportError [type: 211, code: 393244, bug: 0]: errorCode: 393244, engine: 0
08-25 19:17:42.611  3120  3427 I MicroDetector: Keeping mic open: false
08-25 19:17:42.612  3120  3427 I MicroDetectionWorker: #onError(false)
08-25 19:17:44.845  2001  2038 E memtrack: Couldn't load memtrack module
08-25 19:17:44.845  2001  2038 W android.os.Debug: failed to get memory consumption info: -1
08-25 19:17:44.853  2001  2038 E memtrack: Couldn't load memtrack module
08-25 19:17:44.854  2001  2038 W android.os.Debug: failed to get memory consumption info: -1
08-25 19:17:47.620  3120  3427 I MicroDetectionWorker: #startMicroDetector [speakerMode: 0]
08-25 19:17:47.625  3120  3427 W ErrorReporter: reportError [type: 211, code: 393244, bug: 0]: errorCode: 393244, engine: 0
08-25 19:17:47.626  3120  3427 I MicroDetector: Keeping mic open: false
08-25 19:17:47.626  3120  3427 I MicroDetectionWorker: #onError(false)
08-25 19:17:49.690  2001  2038 E memtrack: Couldn't load memtrack module
08-25 19:17:49.691  2001  2038 W android.os.Debug: failed to get memory consumption info: -1
08-25 19:17:52.633  3120  3427 I MicroDetectionWorker: #startMicroDetector [speakerMode: 0]
08-25 19:17:52.634  3120  3427 W ErrorReporter: reportError [type: 211, code: 393244, bug: 0]: errorCode: 393244, engine: 0
08-25 19:17:52.635  3120  3427 I MicroDetector: Keeping mic open: false
08-25 19:17:52.635  3120  3427 I MicroDetectionWorker: #onError(false)
08-25 19:17:57.644  3120  3427 I MicroDetectionWorker: #startMicroDetector [speakerMode: 0]
08-25 19:17:57.647  3120  3427 W ErrorReporter: reportError [type: 211, code: 393244, bug: 0]: errorCode: 393244, engine: 0
08-25 19:17:57.649  3120  3427 I MicroDetector: Keeping mic open: false
08-25 19:17:57.649  3120  3427 I MicroDetectionWorker: #onError(false)
08-25 19:17:59.027  2001  2038 E memtrack: Couldn't load memtrack module
08-25 19:17:59.027  2001  2038 W android.os.Debug: failed to get memory consumption info: -1
08-25 19:17:59.031  2001  2038 E memtrack: Couldn't load memtrack module
08-25 19:17:59.031  2001  2038 W android.os.Debug: failed to get memory consumption info: -1
08-25 19:18:00.004  4585  4585 I AlarmClock: Periodic: Executing periodic callback for MINUTE because the period ended
08-25 19:18:00.006  4585  4585 I AlarmClock: Periodic: Executing periodic callback for MINUTE because the period ended
08-25 19:18:00.010  2155  2155 D KeyguardClockSwitch: Updating clock: 718
08-25 19:18:00.011  4585  4585 I AlarmClock: Periodic: Executing periodic callback for MINUTE because the period ended
08-25 19:18:00.014  4585  4585 I chatty  : uid=10131(com.google.android.deskclock) identical 4 lines
08-25 19:18:00.015  4585  4585 I AlarmClock: Periodic: Executing periodic callback for MINUTE because the period ended
08-25 19:18:00.027  2155  2562 D EGL_emulation: eglMakeCurrent: 0xe21abc60: ver 2 0 (tinfo 0xc1cc0b40)
08-25 19:18:02.580  2001  2038 E memtrack: Couldn't load memtrack module
08-25 19:18:02.580  2001  2038 W android.os.Debug: failed to get memory consumption info: -1
08-25 19:18:02.651  3120  3427 I MicroDetectionWorker: #startMicroDetector [speakerMode: 0]
08-25 19:18:02.652  3120  3427 W ErrorReporter: reportError [type: 211, code: 393244, bug: 0]: errorCode: 393244, engine: 0
08-25 19:18:02.653  3120  3427 I MicroDetector: Keeping mic open: false
08-25 19:18:02.653  3120  3427 I MicroDetectionWorker: #onError(false)
08-25 19:18:03.851  2001  2038 E memtrack: Couldn't load memtrack module
08-25 19:18:03.851  2001  2038 W android.os.Debug: failed to get memory consumption info: -1
08-25 19:18:07.654  3120  3427 I MicroDetectionWorker: #startMicroDetector [speakerMode: 0]
08-25 19:18:07.656  3120  3427 W ErrorReporter: reportError [type: 211, code: 393244, bug: 0]: errorCode: 393244, engine: 0
08-25 19:18:07.656  3120  3427 I MicroDetector: Keeping mic open: false
08-25 19:18:07.656  3120  3427 I MicroDetectionWorker: #onError(false)
08-25 19:18:11.317  1909  1909 E netmgr  : Failed to open QEMU pipe 'qemud:network': Invalid argument
08-25 19:18:11.488  1918  1918 E wifi_forwarder: RemoteConnection failed to initialize: RemoteConnection failed to open pipe
08-25 19:18:12.659  3120  3427 I MicroDetectionWorker: #startMicroDetector [speakerMode: 0]
08-25 19:18:12.660  3120  3427 W ErrorReporter: reportError [type: 211, code: 393244, bug: 0]: errorCode: 393244, engine: 0
08-25 19:18:12.660  3120  3427 I MicroDetector: Keeping mic open: false
08-25 19:18:12.660  3120  3427 I MicroDetectionWorker: #onError(false)
08-25 19:18:14.052  2001  2038 E memtrack: Couldn't load memtrack module
08-25 19:18:14.052  2001  2038 W android.os.Debug: failed to get memory consumption info: -1
08-25 19:18:17.668  3120  3427 I MicroDetectionWorker: #startMicroDetector [speakerMode: 0]
08-25 19:18:17.670  3120  3427 W ErrorReporter: reportError [type: 211, code: 393244, bug: 0]: errorCode: 393244, engine: 0
08-25 19:18:17.672  3120  3427 I MicroDetector: Keeping mic open: false
08-25 19:18:17.674  3120  3427 I MicroDetectionWorker: #onError(false)
08-25 19:18:21.850  2001  2038 E memtrack: Couldn't load memtrack module
08-25 19:18:21.850  2001  2038 W android.os.Debug: failed to get memory consumption info: -1
08-25 19:18:21.856  2001  2038 E memtrack: Couldn't load memtrack module
08-25 19:18:21.856  2001  2038 W android.os.Debug: failed to get memory consumption info: -1
08-25 19:18:22.681  3120  3427 I MicroDetectionWorker: #startMicroDetector [speakerMode: 0]
08-25 19:18:22.684  3120  3427 W ErrorReporter: reportError [type: 211, code: 393244, bug: 0]: errorCode: 393244, engine: 0
08-25 19:18:22.689  3120  3427 I MicroDetector: Keeping mic open: false
08-25 19:18:22.689  3120  3427 I MicroDetectionWorker: #onError(false)
08-25 19:18:22.690  3120  6521 I DeviceStateChecker: DeviceStateChecker cancelled
08-25 19:18:27.695  3120  3427 I MicroDetectionWorker: #startMicroDetector [speakerMode: 0]
08-25 19:18:27.698  3120  3427 W ErrorReporter: reportError [type: 211, code: 393244, bug: 0]: errorCode: 393244, engine: 0
08-25 19:18:27.699  3120  3427 I MicroDetector: Keeping mic open: false
08-25 19:18:27.699  3120  3427 I MicroDetectionWorker: #onError(false)
08-25 19:18:32.707  3120  3427 I MicroDetectionWorker: #startMicroDetector [speakerMode: 0]
08-25 19:18:32.709  3120  3427 W ErrorReporter: reportError [type: 211, code: 393244, bug: 0]: errorCode: 393244, engine: 0
08-25 19:18:32.715  3120  3427 I MicroDetector: Keeping mic open: false
08-25 19:18:32.715  3120  3427 I MicroDetectionWorker: #onError(false)
08-25 19:18:37.722  3120  3427 I MicroDetectionWorker: #startMicroDetector [speakerMode: 0]
08-25 19:18:37.724  3120  3427 W ErrorReporter: reportError [type: 211, code: 393244, bug: 0]: errorCode: 393244, engine: 0
08-25 19:18:37.725  3120  3427 I MicroDetector: Keeping mic open: false
08-25 19:18:37.725  3120  3427 I MicroDetectionWorker: #onError(false)
08-25 19:18:42.731  3120  3427 I MicroDetectionWorker: #startMicroDetector [speakerMode: 0]
08-25 19:18:42.734  3120  3427 W ErrorReporter: reportError [type: 211, code: 393244, bug: 0]: errorCode: 393244, engine: 0
08-25 19:18:42.736  3120  3427 I MicroDetector: Keeping mic open: false
08-25 19:18:42.736  3120  3427 I MicroDetectionWorker: #onError(false)
