08-28 20:38:08.823  2014  3203 W InputReader: Device has associated, but no associated display id.
08-28 20:38:08.827  7575  7618 I AlarmClock: Updated alarm from: Alarm {id=3, enabled=true, hour=21, minute=35, daysOfWeek=[], vibrate=true, ringtone=content://settings/system/alarm_alert, labelLength=0, deleteAfterUse=false, instanceIds=[1]} to: Alarm {id=3, enabled=true, hour=21, minute=35, daysOfWeek=[], vibrate=true, ringtone=content://media/internal/audio/media/71?title=Argon&canonical=1, labelLength=0, deleteAfterUse=false, instanceIds=[1]}
08-28 20:38:08.840  7575  7618 I AlarmClock: Setting upcoming AlarmClockInfo for instance: 1
08-28 20:38:08.851  1748  1748 D Zygote  : Forked child process 7734
08-28 20:38:08.852  2014  2051 E memtrack: Couldn't load memtrack module
08-28 20:38:08.852  2014  2051 W android.os.Debug: failed to get memory consumption info: -1
08-28 20:38:08.853  1765  3790 D gralloc_ranchu: gralloc_alloc: Creating ashmem region of size 14749696
08-28 20:38:08.857  2014  2014 D ConditionProviders.SCP: onReceive android.app.action.NEXT_ALARM_CLOCK_CHANGED
08-28 20:38:08.857  2014  2014 D ConditionProviders.SCP: evaluateSubscriptionLocked cal=ScheduleCalendar[mDays={1, 2, 3, 4, 5, 6, 7}, mSchedule=ScheduleInfo{days=[1, 2, 3, 4, 5, 6, 7], startHour=22, startMinute=0, endHour=7, endMinute=0, exitAtAlarm=true, nextAlarm=Sun Aug 28 21:35:00 GMT+05:30 2022 (1661702700000)}], now=Sun Aug 28 20:38:08 GMT+05:30 2022 (1661699288857), nextUserAlarmTime=Sun Aug 28 21:35:00 GMT+05:30 2022 (1661702700000)
08-28 20:38:08.857  2014  2014 D ConditionProviders.SCP: notifyCondition condition://android/schedule?days=1.2.3.4.5.6.7&start=22.0&end=7.0&exitAtAlarm=true STATE_FALSE reason=!meetsSchedule
08-28 20:38:08.859  2014  2053 I ActivityManager: Start proc 7734:com.android.documentsui/u0a58 for activity {com.android.documentsui/com.android.documentsui.picker.PickActivity}
08-28 20:38:08.860  7734  7734 W oid.documentsu: Unexpected CPU variant for X86 using defaults: x86
08-28 20:38:08.860  2014  2014 D ConditionProviders.SCP: Scheduling evaluate for Sun Aug 28 22:00:00 GMT+05:30 2022 (1661704200000), in +1h21m51s143ms, now=Sun Aug 28 20:38:08 GMT+05:30 2022 (1661699288857)
08-28 20:38:08.868  2212  2212 W AlarmManager: Unrecognized alarm listener com.android.systemui.keyguard.-$$Lambda$KeyguardSliceProvider$IhzByd8TsqFuOrSyuGurVskyPLo@9cbb01d
08-28 20:38:08.873  2014  3203 W InputReader: Device has associated, but no associated display id.
08-28 20:38:08.910  2014  3203 I chatty  : uid=1000(system) Binder:2014_F identical 28 lines
08-28 20:38:08.910  2014  3203 W InputReader: Device has associated, but no associated display id.
08-28 20:38:08.941  7734  7734 D ApplicationLoaders: Returning zygote-cached class loader: /system/framework/android.hidl.base-V1.0-java.jar
08-28 20:38:08.941  7734  7734 D ApplicationLoaders: Returning zygote-cached class loader: /system/framework/android.hidl.manager-V1.0-java.jar
08-28 20:38:08.941  7734  7734 D ApplicationLoaders: Returning zygote-cached class loader: /system/framework/android.hidl.base-V1.0-java.jar
08-28 20:38:08.943  7734  7734 I oid.documentsu: The ClassLoaderContext is a special shared library.
08-28 20:38:08.944  7575  7618 D AlarmClock: Events: [Alarm Ringtone] [Select] [Internal]
08-28 20:38:08.956  2212  2212 D KeyguardClockSwitch: Updating clock: 838
08-28 20:38:08.978  2014  3880 W UriGrantsManagerService: No permission grants found for com.google.android.deskclock
08-28 20:38:08.989  2014  2047 W InputReader: Device has associated, but no associated display id.
08-28 20:38:08.998  2014  2047 I chatty  : uid=1000(system) android.anim identical 18 lines
08-28 20:38:08.998  2014  2047 W InputReader: Device has associated, but no associated display id.
08-28 20:38:09.017  1765  3790 D gralloc_ranchu: gralloc_alloc: Creating ashmem region of size 14749696
08-28 20:38:09.114  2212  2533 D EGL_emulation: eglMakeCurrent: 0xd7f1a8a0: ver 2 0 (tinfo 0xd7f0f990)
08-28 20:38:09.222  2212  2533 I chatty  : uid=10108(com.android.systemui) RenderThread identical 7 lines
08-28 20:38:09.238  2212  2533 D EGL_emulation: eglMakeCurrent: 0xd7f1a8a0: ver 2 0 (tinfo 0xd7f0f990)
08-28 20:38:09.259  1779  2130 E SurfaceFlinger: ro.sf.lcd_density must be defined as a build property
08-28 20:38:09.259  1779  2130 E SurfaceFlinger: ro.sf.lcd_density must be defined as a build property
08-28 20:38:09.263  7734  7773 D libEGL  : Emulator has host GPU support, qemu.gles is set to 1.
08-28 20:38:09.277  7734  7773 W libc    : Unable to set property "qemu.gles" to "1": error code: 0x18
08-28 20:38:09.286  1748  1748 D Zygote  : Forked child process 7774
08-28 20:38:09.292  2014  2053 I ActivityManager: Start proc 7774:com.google.android.apps.docs/u0a144 for content provider {com.google.android.apps.docs/com.google.android.apps.docs.storagebackend.StorageBackendContentProvider}
08-28 20:38:09.293  7774  7774 W droid.apps.doc: Unexpected CPU variant for X86 using defaults: x86
08-28 20:38:09.311  7734  7773 D libEGL  : loaded /vendor/lib/egl/libEGL_emulation.so
08-28 20:38:09.316  7734  7773 D libEGL  : loaded /vendor/lib/egl/libGLESv1_CM_emulation.so
08-28 20:38:09.325  7734  7773 D libEGL  : loaded /vendor/lib/egl/libGLESv2_emulation.so
08-28 20:38:09.376  7774  7774 I droid.apps.doc: The ClassLoaderContext is a special shared library.
08-28 20:38:09.384  7774  7774 I droid.apps.doc: The ClassLoaderContext is a special shared library.
08-28 20:38:09.399  7734  7734 D PickActivity: Created new state object: State{action=3, acceptMimes=[audio/*, application/ogg], allowMultiple=false, localOnly=false, showDeviceStorageOption=true, showAdvanced=false, stack=DocumentStack{root=null, docStack=[], stackTouched=false}, dirConfigs={}, excludedAuthorities=[], openableOnly=true, sortModel=SortModel{dimensions={16908304=SortDimension{id=16908304, labelId=2131755268, dataType=0, sortCapability=0, defaultSortDirection=1, sortDirection=0, visibility=4}, 16908310=SortDimension{id=16908310, labelId=2131755262, dataType=0, sortCapability=3, defaultSortDirection=1, sortDirection=0, visibility=0}, 2131296377=SortDimension{id=2131296377, labelId=2131755255, dataType=1, sortCapability=3, defaultSortDirection=2, sortDirection=0, visibility=0}, 2131296425=SortDimension{id=2131296425, labelId=2131755259, dataType=0, sortCapability=3, defaultSortDirection=1, sortDirection=0, visibility=0}, 2131296571=SortDimension{id=2131296571, labelId=2131755265, dataType=1, sortCapability=3, defaultSortDirection=1, sortDirection=0, visibility=0}}, defaultDimensionId=0, sortedDimension=null}}
08-28 20:38:09.401  7734  7734 D DrawerController: Calculated drawer width:280.0
08-28 20:38:09.438  7575  7614 D EGL_emulation: eglMakeCurrent: 0xd494b4a0: ver 2 0 (tinfo 0xe009ffd0)
08-28 20:38:09.447  7734  7734 D PickerActionHandler: Load last accessed stack.
08-28 20:38:09.447  7734  7734 D PickerActionHandler: Attempting to load last used stack for calling package.
08-28 20:38:09.487  7734  7734 D DocumentsApplication: OverlayManager.setEnabled() result: true
08-28 20:38:09.522  7734  7771 D HostConnection: HostConnection::get() New Host Connection established 0xd49485c0, tid 7771
08-28 20:38:09.525  7734  7771 D HostConnection: HostComposition ext ANDROID_EMU_CHECKSUM_HELPER_v1 ANDROID_EMU_dma_v1 ANDROID_EMU_direct_mem ANDROID_EMU_host_composition_v1 ANDROID_EMU_host_composition_v2 ANDROID_EMU_vulkan ANDROID_EMU_deferred_vulkan_commands ANDROID_EMU_vulkan_null_optional_strings ANDROID_EMU_vulkan_create_resources_with_requirements ANDROID_EMU_YUV_Cache ANDROID_EMU_vulkan_ignored_handles ANDROID_EMU_vulkan_free_memory_sync ANDROID_EMU_vulkan_shader_float16_int8 ANDROID_EMU_vulkan_async_queue_submit ANDROID_EMU_sync_buffer_data GL_OES_vertex_array_object GL_KHR_texture_compression_astc_ldr ANDROID_EMU_host_side_tracing ANDROID_EMU_gles_max_version_2 
08-28 20:38:09.536  7734  7771 W OpenGLRenderer: Failed to choose config with EGL_SWAP_BEHAVIOR_PRESERVED, retrying without...
08-28 20:38:09.548  7734  7771 D EGL_emulation: eglCreateContext: 0xd494cca0: maj 2 min 0 rcv 2
08-28 20:38:09.549  7734  7771 D EGL_emulation: eglMakeCurrent: 0xd494cca0: ver 2 0 (tinfo 0xd499c240)
08-28 20:38:09.553  1765  3790 D gralloc_ranchu: gralloc_alloc: Creating ashmem region of size 14749696
08-28 20:38:09.560  1649  1649 I hwservicemanager: getTransport: Cannot find entry android.hardware.graphics.mapper@3.0::IMapper/default in either framework or device manifest.
08-28 20:38:09.560  7734  7771 W Gralloc3: mapper 3.x is not supported
08-28 20:38:09.597  7734  7771 D HostConnection: createUnique: call
08-28 20:38:09.598  7734  7771 D HostConnection: HostConnection::get() New Host Connection established 0xc0a765a0, tid 7771
08-28 20:38:09.598  7734  7771 D HostConnection: HostComposition ext ANDROID_EMU_CHECKSUM_HELPER_v1 ANDROID_EMU_dma_v1 ANDROID_EMU_direct_mem ANDROID_EMU_host_composition_v1 ANDROID_EMU_host_composition_v2 ANDROID_EMU_vulkan ANDROID_EMU_deferred_vulkan_commands ANDROID_EMU_vulkan_null_optional_strings ANDROID_EMU_vulkan_create_resources_with_requirements ANDROID_EMU_YUV_Cache ANDROID_EMU_vulkan_ignored_handles ANDROID_EMU_vulkan_free_memory_sync ANDROID_EMU_vulkan_shader_float16_int8 ANDROID_EMU_vulkan_async_queue_submit ANDROID_EMU_sync_buffer_data GL_OES_vertex_array_object GL_KHR_texture_compression_astc_ldr ANDROID_EMU_host_side_tracing ANDROID_EMU_gles_max_version_2 
08-28 20:38:09.598  7734  7771 D eglCodecCommon: allocate: Ask for block of size 0x1000
08-28 20:38:09.598  7734  7771 D eglCodecCommon: allocate: ioctl allocate returned offset 0x3ff1dc000 size 0x2000
08-28 20:38:09.601  1765  3790 D gralloc_ranchu: gralloc_alloc: Creating ashmem region of size 14749696
08-28 20:38:09.608  1765  3790 D gralloc_ranchu: gralloc_alloc: Creating ashmem region of size 14749696
08-28 20:38:09.613  7734  7771 D EGL_emulation: eglMakeCurrent: 0xd494cca0: ver 2 0 (tinfo 0xd499c240)
08-28 20:38:09.664  2014  2051 I ActivityTaskManager: Displayed com.android.documentsui/.picker.PickActivity: +871ms
08-28 20:38:09.725  7774  7811 I GAv4    : Google Analytics 17.7.78 is starting up. To enable debug logging on a device run:
08-28 20:38:09.725  7774  7811 I GAv4    :   adb shell setprop log.tag.GAv4 DEBUG
08-28 20:38:09.725  7774  7811 I GAv4    :   adb logcat -s GAv4
08-28 20:38:09.743  7575  7575 I AppLifecycleTracker: onActivityStopped: 
08-28 20:38:09.744  7575  7575 I AppLifecycleTracker: App transition to background
08-28 20:38:09.753  7575  7575 I AppLifecycleTracker: onActivitySaveInstanceState: 
08-28 20:38:09.757  7575  7575 I AppLifecycleTracker: App foreground state unchanged: inForeground ? false
08-28 20:38:09.771  7774  7815 W GAv4    : CampaignTrackingReceiver is not registered, not exported or is disabled. Installation campaign tracking is not possible. See http://goo.gl/8Rd3yj for instructions.
08-28 20:38:09.810  7774  7774 W PrimesInit: Primes instant initialization
08-28 20:38:09.811  7774  7818 W Primes  : background initialization
08-28 20:38:09.831  7774  7774 W FieldDefinition: [main] Ignoring isIndexed constraint as field also has uniqueness constraint (on just this field, and therefore SQLite will have to create an index on that. For field: czz$a@9c4f922
08-28 20:38:09.939  7774  7774 E DocsApplication: [main] No default account found during application creation.
08-28 20:38:09.944  7774  7774 W ComponentDiscovery: Application info not found.
08-28 20:38:09.944  7774  7774 W ComponentDiscovery: Could not retrieve metadata, returning empty list of registrars.
08-28 20:38:09.950  7734  7734 I ProvidersCache: Updating roots due to change at content://com.google.android.apps.docs.storage/root
08-28 20:38:09.974  7734  7829 I ProvidersCache: Provider returned no roots. Possibly naughty: com.google.android.apps.docs.storage
08-28 20:38:09.976  7734  7768 I ProvidersCache: Provider returned no roots. Possibly naughty: com.google.android.apps.docs.storage
08-28 20:38:09.976  7734  7806 D ProvidersAccess: Matched roots: [Root{authority=null, rootId=null, title=Recent, isUsb=false, isSd=false, isMtp=false} @ content:/root/null, Root{authority=com.android.providers.downloads.documents, rootId=downloads, title=Downloads, isUsb=false, isSd=false, isMtp=false} @ content://com.android.providers.downloads.documents/root/downloads, Root{authority=com.android.externalstorage.documents, rootId=161F-321C, title=SDCARD, isUsb=false, isSd=true, isMtp=false} @ content://com.android.externalstorage.documents/root/161F-321C, Root{authority=com.android.externalstorage.documents, rootId=home, title=Documents, isUsb=false, isSd=false, isMtp=false} @ content://com.android.externalstorage.documents/root/home]
08-28 20:38:09.977  7734  7806 D ProvidersAccess: Matched roots: [Root{authority=null, rootId=null, title=Recent, isUsb=false, isSd=false, isMtp=false} @ content:/root/null, Root{authority=com.android.providers.downloads.documents, rootId=downloads, title=Downloads, isUsb=false, isSd=false, isMtp=false} @ content://com.android.providers.downloads.documents/root/downloads, Root{authority=com.android.externalstorage.documents, rootId=161F-321C, title=SDCARD, isUsb=false, isSd=true, isMtp=false} @ content://com.android.externalstorage.documents/root/161F-321C, Root{authority=com.android.externalstorage.documents, rootId=home, title=Documents, isUsb=false, isSd=false, isMtp=false} @ content://com.android.externalstorage.documents/root/home]
08-28 20:38:09.977  7734  7767 D ProvidersAccess: Matched roots: [Root{authority=null, rootId=null, title=Recent, isUsb=false, isSd=false, isMtp=false} @ content:/root/null, Root{authority=com.android.providers.downloads.documents, rootId=downloads, title=Downloads, isUsb=false, isSd=false, isMtp=false} @ content://com.android.providers.downloads.documents/root/downloads, Root{authority=com.android.externalstorage.documents, rootId=161F-321C, title=SDCARD, isUsb=false, isSd=true, isMtp=false} @ content://com.android.externalstorage.documents/root/161F-321C, Root{authority=com.android.externalstorage.documents, rootId=home, title=Documents, isUsb=false, isSd=false, isMtp=false} @ content://com.android.externalstorage.documents/root/home]
08-28 20:38:09.979  7734  7768 D ProvidersAccess: Matched roots: [Root{authority=null, rootId=null, title=Recent, isUsb=false, isSd=false, isMtp=false} @ content:/root/null, Root{authority=com.android.providers.downloads.documents, rootId=downloads, title=Downloads, isUsb=false, isSd=false, isMtp=false} @ content://com.android.providers.downloads.documents/root/downloads, Root{authority=com.android.externalstorage.documents, rootId=161F-321C, title=SDCARD, isUsb=false, isSd=true, isMtp=false} @ content://com.android.externalstorage.documents/root/161F-321C, Root{authority=com.android.externalstorage.documents, rootId=home, title=Documents, isUsb=false, isSd=false, isMtp=false} @ content://com.android.externalstorage.documents/root/home]
08-28 20:38:09.980  7734  7734 D DocumentStack: Root changed to: Root{authority=null, rootId=null, title=Recent, isUsb=false, isSd=false, isMtp=false} @ content:/root/null
08-28 20:38:09.980  7734  7734 D DocumentStack: Adding doc to stack: DocumentInfo{docId=null, name=null, mimeType=null, isContainer=false, isDirectory=false, isArchive=false, isInArchive=false, isPartial=false, isVirtual=false, isDeleteSupported=false, isCreateSupported=false, isMoveSupported=false, isRenameSupported=false, isMetadataSupported=false} @ content:/document/null
08-28 20:38:09.980  7734  7734 D DirectoryFragment: Creating new fragment null directory
08-28 20:38:09.990  2194  3999 E aoob    : Phenotype API error. Event # ccoz@ea4c27bc, EventCode: 32 [CONTEXT service_id=51 ]
08-28 20:38:09.990  2194  3999 E aoob    : aonf: 29503
08-28 20:38:09.990  2194  3999 E aoob    : 	at aopg.b(:com.google.android.gms@202414022@20.24.14 (040700-319035315):7)
08-28 20:38:09.990  2194  3999 E aoob    : 	at aoob.a(:com.google.android.gms@202414022@20.24.14 (040700-319035315):91)
08-28 20:38:09.990  2194  3999 E aoob    : 	at aoob.a(:com.google.android.gms@202414022@20.24.14 (040700-319035315):86)
08-28 20:38:09.990  2194  3999 E aoob    : 	at aabt.run(:com.google.android.gms@202414022@20.24.14 (040700-319035315):9)
08-28 20:38:09.990  2194  3999 E aoob    : 	at bnin.run(:com.google.android.gms@202414022@20.24.14 (040700-319035315):2)
08-28 20:38:09.990  2194  3999 E aoob    : 	at soy.b(:com.google.android.gms@202414022@20.24.14 (040700-319035315):12)
08-28 20:38:09.990  2194  3999 E aoob    : 	at soy.run(:com.google.android.gms@202414022@20.24.14 (040700-319035315):7)
08-28 20:38:09.990  2194  3999 E aoob    : 	at java.util.concurrent.ThreadPoolExecutor.runWorker(ThreadPoolExecutor.java:1167)
08-28 20:38:09.990  2194  3999 E aoob    : 	at java.util.concurrent.ThreadPoolExecutor$Worker.run(ThreadPoolExecutor.java:641)
08-28 20:38:09.990  2194  3999 E aoob    : 	at sux.run(:com.google.android.gms@202414022@20.24.14 (040700-319035315):0)
08-28 20:38:09.990  2194  3999 E aoob    : 	at java.lang.Thread.run(Thread.java:919)
08-28 20:38:09.990  2194  3999 E AsyncOperation: serviceID=51, operation=SetAppSpecificPropertiesOperationCall
08-28 20:38:09.990  2194  3999 E AsyncOperation: OperationException[Status{statusCode=unknown status code: 29503, resolution=null}]
08-28 20:38:09.990  2194  3999 E AsyncOperation: 	at aoob.a(:com.google.android.gms@202414022@20.24.14 (040700-319035315):93)
08-28 20:38:09.990  2194  3999 E AsyncOperation: 	at aoob.a(:com.google.android.gms@202414022@20.24.14 (040700-319035315):86)
08-28 20:38:09.990  2194  3999 E AsyncOperation: 	at aabt.run(:com.google.android.gms@202414022@20.24.14 (040700-319035315):9)
08-28 20:38:09.990  2194  3999 E AsyncOperation: 	at bnin.run(:com.google.android.gms@202414022@20.24.14 (040700-319035315):2)
08-28 20:38:09.990  2194  3999 E AsyncOperation: 	at soy.b(:com.google.android.gms@202414022@20.24.14 (040700-319035315):12)
08-28 20:38:09.990  2194  3999 E AsyncOperation: 	at soy.run(:com.google.android.gms@202414022@20.24.14 (040700-319035315):7)
08-28 20:38:09.990  2194  3999 E AsyncOperation: 	at java.util.concurrent.ThreadPoolExecutor.runWorker(ThreadPoolExecutor.java:1167)
08-28 20:38:09.990  2194  3999 E AsyncOperation: 	at java.util.concurrent.ThreadPoolExecutor$Worker.run(ThreadPoolExecutor.java:641)
08-28 20:38:09.990  2194  3999 E AsyncOperation: 	at sux.run(:com.google.android.gms@202414022@20.24.14 (040700-319035315):0)
08-28 20:38:09.990  2194  3999 E AsyncOperation: 	at java.lang.Thread.run(Thread.java:919)
08-28 20:38:10.032  7734  7734 D AbstractActionHandler: Creating new loader recents.
08-28 20:38:10.033  7734  7767 D ProvidersAccess: Matched roots: [Root{authority=null, rootId=null, title=Recent, isUsb=false, isSd=false, isMtp=false} @ content:/root/null, Root{authority=com.android.providers.downloads.documents, rootId=downloads, title=Downloads, isUsb=false, isSd=false, isMtp=false} @ content://com.android.providers.downloads.documents/root/downloads, Root{authority=com.android.externalstorage.documents, rootId=161F-321C, title=SDCARD, isUsb=false, isSd=true, isMtp=false} @ content://com.android.externalstorage.documents/root/161F-321C, Root{authority=com.android.externalstorage.documents, rootId=home, title=Documents, isUsb=false, isSd=false, isMtp=false} @ content://com.android.externalstorage.documents/root/home]
08-28 20:38:10.051  7734  7767 D Documents: Found 1 of 1 queries done
08-28 20:38:10.051  7734  7734 D AbstractActionHandler: Loader has finished for: content:/document/null
08-28 20:38:10.051  7734  7734 I Model   : Updating model with new result set.
08-28 20:38:10.052  7734  7734 D DirectoryFragment: Received model update. Loading=false
08-28 20:38:10.219  2403  2998 I Icing   : Indexing com.google.android.deskclock-internal.3p:Alarm_cross_device from com.google.android.deskclock
08-28 20:38:10.230  2403  2998 I Icing   : Indexing done com.google.android.deskclock-internal.3p:Alarm_cross_device
08-28 20:38:10.978  2014  2051 E memtrack: Couldn't load memtrack module
08-28 20:38:10.978  2014  2051 W android.os.Debug: failed to get memory consumption info: -1
08-28 20:38:11.230  2212  2212 V DeadZone: consuming errant click: (315.9668,40.890625)
08-28 20:38:11.671  4501  5251 I Dialer  : VvmTaskExecutor - executing task com.android.voicemail.impl.ActivationTask@e9ad2b5
08-28 20:38:11.673  4501  5251 I Dialer  : PreOMigrationHandler - ComponentInfo{com.android.phone/com.android.services.telephony.TelephonyConnectionService}, ***, UserHandle{0} already migrated
08-28 20:38:11.720  3733  3759 I VoicemailNotifier: receivers for android.intent.action.PROVIDER_CHANGED :[]
08-28 20:38:11.722  4501  5251 I Dialer  : VvmActivationTask - VVM content provider configured - vvm_type_cvvm
08-28 20:38:11.723  4501  5251 I Dialer  : OmtpVvmCarrierCfgHlpr - OmtpEvent:CONFIG_ACTIVATING
08-28 20:38:11.731  3733  3759 I VoicemailNotifier: receivers for android.intent.action.PROVIDER_CHANGED :[]
08-28 20:38:11.735  2602  3017 I LocationAccessPolicy: Allowing com.android.dialer fine because it doesn't target API 29 yet. Please fix this app. Called from getServiceStateForSubscriber
08-28 20:38:11.736  2602  3017 I LocationAccessPolicy: Allowing com.android.dialer coarse because it doesn't target API 29 yet. Please fix this app. Called from getServiceStateForSubscriber
08-28 20:38:11.940  1754  1896 W audio_hw_generic: Not supplying enough data to HAL, expected position 1764604 , only wrote 1628043
08-28 20:38:12.748  3850  3996 W GmsLocationProvider: Error removing location updates: 16
08-28 20:38:12.789  7774  7819 W DynamiteModule: Local module descriptor class for providerinstaller not found.
08-28 20:38:12.794  2194  5382 W ProviderHelper: Unknown dynamite feature providerinstaller
08-28 20:38:12.797  7774  7819 W ProviderInstaller: Failed to load providerinstaller module: No acceptable module found. Local version is 0 and remote version is 0.
08-28 20:38:12.801  7774  7819 I droid.apps.doc: The ClassLoaderContext is a special shared library.
08-28 20:38:12.802  7774  7819 I chatty  : uid=10144(com.google.android.apps.docs) TaskSchedulerLo identical 1 line
08-28 20:38:12.804  7774  7819 I droid.apps.doc: The ClassLoaderContext is a special shared library.
08-28 20:38:12.811  7774  7819 V NativeCrypto: Registering com/google/android/gms/org/conscrypt/NativeCrypto's 286 native methods...
08-28 20:38:12.820  7774  7819 D NetworkSecurityConfig: Using Network Security Config from resource network_security_config debugBuild: false
08-28 20:38:12.821  7774  7819 I ProviderInstaller: Installed default security provider GmsCore_OpenSSL
08-28 20:38:13.625  2212  2212 I KeyButtonView: Back button event: ACTION_DOWN
08-28 20:38:13.626  2014  2124 V InputDispatcher: Asynchronous input event injection succeeded.
08-28 20:38:13.638  1754  5599 W audio_hw_generic: Not supplying enough data to HAL, expected position 1628063 , only wrote 1628043
08-28 20:38:13.736  1776  1941 D AF::Track: interceptBuffer: took 611us to intercept 0 tracks
08-28 20:38:13.857  2212  2212 I KeyButtonView: Back button event: ACTION_UP
08-28 20:38:11.230  2212  2212 V DeadZone: consuming errant click: (315.9668,40.890625)
08-28 20:38:13.859  2014  2044 D AutofillManagerService: onBackKeyPressed()
08-28 20:38:13.860  2014  2124 V InputDispatcher: Asynchronous input event injection succeeded.
08-28 20:38:13.867  2014  3203 W InputReader: Device has associated, but no associated display id.
08-28 20:38:13.875  2014  3203 I chatty  : uid=1000(system) Binder:2014_F identical 38 lines
08-28 20:38:13.875  2014  3203 W InputReader: Device has associated, but no associated display id.
08-28 20:38:13.890  7575  7575 I AppLifecycleTracker: onActivityStarted: 
08-28 20:38:13.891  7575  7575 I AppLifecycleTracker: App transition to foreground
08-28 20:38:13.893  7575  7575 I AppLifecycleTracker: onActivityResumed: 
08-28 20:38:13.921  1765  3790 D gralloc_ranchu: gralloc_alloc: Creating ashmem region of size 14749696
08-28 20:38:13.927  1765  3790 D gralloc_ranchu: gralloc_alloc: Creating ashmem region of size 14749696
08-28 20:38:13.943  7575  7614 D EGL_emulation: eglMakeCurrent: 0xd494b4a0: ver 2 0 (tinfo 0xe009ffd0)
08-28 20:38:13.944  1765  3790 D gralloc_ranchu: gralloc_alloc: Creating ashmem region of size 14749696
08-28 20:38:13.976  2014  2047 W InputReader: Device has associated, but no associated display id.
08-28 20:38:13.983  2014  2047 I chatty  : uid=1000(system) android.anim identical 18 lines
08-28 20:38:13.983  2014  2047 W InputReader: Device has associated, but no associated display id.
08-28 20:38:14.009  2212  2533 D EGL_emulation: eglMakeCurrent: 0xd7f1a8a0: ver 2 0 (tinfo 0xd7f0f990)
08-28 20:38:14.145  2212  2533 I chatty  : uid=10108(com.android.systemui) RenderThread identical 10 lines
08-28 20:38:14.155  2212  2533 D EGL_emulation: eglMakeCurrent: 0xd7f1a8a0: ver 2 0 (tinfo 0xd7f0f990)
08-28 20:38:14.386  7734  7771 D EGL_emulation: eglMakeCurrent: 0xd494cca0: ver 2 0 (tinfo 0xd499c240)
08-28 20:38:14.721  2403  7844 I Vision  : Requesting optional module download of ocr.
08-28 20:38:14.722  2403  7844 I Vision  : Checking for download completion for 195324 -- ocr
08-28 20:38:16.214  2014  3880 W InputReader: Device has associated, but no associated display id.
08-28 20:38:16.214  2014  3880 I chatty  : uid=1000(system) Binder:2014_15 identical 8 lines
08-28 20:38:16.214  2014  3880 W InputReader: Device has associated, but no associated display id.
08-28 20:38:16.220  7575  7575 I AppLifecycleTracker: onActivityPaused: 
08-28 20:38:16.224  2014  2370 W InputReader: Device has associated, but no associated display id.
08-28 20:38:16.226  2014  2370 I chatty  : uid=1000(system) Binder:2014_6 identical 28 lines
08-28 20:38:16.226  2014  2370 W InputReader: Device has associated, but no associated display id.
08-28 20:38:16.245  7575  7575 I AppLifecycleTracker: onActivityStarted: 
08-28 20:38:16.246  7575  7575 I AppLifecycleTracker: App foreground state unchanged: inForeground ? true
08-28 20:38:16.253  7575  7575 I AppLifecycleTracker: onActivityResumed: 
08-28 20:38:16.259  2014  2370 W UriGrantsManagerService: No permission grants found for com.google.android.deskclock
08-28 20:38:16.266  1765  3790 D gralloc_ranchu: gralloc_alloc: Creating ashmem region of size 14749696
08-28 20:38:16.270  1765  3790 I chatty  : uid=1000(system) HwBinder:1765_3 identical 1 line
08-28 20:38:16.290  1765  3790 D gralloc_ranchu: gralloc_alloc: Creating ashmem region of size 14749696
08-28 20:38:16.317  7575  7614 D EGL_emulation: eglMakeCurrent: 0xd494b4a0: ver 2 0 (tinfo 0xe009ffd0)
08-28 20:38:16.341  7575  7614 I chatty  : uid=10133(com.google.android.deskclock) RenderThread identical 1 line
08-28 20:38:16.360  7575  7614 D EGL_emulation: eglMakeCurrent: 0xd494b4a0: ver 2 0 (tinfo 0xe009ffd0)
08-28 20:38:16.360  2014  2047 W InputReader: Device has associated, but no associated display id.
08-28 20:38:16.366  2014  2047 I chatty  : uid=1000(system) android.anim identical 18 lines
08-28 20:38:16.366  2014  2047 W InputReader: Device has associated, but no associated display id.
08-28 20:38:16.375  7575  7614 D EGL_emulation: eglMakeCurrent: 0xd494b4a0: ver 2 0 (tinfo 0xe009ffd0)
08-28 20:38:16.459  7575  7614 I chatty  : uid=10133(com.google.android.deskclock) RenderThread identical 3 lines
08-28 20:38:16.476  7575  7614 D EGL_emulation: eglMakeCurrent: 0xd494b4a0: ver 2 0 (tinfo 0xe009ffd0)
08-28 20:38:16.490  2014  2027 I system_server: Background young concurrent copying GC freed 59361(3108KB) AllocSpace objects, 31(1340KB) LOS objects, 24% free, 13MB/17MB, paused 3.408ms total 130.571ms
08-28 20:38:16.491  7575  7614 D EGL_emulation: eglMakeCurrent: 0xd494b4a0: ver 2 0 (tinfo 0xe009ffd0)
08-28 20:38:16.509  7575  7614 I chatty  : uid=10133(com.google.android.deskclock) RenderThread identical 1 line
08-28 20:38:16.814  7575  7614 D EGL_emulation: eglMakeCurrent: 0xd494b4a0: ver 2 0 (tinfo 0xe009ffd0)
08-28 20:38:16.824  7575  7575 I AppLifecycleTracker: onActivityStopped: 
08-28 20:38:16.825  7575  7575 I AppLifecycleTracker: App foreground state unchanged: inForeground ? true
08-28 20:38:16.825  7575  7575 I AppLifecycleTracker: onActivityDestroyed: 
08-28 20:38:17.094  1916  1916 E netmgr  : Failed to open QEMU pipe 'qemud:network': Invalid argument
08-28 20:38:17.189  1922  1922 E wifi_forwarder: RemoteConnection failed to initialize: RemoteConnection failed to open pipe
08-28 20:38:17.794  2014  2051 E memtrack: Couldn't load memtrack module
08-28 20:38:17.794  2014  2051 W android.os.Debug: failed to get memory consumption info: -1
08-28 20:38:17.863  7575  7614 D EGL_emulation: eglMakeCurrent: 0xd494b4a0: ver 2 0 (tinfo 0xe009ffd0)
08-28 20:38:19.270  7575  7575 D AlarmClock: Events: [Alarm] [Toggle Repeat Days] [DeskClock]
08-28 20:38:19.277  7575  7758 I AlarmClock: Updated alarm from: Alarm {id=3, enabled=true, hour=21, minute=35, daysOfWeek=[], vibrate=true, ringtone=content://media/internal/audio/media/71?title=Argon&canonical=1, labelLength=0, deleteAfterUse=false, instanceIds=[1]} to: Alarm {id=3, enabled=true, hour=21, minute=35, daysOfWeek=[M T W Th F Sa Su], vibrate=true, ringtone=content://media/internal/audio/media/71?title=Argon&canonical=1, labelLength=0, deleteAfterUse=false, instanceIds=[1]}
08-28 20:38:19.288  7575  7758 I AlarmClock: Setting upcoming AlarmClockInfo for instance: 1
08-28 20:38:19.297  2014  2014 D ConditionProviders.SCP: onReceive android.app.action.NEXT_ALARM_CLOCK_CHANGED
08-28 20:38:19.297  2014  2014 D ConditionProviders.SCP: evaluateSubscriptionLocked cal=ScheduleCalendar[mDays={1, 2, 3, 4, 5, 6, 7}, mSchedule=ScheduleInfo{days=[1, 2, 3, 4, 5, 6, 7], startHour=22, startMinute=0, endHour=7, endMinute=0, exitAtAlarm=true, nextAlarm=Sun Aug 28 21:35:00 GMT+05:30 2022 (1661702700000)}], now=Sun Aug 28 20:38:19 GMT+05:30 2022 (1661699299297), nextUserAlarmTime=Sun Aug 28 21:35:00 GMT+05:30 2022 (1661702700000)
08-28 20:38:19.297  2014  2014 D ConditionProviders.SCP: notifyCondition condition://android/schedule?days=1.2.3.4.5.6.7&start=22.0&end=7.0&exitAtAlarm=true STATE_FALSE reason=!meetsSchedule
08-28 20:38:19.299  2014  2014 D ConditionProviders.SCP: Scheduling evaluate for Sun Aug 28 22:00:00 GMT+05:30 2022 (1661704200000), in +1h21m40s703ms, now=Sun Aug 28 20:38:19 GMT+05:30 2022 (1661699299297)
08-28 20:38:19.299  2212  2212 W AlarmManager: Unrecognized alarm listener com.android.systemui.keyguard.-$$Lambda$KeyguardSliceProvider$IhzByd8TsqFuOrSyuGurVskyPLo@9cbb01d
08-28 20:38:19.342  2212  2212 D KeyguardClockSwitch: Updating clock: 838
08-28 20:38:19.351  2212  2533 D EGL_emulation: eglMakeCurrent: 0xd7f1a8a0: ver 2 0 (tinfo 0xd7f0f990)
08-28 20:38:20.396  2403  2998 I Icing   : Indexing com.google.android.deskclock-internal.3p:Alarm_cross_device from com.google.android.deskclock
08-28 20:38:20.424  2403  2998 I Icing   : Indexing done com.google.android.deskclock-internal.3p:Alarm_cross_device
08-28 20:38:22.422  1754  1896 W audio_hw_generic: Not supplying enough data to HAL, expected position 2401070 , only wrote 2015389
08-28 20:38:23.308  2014  2051 E memtrack: Couldn't load memtrack module
08-28 20:38:23.308  2014  2051 W android.os.Debug: failed to get memory consumption info: -1
08-28 20:38:23.320  3919  7847 D DownloadManager: [6] Starting
08-28 20:38:23.344  3919  7847 D NetworkSecurityConfig: Using Network Security Config from resource network_security_config debugBuild: false
08-28 20:38:23.347  3919  7847 D NetworkSecurityConfig: Using Network Security Config from resource network_security_config debugBuild: false
08-28 20:38:23.401  2194  7574 I NetworkScheduler.Stats: Task com.google.android.gms/com.google.android.gms.auth.account.be.legacy.AuthCronService started execution. cause:4 exec_start_elapsed_seconds: 193 [CONTEXT service_id=218 ]
08-28 20:38:23.414  2194  7574 I NetworkScheduler.Stats: Task com.google.android.gms/com.google.android.gms.auth.account.be.legacy.AuthCronService finished executing. cause:4 result: 3 elapsed_millis: 47 uptime_millis: 47 exec_start_elapsed_seconds: 193 [CONTEXT service_id=218 ]
08-28 20:38:23.482  3919  7847 W StorageManager: fallocate() not supported; falling back to ftruncate()
08-28 20:38:23.743  7575  7575 D AlarmClock: Events: [Alarm] [Collapse] [DeskClock]
08-28 20:38:23.762  1754  5599 W audio_hw_generic: Not supplying enough data to HAL, expected position 2015464 , only wrote 2015389
08-28 20:38:24.072  3919  7847 W DownloadManager: [6] Stop requested with status HTTP_DATA_ERROR: Failed reading response: javax.net.ssl.SSLProtocolException: Read error: ssl=0xd7f655d8: Failure in SSL library, usually a protocol error
08-28 20:38:24.072  3919  7847 W DownloadManager: error:1e000065:Cipher functions:OPENSSL_internal:BAD_DECRYPT (external/boringssl/src/crypto/fipsmodule/cipher/e_aes.c:998 0xd2494543:0x00000000)
08-28 20:38:24.072  3919  7847 W DownloadManager: error:1000008b:SSL routines:OPENSSL_internal:DECRYPTION_FAILED_OR_BAD_RECORD_MAC (external/boringssl/src/ssl/tls_record.cc:298 0xd2494543:0x00000000)
08-28 20:38:24.076  3919  7847 D DownloadManager: [6] Finished with status WAITING_TO_RETRY
08-28 20:38:24.138  3919  3919 D DownloadManager: onStopJob id=6, reason=0
08-28 20:38:24.731  2014  2051 E memtrack: Couldn't load memtrack module
08-28 20:38:24.731  2014  2051 W android.os.Debug: failed to get memory consumption info: -1
08-28 20:38:24.745  2403  7853 I Vision  : Requesting optional module download of ocr.
08-28 20:38:24.745  2403  7853 I Vision  : Checking for download completion for 205348 -- ocr
08-28 20:38:26.911  1754  1896 W audio_hw_generic: Not supplying enough data to HAL, expected position 2291265 , only wrote 2154199
08-28 20:38:33.796  2014  4461 I ActivityManager: Killing 7062:com.google.process.gapps/u0a125 (adj 985): empty #17
08-28 20:38:33.798  2014  4461 I ActivityManager: Killing 6480:com.google.android.setupwizard/u0a119 (adj 985): empty #18
08-28 20:38:33.831  2014  3880 I ActivityManager: Killing 7183:com.google.android.gms.ui/u0a111 (adj 985): empty #17
08-28 20:38:33.849  1748  1748 I Zygote  : Process 6480 exited due to signal 9 (Killed)
08-28 20:38:33.849  1748  1748 I Zygote  : Process 7062 exited due to signal 9 (Killed)
08-28 20:38:33.869  1748  1748 I Zygote  : Process 7183 exited due to signal 9 (Killed)
08-28 20:38:33.879  2014  2054 I libprocessgroup: Successfully killed process cgroup uid 10125 pid 7062 in 80ms
08-28 20:38:33.881  2014  2054 I libprocessgroup: Successfully killed process cgroup uid 10119 pid 6480 in 0ms
08-28 20:38:33.881  2014  2054 I libprocessgroup: Successfully killed process cgroup uid 10111 pid 7183 in 0ms
08-28 20:38:34.771  2014  2051 E memtrack: Couldn't load memtrack module
08-28 20:38:34.771  2014  2051 W android.os.Debug: failed to get memory consumption info: -1
08-28 20:38:34.779  2014  2051 E memtrack: Couldn't load memtrack module
08-28 20:38:34.779  2014  2051 W android.os.Debug: failed to get memory consumption info: -1
08-28 20:38:34.785  2403  7856 I Vision  : Requesting optional module download of ocr.
08-28 20:38:34.786  2403  7856 I Vision  : Checking for download completion for 215388 -- ocr
08-28 20:38:38.211  2014  2051 E memtrack: Couldn't load memtrack module
08-28 20:38:38.211  2014  2051 W android.os.Debug: failed to get memory consumption info: -1
08-28 20:38:38.720  2014  3475 D WificondControl: Scan result ready event
08-28 20:38:41.750  2014  2014 W Telecom : Logging: Stale Sessions Cleaned:
08-28 20:38:41.750  2014  2014 W Telecom : CM.CCCR@AE8
08-28 20:38:41.750  2014  2014 W Telecom : 	CM.CCCR->CM.UECNT@AE8
08-28 20:38:41.750  2014  2014 W Telecom : 		CM.CCCR->CM.UECNT@AE8
08-28 20:38:41.750  2014  2014 W Telecom : 			CM.CCCR->CM.UECNT->CM.CCCR->CM.UECNT@AE8
08-28 20:38:44.788  2014  2051 E memtrack: Couldn't load memtrack module
08-28 20:38:44.788  2014  2051 W android.os.Debug: failed to get memory consumption info: -1
08-28 20:38:44.793  2403  7859 I Vision  : Requesting optional module download of ocr.
08-28 20:38:44.793  2403  7859 I Vision  : Exceeded maximum feature download tries for ocr
08-28 20:38:44.793  2403  7859 W Vision  : Request of optional module download of ocr failed.
08-28 20:38:44.793  2403  7859 I Vision  : Checking for download completion for 225396 -- ocr
