--------- beginning of main
08-28 20:37:06.278  3850  3984 I MicroDetectionWorker: #startMicroDetector [speakerMode: 0]
08-28 20:37:06.282  3850  3984 W ErrorReporter: reportError [type: 211, code: 393244, bug: 0]: errorCode: 393244, engine: 0
08-28 20:37:06.284  3850  3984 I MicroDetector: Keeping mic open: false
08-28 20:37:06.284  3850  3984 I MicroDetectionWorker: #onError(false)
08-28 20:37:06.504  4501  5251 I Dialer  : VvmTaskExecutor - executing task com.android.voicemail.impl.ActivationTask@75526c0
08-28 20:37:06.504  4501  5251 I Dialer  : PreOMigrationHandler - ComponentInfo{com.android.phone/com.android.services.telephony.TelephonyConnectionService}, ***, UserHandle{0} already migrated
08-28 20:37:06.567  3733  3759 I VoicemailNotifier: receivers for android.intent.action.PROVIDER_CHANGED :[]
08-28 20:37:06.568  4501  5251 I Dialer  : VvmActivationTask - VVM content provider configured - vvm_type_cvvm
08-28 20:37:06.569  4501  5251 I Dialer  : OmtpVvmCarrierCfgHlpr - OmtpEvent:CONFIG_ACTIVATING
08-28 20:37:06.576  3733  3759 I VoicemailNotifier: receivers for android.intent.action.PROVIDER_CHANGED :[]
08-28 20:37:06.581  2602  3017 I LocationAccessPolicy: Allowing com.android.dialer fine because it doesn't target API 29 yet. Please fix this app. Called from getServiceStateForSubscriber
08-28 20:37:06.582  2602  3017 I LocationAccessPolicy: Allowing com.android.dialer coarse because it doesn't target API 29 yet. Please fix this app. Called from getServiceStateForSubscriber
--------- beginning of system
08-28 20:37:06.624  2014  3890 D PackageManager: Instant App installer not found with android.intent.action.INSTALL_INSTANT_APP_PACKAGE
08-28 20:37:06.624  2014  3890 D PackageManager: Clear ephemeral installer activity
08-28 20:37:07.668  2014  2051 E system_server: No package ID 7f found for ID 0x7f02009c.
08-28 20:37:07.668  2014  2051 E system_server: No package ID 7f found for ID 0x7f12023d.
08-28 20:37:07.682  2014  2125 I InputReader: Reconfiguring input devices.  changes=0x00000010
08-28 20:37:07.687  2014  2014 I RoleManagerService: Granting default permissions...
08-28 20:37:07.712  2014  2014 I Telecom : DefaultDialerCache: Refreshing default dialer for user 0: now com.android.dialer: CM.CCCR->CM.UECNT->CM.CCCR->CM.UECNT@AE8
08-28 20:37:07.737  2602  2602 D CarrierSvcBindHelper: No carrier app for: 0
08-28 20:37:07.761  2194  7550 I Fitness : OnPackageChangedOperation got intent: Intent { act=android.intent.action.PACKAGE_CHANGED dat=package:com.google.android.gm flg=0x45000010 cmp=com.google.android.gms/.chimera.PersistentIntentOperationService (has extras) } [CONTEXT service_id=17 ]
08-28 20:37:07.775  2194  7551 I Fitness : FitCleanupIntentOperation received Intent android.intent.action.PACKAGE_CHANGED [CONTEXT service_id=17 ]
08-28 20:37:07.887  2403  4811 I Icing   : IndexChimeraService.getServiceInterface callingPackage=com.google.android.gms componentName=AppsCorpus serviceId=36
08-28 20:37:07.902  2403  2712 W Icing   : No valid account for uploading user actions
08-28 20:37:07.913  2403  2712 I Icing   : Usage reports ok 0, Failed Usage reports 0, indexed 0, rejected 0
08-28 20:37:07.917  2403  4448 I Icing   : IndexChimeraService.getServiceInterface callingPackage=com.google.android.gms componentName=null serviceId=30
08-28 20:37:07.921  2403  2712 W Icing   : No valid account for uploading user actions
08-28 20:37:07.929  2403  2712 I Icing   : Usage reports ok 0, Failed Usage reports 0, indexed 0, rejected 0
08-28 20:37:08.387  2014  2051 I RoleUserState: Wrote roles.xml successfully
08-28 20:37:08.720  2014  2051 E memtrack: Couldn't load memtrack module
08-28 20:37:08.720  2014  2051 W android.os.Debug: failed to get memory consumption info: -1
08-28 20:37:08.920  2403  2712 I Icing   : Indexing com.google.android.gms-apps from com.google.android.gms
08-28 20:37:08.966  2403  2712 I Icing   : Indexing com.google.android.gms-internal.3p:MobileApplication from com.google.android.gms
08-28 20:37:08.975  2403  2712 I Icing   : Indexing done com.google.android.gms-apps
08-28 20:37:08.978  2403  2712 I Icing   : Indexing done com.google.android.gms-internal.3p:MobileApplication
08-28 20:37:09.147  7019  7019 I CAR.SERVICE: Skip, no clients bound. [CONTEXT service_id=13 ]
08-28 20:37:09.148  7019  7019 I CAR.TEL.Service: Unbinding from InCallService [CONTEXT service_id=13 ]
08-28 20:37:09.148  7019  7019 W ConnectionTracker: Exception thrown while unbinding
08-28 20:37:09.148  7019  7019 W ConnectionTracker: java.lang.IllegalArgumentException: Service not registered: njn@d7226ed
08-28 20:37:09.148  7019  7019 W ConnectionTracker: 	at android.app.LoadedApk.forgetServiceDispatcher(LoadedApk.java:1751)
08-28 20:37:09.148  7019  7019 W ConnectionTracker: 	at android.app.ContextImpl.unbindService(ContextImpl.java:1776)
08-28 20:37:09.148  7019  7019 W ConnectionTracker: 	at android.content.ContextWrapper.unbindService(ContextWrapper.java:741)
08-28 20:37:09.148  7019  7019 W ConnectionTracker: 	at android.content.ContextWrapper.unbindService(ContextWrapper.java:741)
08-28 20:37:09.148  7019  7019 W ConnectionTracker: 	at android.content.ContextWrapper.unbindService(ContextWrapper.java:741)
08-28 20:37:09.148  7019  7019 W ConnectionTracker: 	at slx.c(:com.google.android.gms@202414022@20.24.14 (040700-319035315):4)
08-28 20:37:09.148  7019  7019 W ConnectionTracker: 	at slx.a(:com.google.android.gms@202414022@20.24.14 (040700-319035315):6)
08-28 20:37:09.148  7019  7019 W ConnectionTracker: 	at njq.g(:com.google.android.gms@202414022@20.24.14 (040700-319035315):1)
08-28 20:37:09.148  7019  7019 W ConnectionTracker: 	at njq.a(:com.google.android.gms@202414022@20.24.14 (040700-319035315):9)
08-28 20:37:09.148  7019  7019 W ConnectionTracker: 	at nno.j(:com.google.android.gms@202414022@20.24.14 (040700-319035315):3)
08-28 20:37:09.148  7019  7019 W ConnectionTracker: 	at npf.j(:com.google.android.gms@202414022@20.24.14 (040700-319035315):0)
08-28 20:37:09.148  7019  7019 W ConnectionTracker: 	at com.google.android.gms.car.CarChimeraService.onDestroy(:com.google.android.gms@202414022@20.24.14 (040700-319035315):2)
08-28 20:37:09.148  7019  7019 W ConnectionTracker: 	at qma.onDestroy(:com.google.android.gms@202414022@20.24.14 (040700-319035315):3)
08-28 20:37:09.148  7019  7019 W ConnectionTracker: 	at android.app.ActivityThread.handleStopService(ActivityThread.java:4116)
08-28 20:37:09.148  7019  7019 W ConnectionTracker: 	at android.app.ActivityThread.access$1900(ActivityThread.java:219)
08-28 20:37:09.148  7019  7019 W ConnectionTracker: 	at android.app.ActivityThread$H.handleMessage(ActivityThread.java:1896)
08-28 20:37:09.148  7019  7019 W ConnectionTracker: 	at android.os.Handler.dispatchMessage(Handler.java:107)
08-28 20:37:09.148  7019  7019 W ConnectionTracker: 	at android.os.Looper.loop(Looper.java:214)
08-28 20:37:09.148  7019  7019 W ConnectionTracker: 	at android.app.ActivityThread.main(ActivityThread.java:7356)
08-28 20:37:09.148  7019  7019 W ConnectionTracker: 	at java.lang.reflect.Method.invoke(Native Method)
08-28 20:37:09.148  7019  7019 W ConnectionTracker: 	at com.android.internal.os.RuntimeInit$MethodAndArgsCaller.run(RuntimeInit.java:492)
08-28 20:37:09.148  7019  7019 W ConnectionTracker: 	at com.android.internal.os.ZygoteInit.main(ZygoteInit.java:930)
08-28 20:37:09.148  7019  7019 I CAR.TEL.CarCall: clearCalls [CONTEXT service_id=13 ]
08-28 20:37:09.148  7019  7019 I CAR.TEL.Service: Clearing calls during removePhone [CONTEXT service_id=13 ]
08-28 20:37:09.148  2014  2051 E memtrack: Couldn't load memtrack module
08-28 20:37:09.149  2014  2051 W android.os.Debug: failed to get memory consumption info: -1
08-28 20:37:11.224  2014  2051 E memtrack: Couldn't load memtrack module
08-28 20:37:11.224  2014  2051 W android.os.Debug: failed to get memory consumption info: -1
08-28 20:37:11.227  2014  2051 E memtrack: Couldn't load memtrack module
08-28 20:37:11.227  2014  2051 W android.os.Debug: failed to get memory consumption info: -1
08-28 20:37:11.229  2014  2051 E memtrack: Couldn't load memtrack module
08-28 20:37:11.229  2014  2051 W android.os.Debug: failed to get memory consumption info: -1
08-28 20:37:11.289  3850  3984 I MicroDetectionWorker: #startMicroDetector [speakerMode: 0]
08-28 20:37:11.290  3850  3984 W ErrorReporter: reportError [type: 211, code: 393244, bug: 0]: errorCode: 393244, engine: 0
08-28 20:37:11.291  3850  3984 I MicroDetector: Keeping mic open: false
08-28 20:37:11.291  3850  3984 I MicroDetectionWorker: #onError(false)
08-28 20:37:11.627  2014  2382 W ActivityManager: Background start not allowed: service Intent { cmp=com.google.android.apps.messaging/.shared.datamodel.action.execution.ActionExecutorImpl$EmptyService } to com.google.android.apps.messaging/.shared.datamodel.action.execution.ActionExecutorImpl$EmptyService from pid=3825 uid=10130 pkg=com.google.android.apps.messaging startFg?=false
08-28 20:37:11.631  3825  4403 I Bugle   : CountryCodeDetector: updateMainDeviceCountry from default subscription network country. detected country: us
08-28 20:37:11.634  2014  2051 E memtrack: Couldn't load memtrack module
08-28 20:37:11.634  2014  2051 W android.os.Debug: failed to get memory consumption info: -1
08-28 20:37:14.481  2014  2121 W ActivityManager: Unable to start service Intent { act=com.google.android.gms.drive.ApiService.RESET_AFTER_BOOT flg=0x4 cmp=com.google.android.gms/.drive.api.ApiService (has extras) } U=0: not found
08-28 20:37:14.496  2403  7546 I Vision  : Requesting optional module download of ocr.
08-28 20:37:14.496  2403  7546 I Vision  : Checking for download completion for 135099 -- ocr
08-28 20:37:16.296  3850  3984 I MicroDetectionWorker: #startMicroDetector [speakerMode: 0]
08-28 20:37:16.298  3850  3984 W ErrorReporter: reportError [type: 211, code: 393244, bug: 0]: errorCode: 393244, engine: 0
08-28 20:37:16.299  3850  3984 I MicroDetector: Keeping mic open: false
08-28 20:37:16.299  3850  3984 I MicroDetectionWorker: #onError(false)
08-28 20:37:16.299  3850  3996 I DeviceStateChecker: DeviceStateChecker cancelled
08-28 20:37:17.090  1916  1916 E netmgr  : Failed to open QEMU pipe 'qemud:network': Invalid argument
08-28 20:37:17.128  1922  1922 E wifi_forwarder: RemoteConnection failed to initialize: RemoteConnection failed to open pipe
08-28 20:37:18.450  2014  3889 D WificondControl: Scan result ready event
08-28 20:37:18.547  2014  2051 E memtrack: Couldn't load memtrack module
08-28 20:37:18.547  2014  2051 W android.os.Debug: failed to get memory consumption info: -1
08-28 20:37:21.230  2014  2051 E memtrack: Couldn't load memtrack module
08-28 20:37:21.231  2014  2051 W android.os.Debug: failed to get memory consumption info: -1
08-28 20:37:21.309  3850  3984 I MicroDetectionWorker: #startMicroDetector [speakerMode: 0]
08-28 20:37:21.313  3850  3984 W ErrorReporter: reportError [type: 211, code: 393244, bug: 0]: errorCode: 393244, engine: 0
08-28 20:37:21.315  3850  3984 I MicroDetector: Keeping mic open: false
08-28 20:37:21.316  3850  3984 I MicroDetectionWorker: #onError(false)
08-28 20:37:22.798  2014  2051 E memtrack: Couldn't load memtrack module
08-28 20:37:22.799  2014  2051 W android.os.Debug: failed to get memory consumption info: -1
08-28 20:37:24.499  2014  2051 E memtrack: Couldn't load memtrack module
08-28 20:37:24.499  2014  2051 W android.os.Debug: failed to get memory consumption info: -1
08-28 20:37:24.510  2403  7561 I Vision  : Requesting optional module download of ocr.
08-28 20:37:24.510  2403  7561 I Vision  : Checking for download completion for 145113 -- ocr
08-28 20:37:24.592  2194  5632 I NetworkScheduler.Stats: Task com.google.android.gms/com.google.android.gms.auth.account.be.legacy.AuthCronService started execution. cause:4 exec_start_elapsed_seconds: 135 [CONTEXT service_id=218 ]
08-28 20:37:24.732  2194  3999 W GLSUser : [AppCertManager] Failed to get security token.
08-28 20:37:24.732  2194  3999 W GLSUser : java.io.IOException: INVALID_SENDER
08-28 20:37:24.732  2194  3999 W GLSUser : 	at adiw.b(:com.google.android.gms@202414022@20.24.14 (040700-319035315):23)
08-28 20:37:24.732  2194  3999 W GLSUser : 	at adiw.a(:com.google.android.gms@202414022@20.24.14 (040700-319035315):18)
08-28 20:37:24.732  2194  3999 W GLSUser : 	at adiw.a(:com.google.android.gms@202414022@20.24.14 (040700-319035315):11)
08-28 20:37:24.732  2194  3999 W GLSUser : 	at hwy.a(:com.google.android.gms@202414022@20.24.14 (040700-319035315):17)
08-28 20:37:24.732  2194  3999 W GLSUser : 	at hww.a(:com.google.android.gms@202414022@20.24.14 (040700-319035315):45)
08-28 20:37:24.732  2194  3999 W GLSUser : 	at hwr.a(:com.google.android.gms@202414022@20.24.14 (040700-319035315):0)
08-28 20:37:24.732  2194  3999 W GLSUser : 	at hwu.a(:com.google.android.gms@202414022@20.24.14 (040700-319035315):10)
08-28 20:37:24.732  2194  3999 W GLSUser : 	at gbi.call(:com.google.android.gms@202414022@20.24.14 (040700-319035315):0)
08-28 20:37:24.732  2194  3999 W GLSUser : 	at java.util.concurrent.FutureTask.run(FutureTask.java:266)
08-28 20:37:24.732  2194  3999 W GLSUser : 	at soy.b(:com.google.android.gms@202414022@20.24.14 (040700-319035315):12)
08-28 20:37:24.732  2194  3999 W GLSUser : 	at soy.run(:com.google.android.gms@202414022@20.24.14 (040700-319035315):7)
08-28 20:37:24.732  2194  3999 W GLSUser : 	at java.util.concurrent.ThreadPoolExecutor.runWorker(ThreadPoolExecutor.java:1167)
08-28 20:37:24.732  2194  3999 W GLSUser : 	at java.util.concurrent.ThreadPoolExecutor$Worker.run(ThreadPoolExecutor.java:641)
08-28 20:37:24.732  2194  3999 W GLSUser : 	at sux.run(:com.google.android.gms@202414022@20.24.14 (040700-319035315):0)
08-28 20:37:24.732  2194  3999 W GLSUser : 	at java.lang.Thread.run(Thread.java:919)
08-28 20:37:24.800  2194  3999 W GLSUser : [AppCertManager] IOException while requesting key: 
08-28 20:37:24.800  2194  3999 W GLSUser : java.io.IOException: Invalid device key response.
08-28 20:37:24.800  2194  3999 W GLSUser : 	at hwy.a(:com.google.android.gms@202414022@20.24.14 (040700-319035315):49)
08-28 20:37:24.800  2194  3999 W GLSUser : 	at hww.a(:com.google.android.gms@202414022@20.24.14 (040700-319035315):45)
08-28 20:37:24.800  2194  3999 W GLSUser : 	at hwr.a(:com.google.android.gms@202414022@20.24.14 (040700-319035315):0)
08-28 20:37:24.800  2194  3999 W GLSUser : 	at hwu.a(:com.google.android.gms@202414022@20.24.14 (040700-319035315):10)
08-28 20:37:24.800  2194  3999 W GLSUser : 	at gbi.call(:com.google.android.gms@202414022@20.24.14 (040700-319035315):0)
08-28 20:37:24.800  2194  3999 W GLSUser : 	at java.util.concurrent.FutureTask.run(FutureTask.java:266)
08-28 20:37:24.800  2194  3999 W GLSUser : 	at soy.b(:com.google.android.gms@202414022@20.24.14 (040700-319035315):12)
08-28 20:37:24.800  2194  3999 W GLSUser : 	at soy.run(:com.google.android.gms@202414022@20.24.14 (040700-319035315):7)
08-28 20:37:24.800  2194  3999 W GLSUser : 	at java.util.concurrent.ThreadPoolExecutor.runWorker(ThreadPoolExecutor.java:1167)
08-28 20:37:24.800  2194  3999 W GLSUser : 	at java.util.concurrent.ThreadPoolExecutor$Worker.run(ThreadPoolExecutor.java:641)
08-28 20:37:24.800  2194  3999 W GLSUser : 	at sux.run(:com.google.android.gms@202414022@20.24.14 (040700-319035315):0)
08-28 20:37:24.800  2194  3999 W GLSUser : 	at java.lang.Thread.run(Thread.java:919)
08-28 20:37:24.805  2194  7566 I NetworkScheduler.Stats: Task com.google.android.gms/com.google.android.gms.auth.account.be.legacy.AuthCronService finished executing. cause:4 result: 3 elapsed_millis: 256 uptime_millis: 256 exec_start_elapsed_seconds: 135 [CONTEXT service_id=218 ]
08-28 20:37:24.890  2194  7566 I NetworkScheduler.Stats: Task com.google.android.gms/com.google.android.gms.ads.social.GcmSchedulerWakeupService started execution. cause:5 exec_start_elapsed_seconds: 135 [CONTEXT service_id=218 ]
08-28 20:37:24.894  2194  5632 I NetworkScheduler.Stats: Task com.google.android.gms/com.google.android.gms.ads.social.GcmSchedulerWakeupService finished executing. cause:5 result: 1 elapsed_millis: 42 uptime_millis: 42 exec_start_elapsed_seconds: 135 [CONTEXT service_id=218 ]
08-28 20:37:24.965  2194  7566 I NetworkScheduler.Stats: Task com.google.android.gms/com.google.android.gms.clearcut.uploader.QosUploaderService started execution. cause:5 exec_start_elapsed_seconds: 135 [CONTEXT service_id=218 ]
08-28 20:37:25.008  2194  7566 I NetworkScheduler.Stats: Task com.google.android.gms/com.google.android.gms.clearcut.uploader.QosUploaderService finished executing. cause:5 result: 1 elapsed_millis: 79 uptime_millis: 79 exec_start_elapsed_seconds: 135 [CONTEXT service_id=218 ]
08-28 20:37:25.088  2194  4809 I NetworkScheduler.Stats: Task com.google.android.gms/com.google.android.gms.clearcut.uploader.QosUploaderService started execution. cause:5 exec_start_elapsed_seconds: 135 [CONTEXT service_id=218 ]
08-28 20:37:25.445  2194  7566 W Conscrypt: Could not set socket write timeout: java.net.SocketException: Socket closed
08-28 20:37:25.445  2194  7566 W Conscrypt: 	at com.google.android.gms.org.conscrypt.Platform.setSocketWriteTimeout(:com.google.android.gms@202414022@20.24.14 (040700-319035315):2)
08-28 20:37:25.445  2194  7566 W Conscrypt: 	at com.google.android.gms.org.conscrypt.ConscryptFileDescriptorSocket.setSoWriteTimeout(:com.google.android.gms@202414022@20.24.14 (040700-319035315):0)
08-28 20:37:25.536  2194  7566 W Conscrypt: Could not set socket write timeout: java.net.SocketException: Socket closed
08-28 20:37:25.536  2194  7566 W Conscrypt: 	at com.google.android.gms.org.conscrypt.Platform.setSocketWriteTimeout(:com.google.android.gms@202414022@20.24.14 (040700-319035315):2)
08-28 20:37:25.536  2194  7566 W Conscrypt: 	at com.google.android.gms.org.conscrypt.ConscryptFileDescriptorSocket.setSoWriteTimeout(:com.google.android.gms@202414022@20.24.14 (040700-319035315):0)
08-28 20:37:26.315  2014  2124 V InputDispatcher: Asynchronous input event injection succeeded.
08-28 20:37:26.319  3850  3984 I MicroDetectionWorker: #startMicroDetector [speakerMode: 0]
08-28 20:37:26.319  1754  5599 W audio_hw_generic: Not supplying enough data to HAL, expected position 122960 , only wrote 122946
08-28 20:37:26.320  3850  3984 W ErrorReporter: reportError [type: 211, code: 393244, bug: 0]: errorCode: 393244, engine: 0
08-28 20:37:26.320  3850  3984 I MicroDetector: Keeping mic open: false
08-28 20:37:26.320  3850  3996 I DeviceStateChecker: DeviceStateChecker cancelled
08-28 20:37:26.320  3850  3984 I MicroDetectionWorker: #onError(false)
08-28 20:37:26.322  2212  2533 D EGL_emulation: eglMakeCurrent: 0xd7f1a8a0: ver 2 0 (tinfo 0xd7f0f990)
08-28 20:37:26.397  2014  2124 I WindowManager: Ignoring HOME; event canceled.
08-28 20:37:26.397  2014  2124 V InputDispatcher: Asynchronous input event injection succeeded.
08-28 20:37:26.452  2194  7566 W Conscrypt: Could not set socket write timeout: java.net.SocketException: Socket closed
08-28 20:37:26.452  2194  7566 W Conscrypt: 	at com.google.android.gms.org.conscrypt.Platform.setSocketWriteTimeout(:com.google.android.gms@202414022@20.24.14 (040700-319035315):2)
08-28 20:37:26.452  2194  7566 W Conscrypt: 	at com.google.android.gms.org.conscrypt.ConscryptFileDescriptorSocket.setSoWriteTimeout(:com.google.android.gms@202414022@20.24.14 (040700-319035315):0)
08-28 20:37:26.569  2194  7566 W Conscrypt: Could not set socket write timeout: java.net.SocketException: Socket closed
08-28 20:37:26.569  2194  7566 W Conscrypt: 	at com.google.android.gms.org.conscrypt.Platform.setSocketWriteTimeout(:com.google.android.gms@202414022@20.24.14 (040700-319035315):2)
08-28 20:37:26.569  2194  7566 W Conscrypt: 	at com.google.android.gms.org.conscrypt.ConscryptFileDescriptorSocket.setSoWriteTimeout(:com.google.android.gms@202414022@20.24.14 (040700-319035315):0)
08-28 20:37:26.578  2212  2533 D EGL_emulation: eglMakeCurrent: 0xd7f1a8a0: ver 2 0 (tinfo 0xd7f0f990)
08-28 20:37:26.729  2212  2533 I chatty  : uid=10108(com.android.systemui) RenderThread identical 8 lines
08-28 20:37:26.748  2212  2533 D EGL_emulation: eglMakeCurrent: 0xd7f1a8a0: ver 2 0 (tinfo 0xd7f0f990)
08-28 20:37:26.826  2194  5632 I NetworkScheduler.Stats: Task com.google.android.gms/com.google.android.gms.clearcut.uploader.QosUploaderService finished executing. cause:5 result: 1 elapsed_millis: 1773 uptime_millis: 1773 exec_start_elapsed_seconds: 135 [CONTEXT service_id=218 ]
08-28 20:37:26.967  2194  2566 I NetworkScheduler.Stats: Task com.google.android.gms/com.google.android.gms.chimera.container.ConfigService started execution. cause:5 exec_start_elapsed_seconds: 137 [CONTEXT service_id=218 ]
08-28 20:37:26.972  2403  2712 I ChimeraConfigurator: Starting update, reason: 1 urgentFeatures: 
08-28 20:37:26.985  2403  2712 E ConfigFileUtils: Failed to read config file: /data/user_de/0/com.google.android.gms/app_chimera/next_container.pb: open failed: ENOENT (No such file or directory)
08-28 20:37:27.002  2403  2712 I ChmraDebugLogger: [73] 1801
08-28 20:37:27.005  2403  2712 I ChmraDebugLogger: [30] [VisionOcr.optional:202414000700] permitMetered=true,
08-28 20:37:27.011  2403  2712 I ChimeraConfigService: Scheduling checkin for one-off execution between [3300,43200] seconds from now (1661699247011)
08-28 20:37:27.022  2403  2712 I ChimeraConfigService: Scheduling checkin every 43200 seconds, with flex of 1800 seconds
08-28 20:37:27.046  2194  2566 I NetworkScheduler.Stats: Task com.google.android.gms/com.google.android.gms.chimera.container.ConfigService finished executing. cause:5 result: 2 elapsed_millis: 118 uptime_millis: 118 exec_start_elapsed_seconds: 137 [CONTEXT service_id=218 ]
08-28 20:37:27.972  2212  2533 D EGL_emulation: eglMakeCurrent: 0xd7f1a8a0: ver 2 0 (tinfo 0xd7f0f990)
08-28 20:37:29.310  2014  3203 I ActivityTaskManager: START u0 {act=android.intent.action.MAIN cat=[android.intent.category.LAUNCHER] flg=0x10200000 cmp=com.google.android.deskclock/com.android.deskclock.DeskClock bnds=[854,336][1123,673]} from uid 10109
08-28 20:37:28.344  2212  2533 I chatty  : uid=10108(com.android.systemui) RenderThread identical 30 lines
08-28 20:37:28.359  2212  2533 D EGL_emulation: eglMakeCurrent: 0xd7f1a8a0: ver 2 0 (tinfo 0xd7f0f990)
08-28 20:37:29.357  2014  2051 E memtrack: Couldn't load memtrack module
08-28 20:37:29.361  2014  2047 E system_server: Invalid ID 0x00000000.
08-28 20:37:29.373  2014  2014 W ActivityManager: Unable to start service Intent { act=android.service.appprediction.AppPredictionService cmp=com.google.android.as/com.google.android.apps.miphone.aiai.app.AiAiPredictionService } U=0: not found
08-28 20:37:29.374  2014  2014 W RemoteAppPredictionService: could not bind to Intent { act=android.service.appprediction.AppPredictionService cmp=com.google.android.as/com.google.android.apps.miphone.aiai.app.AiAiPredictionService } using flags 67108865
08-28 20:37:29.374  2014  2051 W android.os.Debug: failed to get memory consumption info: -1
08-28 20:37:29.398  2014  3203 W InputReader: Device has associated, but no associated display id.
08-28 20:37:29.398  2014  3203 I chatty  : uid=1000(system) Binder:2014_F identical 8 lines
08-28 20:37:29.398  2014  3203 W InputReader: Device has associated, but no associated display id.
08-28 20:37:29.406  1765  3790 D gralloc_ranchu: gralloc_alloc: Creating ashmem region of size 14749696
08-28 20:37:29.411  2014  2051 E memtrack: Couldn't load memtrack module
08-28 20:37:29.411  2014  2051 W android.os.Debug: failed to get memory consumption info: -1
08-28 20:37:29.426  1748  1748 D Zygote  : Forked child process 7575
08-28 20:37:29.429  2014  2053 I ActivityManager: Start proc 7575:com.google.android.deskclock/u0a133 for activity {com.google.android.deskclock/com.android.deskclock.DeskClock}
08-28 20:37:29.430  7575  7575 W droid.deskcloc: Unexpected CPU variant for X86 using defaults: x86
08-28 20:37:29.484  2014  3203 W InputReader: Device has associated, but no associated display id.
08-28 20:37:29.495  2014  3203 I chatty  : uid=1000(system) Binder:2014_F identical 28 lines
08-28 20:37:29.495  2014  3203 W InputReader: Device has associated, but no associated display id.
08-28 20:37:29.511  7575  7575 D ApplicationLoaders: Returning zygote-cached class loader: /system/framework/android.hidl.base-V1.0-java.jar
08-28 20:37:29.511  7575  7575 D ApplicationLoaders: Returning zygote-cached class loader: /system/framework/android.hidl.manager-V1.0-java.jar
08-28 20:37:29.511  7575  7575 D ApplicationLoaders: Returning zygote-cached class loader: /system/framework/android.hidl.base-V1.0-java.jar
08-28 20:37:29.514  2014  2047 W InputReader: Device has associated, but no associated display id.
08-28 20:37:29.514  2014  2047 I chatty  : uid=1000(system) android.anim identical 8 lines
08-28 20:37:29.515  2014  2047 W InputReader: Device has associated, but no associated display id.
08-28 20:37:29.515  7575  7575 I droid.deskcloc: The ClassLoaderContext is a special shared library.
08-28 20:37:29.529  1765  3790 D gralloc_ranchu: gralloc_alloc: Creating ashmem region of size 14749696
08-28 20:37:29.592  7575  7575 W PrimesInit: Primes instant initialization
08-28 20:37:29.596  7575  7575 I GAv4    : Google Analytics 11.0.11 is starting up. To enable debug logging on a device run:
08-28 20:37:29.596  7575  7575 I GAv4    :   adb shell setprop log.tag.GAv4 DEBUG
08-28 20:37:29.596  7575  7575 I GAv4    :   adb logcat -s GAv4
08-28 20:37:29.613  7575  7605 W Primes  : background initialization
08-28 20:37:29.629  2014  2141 I system_server: IncrementDisableThreadFlip blocked for 21.919ms
08-28 20:37:29.646  7575  7609 W GAv4    : AnalyticsReceiver is not registered or is disabled. Register the receiver for reliable dispatching on non-Google Play devices. See http://goo.gl/8Rd3yj for instructions.
08-28 20:37:29.650  2602  2615 I m.android.phon: Background young concurrent copying GC freed 13839(1406KB) AllocSpace objects, 0(0B) LOS objects, 39% free, 2113KB/3481KB, paused 14.954ms total 68.429ms
08-28 20:37:29.667  7575  7609 W GAv4    : CampaignTrackingReceiver is not registered, not exported or is disabled. Installation campaign tracking is not possible. See http://goo.gl/8Rd3yj for instructions.
08-28 20:37:29.672  2403  2447 I FontLog : Received query Google Sans:500, URI content://com.google.android.gms.fonts [CONTEXT service_id=132 ]
08-28 20:37:29.672  2403  2447 I FontLog : Query [Google Sans:500] resolved to {Google Sans, wdth 100.0, wght 500, ital 0.0, bestEffort false} [CONTEXT service_id=132 ]
08-28 20:37:29.677  7575  7609 W GAv4    : AnalyticsService not registered in the app manifest. Hits might not be delivered reliably. See http://goo.gl/8Rd3yj for instructions.
08-28 20:37:29.682  2014  3889 I ActivityManager: Killing 7019:com.google.android.gms:car/u0a111 (adj 985): empty #17
08-28 20:37:29.694  2403  2447 I FontLog : Font PFD returned from cache for {Google Sans, wdth 100.0, wght 500, ital 0.0, bestEffort false} [CONTEXT service_id=132 ]
08-28 20:37:29.694  1766  1976 W EmuHWC2 : validate: layer 14 CompositionType 1, fallback
08-28 20:37:29.694  2403  2447 I FontLog : Fetch {Google Sans, wdth 100.0, wght 500, ital 0.0, bestEffort false} end status Status{statusCode=SUCCESS, resolution=null} [CONTEXT service_id=132 ]
08-28 20:37:29.697  2014  2027 I system_server: Background young concurrent copying GC freed 71076(3783KB) AllocSpace objects, 23(1536KB) LOS objects, 29% free, 12MB/17MB, paused 9.232ms total 133.822ms
08-28 20:37:29.701  2403  4676 I FontLog : Pulling font file for id = 5, cache size = 5 [CONTEXT service_id=132 ]
08-28 20:37:29.702  1766  1976 W EmuHWC2 : No layers, exit, buffer 0xec0332a0
08-28 20:37:29.704  1766  1976 W EmuHWC2 : validate: layer 14 CompositionType 1, fallback
08-28 20:37:29.725  1766  1976 W EmuHWC2 : No layers, exit, buffer 0xec512f00
08-28 20:37:29.727  1766  1976 W EmuHWC2 : validate: layer 14 CompositionType 1, fallback
08-28 20:37:29.732  2403  4676 I FontLog : Received query Google Sans, URI content://com.google.android.gms.fonts [CONTEXT service_id=132 ]
08-28 20:37:29.733  2403  4676 I FontLog : Query [Google Sans] resolved to {Google Sans, wdth 100.0, wght 400, ital 0.0, bestEffort false} [CONTEXT service_id=132 ]
08-28 20:37:29.738  2403  4676 I FontLog : Font PFD returned from cache for {Google Sans, wdth 100.0, wght 400, ital 0.0, bestEffort false} [CONTEXT service_id=132 ]
08-28 20:37:29.738  2403  4676 I FontLog : Fetch {Google Sans, wdth 100.0, wght 400, ital 0.0, bestEffort false} end status Status{statusCode=SUCCESS, resolution=null} [CONTEXT service_id=132 ]
08-28 20:37:29.750  1748  1748 I Zygote  : Process 7019 exited due to signal 9 (Killed)
08-28 20:37:29.751  1766  1976 W EmuHWC2 : No layers, exit, buffer 0xec512c00
08-28 20:37:29.754  1766  1976 W EmuHWC2 : validate: layer 14 CompositionType 1, fallback
08-28 20:37:29.765  2212  2533 D EGL_emulation: eglMakeCurrent: 0xd7f1a8a0: ver 2 0 (tinfo 0xd7f0f990)
08-28 20:37:29.770  2014  2054 I libprocessgroup: Successfully killed process cgroup uid 10111 pid 7019 in 87ms
08-28 20:37:29.783  1766  1976 W EmuHWC2 : No layers, exit, buffer 0xec0332a0
08-28 20:37:29.786  1766  1976 W EmuHWC2 : validate: layer 14 CompositionType 1, fallback
08-28 20:37:29.788  2212  2533 D EGL_emulation: eglMakeCurrent: 0xd7f1a8a0: ver 2 0 (tinfo 0xd7f0f990)
08-28 20:37:29.799  1766  1976 W EmuHWC2 : No layers, exit, buffer 0xec512f00
08-28 20:37:29.802  1766  1976 W EmuHWC2 : validate: layer 14 CompositionType 1, fallback
08-28 20:37:29.820  1766  1976 W EmuHWC2 : No layers, exit, buffer 0xec512c00
08-28 20:37:29.822  2403  4676 I FontLog : Pulling font file for id = 6, cache size = 6 [CONTEXT service_id=132 ]
08-28 20:37:29.825  1766  1976 W EmuHWC2 : validate: layer 14 CompositionType 1, fallback
08-28 20:37:29.827  2212  2533 D EGL_emulation: eglMakeCurrent: 0xd7f1a8a0: ver 2 0 (tinfo 0xd7f0f990)
08-28 20:37:29.834  1766  1976 W EmuHWC2 : No layers, exit, buffer 0xec0332a0
08-28 20:37:29.835  7575  7605 I PrimesTesting: GserviceFlagsSupplier.get()
08-28 20:37:29.836  1766  1976 W EmuHWC2 : validate: layer 14 CompositionType 1, fallback
08-28 20:37:29.856  1766  1976 W EmuHWC2 : No layers, exit, buffer 0xec512f00
08-28 20:37:29.862  1766  1976 W EmuHWC2 : validate: layer 14 CompositionType 1, fallback
08-28 20:37:29.864  1779  1880 E SurfaceFlinger: ro.sf.lcd_density must be defined as a build property
08-28 20:37:29.873  1779  1880 E SurfaceFlinger: ro.sf.lcd_density must be defined as a build property
08-28 20:37:29.875  1766  1976 W EmuHWC2 : No layers, exit, buffer 0xec512c00
08-28 20:37:29.875  2212  2533 D EGL_emulation: eglMakeCurrent: 0xd7f1a8a0: ver 2 0 (tinfo 0xd7f0f990)
08-28 20:37:29.877  1766  1976 W EmuHWC2 : validate: layer 14 CompositionType 1, fallback
08-28 20:37:29.883  7575  7575 I AppLifecycleTracker: onActivityCreated: 
08-28 20:37:29.892  1766  1976 W EmuHWC2 : No layers, exit, buffer 0xec0332a0
08-28 20:37:29.893  7575  7616 D libEGL  : Emulator has host GPU support, qemu.gles is set to 1.
08-28 20:37:29.901  1766  1976 W EmuHWC2 : validate: layer 14 CompositionType 1, fallback
08-28 20:37:29.904  2212  2533 D EGL_emulation: eglMakeCurrent: 0xd7f1a8a0: ver 2 0 (tinfo 0xd7f0f990)
08-28 20:37:29.904  7575  7616 W libc    : Unable to set property "qemu.gles" to "1": connection failed; errno=13 (Permission denied)
08-28 20:37:29.913  1766  1976 W EmuHWC2 : No layers, exit, buffer 0xec512f00
08-28 20:37:29.916  1766  1976 W EmuHWC2 : validate: layer 14 CompositionType 1, fallback
08-28 20:37:29.918  7575  7616 D libEGL  : loaded /vendor/lib/egl/libEGL_emulation.so
08-28 20:37:29.925  1766  1976 W EmuHWC2 : No layers, exit, buffer 0xec512c00
08-28 20:37:29.927  7575  7616 D libEGL  : loaded /vendor/lib/egl/libGLESv1_CM_emulation.so
08-28 20:37:29.880  7575  7575 W RenderThread: type=1400 audit(0.0:32): avc: denied { write } for name="property_service" dev="tmpfs" ino=7346 scontext=u:r:untrusted_app_27:s0:c133,c256,c512,c768 tcontext=u:object_r:property_socket:s0 tclass=sock_file permissive=0 app=com.google.android.deskclock
08-28 20:37:29.930  1766  1976 W EmuHWC2 : validate: layer 14 CompositionType 1, fallback
08-28 20:37:29.930  2212  2533 D EGL_emulation: eglMakeCurrent: 0xd7f1a8a0: ver 2 0 (tinfo 0xd7f0f990)
08-28 20:37:29.940  7575  7616 D libEGL  : loaded /vendor/lib/egl/libGLESv2_emulation.so
08-28 20:37:29.940  1766  1976 W EmuHWC2 : No layers, exit, buffer 0xec0332a0
08-28 20:37:29.946  1766  1976 W EmuHWC2 : validate: layer 14 CompositionType 1, fallback
08-28 20:37:29.950  7575  7575 I AppCompatDelegate: Failed to instantiate custom view inflater android.support.v7.app.AppCompatViewInflater. Falling back to default.
08-28 20:37:29.950  7575  7575 I AppCompatDelegate: java.lang.ClassNotFoundException: android.support.v7.app.AppCompatViewInflater
08-28 20:37:29.950  7575  7575 I AppCompatDelegate: 	at java.lang.Class.classForName(Native Method)
08-28 20:37:29.950  7575  7575 I AppCompatDelegate: 	at java.lang.Class.forName(Class.java:454)
08-28 20:37:29.950  7575  7575 I AppCompatDelegate: 	at java.lang.Class.forName(Class.java:379)
08-28 20:37:29.950  7575  7575 I AppCompatDelegate: 	at yb.a(PG:401)
08-28 20:37:29.950  7575  7575 I AppCompatDelegate: 	at yb.onCreateView(PG:412)
08-28 20:37:29.950  7575  7575 I AppCompatDelegate: 	at android.view.LayoutInflater.tryCreateView(LayoutInflater.java:1061)
08-28 20:37:29.950  7575  7575 I AppCompatDelegate: 	at android.view.LayoutInflater.createViewFromTag(LayoutInflater.java:997)
08-28 20:37:29.950  7575  7575 I AppCompatDelegate: 	at android.view.LayoutInflater.createViewFromTag(LayoutInflater.java:961)
08-28 20:37:29.950  7575  7575 I AppCompatDelegate: 	at android.view.LayoutInflater.inflate(LayoutInflater.java:659)
08-28 20:37:29.950  7575  7575 I AppCompatDelegate: 	at android.view.LayoutInflater.inflate(LayoutInflater.java:534)
08-28 20:37:29.950  7575  7575 I AppCompatDelegate: 	at android.view.LayoutInflater.inflate(LayoutInflater.java:481)
08-28 20:37:29.950  7575  7575 I AppCompatDelegate: 	at com.android.internal.policy.DecorView.onResourcesLoaded(DecorView.java:2083)
08-28 20:37:29.950  7575  7575 I AppCompatDelegate: 	at com.android.internal.policy.PhoneWindow.generateLayout(PhoneWindow.java:2627)
08-28 20:37:29.950  7575  7575 I AppCompatDelegate: 	at com.android.internal.policy.PhoneWindow.installDecor(PhoneWindow.java:2694)
08-28 20:37:29.950  7575  7575 I AppCompatDelegate: 	at com.android.internal.policy.PhoneWindow.getDecorView(PhoneWindow.java:2094)
08-28 20:37:29.950  7575  7575 I AppCompatDelegate: 	at aop.onCreate(PG:4)
08-28 20:37:29.950  7575  7575 I AppCompatDelegate: 	at com.android.deskclock.DeskClock.onCreate(PG:26)
08-28 20:37:29.950  7575  7575 I AppCompatDelegate: 	at android.app.Activity.performCreate(Activity.java:7802)
08-28 20:37:29.950  7575  7575 I AppCompatDelegate: 	at android.app.Activity.performCreate(Activity.java:7791)
08-28 20:37:29.950  7575  7575 I AppCompatDelegate: 	at android.app.Instrumentation.callActivityOnCreate(Instrumentation.java:1299)
08-28 20:37:29.950  7575  7575 I AppCompatDelegate: 	at android.app.ActivityThread.performLaunchActivity(ActivityThread.java:3245)
08-28 20:37:29.950  7575  7575 I AppCompatDelegate: 	at android.app.ActivityThread.handleLaunchActivity(ActivityThread.java:3409)
08-28 20:37:29.950  7575  7575 I AppCompatDelegate: 	at android.app.servertransaction.LaunchActivityItem.execute(LaunchActivityItem.java:83)
08-28 20:37:29.950  7575  7575 I AppCompatDelegate: 	at android.app.servertransaction.TransactionExecutor.executeCallbacks(TransactionExecutor.java:135)
08-28 20:37:29.950  7575  7575 I AppCompatDelegate: 	at android.app.servertransaction.TransactionExecutor.execute(TransactionExecutor.java:95)
08-28 20:37:29.950  7575  7575 I AppCompatDelegate: 	at android.app.ActivityThread$H.handleMessage(ActivityThread.java:2016)
08-28 20:37:29.950  7575  7575 I AppCompatDelegate: 	at android.os.Handler.dispatchMessage(Handler.java:107)
08-28 20:37:29.950  7575  7575 I AppCompatDelegate: 	at android.os.Looper.loop(Looper.java:214)
08-28 20:37:29.950  7575  7575 I AppCompatDelegate: 	at android.app.ActivityThread.main(ActivityThread.java:7356)
08-28 20:37:29.950  7575  7575 I AppCompatDelegate: 	at java.lang.reflect.Method.invoke(Native Method)
08-28 20:37:29.950  7575  7575 I AppCompatDelegate: 	at com.android.internal.os.RuntimeInit$MethodAndArgsCaller.run(RuntimeInit.java:492)
08-28 20:37:29.950  7575  7575 I AppCompatDelegate: 	at com.android.internal.os.ZygoteInit.main(ZygoteInit.java:930)
08-28 20:37:29.950  7575  7575 I AppCompatDelegate: Caused by: java.lang.ClassNotFoundException: android.support.v7.app.AppCompatViewInflater
08-28 20:37:29.950  7575  7575 I AppCompatDelegate: 	... 32 more
08-28 20:37:29.958  1766  1976 W EmuHWC2 : No layers, exit, buffer 0xec512f00
08-28 20:37:29.962  1766  1976 W EmuHWC2 : validate: layer 14 CompositionType 1, fallback
08-28 20:37:29.971  1766  1976 W EmuHWC2 : No layers, exit, buffer 0xec512c00
08-28 20:37:29.972  2212  2533 D EGL_emulation: eglMakeCurrent: 0xd7f1a8a0: ver 2 0 (tinfo 0xd7f0f990)
08-28 20:37:29.979  1766  1976 W EmuHWC2 : validate: layer 14 CompositionType 1, fallback
08-28 20:37:29.990  1766  1976 W EmuHWC2 : No layers, exit, buffer 0xec0332a0
08-28 20:37:30.000  2212  2533 D EGL_emulation: eglMakeCurrent: 0xd7f1a8a0: ver 2 0 (tinfo 0xd7f0f990)
08-28 20:37:30.013  7575  7575 I AppCompatViewInflater: app:theme is now deprecated. Please move to using android:theme instead.
08-28 20:37:30.048  1779  1779 E Layer   : [Surface(name=AppWindowToken{2895f36 token=Token{916c8d1 ActivityRecord{9d5bbf8 u0 com.google.android.apps.nexuslauncher/.NexusLauncherActivity t5}}})/@0xf14e82c - animation-leash#0] No local sync point found
08-28 20:37:30.048  1779  1779 E Layer   : [Surface(name=AppWindowToken{2895f36 token=Token{916c8d1 ActivityRecord{9d5bbf8 u0 com.google.android.apps.nexuslauncher/.NexusLauncherActivity t5}}})/@0xf14e82c - animation-leash#0] No local sync point found
08-28 20:37:30.048  1779  1779 E Layer   : [Surface(name=AppWindowToken{f9cab6f token=Token{bdd2e4e ActivityRecord{e9a8549 u0 com.google.android.deskclock/com.android.deskclock.DeskClock t7}}})/@0xe1252b9 - animation-leash#0] No local sync point found
08-28 20:37:30.048  1779  1779 E Layer   : [Surface(name=AppWindowToken{f9cab6f token=Token{bdd2e4e ActivityRecord{e9a8549 u0 com.google.android.deskclock/com.android.deskclock.DeskClock t7}}})/@0xe1252b9 - animation-leash#0] No local sync point found
08-28 20:37:30.049  3850  5602 D EGL_emulation: eglMakeCurrent: 0xd494ab40: ver 2 0 (tinfo 0xbae42840)
08-28 20:37:30.072  2403  4676 I FontLog : Received query Google Sans:500, URI content://com.google.android.gms.fonts [CONTEXT service_id=132 ]
08-28 20:37:30.073  2403  4676 I FontLog : Query [Google Sans:500] resolved to {Google Sans, wdth 100.0, wght 500, ital 0.0, bestEffort false} [CONTEXT service_id=132 ]
08-28 20:37:30.075  2403  4676 I FontLog : Font PFD returned from cache for {Google Sans, wdth 100.0, wght 500, ital 0.0, bestEffort false} [CONTEXT service_id=132 ]
08-28 20:37:30.076  2403  4676 I FontLog : Fetch {Google Sans, wdth 100.0, wght 500, ital 0.0, bestEffort false} end status Status{statusCode=SUCCESS, resolution=null} [CONTEXT service_id=132 ]
08-28 20:37:30.078  2833  3697 D EGL_emulation: eglMakeCurrent: 0xd7f1a300: ver 2 0 (tinfo 0xd7f0f420)
08-28 20:37:30.094  2403  4676 I FontLog : Pulling font file for id = 7, cache size = 7 [CONTEXT service_id=132 ]
08-28 20:37:30.129  7575  7575 I AppLifecycleTracker: onActivityStarted: 
08-28 20:37:30.130  7575  7575 I AppLifecycleTracker: App transition to foreground
08-28 20:37:30.132  7575  7575 I AppLifecycleTracker: onActivityResumed: 
08-28 20:37:30.194  7575  7575 D AlarmClock: Events: [Settings] [Home Time Zone] [Asia/Calcutta]
08-28 20:37:30.245  2403  4676 I FontLog : Received query Google Sans, URI content://com.google.android.gms.fonts [CONTEXT service_id=132 ]
08-28 20:37:30.246  2403  4676 I FontLog : Query [Google Sans] resolved to {Google Sans, wdth 100.0, wght 400, ital 0.0, bestEffort false} [CONTEXT service_id=132 ]
08-28 20:37:30.254  2403  4676 I FontLog : Font PFD returned from cache for {Google Sans, wdth 100.0, wght 400, ital 0.0, bestEffort false} [CONTEXT service_id=132 ]
08-28 20:37:30.254  2403  4676 I FontLog : Fetch {Google Sans, wdth 100.0, wght 400, ital 0.0, bestEffort false} end status Status{statusCode=SUCCESS, resolution=null} [CONTEXT service_id=132 ]
08-28 20:37:30.261  2403  4676 I FontLog : Pulling font file for id = 8, cache size = 8 [CONTEXT service_id=132 ]
08-28 20:37:30.277  7575  7618 I AlarmClock: Priming ringtone title cache
08-28 20:37:30.341  7575  7614 D HostConnection: HostConnection::get() New Host Connection established 0xd4946540, tid 7614
08-28 20:37:30.344  7575  7614 D HostConnection: HostComposition ext ANDROID_EMU_CHECKSUM_HELPER_v1 ANDROID_EMU_dma_v1 ANDROID_EMU_direct_mem ANDROID_EMU_host_composition_v1 ANDROID_EMU_host_composition_v2 ANDROID_EMU_vulkan ANDROID_EMU_deferred_vulkan_commands ANDROID_EMU_vulkan_null_optional_strings ANDROID_EMU_vulkan_create_resources_with_requirements ANDROID_EMU_YUV_Cache ANDROID_EMU_vulkan_ignored_handles ANDROID_EMU_vulkan_free_memory_sync ANDROID_EMU_vulkan_shader_float16_int8 ANDROID_EMU_vulkan_async_queue_submit ANDROID_EMU_sync_buffer_data GL_OES_vertex_array_object GL_KHR_texture_compression_astc_ldr ANDROID_EMU_host_side_tracing ANDROID_EMU_gles_max_version_2 
08-28 20:37:30.359  7575  7614 W OpenGLRenderer: Failed to choose config with EGL_SWAP_BEHAVIOR_PRESERVED, retrying without...
08-28 20:37:30.367  7575  7614 D EGL_emulation: eglCreateContext: 0xd494b4a0: maj 2 min 0 rcv 2
08-28 20:37:30.377  7575  7614 D EGL_emulation: eglMakeCurrent: 0xd494b4a0: ver 2 0 (tinfo 0xe009ffd0)
08-28 20:37:30.386  1765  3790 D gralloc_ranchu: gralloc_alloc: Creating ashmem region of size 14749696
08-28 20:37:30.406  1649  1649 I hwservicemanager: getTransport: Cannot find entry android.hardware.graphics.mapper@3.0::IMapper/default in either framework or device manifest.
08-28 20:37:30.406  7575  7614 W Gralloc3: mapper 3.x is not supported
08-28 20:37:30.458  7575  7614 D HostConnection: createUnique: call
08-28 20:37:30.459  7575  7614 D HostConnection: HostConnection::get() New Host Connection established 0xd49499c0, tid 7614
08-28 20:37:30.461  2014  2051 I ActivityTaskManager: Fully drawn com.google.android.deskclock/com.android.deskclock.DeskClock: +1s150ms
08-28 20:37:30.462  7575  7614 D HostConnection: HostComposition ext ANDROID_EMU_CHECKSUM_HELPER_v1 ANDROID_EMU_dma_v1 ANDROID_EMU_direct_mem ANDROID_EMU_host_composition_v1 ANDROID_EMU_host_composition_v2 ANDROID_EMU_vulkan ANDROID_EMU_deferred_vulkan_commands ANDROID_EMU_vulkan_null_optional_strings ANDROID_EMU_vulkan_create_resources_with_requirements ANDROID_EMU_YUV_Cache ANDROID_EMU_vulkan_ignored_handles ANDROID_EMU_vulkan_free_memory_sync ANDROID_EMU_vulkan_shader_float16_int8 ANDROID_EMU_vulkan_async_queue_submit ANDROID_EMU_sync_buffer_data GL_OES_vertex_array_object GL_KHR_texture_compression_astc_ldr ANDROID_EMU_host_side_tracing ANDROID_EMU_gles_max_version_2 
08-28 20:37:30.462  7575  7614 D eglCodecCommon: allocate: Ask for block of size 0x1000
08-28 20:37:30.462  7575  7614 D eglCodecCommon: allocate: ioctl allocate returned offset 0x3ff1de000 size 0x2000
08-28 20:37:30.471  1765  3790 D gralloc_ranchu: gralloc_alloc: Creating ashmem region of size 14749696
08-28 20:37:30.481  1765  1815 D gralloc_ranchu: gralloc_alloc: Creating ashmem region of size 14749696
08-28 20:37:30.509  7575  7614 D EGL_emulation: eglMakeCurrent: 0xd494b4a0: ver 2 0 (tinfo 0xe009ffd0)
08-28 20:37:30.594  1832  1913 D NuPlayerDriver: NuPlayerDriver(0xf7222980) created, clientPid(7575)
08-28 20:37:30.630  1832  1913 I Codec2Client: Available Codec2 services: "software"
08-28 20:37:30.630  1832  1913 I Codec2Client: Creating a Codec2 client to service "software"
08-28 20:37:30.658  2014  2051 I ActivityTaskManager: Displayed com.google.android.deskclock/com.android.deskclock.DeskClock: +1s343ms
08-28 20:37:30.672  1832  1913 I Codec2Client: Client to Codec2 service "software" created
08-28 20:37:30.778  1779  1779 W SurfaceFlinger: couldn't log to binary event log: overflow.
08-28 20:37:30.792  1832  7625 D GenericSource: FileSource remote
08-28 20:37:30.819  3850  3986 I PBSessionCacheImpl: Deleted sessionId[154055945028] from persistence.
08-28 20:37:30.848  3850  3984 W SearchServiceCore: Abort, client detached.
08-28 20:37:30.850  7575  7618 D Ringtone: Successfully created local player
08-28 20:37:30.875  2014  6195 W UriGrantsManagerService: No permission grants found for com.google.android.deskclock
08-28 20:37:30.877  7575  7618 I AlarmClock: Checking if assistant workflow is available
08-28 20:37:31.278  2014  2051 E memtrack: Couldn't load memtrack module
08-28 20:37:31.278  2014  2051 W android.os.Debug: failed to get memory consumption info: -1
08-28 20:37:31.292  2014  2051 E memtrack: Couldn't load memtrack module
08-28 20:37:31.292  2014  2051 W android.os.Debug: failed to get memory consumption info: -1
08-28 20:37:31.301  2014  2051 E memtrack: Couldn't load memtrack module
08-28 20:37:31.301  2014  2051 W android.os.Debug: failed to get memory consumption info: -1
08-28 20:37:31.444  7575  7590 V MediaPlayer: resetDrmState:  mDrmInfo=null mDrmProvisioningThread=null mPrepareDrmInProgress=false mActiveDrmScheme=false
08-28 20:37:31.444  7575  7590 V MediaPlayer: cleanDrmObj: mDrmObj=null mDrmSessionId=null
08-28 20:37:31.445  1832  4600 D NuPlayerDriver: reset(0xf7222980) at state 4
08-28 20:37:31.446  1832  7622 D NuPlayerDriver: notifyResetComplete(0xf7222980)
08-28 20:37:32.436  1754  1754 W audio_hw_generic: Not supplying enough data to HAL, expected position 660601 , only wrote 392634
08-28 20:37:34.532  2403  7628 I Vision  : Requesting optional module download of ocr.
08-28 20:37:34.533  2403  7628 I Vision  : Checking for download completion for 155135 -- ocr
08-28 20:37:34.693  7575  7575 D AlarmClock: Events: [Alarm] [Show Tab] [Tap]
08-28 20:37:34.697  1754  5599 W audio_hw_generic: Not supplying enough data to HAL, expected position 392656 , only wrote 392634
08-28 20:37:35.932  2194  7566 I LogUtils: [Places]: ?: Couldn't find platform key file. [CONTEXT service_id=253 ]
08-28 20:37:35.936  2194  4809 I LogUtils: [Places]: ?: Couldn't find platform key file. [CONTEXT service_id=253 ]
08-28 20:37:35.949  2194  5641 I LogUtils: [Places]: ?: PlacesBleScanner stop() [CONTEXT service_id=253 ]
08-28 20:37:35.949  2194  2194 I BeaconBle: Scan : No clients left, canceling alarm. [CONTEXT service_id=111 ]
08-28 20:37:35.950  2194  2194 I BeaconBle: Scan canceled successfully. [CONTEXT service_id=111 ]
08-28 20:37:35.968  2194  5641 I PlacesLogger: [PlaceInferenceEngine]: [anon] Changed inference mode: 0 [CONTEXT service_id=253 ]
08-28 20:37:35.972  2194  7574 I LogUtils: [Places]: ?: Couldn't find platform key file. [CONTEXT service_id=253 ]
08-28 20:37:35.973  2194  4809 I LogUtils: [Places]: ?: Couldn't find platform key file. [CONTEXT service_id=253 ]
08-28 20:37:35.975  2194  4051 W GCoreFlp: No location to return for getLastLocation()
08-28 20:37:35.978  2194  2194 I GeofencerStateMachine: removeGeofences: removeRequest=RemoveGeofencingRequest[REMOVE_BY_PENDING_INTENT pendingIntent=PendingIntent[creatorPackage=com.google.android.gms], packageName=com.google.android.gms]
08-28 20:37:37.504  1765  1815 D gralloc_ranchu: gralloc_alloc: Creating ashmem region of size 9261056
08-28 20:37:37.526  1765  1815 I chatty  : uid=1000(system) HwBinder:1765_1 identical 1 line
08-28 20:37:37.533  1765  1815 D gralloc_ranchu: gralloc_alloc: Creating ashmem region of size 9261056
08-28 20:37:37.566  7575  7614 D EGL_emulation: eglMakeCurrent: 0xd494b4a0: ver 2 0 (tinfo 0xe009ffd0)
08-28 20:37:37.684  7575  7614 I chatty  : uid=10133(com.google.android.deskclock) RenderThread identical 3 lines
08-28 20:37:39.082  7575  7614 D EGL_emulation: eglMakeCurrent: 0xd494b4a0: ver 2 0 (tinfo 0xe009ffd0)
08-28 20:37:39.569  2014  2051 E memtrack: Couldn't load memtrack module
08-28 20:37:39.569  2014  2051 W android.os.Debug: failed to get memory consumption info: -1
08-28 20:37:40.424  3850  3850 I BgTaskExecutorImpl: Starting EXCLUSIVE background task INTERNAL_PERIODIC_TASK_SYNC.
08-28 20:37:40.434  3850  3850 I BgTaskExecutorImpl: Starting PERIODIC background task AWARE_TIP_WORKER_PROCESS_TIPS.
08-28 20:37:40.443  3850  3850 I BgTaskExecutorImpl: Starting PERIODIC background task BACKGROUNDRETRY_CACHE_SWEEP.
08-28 20:37:40.455  3850  3984 W SearchServiceCore: Abort, client detached.
08-28 20:37:40.455  3850  3984 W SearchServiceCore: Abort, client detached.
08-28 20:37:40.456  3850  3850 I BgTaskExecutorImpl: Starting PERIODIC background task CHROME_EXPERIMENT_SYNC.
08-28 20:37:40.463  3850  3984 W SearchServiceCore: Abort, client detached.
08-28 20:37:40.463  3850  3984 W SearchServiceCore: Abort, client detached.
08-28 20:37:40.470  1754  1754 W audio_hw_generic: Not supplying enough data to HAL, expected position 899951 , only wrote 647119
08-28 20:37:40.472  3850  3850 I BgTaskExecutorImpl: Starting PERIODIC background task CLEAR_DATA_DETECTOR.
08-28 20:37:40.476  3850  3984 W SearchServiceCore: Abort, client detached.
08-28 20:37:40.476  3850  3984 W SearchServiceCore: Abort, client detached.
08-28 20:37:40.476  3850  4033 I FirstRunClassifier: First run of com.google.android.googlequicksearchbox on this device detected
08-28 20:37:40.477  2014  2509 D PackageManager: Instant App installer not found with android.intent.action.INSTALL_INSTANT_APP_PACKAGE
08-28 20:37:40.477  2014  2509 D PackageManager: Clear ephemeral installer activity
08-28 20:37:40.486  3850  3850 I BgTaskExecutorImpl: Starting PERIODIC background task FETCH_ADVERTISING_INFO.
08-28 20:37:40.492  3850  3984 W SearchServiceCore: Abort, client detached.
