08-28 20:37:40.492  3850  3984 W SearchServiceCore: Abort, client detached.
08-28 20:37:40.507  3850  3850 I BgTaskExecutorImpl: Starting PERIODIC background task LOG_ATTEMPTED_SEARCHES_TO_KANSAS.
08-28 20:37:40.510  3850  3984 W SearchServiceCore: Abort, client detached.
08-28 20:37:40.510  3850  3984 W SearchServiceCore: Abort, client detached.
08-28 20:37:40.516  3850  3850 I BgTaskExecutorImpl: Starting PERIODIC background task MDH_FORCED_SYNC.
08-28 20:37:40.521  3850  3984 W SearchServiceCore: Abort, client detached.
08-28 20:37:40.521  3850  3984 W SearchServiceCore: Abort, client detached.
08-28 20:37:40.538  3850  3850 I BgTaskExecutorImpl: Starting PERIODIC background task REFRESH_AUTH_TOKENS.
08-28 20:37:40.543  3850  3850 I BgTaskExecutorImpl: Starting PERIODIC background task REFRESH_NOW_CONFIGURATION.
08-28 20:37:40.547  3850  3850 I BgTaskExecutorImpl: Starting PERIODIC background task REFRESH_SEARCH_HISTORY.
08-28 20:37:40.549  3850  3984 W SearchServiceCore: Abort, client detached.
08-28 20:37:40.551  3850  3984 I chatty  : uid=10122(com.google.android.googlequicksearchbox) EventBus0 identical 5 lines
08-28 20:37:40.552  3850  3984 W SearchServiceCore: Abort, client detached.
08-28 20:37:40.553  3850  4034 W LocationOracle: getBestLocation(): no location is available
08-28 20:37:40.560  3850  4034 W LocationOracle: getBestLocation(): no location is available
08-28 20:37:40.561  3850  3850 I BgTaskExecutorImpl: Starting PERIODIC background task RESTORE_SPEAKER_MODEL.
08-28 20:37:40.561  3850  4034 W CDHeaderDataHandler: Invalid integer value "" in experiments IDs.
08-28 20:37:40.564  3850  4039 I RestoreSpeakerModelTask: Canceling restore - user account is null
08-28 20:37:40.566  3850  3984 W SearchServiceCore: Abort, client detached.
08-28 20:37:40.566  3850  3984 I chatty  : uid=10122(com.google.android.googlequicksearchbox) EventBus0 identical 1 line
08-28 20:37:40.566  3850  3984 W SearchServiceCore: Abort, client detached.
08-28 20:37:40.579  3850  3850 I BgTaskExecutorImpl: Starting PERIODIC background task UPDATE_LANGUAGE_PACKS.
08-28 20:37:40.586  3850  3850 I BgTaskExecutorImpl: Starting PERIODIC background task UPDATE_LAUNCHER_SHORTCUT.
08-28 20:37:40.594  3850  4033 I MDH     : [Storage] Creating database v2
08-28 20:37:40.615  3850  3984 W SearchServiceCore: Abort, client detached.
08-28 20:37:40.615  3850  3984 I chatty  : uid=10122(com.google.android.googlequicksearchbox) EventBus0 identical 2 lines
08-28 20:37:40.615  3850  3984 W SearchServiceCore: Abort, client detached.
08-28 20:37:40.619  3850  4033 I MDH     : Creating MDH subscription table.
08-28 20:37:40.619  3850  4033 I MDH     : Creating MDH wipeout table.
08-28 20:37:40.628  3850  3984 W SearchServiceCore: Abort, client detached.
08-28 20:37:40.628  3850  3984 I chatty  : uid=10122(com.google.android.googlequicksearchbox) EventBus0 identical 1 line
08-28 20:37:40.628  3850  3984 W SearchServiceCore: Abort, client detached.
08-28 20:37:40.629  3850  4033 V MDH     : Opening MDH wipeout table.
08-28 20:37:40.635  3850  4137 I MdhYoutubeWorker: Reading YouTube deletion data
08-28 20:37:40.635  3850  4137 I MdhYoutubeWorker: There is no logged in account in AGSA.
08-28 20:37:40.637  3850  3984 W SearchServiceCore: Abort, client detached.
08-28 20:37:40.637  3850  3984 I chatty  : uid=10122(com.google.android.googlequicksearchbox) EventBus0 identical 1 line
08-28 20:37:40.638  3850  3984 W SearchServiceCore: Abort, client detached.
08-28 20:37:40.670  3919  7641 D DownloadManager: [6] Starting
08-28 20:37:40.683  3919  7641 D NetworkSecurityConfig: Using Network Security Config from resource network_security_config debugBuild: false
08-28 20:37:40.685  3919  7641 D NetworkSecurityConfig: Using Network Security Config from resource network_security_config debugBuild: false
08-28 20:37:40.836  3919  7641 W StorageManager: fallocate() not supported; falling back to ftruncate()
08-28 20:37:40.956  2194  2194 I BeaconBle: Scan : No clients left, canceling alarm. [CONTEXT service_id=111 ]
08-28 20:37:41.510  2014  2014 I RoleManagerService: Granting default permissions...
08-28 20:37:41.519  2014  2125 I InputReader: Reconfiguring input devices.  changes=0x00000010
08-28 20:37:41.558  2014  2014 I Telecom : DefaultDialerCache: Refreshing default dialer for user 0: now com.android.dialer: CM.CCCR->CM.UECNT->CM.CCCR->CM.UECNT@AE8
08-28 20:37:41.561  3850  3984 I EngineIdGenerator: Refusing EXCLUSIVE task NOW_UPDATE_GCM_REGISTRATION, it is already pending. Try again in 7434 seconds.
08-28 20:37:41.591  3850  5546 W ExifInterface: Invalid image: ExifInterface got an unsupported image format file(ExifInterface supports JPEG and some RAW image formats only) or a corrupted JPEG file to ExifInterface.
08-28 20:37:41.591  3850  5546 W ExifInterface: java.io.IOException: Invalid byte order: ffff8950
08-28 20:37:41.591  3850  5546 W ExifInterface: 	at android.media.ExifInterface.readByteOrder(ExifInterface.java:3121)
08-28 20:37:41.591  3850  5546 W ExifInterface: 	at android.media.ExifInterface.isOrfFormat(ExifInterface.java:2437)
08-28 20:37:41.591  3850  5546 W ExifInterface: 	at android.media.ExifInterface.getMimeType(ExifInterface.java:2315)
08-28 20:37:41.591  3850  5546 W ExifInterface: 	at android.media.ExifInterface.loadAttributes(ExifInterface.java:1753)
08-28 20:37:41.591  3850  5546 W ExifInterface: 	at android.media.ExifInterface.<init>(ExifInterface.java:1447)
08-28 20:37:41.591  3850  5546 W ExifInterface: 	at com.bumptech.glide.load.d.a.ac.a(SourceFile:4)
08-28 20:37:41.591  3850  5546 W ExifInterface: 	at com.bumptech.glide.load.f.b(SourceFile:19)
08-28 20:37:41.591  3850  5546 W ExifInterface: 	at com.bumptech.glide.load.d.a.w.a(SourceFile:31)
08-28 20:37:41.591  3850  5546 W ExifInterface: 	at com.bumptech.glide.load.d.a.g.a(SourceFile:6)
08-28 20:37:41.591  3850  5546 W ExifInterface: 	at com.bumptech.glide.load.b.v.a(SourceFile:13)
08-28 20:37:41.591  3850  5546 W ExifInterface: 	at com.bumptech.glide.load.b.m.h(SourceFile:123)
08-28 20:37:41.591  3850  5546 W ExifInterface: 	at com.bumptech.glide.load.b.m.a(SourceFile:249)
08-28 20:37:41.591  3850  5546 W ExifInterface: 	at com.bumptech.glide.load.b.g.a(SourceFile:38)
08-28 20:37:41.591  3850  5546 W ExifInterface: 	at com.bumptech.glide.load.c.o.a(SourceFile:4)
08-28 20:37:41.591  3850  5546 W ExifInterface: 	at com.bumptech.glide.load.b.g.a(SourceFile:30)
08-28 20:37:41.591  3850  5546 W ExifInterface: 	at com.bumptech.glide.load.b.m.e(SourceFile:82)
08-28 20:37:41.591  3850  5546 W ExifInterface: 	at com.bumptech.glide.load.b.m.run(SourceFile:59)
08-28 20:37:41.591  3850  5546 W ExifInterface: 	at java.util.concurrent.ThreadPoolExecutor.runWorker(ThreadPoolExecutor.java:1167)
08-28 20:37:41.591  3850  5546 W ExifInterface: 	at java.util.concurrent.ThreadPoolExecutor$Worker.run(ThreadPoolExecutor.java:641)
08-28 20:37:41.591  3850  5546 W ExifInterface: 	at java.lang.Thread.run(Thread.java:919)
08-28 20:37:41.591  3850  5546 W ExifInterface: 	at com.bumptech.glide.load.b.c.d.run(SourceFile:9)
08-28 20:37:41.600  2602  2602 D CarrierSvcBindHelper: No carrier app for: 0
08-28 20:37:41.610  2194  7646 I Fitness : OnPackageChangedOperation got intent: Intent { act=android.intent.action.PACKAGE_CHANGED dat=package:com.google.android.googlequicksearchbox flg=0x45000010 cmp=com.google.android.gms/.chimera.PersistentIntentOperationService (has extras) } [CONTEXT service_id=17 ]
08-28 20:37:41.639  2194  7651 I Fitness : FitCleanupIntentOperation received Intent android.intent.action.PACKAGE_CHANGED [CONTEXT service_id=17 ]
08-28 20:37:41.663  2833  3728 W QsbUiManager: Doodle is not valid.
08-28 20:37:41.663  2833  3728 W QsbUiManager: Doodle bitmap is not valid.
08-28 20:37:41.871  2403  4811 I Icing   : IndexChimeraService.getServiceInterface callingPackage=com.google.android.gms componentName=AppsCorpus serviceId=36
08-28 20:37:41.888  2403  2998 W Icing   : No valid account for uploading user actions
08-28 20:37:41.906  2403  4353 I Icing   : IndexChimeraService.getServiceInterface callingPackage=com.google.android.gms componentName=null serviceId=30
08-28 20:37:41.964  2403  2998 I Icing   : Usage reports ok 1, Failed Usage reports 0, indexed 0, rejected 0
08-28 20:37:41.968  2403  2998 W Icing   : No valid account for uploading user actions
08-28 20:37:41.976  2403  2998 I Icing   : Usage reports ok 0, Failed Usage reports 0, indexed 0, rejected 0
08-28 20:37:42.108  3919  7641 W DownloadManager: [6] Stop requested with status HTTP_DATA_ERROR: Failed reading response: javax.net.ssl.SSLProtocolException: Read error: ssl=0xeb2205c8: Failure in SSL library, usually a protocol error
08-28 20:37:42.108  3919  7641 W DownloadManager: error:1e000065:Cipher functions:OPENSSL_internal:BAD_DECRYPT (external/boringssl/src/crypto/fipsmodule/cipher/e_aes.c:998 0xd2494543:0x00000000)
08-28 20:37:42.108  3919  7641 W DownloadManager: error:1000008b:SSL routines:OPENSSL_internal:DECRYPTION_FAILED_OR_BAD_RECORD_MAC (external/boringssl/src/ssl/tls_record.cc:298 0xd2494543:0x00000000)
08-28 20:37:42.110  3919  7641 D DownloadManager: [6] Finished with status WAITING_TO_RETRY
08-28 20:37:42.185  3919  3919 D DownloadManager: onStopJob id=6, reason=0
08-28 20:37:42.497  2014  2051 I RoleUserState: Wrote roles.xml successfully
08-28 20:37:42.646  3850  3984 W SearchServiceCore: Abort, client detached.
08-28 20:37:42.658  2833  3744 D ProtoStore: no cached data
08-28 20:37:42.698  3850  7636 W LocationOracle: No location history returned by ContextManager
08-28 20:37:42.709  3850  5483 E LocalNetworkId: Can not find ARP file or impossible to read file.
08-28 20:37:42.709  3850  5483 E LocalNetworkId: java.io.FileNotFoundException: proc/net/arp: open failed: EACCES (Permission denied)
08-28 20:37:42.709  3850  5483 E LocalNetworkId: 	at libcore.io.IoBridge.open(IoBridge.java:496)
08-28 20:37:42.709  3850  5483 E LocalNetworkId: 	at java.io.FileInputStream.<init>(FileInputStream.java:159)
08-28 20:37:42.709  3850  5483 E LocalNetworkId: 	at java.io.FileReader.<init>(FileReader.java:72)
08-28 20:37:42.709  3850  5483 E LocalNetworkId: 	at com.google.android.apps.gsa.search.core.google.a.q.b(SourceFile:71)
08-28 20:37:42.709  3850  5483 E LocalNetworkId: 	at com.google.android.apps.gsa.search.core.google.a.q.a(SourceFile:23)
08-28 20:37:42.709  3850  5483 E LocalNetworkId: 	at com.google.android.apps.gsa.staticplugins.g.g.a(Unknown Source:1)
08-28 20:37:42.709  3850  5483 E LocalNetworkId: 	at com.google.android.apps.gsa.v.d.a.d.call(Unknown Source:2)
08-28 20:37:42.709  3850  5483 E LocalNetworkId: 	at java.util.concurrent.FutureTask.run(FutureTask.java:266)
08-28 20:37:42.709  3850  5483 E LocalNetworkId: 	at com.google.android.apps.gsa.v.d.a.f.run(SourceFile:16)
08-28 20:37:42.709  3850  5483 E LocalNetworkId: 	at com.google.android.apps.gsa.v.d.a.n.run(Unknown Source:3)
08-28 20:37:42.709  3850  5483 E LocalNetworkId: 	at com.google.android.apps.gsa.shared.util.c.b.f.run(Unknown Source:3)
08-28 20:37:42.709  3850  5483 E LocalNetworkId: 	at com.google.android.apps.gsa.shared.util.c.b.bj.run(SourceFile:3)
08-28 20:37:42.709  3850  5483 E LocalNetworkId: 	at java.util.concurrent.ThreadPoolExecutor.runWorker(ThreadPoolExecutor.java:1167)
08-28 20:37:42.709  3850  5483 E LocalNetworkId: 	at java.util.concurrent.ThreadPoolExecutor$Worker.run(ThreadPoolExecutor.java:641)
08-28 20:37:42.709  3850  5483 E LocalNetworkId: 	at java.lang.Thread.run(Thread.java:919)
08-28 20:37:42.709  3850  5483 E LocalNetworkId: 	at com.google.android.apps.gsa.shared.util.c.b.m.run(SourceFile:6)
08-28 20:37:42.709  3850  5483 E LocalNetworkId: Caused by: android.system.ErrnoException: open failed: EACCES (Permission denied)
08-28 20:37:42.709  3850  5483 E LocalNetworkId: 	at libcore.io.Linux.open(Native Method)
08-28 20:37:42.709  3850  5483 E LocalNetworkId: 	at libcore.io.ForwardingOs.open(ForwardingOs.java:167)
08-28 20:37:42.709  3850  5483 E LocalNetworkId: 	at libcore.io.BlockGuardOs.open(BlockGuardOs.java:252)
08-28 20:37:42.709  3850  5483 E LocalNetworkId: 	at libcore.io.ForwardingOs.open(ForwardingOs.java:167)
08-28 20:37:42.709  3850  5483 E LocalNetworkId: 	at android.app.ActivityThread$AndroidOs.open(ActivityThread.java:7255)
08-28 20:37:42.709  3850  5483 E LocalNetworkId: 	at libcore.io.IoBridge.open(IoBridge.java:482)
08-28 20:37:42.709  3850  5483 E LocalNetworkId: 	... 15 more
08-28 20:37:42.710  3850  7636 W CronetNetworkRqstWrppr: Upload request without a content type.
08-28 20:37:42.712  3850  4034 W LocationOracle: No location history returned by ContextManager
08-28 20:37:42.719  3850  4010 W LocationOracle: getBestLocation(): no location is available
08-28 20:37:42.722  3850  4010 W CDHeaderDataHandler: Invalid integer value "" in experiments IDs.
08-28 20:37:42.700  3850  3850 W UserFacing10: type=1400 audit(0.0:33): avc: denied { read } for name="arp" dev="proc" ino=4026532043 scontext=u:r:priv_app:s0:c512,c768 tcontext=u:object_r:proc_net:s0 tclass=file permissive=0 app=com.google.android.googlequicksearchbox
08-28 20:37:42.787  2194  4051 W GCoreFlp: No location to return for getLastLocation()
08-28 20:37:42.795  2194  4051 W GCoreFlp: No location to return for getLastLocation()
08-28 20:37:42.808  3850  4035 W LocationOracle: No location returned by GMS core getLastLocation()
08-28 20:37:42.986  2403  2998 I Icing   : Indexing com.google.android.gms-internal.3p:MobileApplication from com.google.android.gms
08-28 20:37:43.027  3850  5546 W ExifInterface: Invalid image: ExifInterface got an unsupported image format file(ExifInterface supports JPEG and some RAW image formats only) or a corrupted JPEG file to ExifInterface.
08-28 20:37:43.027  3850  5546 W ExifInterface: java.io.IOException: Invalid byte order: ffff8950
08-28 20:37:43.027  3850  5546 W ExifInterface: 	at android.media.ExifInterface.readByteOrder(ExifInterface.java:3121)
08-28 20:37:43.027  3850  5546 W ExifInterface: 	at android.media.ExifInterface.isOrfFormat(ExifInterface.java:2437)
08-28 20:37:43.027  3850  5546 W ExifInterface: 	at android.media.ExifInterface.getMimeType(ExifInterface.java:2315)
08-28 20:37:43.027  3850  5546 W ExifInterface: 	at android.media.ExifInterface.loadAttributes(ExifInterface.java:1753)
08-28 20:37:43.027  3850  5546 W ExifInterface: 	at android.media.ExifInterface.<init>(ExifInterface.java:1447)
08-28 20:37:43.027  3850  5546 W ExifInterface: 	at com.bumptech.glide.load.d.a.ac.a(SourceFile:4)
08-28 20:37:43.027  3850  5546 W ExifInterface: 	at com.bumptech.glide.load.f.b(SourceFile:19)
08-28 20:37:43.027  3850  5546 W ExifInterface: 	at com.bumptech.glide.load.d.a.w.a(SourceFile:31)
08-28 20:37:43.027  3850  5546 W ExifInterface: 	at com.bumptech.glide.load.d.a.g.a(SourceFile:6)
08-28 20:37:43.027  3850  5546 W ExifInterface: 	at com.bumptech.glide.load.b.v.a(SourceFile:13)
08-28 20:37:43.027  3850  5546 W ExifInterface: 	at com.bumptech.glide.load.b.m.h(SourceFile:123)
08-28 20:37:43.027  3850  5546 W ExifInterface: 	at com.bumptech.glide.load.b.m.a(SourceFile:249)
08-28 20:37:43.027  3850  5546 W ExifInterface: 	at com.bumptech.glide.load.b.g.a(SourceFile:38)
08-28 20:37:43.027  3850  5546 W ExifInterface: 	at com.bumptech.glide.load.c.o.a(SourceFile:4)
08-28 20:37:43.027  3850  5546 W ExifInterface: 	at com.bumptech.glide.load.b.g.a(SourceFile:30)
08-28 20:37:43.027  3850  5546 W ExifInterface: 	at com.bumptech.glide.load.b.m.e(SourceFile:82)
08-28 20:37:43.027  3850  5546 W ExifInterface: 	at com.bumptech.glide.load.b.m.run(SourceFile:59)
08-28 20:37:43.027  3850  5546 W ExifInterface: 	at java.util.concurrent.ThreadPoolExecutor.runWorker(ThreadPoolExecutor.java:1167)
08-28 20:37:43.027  3850  5546 W ExifInterface: 	at java.util.concurrent.ThreadPoolExecutor$Worker.run(ThreadPoolExecutor.java:641)
08-28 20:37:43.027  3850  5546 W ExifInterface: 	at java.lang.Thread.run(Thread.java:919)
08-28 20:37:43.027  3850  5546 W ExifInterface: 	at com.bumptech.glide.load.b.c.d.run(SourceFile:9)
08-28 20:37:43.055  2833  3744 D ProtoStore: no cached data
08-28 20:37:43.059  2403  2998 I Icing   : Indexing com.google.android.gms-apps from com.google.android.gms
08-28 20:37:43.129  2403  2998 I Icing   : Indexing done com.google.android.gms-internal.3p:MobileApplication
08-28 20:37:43.133  2403  2998 I Icing   : Indexing done com.google.android.gms-apps
08-28 20:37:43.760  2014  3475 D WificondControl: Scan result ready event
08-28 20:37:44.559  1748  1748 D Zygote  : Forked child process 7659
08-28 20:37:44.563  7659  7659 W .apps.wallpape: Unexpected CPU variant for X86 using defaults: x86
08-28 20:37:44.564  2014  2053 I ActivityManager: Start proc 7659:com.google.android.apps.wallpaper/u0a116 for broadcast {com.google.android.apps.wallpaper/com.android.wallpaper.module.DailyLoggingAlarmReceiver}
08-28 20:37:44.593  7659  7659 D ApplicationLoaders: Returning zygote-cached class loader: /system/framework/android.hidl.base-V1.0-java.jar
08-28 20:37:44.593  7659  7659 D ApplicationLoaders: Returning zygote-cached class loader: /system/framework/android.hidl.manager-V1.0-java.jar
08-28 20:37:44.593  7659  7659 D ApplicationLoaders: Returning zygote-cached class loader: /system/framework/android.hidl.base-V1.0-java.jar
08-28 20:37:44.593  7659  7659 I .apps.wallpape: The ClassLoaderContext is a special shared library.
08-28 20:37:44.594  7659  7659 I .apps.wallpape: The ClassLoaderContext is a special shared library.
08-28 20:37:44.603  7659  7659 I MultiDex: VM with version 2.1.0 has multidex support
08-28 20:37:44.603  7659  7659 I MultiDex: install
08-28 20:37:44.603  7659  7659 I MultiDex: VM has multidex support, MultiDex support library is disabled.
08-28 20:37:44.651  7659  7694 W DiskBasedLogger: Disk-based log buffer doesn't exist, so there's nothing to clean up.
08-28 20:37:44.657  2403  7653 I Vision  : Requesting optional module download of ocr.
08-28 20:37:44.658  2403  7653 I Vision  : Exceeded maximum feature download tries for ocr
08-28 20:37:44.658  2403  7653 W Vision  : Request of optional module download of ocr failed.
08-28 20:37:44.658  2403  7653 I Vision  : Checking for download completion for 165260 -- ocr
08-28 20:37:46.741  2014  3475 W ActivityManager: Background start not allowed: service Intent { cmp=com.google.android.apps.messaging/.shared.datamodel.action.execution.ActionExecutorImpl$EmptyService } to com.google.android.apps.messaging/.shared.datamodel.action.execution.ActionExecutorImpl$EmptyService from pid=3825 uid=10130 pkg=com.google.android.apps.messaging startFg?=false
08-28 20:37:46.741  3825  3825 W BugleDataModel: ActionExecutorImpl: Action started execution, but we can't guarantee it will complete, the app may be killed. Action: class com.google.android.apps.messaging.shared.datamodel.action.SelfParticipantsRefreshAction-SelfParticipantsRefreshAction:36557005
08-28 20:37:46.741  3825  3825 W BugleDataModel: java.lang.IllegalStateException: Not allowed to start service Intent { cmp=com.google.android.apps.messaging/.shared.datamodel.action.execution.ActionExecutorImpl$EmptyService }: app is in background uid UidRecord{783e3ca u0a130 CEM  idle change:cached procs:1 seq(0,0,0)}
08-28 20:37:46.741  3825  3825 W BugleDataModel: 	at android.app.ContextImpl.startServiceCommon(ContextImpl.java:1616)
08-28 20:37:46.741  3825  3825 W BugleDataModel: 	at android.app.ContextImpl.startService(ContextImpl.java:1571)
08-28 20:37:46.741  3825  3825 W BugleDataModel: 	at android.content.ContextWrapper.startService(ContextWrapper.java:669)
08-28 20:37:46.741  3825  3825 W BugleDataModel: 	at com.google.android.apps.messaging.shared.datamodel.action.execution.ActionExecutorImpl.e(SourceFile:107)
08-28 20:37:46.741  3825  3825 W BugleDataModel: 	at com.google.android.apps.messaging.shared.datamodel.action.execution.ActionExecutorImpl.a(SourceFile:19)
08-28 20:37:46.741  3825  3825 W BugleDataModel: 	at com.google.android.apps.messaging.shared.datamodel.action.execution.ActionExecutorImpl.a(SourceFile:16)
08-28 20:37:46.741  3825  3825 W BugleDataModel: 	at dya.c(SourceFile:12)
08-28 20:37:46.741  3825  3825 W BugleDataModel: 	at dyb.run(Unknown Source:2)
08-28 20:37:46.741  3825  3825 W BugleDataModel: 	at android.os.Handler.handleCallback(Handler.java:883)
08-28 20:37:46.741  3825  3825 W BugleDataModel: 	at android.os.Handler.dispatchMessage(Handler.java:100)
08-28 20:37:46.741  3825  3825 W BugleDataModel: 	at android.os.Looper.loop(Looper.java:214)
08-28 20:37:46.741  3825  3825 W BugleDataModel: 	at android.app.ActivityThread.main(ActivityThread.java:7356)
08-28 20:37:46.741  3825  3825 W BugleDataModel: 	at java.lang.reflect.Method.invoke(Native Method)
08-28 20:37:46.741  3825  3825 W BugleDataModel: 	at com.android.internal.os.RuntimeInit$MethodAndArgsCaller.run(RuntimeInit.java:492)
08-28 20:37:46.741  3825  3825 W BugleDataModel: 	at com.android.internal.os.ZygoteInit.main(ZygoteInit.java:930)
08-28 20:37:47.345  1754  5599 W audio_hw_generic: Not supplying enough data to HAL, expected position 647132 , only wrote 647119
08-28 20:37:47.788  2014  2051 E memtrack: Couldn't load memtrack module
08-28 20:37:47.788  2014  2051 W android.os.Debug: failed to get memory consumption info: -1
08-28 20:37:49.648  7659  7678 I .apps.wallpape: Waiting for a blocking GC ProfileSaver
08-28 20:37:49.965  2014  2051 E memtrack: Couldn't load memtrack module
08-28 20:37:49.965  2014  2051 W android.os.Debug: failed to get memory consumption info: -1
08-28 20:37:49.971  2014  2051 E memtrack: Couldn't load memtrack module
08-28 20:37:49.971  2014  2051 W android.os.Debug: failed to get memory consumption info: -1
08-28 20:37:50.045  7575  7618 D AlarmClock: Events: [Alarm] [Create] [DeskClock]
08-28 20:37:50.048  7575  7614 D EGL_emulation: eglMakeCurrent: 0xd494b4a0: ver 2 0 (tinfo 0xe009ffd0)
08-28 20:37:50.052  7575  7614 D OpenGLRenderer: endAllActiveAnimators on 0xbf279480 (RippleDrawable) with handle 0xe00a1ac0
08-28 20:37:50.055  7575  7618 I AlarmClock: Connected Dock: null
08-28 20:37:50.056  7575  7618 I AlarmClock: Created new alarm instance: AlarmInstance{alarmId=3, id=1, state=LOW_NOTIFICATION, time=08-28-2022 21:35, vibrate=true, ringtone=content://settings/system/alarm_alert, labelLength=0}
08-28 20:37:50.064  2014  3153 E InputDispatcher: Window handle Window{a066085 u0 com.google.android.deskclock/com.android.deskclock.DeskClock} has no registered input channel
08-28 20:37:50.072  7575  7618 I AlarmClock: Setting upcoming AlarmClockInfo for instance: 1
08-28 20:37:50.075  1776  1941 D AF::Track: interceptBuffer: took 729us to intercept 0 tracks
08-28 20:37:50.078  2014  2014 V SettingsProvider: Notifying for 0: content://settings/system/next_alarm_formatted
08-28 20:37:50.078  2014  2014 D ConditionProviders.SCP: onReceive android.app.action.NEXT_ALARM_CLOCK_CHANGED
08-28 20:37:50.081  2014  2014 D ConditionProviders.SCP: evaluateSubscriptionLocked cal=ScheduleCalendar[mDays={1, 2, 3, 4, 5, 6, 7}, mSchedule=ScheduleInfo{days=[1, 2, 3, 4, 5, 6, 7], startHour=22, startMinute=0, endHour=7, endMinute=0, exitAtAlarm=true, nextAlarm=Thu Jan 01 05:30:00 GMT+05:30 1970 (0)}], now=Sun Aug 28 20:37:50 GMT+05:30 2022 (1661699270080), nextUserAlarmTime=Sun Aug 28 21:35:00 GMT+05:30 2022 (1661702700000)
08-28 20:37:50.081  2014  2014 D ConditionProviders.SCP: notifyCondition condition://android/schedule?days=1.2.3.4.5.6.7&start=22.0&end=7.0&exitAtAlarm=true STATE_FALSE reason=!meetsSchedule
08-28 20:37:50.083  2014  2014 D ConditionProviders.SCP: Scheduling evaluate for Sun Aug 28 22:00:00 GMT+05:30 2022 (1661704200000), in +1h22m9s920ms, now=Sun Aug 28 20:37:50 GMT+05:30 2022 (1661699270080)
08-28 20:37:50.083  2212  2212 W AlarmManager: Unrecognized alarm listener com.android.systemui.keyguard.-$$Lambda$KeyguardSliceProvider$IhzByd8TsqFuOrSyuGurVskyPLo@9cbb01d
08-28 20:37:50.092  7575  7614 D EGL_emulation: eglMakeCurrent: 0xd494b4a0: ver 2 0 (tinfo 0xe009ffd0)
08-28 20:37:50.174  2212  2533 D EGL_emulation: eglMakeCurrent: 0xd7f1a8a0: ver 2 0 (tinfo 0xd7f0f990)
08-28 20:37:50.177  2212  2212 D KeyguardClockSwitch: Updating clock: 837
08-28 20:37:50.289  7575  7575 W BitmapDrawable: BitmapDrawable cannot decode 
08-28 20:37:50.325  1765  1815 D gralloc_ranchu: gralloc_alloc: Creating ashmem region of size 4096
08-28 20:37:50.332  1765  1815 I chatty  : uid=1000(system) HwBinder:1765_1 identical 1 line
08-28 20:37:50.339  1765  1815 D gralloc_ranchu: gralloc_alloc: Creating ashmem region of size 4096
08-28 20:37:50.372  1765  1815 D gralloc_ranchu: gralloc_alloc: Creating ashmem region of size 1241088
08-28 20:37:50.379  7575  7614 D EGL_emulation: eglMakeCurrent: 0xd494b4a0: ver 2 0 (tinfo 0xe009ffd0)
08-28 20:37:50.427  1765  1815 D gralloc_ranchu: gralloc_alloc: Creating ashmem region of size 1241088
08-28 20:37:50.433  7575  7614 D EGL_emulation: eglMakeCurrent: 0xd494b4a0: ver 2 0 (tinfo 0xe009ffd0)
08-28 20:37:50.602  2403  2998 I Icing   : Indexing com.google.android.deskclock-internal.3p:Alarm_cross_device from com.google.android.deskclock
08-28 20:37:50.643  2403  2998 I Icing   : Indexing done com.google.android.deskclock-internal.3p:Alarm_cross_device
08-28 20:37:50.913  2014  2051 E memtrack: Couldn't load memtrack module
08-28 20:37:50.913  2014  2051 W android.os.Debug: failed to get memory consumption info: -1
08-28 20:37:51.637  2403  2998 I Icing   : Indexing com.google.android.deskclock-internal.3p:Alarm_cross_device from com.google.android.deskclock
08-28 20:37:51.643  2403  2998 I Icing   : Indexing done com.google.android.deskclock-internal.3p:Alarm_cross_device
08-28 20:37:53.178  1754  1754 W audio_hw_generic: Not supplying enough data to HAL, expected position 1159702 , only wrote 904248
08-28 20:37:54.071  3850  3984 I WorkerManager: dispose()
08-28 20:37:54.073  3850  3984 W ThreadPoolDumper: Queue length for executor EventBus is now 11. Perhaps some tasks are too long, or the pool is too small.
08-28 20:37:54.156  7575  7575 W InputEventReceiver: Attempted to finish an input event but the input event receiver has already been disposed.
08-28 20:37:54.163  2014  3475 E InputDispatcher: Window handle Window{16dc7e9 u0 PopupWindow:e82666c} has no registered input channel
08-28 20:37:54.384  7575  7575 D AlarmClock: Events: [Alarm] [Set Ringtone] [DeskClock]
08-28 20:37:54.391  2014  3153 I ActivityTaskManager: START u0 {cmp=com.google.android.deskclock/com.android.deskclock.ringtone.RingtonePickerActivity (has extras)} from uid 10133
08-28 20:37:54.408  1754  5599 W audio_hw_generic: Not supplying enough data to HAL, expected position 904279 , only wrote 904248
08-28 20:37:54.421  7575  7575 I AppLifecycleTracker: onActivityPaused: 
08-28 20:37:54.422  2014  3880 W InputReader: Device has associated, but no associated display id.
08-28 20:37:54.445  2014  3880 I chatty  : uid=1000(system) Binder:2014_15 identical 48 lines
08-28 20:37:54.445  2014  3880 W InputReader: Device has associated, but no associated display id.
08-28 20:37:54.449  7575  7575 W ActivityThread: handleWindowVisibility: no activity for token android.os.BinderProxy@f860991
08-28 20:37:54.460  7575  7575 I AppLifecycleTracker: onActivityCreated: 
08-28 20:37:54.461  7575  7575 I AppCompatDelegate: Failed to instantiate custom view inflater android.support.v7.app.AppCompatViewInflater. Falling back to default.
08-28 20:37:54.461  7575  7575 I AppCompatDelegate: java.lang.ClassNotFoundException: android.support.v7.app.AppCompatViewInflater
08-28 20:37:54.461  7575  7575 I AppCompatDelegate: 	at java.lang.Class.classForName(Native Method)
08-28 20:37:54.461  7575  7575 I AppCompatDelegate: 	at java.lang.Class.forName(Class.java:454)
08-28 20:37:54.461  7575  7575 I AppCompatDelegate: 	at java.lang.Class.forName(Class.java:379)
08-28 20:37:54.461  7575  7575 I AppCompatDelegate: 	at yb.a(PG:401)
08-28 20:37:54.461  7575  7575 I AppCompatDelegate: 	at yb.onCreateView(PG:412)
08-28 20:37:54.461  7575  7575 I AppCompatDelegate: 	at android.view.LayoutInflater.tryCreateView(LayoutInflater.java:1061)
08-28 20:37:54.461  7575  7575 I AppCompatDelegate: 	at android.view.LayoutInflater.createViewFromTag(LayoutInflater.java:997)
08-28 20:37:54.461  7575  7575 I AppCompatDelegate: 	at android.view.LayoutInflater.createViewFromTag(LayoutInflater.java:961)
08-28 20:37:54.461  7575  7575 I AppCompatDelegate: 	at android.view.LayoutInflater.inflate(LayoutInflater.java:659)
08-28 20:37:54.461  7575  7575 I AppCompatDelegate: 	at android.view.LayoutInflater.inflate(LayoutInflater.java:534)
08-28 20:37:54.461  7575  7575 I AppCompatDelegate: 	at android.view.LayoutInflater.inflate(LayoutInflater.java:481)
08-28 20:37:54.461  7575  7575 I AppCompatDelegate: 	at com.android.internal.policy.DecorView.onResourcesLoaded(DecorView.java:2083)
08-28 20:37:54.461  7575  7575 I AppCompatDelegate: 	at com.android.internal.policy.PhoneWindow.generateLayout(PhoneWindow.java:2627)
08-28 20:37:54.461  7575  7575 I AppCompatDelegate: 	at com.android.internal.policy.PhoneWindow.installDecor(PhoneWindow.java:2694)
08-28 20:37:54.461  7575  7575 I AppCompatDelegate: 	at com.android.internal.policy.PhoneWindow.getDecorView(PhoneWindow.java:2094)
08-28 20:37:54.461  7575  7575 I AppCompatDelegate: 	at aop.onCreate(PG:4)
08-28 20:37:54.461  7575  7575 I AppCompatDelegate: 	at com.android.deskclock.ringtone.RingtonePickerActivity.onCreate(PG:11)
08-28 20:37:54.461  7575  7575 I AppCompatDelegate: 	at android.app.Activity.performCreate(Activity.java:7802)
08-28 20:37:54.461  7575  7575 I AppCompatDelegate: 	at android.app.Activity.performCreate(Activity.java:7791)
08-28 20:37:54.461  7575  7575 I AppCompatDelegate: 	at android.app.Instrumentation.callActivityOnCreate(Instrumentation.java:1299)
08-28 20:37:54.461  7575  7575 I AppCompatDelegate: 	at android.app.ActivityThread.performLaunchActivity(ActivityThread.java:3245)
08-28 20:37:54.461  7575  7575 I AppCompatDelegate: 	at android.app.ActivityThread.handleLaunchActivity(ActivityThread.java:3409)
08-28 20:37:54.461  7575  7575 I AppCompatDelegate: 	at android.app.servertransaction.LaunchActivityItem.execute(LaunchActivityItem.java:83)
08-28 20:37:54.461  7575  7575 I AppCompatDelegate: 	at android.app.servertransaction.TransactionExecutor.executeCallbacks(TransactionExecutor.java:135)
08-28 20:37:54.461  7575  7575 I AppCompatDelegate: 	at android.app.servertransaction.TransactionExecutor.execute(TransactionExecutor.java:95)
08-28 20:37:54.461  7575  7575 I AppCompatDelegate: 	at android.app.ActivityThread$H.handleMessage(ActivityThread.java:2016)
08-28 20:37:54.461  7575  7575 I AppCompatDelegate: 	at android.os.Handler.dispatchMessage(Handler.java:107)
08-28 20:37:54.461  7575  7575 I AppCompatDelegate: 	at android.os.Looper.loop(Looper.java:214)
08-28 20:37:54.461  7575  7575 I AppCompatDelegate: 	at android.app.ActivityThread.main(ActivityThread.java:7356)
08-28 20:37:54.461  7575  7575 I AppCompatDelegate: 	at java.lang.reflect.Method.invoke(Native Method)
08-28 20:37:54.461  7575  7575 I AppCompatDelegate: 	at com.android.internal.os.RuntimeInit$MethodAndArgsCaller.run(RuntimeInit.java:492)
08-28 20:37:54.461  7575  7575 I AppCompatDelegate: 	at com.android.internal.os.ZygoteInit.main(ZygoteInit.java:930)
08-28 20:37:54.461  7575  7575 I AppCompatDelegate: Caused by: java.lang.ClassNotFoundException: android.support.v7.app.AppCompatViewInflater
08-28 20:37:54.461  7575  7575 I AppCompatDelegate: 	... 32 more
08-28 20:37:54.514  2403  5039 I FontLog : Received query Google Sans, URI content://com.google.android.gms.fonts [CONTEXT service_id=132 ]
08-28 20:37:54.514  2403  5039 I FontLog : Query [Google Sans] resolved to {Google Sans, wdth 100.0, wght 400, ital 0.0, bestEffort false} [CONTEXT service_id=132 ]
08-28 20:37:54.516  2403  5039 I FontLog : Font PFD returned from cache for {Google Sans, wdth 100.0, wght 400, ital 0.0, bestEffort false} [CONTEXT service_id=132 ]
08-28 20:37:54.516  2403  5039 I FontLog : Fetch {Google Sans, wdth 100.0, wght 400, ital 0.0, bestEffort false} end status Status{statusCode=SUCCESS, resolution=null} [CONTEXT service_id=132 ]
08-28 20:37:54.523  7575  7575 I AppLifecycleTracker: onActivityStarted: 
08-28 20:37:54.524  7575  7575 I AppLifecycleTracker: App foreground state unchanged: inForeground ? true
08-28 20:37:54.532  2403  5039 I FontLog : Pulling font file for id = 9, cache size = 7 [CONTEXT service_id=132 ]
08-28 20:37:54.547  2014  3153 W UriGrantsManagerService: No permission grants found for com.google.android.deskclock
08-28 20:37:54.554  7575  7575 I AppLifecycleTracker: onActivityResumed: 
08-28 20:37:54.675  2403  7709 I Vision  : Requesting optional module download of ocr.
08-28 20:37:54.687  2403  7709 I Vision  : Checking for download completion for 175290 -- ocr
08-28 20:37:54.693  2403  7709 I ChimeraConfigurator: Starting update, reason: 4 urgentFeatures: vision.ocr:-1
08-28 20:37:54.698  2403  7709 E ConfigFileUtils: Failed to read config file: /data/user_de/0/com.google.android.gms/app_chimera/next_container.pb: open failed: ENOENT (No such file or directory)
08-28 20:37:54.700  1765  1815 D gralloc_ranchu: gralloc_alloc: Creating ashmem region of size 10596352
08-28 20:37:54.705  1765  1815 I chatty  : uid=1000(system) HwBinder:1765_1 identical 1 line
08-28 20:37:54.706  1765  1815 D gralloc_ranchu: gralloc_alloc: Creating ashmem region of size 10596352
08-28 20:37:54.726  7575  7614 D EGL_emulation: eglMakeCurrent: 0xd494b4a0: ver 2 0 (tinfo 0xe009ffd0)
08-28 20:37:54.766  2403  7709 I ChmraDebugLogger: [73] 1801
08-28 20:37:54.770  2403  7709 I ChmraDebugLogger: [30] [VisionOcr.optional:202414000700] permitMetered=true,
08-28 20:37:54.774  2403  7709 W ChimeraConfigService: Retry attempt was throttled.
08-28 20:37:54.810  1765  1815 D gralloc_ranchu: gralloc_alloc: Creating ashmem region of size 14749696
08-28 20:37:54.825  1765  1815 D gralloc_ranchu: gralloc_alloc: Creating ashmem region of size 14749696
08-28 20:37:54.837  7575  7614 D EGL_emulation: eglMakeCurrent: 0xd494b4a0: ver 2 0 (tinfo 0xe009ffd0)
08-28 20:37:54.843  1765  3790 D gralloc_ranchu: gralloc_alloc: Creating ashmem region of size 14749696
08-28 20:37:54.869  7575  7614 D EGL_emulation: eglMakeCurrent: 0xd494b4a0: ver 2 0 (tinfo 0xe009ffd0)
08-28 20:37:54.879  7575  7614 D EGL_emulation: eglMakeCurrent: 0xd494b4a0: ver 2 0 (tinfo 0xe009ffd0)
08-28 20:37:54.885  2014  2047 W InputReader: Device has associated, but no associated display id.
08-28 20:37:54.887  2014  2047 I chatty  : uid=1000(system) android.anim identical 18 lines
08-28 20:37:54.887  2014  2047 W InputReader: Device has associated, but no associated display id.
08-28 20:37:54.912  7575  7614 D EGL_emulation: eglMakeCurrent: 0xd494b4a0: ver 2 0 (tinfo 0xe009ffd0)
08-28 20:37:55.133  7575  7614 I chatty  : uid=10133(com.google.android.deskclock) RenderThread identical 3 lines
08-28 20:37:55.186  7575  7614 D EGL_emulation: eglMakeCurrent: 0xd494b4a0: ver 2 0 (tinfo 0xe009ffd0)
08-28 20:37:55.321  7575  7575 I AppLifecycleTracker: onActivityStopped: 
08-28 20:37:55.321  7575  7575 I AppLifecycleTracker: App foreground state unchanged: inForeground ? true
08-28 20:37:55.325  7575  7575 I AppLifecycleTracker: onActivitySaveInstanceState: 
08-28 20:37:56.291  1747  3814 W DnsTlsSocket: SSL_connect error 5, errno=110
08-28 20:37:56.291  1747  3918 W DnsTlsSocket: SSL_connect error 5, errno=110
08-28 20:37:56.565  7575  7614 D EGL_emulation: eglMakeCurrent: 0xd494b4a0: ver 2 0 (tinfo 0xe009ffd0)
08-28 20:37:56.882  7575  7614 I chatty  : uid=10133(com.google.android.deskclock) RenderThread identical 12 lines
08-28 20:37:56.908  7575  7614 D EGL_emulation: eglMakeCurrent: 0xd494b4a0: ver 2 0 (tinfo 0xe009ffd0)
08-28 20:37:57.572  1754  1754 W audio_hw_generic: Not supplying enough data to HAL, expected position 1181516 , only wrote 1043719
08-28 20:37:57.896  7575  7614 D EGL_emulation: eglMakeCurrent: 0xd494b4a0: ver 2 0 (tinfo 0xe009ffd0)
08-28 20:37:58.115  1776  1941 D AF::Track: interceptBuffer: took 481us to intercept 0 tracks
08-28 20:37:58.117  1754  5599 W audio_hw_generic: Not supplying enough data to HAL, expected position 1043939 , only wrote 1043719
08-28 20:37:58.127  7575  7614 D EGL_emulation: eglMakeCurrent: 0xd494b4a0: ver 2 0 (tinfo 0xe009ffd0)
08-28 20:37:58.129  7575  7614 D OpenGLRenderer: endAllActiveAnimators on 0xbef69480 (RippleDrawable) with handle 0xe009ffb0
08-28 20:37:58.147  2014  2370 E InputDispatcher: Window handle Window{20170ef u0 com.google.android.deskclock/com.android.deskclock.ringtone.RingtonePickerActivity} has no registered input channel
08-28 20:37:58.159  7575  7614 D EGL_emulation: eglMakeCurrent: 0xd494b4a0: ver 2 0 (tinfo 0xe009ffd0)
08-28 20:38:00.002  7575  7575 I AlarmClock: Periodic: Executing periodic callback for MINUTE because the period ended
08-28 20:38:00.003  7575  7575 I AlarmClock: Periodic: Executing periodic callback for MINUTE because the period ended
08-28 20:38:00.011  2212  2212 D KeyguardClockSwitch: Updating clock: 838
08-28 20:38:00.959  7575  7575 I AlarmClock: RingtonePreviewKlaxon.stop()
08-28 20:38:00.959  7575  7575 D AlarmClock: RingtonePlayer: Posting stop
08-28 20:38:00.961  7575  7575 I AlarmClock: RingtonePreviewKlaxon.start()
08-28 20:38:00.961  7575  7575 D AlarmClock: RingtonePlayer: Posting play
08-28 20:38:00.963  7575  7715 I AlarmClock: RingtonePlayer: Stop ringtone via android.media.Ringtone
08-28 20:38:00.963  7575  7715 I AlarmClock: RingtonePlayer: Play ringtone via android.media.Ringtone
08-28 20:38:01.002  3919  7658 W ExifInterface: Invalid image: ExifInterface got an unsupported image format file(ExifInterface supports JPEG and some RAW image formats only) or a corrupted JPEG file to ExifInterface.
08-28 20:38:01.002  3919  7658 W ExifInterface: java.io.IOException: Invalid byte order: 4f67
08-28 20:38:01.002  3919  7658 W ExifInterface: 	at android.media.ExifInterface.readByteOrder(ExifInterface.java:3121)
08-28 20:38:01.002  3919  7658 W ExifInterface: 	at android.media.ExifInterface.isOrfFormat(ExifInterface.java:2437)
08-28 20:38:01.002  3919  7658 W ExifInterface: 	at android.media.ExifInterface.getMimeType(ExifInterface.java:2315)
08-28 20:38:01.002  3919  7658 W ExifInterface: 	at android.media.ExifInterface.loadAttributes(ExifInterface.java:1753)
08-28 20:38:01.002  3919  7658 W ExifInterface: 	at android.media.ExifInterface.<init>(ExifInterface.java:1419)
08-28 20:38:01.002  3919  7658 W ExifInterface: 	at com.android.providers.media.MediaProvider.getRedactionRanges(MediaProvider.java:5526)
08-28 20:38:01.002  3919  7658 W ExifInterface: 	at com.android.providers.media.MediaProvider.openFileAndEnforcePathPermissionsHelper(MediaProvider.java:5369)
08-28 20:38:01.002  3919  7658 W ExifInterface: 	at com.android.providers.media.MediaProvider.openFileCommon(MediaProvider.java:5167)
08-28 20:38:01.002  3919  7658 W ExifInterface: 	at com.android.providers.media.MediaProvider.openTypedAssetFileCommon(MediaProvider.java:5199)
08-28 20:38:01.002  3919  7658 W ExifInterface: 	at com.android.providers.media.MediaProvider.openTypedAssetFile(MediaProvider.java:5179)
08-28 20:38:01.002  3919  7658 W ExifInterface: 	at android.content.ContentProvider$Transport.openTypedAssetFile(ContentProvider.java:511)
08-28 20:38:01.002  3919  7658 W ExifInterface: 	at android.content.ContentProviderNative.onTransact(ContentProviderNative.java:307)
08-28 20:38:01.002  3919  7658 W ExifInterface: 	at android.os.Binder.execTransactInternal(Binder.java:1021)
08-28 20:38:01.002  3919  7658 W ExifInterface: 	at android.os.Binder.execTransact(Binder.java:994)
08-28 20:38:01.010  1832  4600 D NuPlayerDriver: NuPlayerDriver(0xf7222c80) created, clientPid(7575)
08-28 20:38:01.014  1832  4600 I Codec2Client: Creating a Codec2 client to service "software"
08-28 20:38:01.027  1832  4600 I Codec2Client: Client to Codec2 service "software" created
08-28 20:38:01.058  1832  7719 D GenericSource: FileSource remote
08-28 20:38:01.085  7575  7715 D Ringtone: Successfully created local player
08-28 20:38:01.087  7575  7715 D AlarmClock: Events: [Preview Ringtone] [Play] [Internal]
08-28 20:38:01.089  1832  4600 D NuPlayerDriver: reset(0xf7222c80) at state 4
08-28 20:38:01.091  1832  7717 D NuPlayerDriver: notifyResetComplete(0xf7222c80)
08-28 20:38:01.093  1832  4600 D NuPlayerDriver: reset(0xf7222c80) at state 0
08-28 20:38:01.096  7575  7715 V MediaPlayer: resetDrmState:  mDrmInfo=null mDrmProvisioningThread=null mPrepareDrmInProgress=false mActiveDrmScheme=false
08-28 20:38:01.096  7575  7715 V MediaPlayer: cleanDrmObj: mDrmObj=null mDrmSessionId=null
08-28 20:38:01.096  7575  7715 V MediaPlayer: resetDrmState:  mDrmInfo=null mDrmProvisioningThread=null mPrepareDrmInProgress=false mActiveDrmScheme=false
08-28 20:38:01.096  7575  7715 V MediaPlayer: cleanDrmObj: mDrmObj=null mDrmSessionId=null
08-28 20:38:01.130  3919  7658 W ExifInterface: Invalid image: ExifInterface got an unsupported image format file(ExifInterface supports JPEG and some RAW image formats only) or a corrupted JPEG file to ExifInterface.
08-28 20:38:01.130  3919  7658 W ExifInterface: java.io.IOException: Invalid byte order: 4f67
08-28 20:38:01.130  3919  7658 W ExifInterface: 	at android.media.ExifInterface.readByteOrder(ExifInterface.java:3121)
08-28 20:38:01.130  3919  7658 W ExifInterface: 	at android.media.ExifInterface.isOrfFormat(ExifInterface.java:2437)
08-28 20:38:01.130  3919  7658 W ExifInterface: 	at android.media.ExifInterface.getMimeType(ExifInterface.java:2315)
08-28 20:38:01.130  3919  7658 W ExifInterface: 	at android.media.ExifInterface.loadAttributes(ExifInterface.java:1753)
08-28 20:38:01.130  3919  7658 W ExifInterface: 	at android.media.ExifInterface.<init>(ExifInterface.java:1419)
08-28 20:38:01.130  3919  7658 W ExifInterface: 	at com.android.providers.media.MediaProvider.getRedactionRanges(MediaProvider.java:5526)
08-28 20:38:01.130  3919  7658 W ExifInterface: 	at com.android.providers.media.MediaProvider.openFileAndEnforcePathPermissionsHelper(MediaProvider.java:5369)
08-28 20:38:01.130  3919  7658 W ExifInterface: 	at com.android.providers.media.MediaProvider.openFileCommon(MediaProvider.java:5167)
08-28 20:38:01.130  3919  7658 W ExifInterface: 	at com.android.providers.media.MediaProvider.openTypedAssetFileCommon(MediaProvider.java:5199)
08-28 20:38:01.130  3919  7658 W ExifInterface: 	at com.android.providers.media.MediaProvider.openTypedAssetFile(MediaProvider.java:5179)
08-28 20:38:01.130  3919  7658 W ExifInterface: 	at android.content.ContentProvider$Transport.openTypedAssetFile(ContentProvider.java:511)
08-28 20:38:01.130  3919  7658 W ExifInterface: 	at android.content.ContentProviderNative.onTransact(ContentProviderNative.java:307)
08-28 20:38:01.130  3919  7658 W ExifInterface: 	at android.os.Binder.execTransactInternal(Binder.java:1021)
08-28 20:38:01.130  3919  7658 W ExifInterface: 	at android.os.Binder.execTransact(Binder.java:994)
08-28 20:38:01.133  1832  4600 D NuPlayerDriver: NuPlayerDriver(0xf2634080) created, clientPid(7575)
08-28 20:38:01.136  1832  4600 I Codec2Client: Creating a Codec2 client to service "software"
08-28 20:38:01.139  1832  4600 I Codec2Client: Client to Codec2 service "software" created
08-28 20:38:01.150  1832  7724 D GenericSource: FileSource remote
08-28 20:38:01.153  7575  7588 I droid.deskcloc: NativeAlloc concurrent copying GC freed 32594(2183KB) AllocSpace objects, 10(392KB) LOS objects, 49% free, 5474KB/10MB, paused 1.526ms total 169.462ms
08-28 20:38:01.159  7575  7715 D Ringtone: Successfully created local player
08-28 20:38:01.163  2014  3146 I MediaFocusControl: requestAudioFocus() from uid/pid 10133/7575 clientId=android.media.AudioManager@552d831 callingPack=com.google.android.deskclock req=4 flags=0x0 sdk=28
08-28 20:38:01.178  1832  7723 I GenericSource: start
08-28 20:38:01.178  7575  7715 D AlarmClock: Events: [Preview Ringtone] [Play Succeeded] [Internal]
08-28 20:38:01.187  2014  3146 W UriGrantsManagerService: No permission grants found for com.google.android.deskclock
08-28 20:38:01.209  1832  7728 I OMXClient: IOmx service obtained
08-28 20:38:01.229  1837  1901 I OMXMaster: makeComponentInstance(OMX.google.vorbis.decoder) in android.hardwar process
08-28 20:38:01.270  1837  1901 E OMXNodeInstance: setConfig(0xf3219080:google.vorbis.decoder, ConfigPriority(0x6f800002)) ERROR: Undefined(0x80001001)
08-28 20:38:01.270  1832  7728 I ACodec  : codec does not support config priority (err -2147483648)
08-28 20:38:01.270  1837  1901 E OMXNodeInstance: getConfig(0xf3219080:google.vorbis.decoder, ConfigAndroidVendorExtension(0x6f100004)) ERROR: Undefined(0x80001001)
08-28 20:38:01.272  1832  7728 I MediaCodec: MediaCodec will operate in async mode
08-28 20:38:01.388  1776  1776 W AudioFlinger: createTrack_l(): mismatch between requested flags (00000008) and output flags (00000006)
08-28 20:38:01.388  1776  1776 D AudioFlinger: Client defaulted notificationFrames to 12064 for frameCount 24129
08-28 20:38:01.389  1747  4495 W DnsTlsSocket: SSL_connect error 5, errno=110
08-28 20:38:01.389  1776  1776 D AF::TrackHandle: OpPlayAudio: track:56 usage:4 not muted
08-28 20:38:01.412  1832  7726 D AudioTrack: getTimestamp_l(9): device stall time corrected using current time 172015185300
08-28 20:38:02.109  1776  1941 D AF::Track: interceptBuffer: took 402us to intercept 0 tracks
08-28 20:38:02.445  1776  1941 D AF::Track: interceptBuffer: took 800us to intercept 0 tracks
08-28 20:38:03.879  1776  1941 D AF::Track: interceptBuffer: took 201us to intercept 0 tracks
08-28 20:38:04.695  2014  2051 E memtrack: Couldn't load memtrack module
08-28 20:38:04.695  2014  2051 W android.os.Debug: failed to get memory consumption info: -1
08-28 20:38:04.711  2403  7732 I Vision  : Requesting optional module download of ocr.
08-28 20:38:04.712  2403  7732 I Vision  : Checking for download completion for 185314 -- ocr
08-28 20:38:05.075  7575  7575 I AlarmClock: RingtonePreviewKlaxon.stop()
08-28 20:38:05.075  7575  7575 D AlarmClock: RingtonePlayer: Posting stop
08-28 20:38:05.076  7575  7715 I AlarmClock: RingtonePlayer: Stop ringtone via android.media.Ringtone
08-28 20:38:05.076  7575  7715 D AlarmClock: RingtonePlayer: Ringtone.stop() invoked
08-28 20:38:05.076  7575  7715 D AlarmClock: Events: [Preview Ringtone] [Stop] [Internal]
08-28 20:38:05.077  1832  4600 D NuPlayerDriver: reset(0xf2634080) at state 5
08-28 20:38:05.101  1776  1941 D AF::Track: interceptBuffer: took 205us to intercept 0 tracks
08-28 20:38:05.126  1776  1941 D AF::Track: interceptBuffer: took 277us to intercept 0 tracks
08-28 20:38:05.138  1832  7723 D NuPlayerDriver: notifyResetComplete(0xf2634080)
08-28 20:38:05.139  1832  4600 D NuPlayerDriver: reset(0xf2634080) at state 0
08-28 20:38:05.141  7575  7715 V MediaPlayer: resetDrmState:  mDrmInfo=null mDrmProvisioningThread=null mPrepareDrmInProgress=false mActiveDrmScheme=false
08-28 20:38:05.141  7575  7715 V MediaPlayer: cleanDrmObj: mDrmObj=null mDrmSessionId=null
08-28 20:38:05.141  7575  7715 V MediaPlayer: resetDrmState:  mDrmInfo=null mDrmProvisioningThread=null mPrepareDrmInProgress=false mActiveDrmScheme=false
08-28 20:38:05.141  7575  7715 V MediaPlayer: cleanDrmObj: mDrmObj=null mDrmSessionId=null
08-28 20:38:05.141  7575  7715 D AlarmClock: Events: [Preview Ringtone] [Stop Succeeded] [Internal]
08-28 20:38:05.144  2014  5322 I MediaFocusControl: abandonAudioFocus() from uid/pid 10133/7575 clientId=android.media.AudioManager@552d831
08-28 20:38:05.157  1832  4600 D AudioTrack: stop(9): called with 0 frames delivered
08-28 20:38:05.567  2014  5322 I ActivityManager: Killing 6930:com.google.android.projection.gearhead:shared/u0a121 (adj 985): empty #17
08-28 20:38:05.630  1748  1748 I Zygote  : Process 6930 exited due to signal 9 (Killed)
08-28 20:38:05.659  2014  2054 I libprocessgroup: Successfully killed process cgroup uid 10121 pid 6930 in 91ms
08-28 20:38:06.653  4501  5251 I Dialer  : OmtpVvmCarrierCfgHlpr - OmtpEvent:CONFIG_STATUS_SMS_TIME_OUT
08-28 20:38:06.654  4501  4501 I Dialer  : RetryPolicy - discarding deferred status: configuration_state=4
08-28 20:38:06.654  4501  4501 I Dialer  : VvmTaskExecutor - no more tasks, stopping service if no task are added in 5000 millis
08-28 20:38:06.656  4501  4501 I Dialer  : VvmTaskReceiver - task received
08-28 20:38:06.656  4501  4501 I Dialer  : VvmTaskReceiver - TaskExecutor already running
08-28 20:38:06.656  4501  4501 I Dialer  : Task.createTask - create task:com.android.voicemail.impl.ActivationTask
08-28 20:38:06.657  4501  4501 I Dialer  : RetryPolicy - retry #2 for com.android.voicemail.impl.ActivationTask@e9ad2b5 queued, executing in 5000
08-28 20:38:06.657  4501  4501 I Dialer  : VvmTaskExecutor - com.android.voicemail.impl.ActivationTask@e9ad2b5 added
08-28 20:38:06.657  4501  4501 I Dialer  : VvmTaskExecutor - minimal wait time:5000
08-28 20:38:06.657  4501  4501 I Dialer  : VvmTaskExecutor - sleep for 5000 millis
08-28 20:38:08.235  1754  1896 W audio_hw_generic: Not supplying enough data to HAL, expected position 1934363 , only wrote 1489894
08-28 20:38:08.791  2014  3880 I ActivityTaskManager: START u0 {act=android.intent.action.OPEN_DOCUMENT cat=[android.intent.category.OPENABLE] typ=audio/* flg=0x40 cmp=com.android.documentsui/.picker.PickActivity (has extras)} from uid 10133
08-28 20:38:08.805  1754  5599 W audio_hw_generic: Not supplying enough data to HAL, expected position 1490259 , only wrote 1489894
08-28 20:38:08.806  1776  1941 D AF::Track: interceptBuffer: took 404us to intercept 0 tracks
08-28 20:38:08.810  2014  2047 E system_server: Invalid ID 0x00000000.
08-28 20:38:08.819  7575  7575 I AppLifecycleTracker: onActivityPaused: 
08-28 20:38:08.821  2014  3203 W InputReader: Device has associated, but no associated display id.
08-28 20:38:08.823  2014  3203 I chatty  : uid=1000(system) Binder:2014_F identical 18 lines
