08-25 17:44:43.263  2641  6059 W ConnectionTracker: 	at adkd.a(:com.google.android.gms@202414022@20.24.14 (040700-319035315):0)
08-25 17:44:43.263  2641  6059 W ConnectionTracker: 	at adkk.call(:com.google.android.gms@202414022@20.24.14 (040700-319035315):0)
08-25 17:44:43.263  2641  6059 W ConnectionTracker: 	at java.util.concurrent.FutureTask.run(FutureTask.java:266)
08-25 17:44:43.263  2641  6059 W ConnectionTracker: 	at soy.b(:com.google.android.gms@202414022@20.24.14 (040700-319035315):12)
08-25 17:44:43.263  2641  6059 W ConnectionTracker: 	at soy.run(:com.google.android.gms@202414022@20.24.14 (040700-319035315):7)
08-25 17:44:43.263  2641  6059 W ConnectionTracker: 	at java.util.concurrent.ThreadPoolExecutor.runWorker(ThreadPoolExecutor.java:1167)
08-25 17:44:43.263  2641  6059 W ConnectionTracker: 	at java.util.concurrent.ThreadPoolExecutor$Worker.run(ThreadPoolExecutor.java:641)
08-25 17:44:43.263  2641  6059 W ConnectionTracker: 	at sux.run(:com.google.android.gms@202414022@20.24.14 (040700-319035315):0)
08-25 17:44:43.263  2641  6059 W ConnectionTracker: 	at java.lang.Thread.run(Thread.java:919)
08-25 17:44:43.264  2641  3928 E InstantApps: DomainFilterImpl: Error while reading domain filter from WHAPI
08-25 17:44:43.264  2641  3928 E InstantApps: java.util.concurrent.ExecutionException: adks: Unable to read Finsky Content Filter settings
08-25 17:44:43.264  2641  3928 E InstantApps: 	at java.util.concurrent.FutureTask.report(FutureTask.java:123)
08-25 17:44:43.264  2641  3928 E InstantApps: 	at java.util.concurrent.FutureTask.get(FutureTask.java:193)
08-25 17:44:43.264  2641  3928 E InstantApps: 	at adkm.get(:com.google.android.gms@202414022@20.24.14 (040700-319035315):0)
08-25 17:44:43.264  2641  3928 E InstantApps: 	at adpp.a(:com.google.android.gms@202414022@20.24.14 (040700-319035315):10)
08-25 17:44:43.264  2641  3928 E InstantApps: 	at adpp.b(:com.google.android.gms@202414022@20.24.14 (040700-319035315):10)
08-25 17:44:43.264  2641  3928 E InstantApps: 	at adpi.b(:com.google.android.gms@202414022@20.24.14 (040700-319035315):1)
08-25 17:44:43.264  2641  3928 E InstantApps: 	at com.google.android.gms.instantapps.routing.DomainFilterUpdateChimeraService.a(:com.google.android.gms@202414022@20.24.14 (040700-319035315):28)
08-25 17:44:43.264  2641  3928 E InstantApps: 	at aeme.call(Unknown Source:0)
08-25 17:44:43.264  2641  3928 E InstantApps: 	at java.util.concurrent.FutureTask.run(FutureTask.java:266)
08-25 17:44:43.264  2641  3928 E InstantApps: 	at soy.b(:com.google.android.gms@202414022@20.24.14 (040700-319035315):12)
08-25 17:44:43.264  2641  3928 E InstantApps: 	at soy.run(:com.google.android.gms@202414022@20.24.14 (040700-319035315):7)
08-25 17:44:43.264  2641  3928 E InstantApps: 	at java.util.concurrent.ThreadPoolExecutor.runWorker(ThreadPoolExecutor.java:1167)
08-25 17:44:43.264  2641  3928 E InstantApps: 	at java.util.concurrent.ThreadPoolExecutor$Worker.run(ThreadPoolExecutor.java:641)
08-25 17:44:43.264  2641  3928 E InstantApps: 	at sux.run(:com.google.android.gms@202414022@20.24.14 (040700-319035315):0)
08-25 17:44:43.264  2641  3928 E InstantApps: 	at java.lang.Thread.run(Thread.java:919)
08-25 17:44:43.264  2641  3928 E InstantApps: Caused by: adks: Unable to read Finsky Content Filter settings
08-25 17:44:43.264  2641  3928 E InstantApps: 	at adku.b(:com.google.android.gms@202414022@20.24.14 (040700-319035315):7)
08-25 17:44:43.264  2641  3928 E InstantApps: 	at adkd.a(:com.google.android.gms@202414022@20.24.14 (040700-319035315):0)
08-25 17:44:43.264  2641  3928 E InstantApps: 	at adkk.call(:com.google.android.gms@202414022@20.24.14 (040700-319035315):0)
08-25 17:44:43.264  2641  3928 E InstantApps: 	... 7 more
08-25 17:44:43.264  2641  3928 W InstantApps: DomainFilterUpdateChimeraService: Retry later
08-25 17:44:43.270  2641  6059 I NetworkScheduler.Stats: Task com.google.android.gms/com.google.android.gms.clearcut.uploader.QosUploaderService finished executing. cause:2 result: 1 elapsed_millis: 180 uptime_millis: 180 exec_start_elapsed_seconds: 4925 [CONTEXT service_id=218 ]
08-25 17:44:43.281  2641  6059 I NetworkScheduler.Stats: Task com.google.android.gms/com.google.android.gms.instantapps.routing.DomainFilterUpdateService finished executing. cause:2 result: 3 elapsed_millis: 61 uptime_millis: 61 exec_start_elapsed_seconds: 4925 [CONTEXT service_id=218 ]
08-25 17:44:43.407  2641  6059 I NetworkScheduler.Stats: Task com.google.android.gms/com.google.android.gms.stats.PlatformStatsCollectorService started execution. cause:5 exec_start_elapsed_seconds: 4925 [CONTEXT service_id=218 ]
08-25 17:44:43.446  1745  1745 D Zygote  : Forked child process 6870
08-25 17:44:43.448  2641  6059 I NetworkScheduler.Stats: Task com.google.android.gms/com.google.android.gms.stats.PlatformStatsCollectorService finished executing. cause:5 result: 1 elapsed_millis: 108 uptime_millis: 108 exec_start_elapsed_seconds: 4925 [CONTEXT service_id=218 ]
08-25 17:44:43.453  6870  6870 W ndroid.calenda: Unexpected CPU variant for X86 using defaults: x86
08-25 17:44:43.458  2010  2050 I ActivityManager: Start proc 6870:com.google.android.calendar/u0a144 for service {com.google.android.calendar/com.firebase.jobdispatcher.GooglePlayReceiver}
08-25 17:44:43.491  6870  6870 I ndroid.calenda: The ClassLoaderContext is a special shared library.
08-25 17:44:43.493  6870  6870 I ndroid.calenda: The ClassLoaderContext is a special shared library.
08-25 17:44:43.575  1745  1745 D Zygote  : Forked child process 6905
08-25 17:44:43.577  6905  6905 W viders.calenda: Unexpected CPU variant for X86 using defaults: x86
08-25 17:44:43.583  2010  2050 I ActivityManager: Start proc 6905:com.android.providers.calendar/u0a56 for content provider {com.android.providers.calendar/com.android.providers.calendar.CalendarProvider2}
08-25 17:44:43.643  6870  6870 W Primes  : Primes not initialized, returning default (no-op) Primes instance which will ignore all calls. Please call Primes.initialize(...) before using any Primes API.
08-25 17:44:43.647  6905  6905 I viders.calenda: The ClassLoaderContext is a special shared library.
08-25 17:44:43.678  6905  6905 I CalendarProvider2: Created com.android.providers.calendar.CalendarAlarmManager@37484e9(com.android.providers.calendar.CalendarProvider2@e51c56e)
08-25 17:44:43.695  2641  3928 I NetworkScheduler.Stats: Task com.google.android.calendar/ started execution. cause:5 exec_start_elapsed_seconds: 4925 [CONTEXT service_id=218 ]
08-25 17:44:43.703  6870  6870 W GrowthKit: Failed to initialize SyncGcoreGcmTaskService
08-25 17:44:43.703  6870  6870 W GrowthKit: java.lang.NullPointerException: Unable to get GrowthKit Component from host app.
08-25 17:44:43.703  6870  6870 W GrowthKit: 	at com.google.android.libraries.internal.growth.growthkit.inject.GrowthKit.get(GrowthKit.java:43)
08-25 17:44:43.703  6870  6870 W GrowthKit: 	at com.google.android.libraries.internal.growth.growthkit.internal.jobs.impl.GrowthKitJobService.onCreate(GrowthKitJobService.java:66)
08-25 17:44:43.703  6870  6870 W GrowthKit: 	at android.app.ActivityThread.handleCreateService(ActivityThread.java:3953)
08-25 17:44:43.703  6870  6870 W GrowthKit: 	at android.app.ActivityThread.access$1500(ActivityThread.java:219)
08-25 17:44:43.703  6870  6870 W GrowthKit: 	at android.app.ActivityThread$H.handleMessage(ActivityThread.java:1875)
08-25 17:44:43.703  6870  6870 W GrowthKit: 	at android.os.Handler.dispatchMessage(Handler.java:107)
08-25 17:44:43.703  6870  6870 W GrowthKit: 	at android.os.Looper.loop(Looper.java:214)
08-25 17:44:43.703  6870  6870 W GrowthKit: 	at android.app.ActivityThread.main(ActivityThread.java:7356)
08-25 17:44:43.703  6870  6870 W GrowthKit: 	at java.lang.reflect.Method.invoke(Native Method)
08-25 17:44:43.703  6870  6870 W GrowthKit: 	at com.android.internal.os.RuntimeInit$MethodAndArgsCaller.run(RuntimeInit.java:492)
08-25 17:44:43.703  6870  6870 W GrowthKit: 	at com.android.internal.os.ZygoteInit.main(ZygoteInit.java:930)
08-25 17:44:43.714  2641  6059 I NetworkScheduler.Stats: Task com.google.android.calendar/ finished executing. cause:5 result: 1 elapsed_millis: 284 uptime_millis: 284 exec_start_elapsed_seconds: 4925 [CONTEXT service_id=218 ]
08-25 17:44:43.787  6870  6870 W GrowthKit: Failed to get phenotypeManager in PhenotypeBroadcastReceiver
08-25 17:44:43.787  6870  6870 W GrowthKit: java.lang.NullPointerException: Unable to get GrowthKit Component from host app.
08-25 17:44:43.787  6870  6870 W GrowthKit: 	at com.google.android.libraries.internal.growth.growthkit.inject.GrowthKit.get(GrowthKit.java:43)
08-25 17:44:43.787  6870  6870 W GrowthKit: 	at com.google.android.libraries.internal.growth.growthkit.internal.experiments.impl.PhenotypeBroadcastReceiver.onReceive(PhenotypeBroadcastReceiver.java:25)
08-25 17:44:43.787  6870  6870 W GrowthKit: 	at android.app.ActivityThread.handleReceiver(ActivityThread.java:3788)
08-25 17:44:43.787  6870  6870 W GrowthKit: 	at android.app.ActivityThread.access$1400(ActivityThread.java:219)
08-25 17:44:43.787  6870  6870 W GrowthKit: 	at android.app.ActivityThread$H.handleMessage(ActivityThread.java:1870)
08-25 17:44:43.787  6870  6870 W GrowthKit: 	at android.os.Handler.dispatchMessage(Handler.java:107)
08-25 17:44:43.787  6870  6870 W GrowthKit: 	at android.os.Looper.loop(Looper.java:214)
08-25 17:44:43.787  6870  6870 W GrowthKit: 	at android.app.ActivityThread.main(ActivityThread.java:7356)
08-25 17:44:43.787  6870  6870 W GrowthKit: 	at java.lang.reflect.Method.invoke(Native Method)
08-25 17:44:43.787  6870  6870 W GrowthKit: 	at com.android.internal.os.RuntimeInit$MethodAndArgsCaller.run(RuntimeInit.java:492)
08-25 17:44:43.787  6870  6870 W GrowthKit: 	at com.android.internal.os.ZygoteInit.main(ZygoteInit.java:930)
08-25 17:44:43.789  2010  4237 I ActivityManager: Killing 5440:com.android.dialer/u0a120 (adj 985): empty for 4551s
08-25 17:44:43.833  1745  1745 I Zygote  : Process 5440 exited due to signal 9 (Killed)
08-25 17:44:43.836  2010  2051 I libprocessgroup: Successfully killed process cgroup uid 10120 pid 5440 in 45ms
08-25 17:44:49.375  1921  1921 E netmgr  : Failed to open QEMU pipe 'qemud:network': Invalid argument
08-25 17:44:51.051  1923  1923 E wifi_forwarder: RemoteConnection failed to initialize: RemoteConnection failed to open pipe
08-25 17:45:00.002  5999  5999 I AlarmClock: Periodic: Executing periodic callback for QUARTER_HOUR because the period ended
08-25 17:45:00.003  5999  5999 I AlarmClock: Periodic: Executing periodic callback for MINUTE because the period ended
08-25 17:45:00.008  5999  5999 I chatty  : uid=10131(com.google.android.deskclock) identical 6 lines
08-25 17:45:00.010  5999  5999 I AlarmClock: Periodic: Executing periodic callback for MINUTE because the period ended
08-25 17:45:00.049  2154  2154 D KeyguardClockSwitch: Updating clock: 545
08-25 17:45:12.770  2010  2538 I ActivityManager: Killing 6247:com.android.chrome/u0a127 (adj 995): empty for 4395s
08-25 17:45:12.781  2010  2048 E memtrack: Couldn't load memtrack module
08-25 17:45:12.781  2010  2048 W android.os.Debug: failed to get memory consumption info: -1
08-25 17:45:12.786  2010  2048 E memtrack: Couldn't load memtrack module
08-25 17:45:12.786  2010  2048 W android.os.Debug: failed to get memory consumption info: -1
08-25 17:45:12.790  2010  2048 E memtrack: Couldn't load memtrack module
08-25 17:45:12.790  2010  2048 W android.os.Debug: failed to get memory consumption info: -1
08-25 17:45:12.796  2010  2048 E memtrack: Couldn't load memtrack module
08-25 17:45:12.796  2010  2048 W android.os.Debug: failed to get memory consumption info: -1
08-25 17:45:12.798  2010  2048 E memtrack: Couldn't load memtrack module
08-25 17:45:12.798  2010  2048 W android.os.Debug: failed to get memory consumption info: -1
08-25 17:45:12.802  2010  2048 E memtrack: Couldn't load memtrack module
08-25 17:45:12.802  2010  2048 W android.os.Debug: failed to get memory consumption info: -1
08-25 17:45:12.804  2010  2048 E memtrack: Couldn't load memtrack module
08-25 17:45:12.804  2010  2048 W android.os.Debug: failed to get memory consumption info: -1
08-25 17:45:12.806  2010  2048 E memtrack: Couldn't load memtrack module
08-25 17:45:12.806  2010  2048 W android.os.Debug: failed to get memory consumption info: -1
08-25 17:45:12.810  2010  2048 E memtrack: Couldn't load memtrack module
08-25 17:45:12.810  2010  2048 W android.os.Debug: failed to get memory consumption info: -1
08-25 17:45:12.814  1745  1745 I Zygote  : Process 6247 exited due to signal 9 (Killed)
08-25 17:45:12.815  2010  2135 D ConnectivityService: ConnectivityService NetworkRequestInfo binderDied(NetworkRequest [ TRACK_DEFAULT id=25, [ Capabilities: INTERNET&NOT_RESTRICTED&TRUSTED Uid: 10127] ], android.os.BinderProxy@48f8c14)
08-25 17:45:12.815  2010  4237 D ConnectivityService: ConnectivityService NetworkRequestInfo binderDied(NetworkRequest [ LISTEN id=26, [ Capabilities: INTERNET&NOT_RESTRICTED&TRUSTED&FOREGROUND Uid: 10127] ], android.os.BinderProxy@944ecbd)
08-25 17:45:12.815  2010  2981 D ConnectivityService: ConnectivityService NetworkRequestInfo binderDied(NetworkRequest [ TRACK_DEFAULT id=27, [ Capabilities: INTERNET&NOT_RESTRICTED&TRUSTED Uid: 10127] ], android.os.BinderProxy@9a892b2)
08-25 17:45:12.815  2010  2285 D ConnectivityService: ConnectivityService NetworkRequestInfo binderDied(NetworkRequest [ LISTEN id=28, [ Capabilities: INTERNET&NOT_RESTRICTED&TRUSTED&FOREGROUND Uid: 10127] ], android.os.BinderProxy@124e203)
08-25 17:45:12.815  2010  2123 D ConnectivityService: releasing NetworkRequest [ TRACK_DEFAULT id=25, [ Capabilities: INTERNET&NOT_RESTRICTED&TRUSTED Uid: 10127] ] (release request)
08-25 17:45:12.819  2010  2123 D ConnectivityService: releasing NetworkRequest [ TRACK_DEFAULT id=27, [ Capabilities: INTERNET&NOT_RESTRICTED&TRUSTED Uid: 10127] ] (release request)
08-25 17:45:12.821  2010  2051 I libprocessgroup: Successfully killed process cgroup uid 10127 pid 6247 in 45ms
08-25 17:45:39.777  2010  2048 E memtrack: Couldn't load memtrack module
08-25 17:45:39.777  2010  2048 W android.os.Debug: failed to get memory consumption info: -1
08-25 17:45:39.793  2010  2048 E memtrack: Couldn't load memtrack module
08-25 17:45:39.793  2010  2048 W android.os.Debug: failed to get memory consumption info: -1
08-25 17:45:49.385  1921  1921 E netmgr  : Failed to open QEMU pipe 'qemud:network': Invalid argument
08-25 17:45:51.101  1923  1923 E wifi_forwarder: RemoteConnection failed to initialize: RemoteConnection failed to open pipe
08-25 17:45:59.784  2010  2048 E memtrack: Couldn't load memtrack module
08-25 17:45:59.784  2010  2048 W android.os.Debug: failed to get memory consumption info: -1
08-25 17:45:59.794  2010  2048 E memtrack: Couldn't load memtrack module
08-25 17:45:59.795  2010  2048 W android.os.Debug: failed to get memory consumption info: -1
08-25 17:45:59.805  2010  2048 E memtrack: Couldn't load memtrack module
08-25 17:45:59.805  2010  2048 W android.os.Debug: failed to get memory consumption info: -1
08-25 17:46:00.001  5999  5999 I AlarmClock: Periodic: Executing periodic callback for MINUTE because the period ended
08-25 17:46:00.005  5999  5999 I chatty  : uid=10131(com.google.android.deskclock) identical 6 lines
08-25 17:46:00.005  5999  5999 I AlarmClock: Periodic: Executing periodic callback for MINUTE because the period ended
08-25 17:46:00.013  2154  2154 D KeyguardClockSwitch: Updating clock: 546
08-25 17:46:09.781  2010  2048 E memtrack: Couldn't load memtrack module
08-25 17:46:09.781  2010  2048 W android.os.Debug: failed to get memory consumption info: -1
08-25 17:46:49.403  1921  1921 E netmgr  : Failed to open QEMU pipe 'qemud:network': Invalid argument
08-25 17:46:51.151  1923  1923 E wifi_forwarder: RemoteConnection failed to initialize: RemoteConnection failed to open pipe
08-25 17:47:00.001  5999  5999 I AlarmClock: Periodic: Executing periodic callback for MINUTE because the period ended
08-25 17:47:00.006  5999  5999 I chatty  : uid=10131(com.google.android.deskclock) identical 6 lines
08-25 17:47:00.007  5999  5999 I AlarmClock: Periodic: Executing periodic callback for MINUTE because the period ended
08-25 17:47:00.042  2154  2154 D KeyguardClockSwitch: Updating clock: 547
08-25 17:47:43.665  2010  2974 D WificondControl: Scan result ready event
08-25 17:47:49.465  1921  1921 E netmgr  : Failed to open QEMU pipe 'qemud:network': Invalid argument
08-25 17:47:51.179  1923  1923 E wifi_forwarder: RemoteConnection failed to initialize: RemoteConnection failed to open pipe
08-25 17:47:55.289  2010  2048 E memtrack: Couldn't load memtrack module
08-25 17:47:55.289  2010  2048 W android.os.Debug: failed to get memory consumption info: -1
08-25 17:48:00.002  5999  5999 I AlarmClock: Periodic: Executing periodic callback for MINUTE because the period ended
08-25 17:48:00.006  5999  5999 I chatty  : uid=10131(com.google.android.deskclock) identical 6 lines
08-25 17:48:00.007  5999  5999 I AlarmClock: Periodic: Executing periodic callback for MINUTE because the period ended
08-25 17:48:00.047  2154  2154 D KeyguardClockSwitch: Updating clock: 548
08-25 17:48:01.877  2641  6962 E memtrack: Couldn't load memtrack module
08-25 17:48:01.877  2641  6962 W android.os.Debug: failed to get memory consumption info: -1
08-25 17:48:04.138  2010  2980 E memtrack: Couldn't load memtrack module
08-25 17:48:04.138  2010  2980 W android.os.Debug: failed to get memory consumption info: -1
08-25 17:48:09.697  2866  6963 E memtrack: Couldn't load memtrack module
08-25 17:48:09.698  2866  6963 W android.os.Debug: failed to get memory consumption info: -1
08-25 17:48:49.468  1921  1921 E netmgr  : Failed to open QEMU pipe 'qemud:network': Invalid argument
08-25 17:48:51.218  1923  1923 E wifi_forwarder: RemoteConnection failed to initialize: RemoteConnection failed to open pipe
08-25 17:49:00.002  5999  5999 I AlarmClock: Periodic: Executing periodic callback for MINUTE because the period ended
08-25 17:49:00.006  5999  5999 I chatty  : uid=10131(com.google.android.deskclock) identical 6 lines
08-25 17:49:00.007  5999  5999 I AlarmClock: Periodic: Executing periodic callback for MINUTE because the period ended
08-25 17:49:00.036  2154  2154 D KeyguardClockSwitch: Updating clock: 549
08-25 17:49:49.476  1921  1921 E netmgr  : Failed to open QEMU pipe 'qemud:network': Invalid argument
08-25 17:49:51.261  1923  1923 E wifi_forwarder: RemoteConnection failed to initialize: RemoteConnection failed to open pipe
08-25 17:50:00.002  5999  5999 I AlarmClock: Periodic: Executing periodic callback for MINUTE because the period ended
08-25 17:50:00.006  5999  5999 I chatty  : uid=10131(com.google.android.deskclock) identical 6 lines
08-25 17:50:00.007  5999  5999 I AlarmClock: Periodic: Executing periodic callback for MINUTE because the period ended
08-25 17:50:00.044  2154  2154 D KeyguardClockSwitch: Updating clock: 550
08-25 17:50:44.245  2010  2980 D WificondControl: Scan result ready event
08-25 17:50:49.484  1921  1921 E netmgr  : Failed to open QEMU pipe 'qemud:network': Invalid argument
08-25 17:50:51.301  1923  1923 E wifi_forwarder: RemoteConnection failed to initialize: RemoteConnection failed to open pipe
08-25 17:50:52.806  2010  2048 E memtrack: Couldn't load memtrack module
08-25 17:50:52.806  2010  2048 W android.os.Debug: failed to get memory consumption info: -1
08-25 17:50:52.813  2010  2048 E memtrack: Couldn't load memtrack module
08-25 17:50:52.813  2010  2048 W android.os.Debug: failed to get memory consumption info: -1
08-25 17:51:00.001  5999  5999 I AlarmClock: Periodic: Executing periodic callback for MINUTE because the period ended
08-25 17:51:00.006  5999  5999 I chatty  : uid=10131(com.google.android.deskclock) identical 6 lines
08-25 17:51:00.008  5999  5999 I AlarmClock: Periodic: Executing periodic callback for MINUTE because the period ended
08-25 17:51:00.048  2154  2154 D KeyguardClockSwitch: Updating clock: 551
08-25 17:51:49.546  1921  1921 E netmgr  : Failed to open QEMU pipe 'qemud:network': Invalid argument
08-25 17:51:51.352  1923  1923 E wifi_forwarder: RemoteConnection failed to initialize: RemoteConnection failed to open pipe
08-25 17:52:00.002  5999  5999 I AlarmClock: Periodic: Executing periodic callback for MINUTE because the period ended
08-25 17:52:00.007  5999  5999 I chatty  : uid=10131(com.google.android.deskclock) identical 6 lines
08-25 17:52:00.008  5999  5999 I AlarmClock: Periodic: Executing periodic callback for MINUTE because the period ended
08-25 17:52:00.025  2154  2154 D KeyguardClockSwitch: Updating clock: 552
08-25 17:52:38.097  2010  2054 E BluetoothAdapter: Bluetooth binder is null
08-25 17:52:38.152  1744  2208 I netd    : trafficSwapActiveStatsMap() <47.60ms>
08-25 17:52:38.157  1744  2208 I netd    : tetherGetStats() <1.31ms>
08-25 17:52:49.607  1921  1921 E netmgr  : Failed to open QEMU pipe 'qemud:network': Invalid argument
08-25 17:52:51.407  1923  1923 E wifi_forwarder: RemoteConnection failed to initialize: RemoteConnection failed to open pipe
08-25 17:53:00.001  5999  5999 I AlarmClock: Periodic: Executing periodic callback for MINUTE because the period ended
08-25 17:53:00.010  5999  5999 I chatty  : uid=10131(com.google.android.deskclock) identical 6 lines
08-25 17:53:00.011  5999  5999 I AlarmClock: Periodic: Executing periodic callback for MINUTE because the period ended
08-25 17:53:00.038  2154  2154 D KeyguardClockSwitch: Updating clock: 553
08-25 17:53:01.911  2641  6969 E memtrack: Couldn't load memtrack module
08-25 17:53:01.911  2641  6969 W android.os.Debug: failed to get memory consumption info: -1
08-25 17:53:04.265  2010  2980 E memtrack: Couldn't load memtrack module
08-25 17:53:04.265  2010  2980 W android.os.Debug: failed to get memory consumption info: -1
08-25 17:53:08.819  2010  2048 E memtrack: Couldn't load memtrack module
08-25 17:53:08.819  2010  2048 W android.os.Debug: failed to get memory consumption info: -1
08-25 17:53:09.734  2866  6970 E memtrack: Couldn't load memtrack module
08-25 17:53:09.734  2866  6970 W android.os.Debug: failed to get memory consumption info: -1
08-25 17:53:40.923  1744  2208 I netd    : trafficSwapActiveStatsMap() <47.41ms>
08-25 17:53:40.927  1744  2208 I netd    : tetherGetStats() <1.65ms>
08-25 17:53:40.980  1744  2208 I netd    : bandwidthSetGlobalAlert(2097152) <0.16ms>
08-25 17:53:44.845  2010  2974 D WificondControl: Scan result ready event
08-25 17:53:49.614  1921  1921 E netmgr  : Failed to open QEMU pipe 'qemud:network': Invalid argument
08-25 17:53:51.450  1923  1923 E wifi_forwarder: RemoteConnection failed to initialize: RemoteConnection failed to open pipe
08-25 17:54:00.002  5999  5999 I AlarmClock: Periodic: Executing periodic callback for MINUTE because the period ended
08-25 17:54:00.012  5999  5999 I chatty  : uid=10131(com.google.android.deskclock) identical 6 lines
08-25 17:54:00.013  5999  5999 I AlarmClock: Periodic: Executing periodic callback for MINUTE because the period ended
08-25 17:54:00.048  2154  2154 D KeyguardClockSwitch: Updating clock: 554
08-25 17:54:49.673  1921  1921 E netmgr  : Failed to open QEMU pipe 'qemud:network': Invalid argument
08-25 17:54:51.498  1923  1923 E wifi_forwarder: RemoteConnection failed to initialize: RemoteConnection failed to open pipe
08-25 17:54:57.855  2154  2167 I ndroid.systemu: Background young concurrent copying GC freed 185140(4229KB) AllocSpace objects, 0(0B) LOS objects, 34% free, 8306KB/12MB, paused 5.252ms total 36.951ms
08-25 17:55:00.001  5999  5999 I AlarmClock: Periodic: Executing periodic callback for MINUTE because the period ended
08-25 17:55:00.007  5999  5999 I chatty  : uid=10131(com.google.android.deskclock) identical 6 lines
08-25 17:55:00.007  5999  5999 I AlarmClock: Periodic: Executing periodic callback for MINUTE because the period ended
08-25 17:55:00.040  2154  2154 D KeyguardClockSwitch: Updating clock: 555
08-25 17:55:06.824  2010  2048 E memtrack: Couldn't load memtrack module
08-25 17:55:06.824  2010  2048 W android.os.Debug: failed to get memory consumption info: -1
08-25 17:55:06.831  2010  2048 E memtrack: Couldn't load memtrack module
08-25 17:55:06.832  2010  2048 W android.os.Debug: failed to get memory consumption info: -1
