08-24 10:06:07.443  2286 16955 D DhcpClient: Received packet: 02:15:b2:00:00:00 ACK: your new IP /10.0.2.16, netmask /255.255.255.0, gateways [/10.0.2.2] DNS servers: /10.0.2.3 , lease time 86400
08-24 10:06:07.444  2286 16952 D DhcpClient: Confirmed lease: android.net.networkstack.DhcpResults@c8cd2f9 DHCP server /10.0.2.2 Vendor info null lease 86400 seconds Servername 
08-24 10:06:07.463  2012  2150 E SupplicantStaIfaceHal: ISupplicantStaIface.setPowerSave failed: {.code = FAILURE_UNKNOWN, .debugMessage = }
08-24 10:06:07.467  1744  1744 W ServiceManager: Permission failure: android.permission.NETWORK_STACK from uid=1073 pid=2286
08-24 10:06:07.482  1744  1954 E Netd    : no such netId 103
08-24 10:06:07.482  1744  1954 I netd    : networkAddRoute(103, "wlan0", "10.0.2.0/24", "") -> ServiceSpecificException(64, "Machine is not on the network") <0.18ms>
08-24 10:06:07.486  2012  2153 E ConnectivityService: Exception in addRoute for non-gateway: java.lang.IllegalStateException: android.os.ServiceSpecificException: Machine is not on the network (code 64)
08-24 10:06:07.488  1744  1948 E Netd    : no such netId 103
08-24 10:06:07.488  1744  1744 I netd    : interfaceSetCfg() <21.72ms>
08-24 10:06:07.488  1744  1948 I netd    : networkAddRoute(103, "wlan0", "0.0.0.0/0", "10.0.2.2") -> ServiceSpecificException(64, "Machine is not on the network") <0.07ms>
08-24 10:06:07.489  2012  2153 E ConnectivityService: Exception in addRoute for gateway: java.lang.IllegalStateException: android.os.ServiceSpecificException: Machine is not on the network (code 64)
08-24 10:06:07.498  2689  2689 I GeofencerStateMachine: sendWifiConnectivityChanged: connectivity=true
08-24 10:06:07.521  1744  1954 I netd    : trafficSwapActiveStatsMap() <30.47ms>
08-24 10:06:07.525  1744  1954 I netd    : tetherGetStats() <1.87ms>
08-24 10:06:07.529  2286 16952 D DhcpClient: Scheduling renewal in 43199s
08-24 10:06:07.530  2286 16952 D DhcpClient: Scheduling rebind in 75599s
08-24 10:06:07.530  2286 16952 D DhcpClient: Scheduling expiry in 86399s
08-24 10:06:07.536  2186  2186 W View    : requestLayout() improperly called by com.android.keyguard.AlphaOptimizedLinearLayout{7c09400 V.E...... ......ID 9,0-62,77 #7f0a041c app:id/wifi_group} during layout: running second layout pass
08-24 10:06:07.537  2186  2186 W View    : requestLayout() improperly called by com.android.keyguard.AlphaOptimizedLinearLayout{2173439 V.E...... ......ID 9,0-62,77 #7f0a041c app:id/wifi_group} during layout: running second layout pass
08-24 10:06:07.537  2186  2186 W View    : requestLayout() improperly called by com.android.keyguard.AlphaOptimizedLinearLayout{2e0ca7e V.E...... ......ID 9,0-62,77 #7f0a041c app:id/wifi_group} during layout: running second layout pass
08-24 10:06:07.550  2186  2595 D EGL_emulation: eglMakeCurrent: 0x9e735ec0: ver 2 0 (tinfo 0x7d718de0)
08-24 10:06:07.555  2012  2153 D ConnectivityService: Setting DNS servers for network 103 to [/10.0.2.3]
08-24 10:06:07.555  2012  2153 D DnsManager: setDnsConfigurationForNetwork(103, [10.0.2.3], [], 1800, 25, 8, 64, 0, 0, , [])
08-24 10:06:07.556  1744  1954 I netd    : DnsResolverService::setResolverConfiguration(103, [10.0.2.3], [], 1800, 25, 8, 64, 0, 0, [], []) -> (-64) (0.06ms)
08-24 10:06:07.556  1744  1954 I netd    : setResolverConfiguration() -> ServiceSpecificException(64, "Machine is not on the network") <0.25ms>
08-24 10:06:07.556  2012  2153 E DnsManager: Error setting DNS configuration: android.os.ServiceSpecificException: Machine is not on the network (code 64)
08-24 10:06:07.565 16890 16890 D WifiSettings: onAccessPointsChanged (WifiTracker) callback initiated
08-24 10:06:07.608 16890 16890 I chatty  : uid=1000(system) com.android.settings identical 5 lines
08-24 10:06:07.616 16890 16890 D WifiSettings: onAccessPointsChanged (WifiTracker) callback initiated
08-24 10:06:07.632  1744  1954 I netd    : trafficSwapActiveStatsMap() <69.81ms>
08-24 10:06:07.633  1744  1954 I netd    : tetherGetStats() <0.63ms>
08-24 10:06:07.642  2012  2153 D ConnectivityService: NetworkAgentInfo [WIFI () - 103] EVENT_NETWORK_INFO_CHANGED, going from CONNECTING to CONNECTED
08-24 10:06:07.643  1744  1954 D TcpSocketMonitor: resuming tcpinfo polling (interval=30000ms)
08-24 10:06:07.643  1744  1954 I netd    : networkCreatePhysical(103, 0) <0.04ms>
08-24 10:06:07.643  1744  1954 I netd    : createNetworkCache(103) <0.06ms>
08-24 10:06:07.645  2012  2153 W DnsManager: updatePrivateDns(103, PrivateDnsConfig{true:/[]})
08-24 10:06:07.645  2012  2153 D ConnectivityService: Setting DNS servers for network 103 to [/10.0.2.3]
08-24 10:06:07.645  2012  2153 D DnsManager: setDnsConfigurationForNetwork(103, [10.0.2.3], [], 1800, 25, 8, 64, 0, 0, , [10.0.2.3])
08-24 10:06:07.648  1744  1954 I netd    : DnsResolverService::setResolverConfiguration(103, [10.0.2.3], [], 1800, 25, 8, 64, 0, 0, [10.0.2.3], []) -> (0) (2ms)
08-24 10:06:07.648  1744  1954 I netd    : setResolverConfiguration() <2.02ms>
08-24 10:06:07.651  2012  2153 D ConnectivityService: Adding iface wlan0 to network 103
08-24 10:06:07.656  1744  1954 I netd    : networkAddInterface(103, "wlan0") <3.10ms>
08-24 10:06:07.657  1744  1954 I netd    : networkAddRoute(103, "wlan0", "fe80::/64", "") <0.33ms>
08-24 10:06:07.658  1744  1954 I netd    : networkAddRoute(103, "wlan0", "10.0.2.0/24", "") <0.25ms>
08-24 10:06:07.659  1744  1954 I netd    : networkAddRoute(103, "wlan0", "0.0.0.0/0", "10.0.2.2") <0.09ms>
08-24 10:06:07.660  2012  2153 D ConnectivityService: Setting DNS servers for network 103 to [/10.0.2.3]
08-24 10:06:07.660  2012  2153 D DnsManager: setDnsConfigurationForNetwork(103, [10.0.2.3], [], 1800, 25, 8, 64, 0, 0, , [10.0.2.3])
08-24 10:06:07.660  1744  1954 I netd    : DnsResolverService::setResolverConfiguration(103, [10.0.2.3], [], 1800, 25, 8, 64, 0, 0, [10.0.2.3], []) -> (0) (0.3ms)
08-24 10:06:07.660  1744  1954 I netd    : setResolverConfiguration() <0.36ms>
08-24 10:06:07.712  1744  1954 I netd    : trafficSwapActiveStatsMap() <49.57ms>
08-24 10:06:07.714  1744  1954 I netd    : tetherGetStats() <1.25ms>
08-24 10:06:07.724  2012  2150 D WifiNetworkAgent: NetworkAgent: Received signal strength thresholds: []
08-24 10:06:07.729  1744  1954 I netd    : bandwidthRemoveInterfaceQuota("radio0") <1.06ms>
08-24 10:06:07.732  1744  1954 I netd    : bandwidthSetInterfaceQuota("radio0", 9223372036854775807) <1.95ms>
08-24 10:06:07.739  2012  2150 E WifiVendorHal: stopRssiMonitoring(l.2042) failed {.code = ERROR_NOT_AVAILABLE, .description = }
08-24 10:06:07.747  1744  1954 I netd    : bandwidthSetGlobalAlert(2097152) <0.12ms>
08-24 10:06:07.766 16890 16890 D WifiSettings: onAccessPointsChanged (WifiTracker) callback initiated
08-24 10:06:07.782  2286 16960 D NetworkMonitor/103: PROBE_DNS www.google.com 53ms OK 142.250.76.164
08-24 10:06:07.787  1744 16964 E ResolverController: No valid NAT64 prefix (103, <unspecified>/0)
08-24 10:06:07.848  2286 16961 D NetworkMonitor/103: PROBE_DNS connectivitycheck.gstatic.com 118ms OK 142.250.183.35
08-24 10:06:07.868  1744 16966 E ResolverController: No valid NAT64 prefix (103, <unspecified>/0)
08-24 10:06:07.954  2286 16961 D NetworkMonitor/103: PROBE_HTTP http://connectivitycheck.gstatic.com/generate_204 time=101ms ret=204 request={Connection=[close], User-Agent=[Mozilla/5.0 (X11; Linux x86_64) AppleWebKit/537.36 (KHTML, like Gecko) Chrome/60.0.3112.32 Safari/537.36]} headers={null=[HTTP/1.1 204 No Content], Connection=[close], Content-Length=[0], Cross-Origin-Resource-Policy=[cross-origin], Date=[Wed, 24 Aug 2022 04:36:08 GMT], X-Android-Received-Millis=[1661315767953], X-Android-Response-Source=[NETWORK 204], X-Android-Selected-Protocol=[http/1.1], X-Android-Sent-Millis=[1661315767910]}
08-24 10:06:07.958  2286 16960 D NetworkMonitor/103: PROBE_HTTPS https://www.google.com/generate_204 time=173ms ret=204 request={Connection=[close], User-Agent=[Mozilla/5.0 (X11; Linux x86_64) AppleWebKit/537.36 (KHTML, like Gecko) Chrome/60.0.3112.32 Safari/537.36]} headers={null=[HTTP/1.1 204 No Content], Alt-Svc=[h3=":443"; ma=2592000,h3-29=":443"; ma=2592000,h3-Q050=":443"; ma=2592000,h3-Q046=":443"; ma=2592000,h3-Q043=":443"; ma=2592000,quic=":443"; ma=2592000; v="46,43"], Connection=[close], Content-Length=[0], Cross-Origin-Resource-Policy=[cross-origin], Date=[Wed, 24 Aug 2022 04:36:08 GMT], X-Android-Received-Millis=[1661315767956], X-Android-Response-Source=[NETWORK 204], X-Android-Selected-Protocol=[http/1.1], X-Android-Sent-Millis=[1661315767927]}
08-24 10:06:07.961  2286 16959 D NetworkMonitor/103: isCaptivePortal: isSuccessful()=true isPortal()=false RedirectUrl=null isPartialConnectivity()=false Time=234ms
08-24 10:06:07.961  2012  2050 W BroadcastQueue: Background execution not allowed: receiving Intent { act=android.net.conn.NETWORK_CONDITIONS_MEASURED flg=0x10 (has extras) } to com.google.android.gms/.chimera.GmsIntentOperationService$PersistentTrustedReceiver
08-24 10:06:07.966  2012  2153 D ConnectivityService: NetworkAgentInfo [WIFI () - 103] validation passed
08-24 10:06:07.977  1744  1954 I netd    : idletimerAddInterface("wlan0", 15, "1") <1.19ms>
08-24 10:06:07.981  1744  1954 I netd    : idletimerRemoveInterface("radio0", 10, "0") <1.71ms>
08-24 10:06:07.982  2012  2153 D ConnectivityService: Switching to new default network: NetworkAgentInfo{ ni{[type: WIFI[], state: CONNECTED/CONNECTED, reason: (unspecified), extra: (none), failover: false, available: true, roaming: false]}  network{103}  nethandle{445787328525}  lp{{InterfaceName: wlan0 LinkAddresses: [ fe80::15:b2ff:fe00:0/64,10.0.2.16/24 ] DnsAddresses: [ /10.0.2.3 ] Domains: null MTU: 0 TcpBufferSizes: 524288,1048576,2097152,262144,524288,1048576 Routes: [ fe80::/64 -> :: wlan0,10.0.2.0/24 -> 0.0.0.0 wlan0,0.0.0.0/0 -> 10.0.2.2 wlan0 ]}}  nc{[ Transports: WIFI Capabilities: NOT_METERED&INTERNET&NOT_RESTRICTED&TRUSTED&NOT_VPN&VALIDATED&NOT_ROAMING&FOREGROUND&NOT_CONGESTED&NOT_SUSPENDED LinkUpBandwidth>=1048576Kbps LinkDnBandwidth>=1048576Kbps Specifier: <WifiNetworkAgentSpecifier [WifiConfiguration=, SSID="AndroidWifi", BSSID=02:15:b2:00:01:00, mOriginalRequestorUid=-1, mOriginalRequestorPackageName=]> SignalStrength: -30 SSID: "AndroidWifi"]}  Score{60}  everValidated{true}  lastValidated{true}  created{true} lingering{false} explicitlySelected{false} acceptUnvalidated{false} everCaptivePortalDetected{false} lastCaptivePortalDetected{false} captivePortalValidationPending{false} partialConnectivity{false} acceptPartialConnectivity{false} clat{mBaseIface: null, mIface: null, mState: IDLE} }
08-24 10:06:07.982  1744  1954 I netd    : networkSetDefault(103) <0.15ms>
08-24 10:06:08.032  1744  1954 I netd    : trafficSwapActiveStatsMap() <46.38ms>
08-24 10:06:08.037  1744  1954 I netd    : tetherGetStats() <3.39ms>
08-24 10:06:08.049  2012  2315 D NetworkTimeUpdateService: New default network 103; checking time.
08-24 10:06:08.050  2012  2041 I GnssNetworkConnectivityHandler: updateNetworkState, state=CLOSED, connected=true, network=103, capabilities=[ Transports: WIFI Capabilities: NOT_METERED&INTERNET&NOT_RESTRICTED&TRUSTED&NOT_VPN&VALIDATED&NOT_ROAMING&FOREGROUND&NOT_CONGESTED&NOT_SUSPENDED LinkUpBandwidth>=1048576Kbps LinkDnBandwidth>=1048576Kbps SignalStrength: -30 SSID: "AndroidWifi"], apn: null, availableNetworkCount: 2
08-24 10:06:08.073  4218  4305 I CarrierServices: [231] buo.a: FiST: Wifi connectivity status true
08-24 10:06:08.077  4218  4305 I CarrierServices: [231] but.d: Connected state: [1], networkType: [WIFI]
08-24 10:06:08.092  1744 16956 I netd    : trafficSwapActiveStatsMap() <56.21ms>
08-24 10:06:08.092  4218  4468 I CarrierServices: [263] bbd.handleMessage: RCS is disabled, skipping config update request
08-24 10:06:08.096  1744 16956 I netd    : tetherGetStats() <1.16ms>
08-24 10:06:08.115  2012  2153 D ConnectivityService: Lingering NetworkAgentInfo [MOBILE (LTE) - 102] for 30000ms
08-24 10:06:08.127  2012  2153 D ConnectivityService: Sending DISCONNECTED broadcast for type 0 NetworkAgentInfo [MOBILE (LTE) - 102] isDefaultNetwork=true
08-24 10:06:08.128  2012  2153 D ConnectivityService: Sending CONNECTED broadcast for type 1 NetworkAgentInfo [WIFI () - 103] isDefaultNetwork=true
08-24 10:06:08.148  4218  4305 I CarrierServices: [231] buo.a: FiST: Wifi connectivity status true
08-24 10:06:08.149  4218  4468 I CarrierServices: [263] bbd.handleMessage: RCS is disabled, skipping config update request
08-24 10:06:08.173  1744 16956 I netd    : bandwidthRemoveInterfaceQuota("radio0") <4.15ms>
08-24 10:06:08.179  2012  2153 D ConnectivityService: Setting DNS servers for network 103 to [/10.0.2.3]
08-24 10:06:08.180  2012  2153 D DnsManager: setDnsConfigurationForNetwork(103, [10.0.2.3], [], 1800, 25, 8, 64, 0, 0, , [10.0.2.3])
08-24 10:06:08.180  1744 16956 I netd    : DnsResolverService::setResolverConfiguration(103, [10.0.2.3], [], 1800, 25, 8, 64, 0, 0, [10.0.2.3], []) -> (0) (0.2ms)
08-24 10:06:08.181  1744 16956 I netd    : setResolverConfiguration() <0.39ms>
08-24 10:06:08.181  1744  1954 I netd    : bandwidthSetInterfaceQuota("radio0", 9223372036854775807) <0.64ms>
08-24 10:06:08.184  1744  1954 I netd    : networkAddRoute(103, "wlan0", "fec0::/64", "") <0.11ms>
08-24 10:06:08.185  1744  1954 E Netd    : Error adding route ::/0 -> fe80::2 wlan0 to table 1003: File exists
08-24 10:06:08.185  1744  1954 I netd    : networkAddRoute(103, "wlan0", "::/0", "fe80::2") <0.43ms>
08-24 10:06:08.188  1744  1954 I netd    : bandwidthSetGlobalAlert(2097152) <0.20ms>
08-24 10:06:08.193  4218  4305 I CarrierServices: [231] but.d: Connected state: [1], networkType: [WIFI]
08-24 10:06:08.211  4218  4305 I CarrierServices: [231] buo.a: FiST: Wifi connectivity status true
08-24 10:06:08.212  4218  4468 I CarrierServices: [263] bbd.handleMessage: RCS is disabled, skipping config update request
08-24 10:06:08.213  4218  4305 I CarrierServices: [231] but.d: Connected state: [1], networkType: [WIFI]
08-24 10:06:08.223  4218  4238 W gle.android.im: Reducing the number of considered missed Gc histogram windows from 286 to 100
08-24 10:06:08.232  1744  1954 I netd    : trafficSwapActiveStatsMap() <41.39ms>
08-24 10:06:08.235  1744  1954 I netd    : tetherGetStats() <1.41ms>
08-24 10:06:08.252 16890 16890 D WifiSettings: onAccessPointsChanged (WifiTracker) callback initiated
08-24 10:06:08.278  2689 16970 I NetworkManagementSocketTagger: tagSocketFd(-1, 536871943, -1) failed with errno-9
08-24 10:06:08.280 16890 16890 D WifiSettings: onAccessPointsChanged (WifiTracker) callback initiated
08-24 10:06:08.293  1744  1954 I netd    : bandwidthRemoveInterfaceQuota("radio0") <1.90ms>
08-24 10:06:08.295  1744  1954 I netd    : bandwidthSetInterfaceQuota("radio0", 9223372036854775807) <0.76ms>
08-24 10:06:08.300  1744  1954 I netd    : bandwidthSetGlobalAlert(2097152) <0.14ms>
08-24 10:06:08.308  3310 16544 W GmsLocationProvider: Error removing location updates: 16
08-24 10:06:08.350 16890 16890 D WifiSettings: onAccessPointsChanged (WifiTracker) callback initiated
08-24 10:06:08.359  2012  2025 I system_server: Background young concurrent copying GC freed 66639(3661KB) AllocSpace objects, 38(2268KB) LOS objects, 22% free, 17MB/22MB, paused 1.371ms total 171.329ms
08-24 10:06:08.406  2689 16970 E WakeLock: GCM_HB_ALARM release without a matched acquire!
08-24 10:06:08.406  2689 16970 W WakeLock: GCM_HB_ALARM counter does not exist
08-24 10:06:08.411  1744  1954 I netd    : trafficSwapActiveStatsMap() <52.99ms>
08-24 10:06:08.414  1744  1954 I netd    : tetherGetStats() <1.41ms>
08-24 10:06:08.481  2689 16972 W WakeLock: GCM_CONN_ALARM counter does not exist
08-24 10:06:08.627  2012  2150 W AlarmManager: Unrecognized alarm listener com.android.server.wifi.WifiConfigStore$2@4a3e069
08-24 10:06:08.635  2012  2152 E WificondScannerImpl: Timed out waiting for scan result from wificond
08-24 10:06:08.693  1836 16976 D DropBoxManager: About to call service->add()
08-24 10:06:08.694  2012  5036 I DropBoxManagerService: add tag=keymaster isTagEnabled=true flags=0x0
08-24 10:06:08.699  1836 16976 D DropBoxManager: service->add returned No error
08-24 10:06:08.749  2012  2150 D WifiConfigStore: Writing to stores completed in 122 ms.
08-24 10:06:10.225  2012  2252 I ActivityTaskManager: START u0 {act=android.intent.action.MAIN cmp=com.android.settings/.SubSettings (has extras)} from uid 1000
08-24 10:06:10.230  1751  5094 W audio_hw_generic: Not supplying enough data to HAL, expected position 23781477 , only wrote 23781458
08-24 10:06:10.280  2012  5036 W InputReader: Device has associated, but no associated display id.
08-24 10:06:10.293  2012  5036 I chatty  : uid=1000(system) Binder:2012_15 identical 48 lines
08-24 10:06:10.293  2012  5036 W InputReader: Device has associated, but no associated display id.
08-24 10:06:10.297  2012  2049 E memtrack: Couldn't load memtrack module
08-24 10:06:10.298  2012  2049 W android.os.Debug: failed to get memory consumption info: -1
08-24 10:06:10.298 16890 16890 W ActivityThread: handleWindowVisibility: no activity for token android.os.BinderProxy@2e7abf8
08-24 10:06:10.303  2012  2049 E memtrack: Couldn't load memtrack module
08-24 10:06:10.303  2012  2049 W android.os.Debug: failed to get memory consumption info: -1
08-24 10:06:10.331 16890 16890 D SettingsActivity: Starting onCreate
08-24 10:06:10.354 16890 16890 D SettingsActivity: Starting to set activity title
08-24 10:06:10.354 16890 16890 D SettingsActivity: Done setting title
08-24 10:06:10.354 16890 16890 D SettingsActivity: Switching to fragment com.android.settings.wifi.details.WifiNetworkDetailsFragment
08-24 10:06:10.354 16890 16890 D SubSettings: Launching fragment com.android.settings.wifi.details.WifiNetworkDetailsFragment
08-24 10:06:10.396 16890 16890 E PreferenceGroup: PreferenceScreen should have a key defined if it contains an expandable preference
08-24 10:06:10.423 16890 16890 W InstrumentedPrefFrag: Screen title missing for fragment com.android.settings.wifi.details.WifiNetworkDetailsFragment
08-24 10:06:10.456 16890 16890 W AbstractPrefController: Skipping displayPreference because key is empty:com.android.settings.wifi.details.WifiDetailPreferenceController
08-24 10:06:10.465 16890 16890 D WifiNetworkDetailsFrg: NO dashboard tiles for WifiNetworkDetailsFrg
08-24 10:06:10.465 16890 16890 D WifiNetworkDetailsFrg: All preferences added, reporting fully drawn
08-24 10:06:10.466  2012  2049 I ActivityTaskManager: Fully drawn com.android.settings/.SubSettings: +241ms
08-24 10:06:10.468 16890 16890 D SettingsActivity: Executed frag manager pendingTransactions
08-24 10:06:10.533 16890 16929 W TileUtils: Found com.android.settings.Settings$DataUsageSummaryActivity for intent Intent { act=com.android.settings.action.SETTINGS pkg=com.android.settings } missing metadata com.android.settings.category
08-24 10:06:10.543 16890 16890 D WifiDetailsPrefCtrl: Update UI!
08-24 10:06:10.593 16890 16985 D SettingsActivity: No enabled state changed, skipping updateCategory call
08-24 10:06:10.596 16890 16890 D DashboardFragment: Preference key is null in Controller WifiDetailPreferenceController
08-24 10:06:10.603 16890 16985 W SharedPreferencesLogger: Tried to log unloggable object0
08-24 10:06:10.683  1762  1811 D gralloc_ranchu: gralloc_alloc: Creating ashmem region of size 17514496
08-24 10:06:10.703  2012  2050 W BroadcastQueue: Background execution not allowed: receiving Intent { act=android.intent.action.DROPBOX_ENTRY_ADDED flg=0x10 (has extras) } to com.google.android.gms/.stats.service.DropBoxEntryAddedReceiver
08-24 10:06:10.704  2012  2050 W BroadcastQueue: Background execution not allowed: receiving Intent { act=android.intent.action.DROPBOX_ENTRY_ADDED flg=0x10 (has extras) } to com.google.android.gms/.chimera.GmsIntentOperationService$PersistentTrustedReceiver
08-24 10:06:10.703  1762  1811 I chatty  : uid=1000(system) HwBinder:1762_1 identical 1 line
08-24 10:06:10.724  1762  1811 D gralloc_ranchu: gralloc_alloc: Creating ashmem region of size 17514496
08-24 10:06:10.749 16890 16922 D EGL_emulation: eglMakeCurrent: 0x9e765060: ver 2 0 (tinfo 0x7bae3300)
08-24 10:06:10.776 16890 16890 D WifiSettings: onAccessPointsChanged (WifiTracker) callback initiated
08-24 10:06:10.776 16890 16922 D EGL_emulation: eglMakeCurrent: 0x9e765060: ver 2 0 (tinfo 0x7bae3300)
08-24 10:06:10.777  2012  5036 I WifiService: startScan uid=1000
08-24 10:06:10.778 16890 16890 D WifiDetailsPrefCtrl: onWifiStateChanged(3)
08-24 10:06:10.778  2012  2045 W InputReader: Device has associated, but no associated display id.
08-24 10:06:10.781  2012  2045 I chatty  : uid=1000(system) android.anim identical 18 lines
08-24 10:06:10.781  2012  2045 W InputReader: Device has associated, but no associated display id.
08-24 10:06:10.865 16890 16922 D EGL_emulation: eglMakeCurrent: 0x9e765060: ver 2 0 (tinfo 0x7bae3300)
08-24 10:06:11.227 16890 16922 I chatty  : uid=1000(system) RenderThread identical 12 lines
08-24 10:06:12.238 16890 16922 D EGL_emulation: eglMakeCurrent: 0x9e765060: ver 2 0 (tinfo 0x7bae3300)
08-24 10:06:13.394  1751  1895 W audio_hw_generic: Not supplying enough data to HAL, expected position 24058892 , only wrote 23920929
08-24 10:06:14.773  2012  2376 D WificondControl: Scan result ready event
08-24 10:06:17.800  2012  2252 W InputReader: Device has associated, but no associated display id.
08-24 10:06:17.800  2012  2252 I chatty  : uid=1000(system) Binder:2012_5 identical 8 lines
08-24 10:06:17.800  2012  2252 W InputReader: Device has associated, but no associated display id.
08-24 10:06:17.817  1751  5094 W audio_hw_generic: Not supplying enough data to HAL, expected position 23920948 , only wrote 23920929
08-24 10:06:17.845  2012  2252 W InputReader: Device has associated, but no associated display id.
08-24 10:06:17.847  2012  2252 I chatty  : uid=1000(system) Binder:2012_5 identical 28 lines
08-24 10:06:17.847  2012  2252 W InputReader: Device has associated, but no associated display id.
08-24 10:06:17.941 16890 16985 W TileUtils: Found com.android.settings.Settings$DataUsageSummaryActivity for intent Intent { act=com.android.settings.action.SETTINGS pkg=com.android.settings } missing metadata com.android.settings.category
08-24 10:06:17.992  1762  1811 D gralloc_ranchu: gralloc_alloc: Creating ashmem region of size 17514496
08-24 10:06:17.994 16890 16991 D SettingsActivity: No enabled state changed, skipping updateCategory call
08-24 10:06:17.998  1762  1811 D gralloc_ranchu: gralloc_alloc: Creating ashmem region of size 17514496
08-24 10:06:18.010  1762  1811 D gralloc_ranchu: gralloc_alloc: Creating ashmem region of size 17514496
08-24 10:06:18.066 16890 16922 D EGL_emulation: eglMakeCurrent: 0x9e765060: ver 2 0 (tinfo 0x7bae3300)
08-24 10:06:18.086 16890 16922 D EGL_emulation: eglMakeCurrent: 0x9e765060: ver 2 0 (tinfo 0x7bae3300)
08-24 10:06:18.106  2012  8490 I WifiService: startScan uid=1000
08-24 10:06:18.122  2012  2045 W InputReader: Device has associated, but no associated display id.
08-24 10:06:18.125  2012  2045 I chatty  : uid=1000(system) android.anim identical 18 lines
08-24 10:06:18.125  2012  2045 W InputReader: Device has associated, but no associated display id.
08-24 10:06:18.132 16890 16922 D EGL_emulation: eglMakeCurrent: 0x9e765060: ver 2 0 (tinfo 0x7bae3300)
08-24 10:06:20.904  2012  2428 I ActivityTaskManager: START u0 {act=android.intent.action.MAIN cmp=com.android.settings/.SubSettings (has extras)} from uid 1000
08-24 10:06:20.952  2012  5036 W InputReader: Device has associated, but no associated display id.
08-24 10:06:20.964  2012  5036 I chatty  : uid=1000(system) Binder:2012_15 identical 48 lines
08-24 10:06:20.964  2012  5036 W InputReader: Device has associated, but no associated display id.
08-24 10:06:20.967  1751  1895 W audio_hw_generic: Not supplying enough data to HAL, expected position 24197330 , only wrote 24059739
08-24 10:06:20.970  1751  5094 W audio_hw_generic: Not supplying enough data to HAL, expected position 24059770 , only wrote 24059739
08-24 10:06:20.973  2012  2049 E memtrack: Couldn't load memtrack module
08-24 10:06:20.973  2012  2049 W android.os.Debug: failed to get memory consumption info: -1
08-24 10:06:20.977  2012  2049 E memtrack: Couldn't load memtrack module
08-24 10:06:20.977  2012  2049 W android.os.Debug: failed to get memory consumption info: -1
08-24 10:06:20.994 16890 16890 W ActivityThread: handleWindowVisibility: no activity for token android.os.BinderProxy@f4bac2f
08-24 10:06:21.021 16890 16890 D SettingsActivity: Starting onCreate
08-24 10:06:21.030 16890 16890 D SettingsActivity: Starting to set activity title
08-24 10:06:21.031 16890 16890 D SettingsActivity: Done setting title
08-24 10:06:21.031 16890 16890 D SettingsActivity: Switching to fragment com.android.settings.wifi.AddNetworkFragment
08-24 10:06:21.031 16890 16890 D SubSettings: Launching fragment com.android.settings.wifi.AddNetworkFragment
08-24 10:06:21.031 16890 16890 D SettingsActivity: Executed frag manager pendingTransactions
08-24 10:06:21.257 16890 16985 W TileUtils: Found com.android.settings.Settings$DataUsageSummaryActivity for intent Intent { act=com.android.settings.action.SETTINGS pkg=com.android.settings } missing metadata com.android.settings.category
08-24 10:06:21.289 16890 16995 D SettingsActivity: No enabled state changed, skipping updateCategory call
08-24 10:06:21.350  1762  1811 D gralloc_ranchu: gralloc_alloc: Creating ashmem region of size 17514496
08-24 10:06:21.365  1762  1811 I chatty  : uid=1000(system) HwBinder:1762_1 identical 1 line
08-24 10:06:21.378  1762  1811 D gralloc_ranchu: gralloc_alloc: Creating ashmem region of size 17514496
08-24 10:06:21.476 16890 16922 D EGL_emulation: eglMakeCurrent: 0x9e765060: ver 2 0 (tinfo 0x7bae3300)
08-24 10:06:21.515 16890 16922 D EGL_emulation: eglMakeCurrent: 0x9e765060: ver 2 0 (tinfo 0x7bae3300)
08-24 10:06:21.528  2012  2045 W InputReader: Device has associated, but no associated display id.
08-24 10:06:21.528  2012  2045 I chatty  : uid=1000(system) android.anim identical 8 lines
08-24 10:06:21.528  2012  2045 W InputReader: Device has associated, but no associated display id.
08-24 10:06:21.531 16890 16922 D EGL_emulation: eglMakeCurrent: 0x9e765060: ver 2 0 (tinfo 0x7bae3300)
08-24 10:06:21.532  2012  2045 W InputReader: Device has associated, but no associated display id.
08-24 10:06:21.532  2012  2045 I chatty  : uid=1000(system) android.anim identical 8 lines
08-24 10:06:21.532  2012  2045 W InputReader: Device has associated, but no associated display id.
08-24 10:06:21.555 16890 16922 D EGL_emulation: eglMakeCurrent: 0x9e765060: ver 2 0 (tinfo 0x7bae3300)
08-24 10:06:21.611 16890 16890 I AssistStructure: Flattened final assist data: 3900 bytes, containing 1 windows, 26 views
08-24 10:06:21.633 16890 16922 D EGL_emulation: eglMakeCurrent: 0x9e765060: ver 2 0 (tinfo 0x7bae3300)
08-24 10:06:21.662 16890 16922 D EGL_emulation: eglMakeCurrent: 0x9e765060: ver 2 0 (tinfo 0x7bae3300)
08-24 10:06:21.704  2514  2514 I KeyboardViewUtil: systemKeyboardHeightRatio:1.000000; userKeyboardHeightRatio:1.000000.
08-24 10:06:21.726  2514  2514 I LatinIme: initialize() : Language = en-US
08-24 10:06:21.737  2689  2689 I ktk     : App[ com.android.settings ] or Activity[ com.android.settings.SubSettings ] excluded from AwG [CONTEXT service_id=177 ]
08-24 10:06:21.765  2514  2514 I Delight5Facilitator: initializeForIme() : Locale = [en_US]
08-24 10:06:21.768  2012  2042 D AutofillUI: destroySaveUiUiThread(): already destroyed
08-24 10:06:21.769  2514  2514 I Delight5Facilitator: resetDecoder() : Locale = [en_US]
08-24 10:06:21.905  2514 16997 I MainLoader: Running LM loader for [en_US]
08-24 10:06:21.905  2514 16997 I SuperDelight: SuperDelightLanguageModelProvider#fetchLanguageModel(): 1 locales
08-24 10:06:21.905  2514 16997 I SuperDelight: syncBundledLanguageModels(): clearing bundled_delight selection
08-24 10:06:21.927  2514  2514 I AndroidIME: LatinIme.onActivate() : EditorInfo = Package = com.android.settings : Type = Text : Learning = Disable : Suggestion = Hide : AutoCorrection = Disable : Microphone = Show : NoPersonalizedLearning = Disable
08-24 10:06:21.931  2514 16998 I SuperDelight: initializeBundledDelightSuperpacks()
08-24 10:06:21.935  2514  3415 I SP      : Registering bundled_delight.20190203, url: null, constraints: *:*, flags: *, requested: 20190203, current: -1
08-24 10:06:21.948  2514 16999 W TaskSpec: Initial retry millis (30000) must be at least 30 seconds, set as 30 seconds.
08-24 10:06:21.952  2514 16999 I FirebaseJobDispatcher: Cancel task: DlamTrainingTask. Success.
08-24 10:06:21.983  2514 17000 I SuperDelight: FetchManifestFromResourceTask#execute(): packManifest bundled_delight-20190203
08-24 10:06:21.984 16890 16922 D EGL_emulation: eglMakeCurrent: 0x9e765060: ver 2 0 (tinfo 0x7bae3300)
08-24 10:06:22.060 16890 16922 D EGL_emulation: eglMakeCurrent: 0x9e765060: ver 2 0 (tinfo 0x7bae3300)
08-24 10:06:22.083  2514  3415 I SP      : Successfully got manifest for bundled_delight-manifest: manifests:bundled_delight-20190203
08-24 10:06:22.135  1762  1811 D gralloc_ranchu: gralloc_alloc: Creating ashmem region of size 20480
08-24 10:06:22.138  2186  2777 D HostConnection: HostConnection::get() New Host Connection established 0x95b3e460, tid 2777
08-24 10:06:22.144  2012  2428 D WificondControl: Scan result ready event
08-24 10:06:22.145  2186  2777 D HostConnection: HostComposition ext ANDROID_EMU_CHECKSUM_HELPER_v1 ANDROID_EMU_dma_v1 ANDROID_EMU_direct_mem ANDROID_EMU_host_composition_v1 ANDROID_EMU_host_composition_v2 ANDROID_EMU_vulkan ANDROID_EMU_deferred_vulkan_commands ANDROID_EMU_vulkan_null_optional_strings ANDROID_EMU_vulkan_create_resources_with_requirements ANDROID_EMU_YUV_Cache ANDROID_EMU_vulkan_ignored_handles ANDROID_EMU_vulkan_free_memory_sync ANDROID_EMU_vulkan_shader_float16_int8 ANDROID_EMU_vulkan_async_queue_submit ANDROID_EMU_sync_buffer_data GL_OES_vertex_array_object GL_KHR_texture_compression_astc_ldr ANDROID_EMU_host_side_tracing ANDROID_EMU_gles_max_version_2 
08-24 10:06:22.145  2186  2777 W OpenGLRenderer: Failed to choose config with EGL_SWAP_BEHAVIOR_PRESERVED, retrying without...
08-24 10:06:22.155  2186  2777 D EGL_emulation: eglCreateContext: 0x95b1b1a0: maj 2 min 0 rcv 2
08-24 10:06:22.158  2186  2777 D EGL_emulation: eglMakeCurrent: 0x95b1b1a0: ver 2 0 (tinfo 0x95b0f040)
08-24 10:06:22.166  2186  2595 D EGL_emulation: eglMakeCurrent: 0x9e735ec0: ver 2 0 (tinfo 0x7d718de0)
08-24 10:06:22.175  2514  2530 W putmethod.lati: Reducing the number of considered missed Gc histogram windows from 2144 to 100
08-24 10:06:22.175  2514  2514 I KeyboardViewHelper: Get view with height ratio:1.000000; experiment height ratio:1.000000.
08-24 10:06:22.337  2514  2514 I Conv2QueryExtension: Current locale: en_US, config allows these locales: de,en,es,fr,it,ms,pt,ta
08-24 10:06:22.337  2514  2514 I Conv2QueryExtension: Conv2Query not enabled due to current app [com.android.settings] not in whitelist
08-24 10:06:22.339  2514  2514 I Conv2QueryExtension: onActivate() : Disabled by unsupported host app
08-24 10:06:22.340  2514  2514 I FeaturePermissions: disableFeaturesWithDeniedPermissions() : Disable import_user_contacts
08-24 10:06:22.361  2514  2514 I FeaturePermissions: onSharedPreferenceChanged() : Disable FeatureInfo : Description = 2131954182 : Permissions=[android.permission.READ_CONTACTS] : Listeners=[cpb@ed47521, cfc@d1e4d9d]
08-24 10:06:22.369  2514 17004 I KeyboardGroupDefParser: parseKeyboardGroupDef() 2131296529 -> extension_emoticon_keyboards : WaitTime = 7 ms : RunTime = 28 ms
08-24 10:06:22.402  1779  1855 E SurfaceFlinger: ro.sf.lcd_density must be defined as a build property
08-24 10:06:22.406  1779  1855 E SurfaceFlinger: ro.sf.lcd_density must be defined as a build property
08-24 10:06:22.508  2514  2530 I putmethod.lati: Background concurrent copying GC freed 22924(1449KB) AllocSpace objects, 0(0B) LOS objects, 38% free, 9621KB/15MB, paused 366us total 217.660ms
08-24 10:06:22.540  2514  3415 I SuperDelight: SuperDelightBundledMetadataParser#parse(): manifest parsed with 1 packs
08-24 10:06:22.568  2514 17007 I SuperDelight: SuperDelightManager#syncBundledLanguageModels(): Syncing for version 20190203
08-24 10:06:22.573  2514  2514 I KeyboardViewHelper: Get view with height ratio:1.000000; experiment height ratio:1.000000.
08-24 10:06:22.582  2514  3415 I SuperDelight: BundledSlicing#getSlices() : Locale = [en_US]
08-24 10:06:22.583  2514  3415 I SuperDelight: BundledSlicing#getSlices(): result {slices=[bundled_delight:main_en_us_20180802_2], last batch=true, sync metadata=false}
08-24 10:06:22.584  2514  3415 I SP      : Syncing bundled_delight (20190203) with slices: [main_en_us_20180802_2], metadata: false
08-24 10:06:22.644  2514 17000 I SuperDelight: ResourceFetchCancellableTask#fetch(): packManifest main_en_us_20180802_2
08-24 10:06:22.738  2514 17006 D libEGL  : Emulator has host GPU support, qemu.gles is set to 1.
08-24 10:06:22.745  2514 17006 W libc    : Unable to set property "qemu.gles" to "1": connection failed; errno=13 (Permission denied)
08-24 10:06:22.727  2514  2514 W RenderThread: type=1400 audit(0.0:78): avc: denied { write } for name="property_service" dev="tmpfs" ino=8412 scontext=u:r:untrusted_app_27:s0:c145,c256,c512,c768 tcontext=u:object_r:property_socket:s0 tclass=sock_file permissive=0 app=com.google.android.inputmethod.latin
08-24 10:06:22.779  2514 16998 I SuperDelight: UnpackCancellableTask#execute(): fst-decompress /data/user/0/com.google.android.inputmethod.latin/files/superpacks/bundled_delight/main_en_us_20180802_2.staged
08-24 10:06:23.149  2514 17006 D libEGL  : loaded /vendor/lib/egl/libEGL_emulation.so
08-24 10:06:23.215  2514 17006 D libEGL  : loaded /vendor/lib/egl/libGLESv1_CM_emulation.so
08-24 10:06:23.233  2514 17006 D libEGL  : loaded /vendor/lib/egl/libGLESv2_emulation.so
08-24 10:06:23.286  2514 17006 D HostConnection: HostConnection::get() New Host Connection established 0x7ab90870, tid 17006
08-24 10:06:23.286  2514 17006 D HostConnection: HostComposition ext ANDROID_EMU_CHECKSUM_HELPER_v1 ANDROID_EMU_dma_v1 ANDROID_EMU_direct_mem ANDROID_EMU_host_composition_v1 ANDROID_EMU_host_composition_v2 ANDROID_EMU_vulkan ANDROID_EMU_deferred_vulkan_commands ANDROID_EMU_vulkan_null_optional_strings ANDROID_EMU_vulkan_create_resources_with_requirements ANDROID_EMU_YUV_Cache ANDROID_EMU_vulkan_ignored_handles ANDROID_EMU_vulkan_free_memory_sync ANDROID_EMU_vulkan_shader_float16_int8 ANDROID_EMU_vulkan_async_queue_submit ANDROID_EMU_sync_buffer_data GL_OES_vertex_array_object GL_KHR_texture_compression_astc_ldr ANDROID_EMU_host_side_tracing ANDROID_EMU_gles_max_version_2 
08-24 10:06:23.295  2514 17006 W OpenGLRenderer: Failed to choose config with EGL_SWAP_BEHAVIOR_PRESERVED, retrying without...
08-24 10:06:23.305  2514 17006 D EGL_emulation: eglCreateContext: 0x7af4c5e0: maj 2 min 0 rcv 2
08-24 10:06:23.307  2514 17006 D EGL_emulation: eglMakeCurrent: 0x7af4c5e0: ver 2 0 (tinfo 0x7b7c2e60)
08-24 10:06:23.317  1762  1811 D gralloc_ranchu: gralloc_alloc: Creating ashmem region of size 16949248
08-24 10:06:23.329  1649  1649 I hwservicemanager: getTransport: Cannot find entry android.hardware.graphics.mapper@3.0::IMapper/default in either framework or device manifest.
08-24 10:06:23.329  2514 17006 W Gralloc3: mapper 3.x is not supported
08-24 10:06:23.388  2514 17006 D HostConnection: createUnique: call
08-24 10:06:23.390  2514 17006 D HostConnection: HostConnection::get() New Host Connection established 0x7ab90960, tid 17006
08-24 10:06:23.400  2514 17006 D HostConnection: HostComposition ext ANDROID_EMU_CHECKSUM_HELPER_v1 ANDROID_EMU_dma_v1 ANDROID_EMU_direct_mem ANDROID_EMU_host_composition_v1 ANDROID_EMU_host_composition_v2 ANDROID_EMU_vulkan ANDROID_EMU_deferred_vulkan_commands ANDROID_EMU_vulkan_null_optional_strings ANDROID_EMU_vulkan_create_resources_with_requirements ANDROID_EMU_YUV_Cache ANDROID_EMU_vulkan_ignored_handles ANDROID_EMU_vulkan_free_memory_sync ANDROID_EMU_vulkan_shader_float16_int8 ANDROID_EMU_vulkan_async_queue_submit ANDROID_EMU_sync_buffer_data GL_OES_vertex_array_object GL_KHR_texture_compression_astc_ldr ANDROID_EMU_host_side_tracing ANDROID_EMU_gles_max_version_2 
08-24 10:06:23.401  2514 17006 D eglCodecCommon: allocate: Ask for block of size 0x1000
08-24 10:06:23.402  2514 17006 D eglCodecCommon: allocate: ioctl allocate returned offset 0x3fef37000 size 0x2000
08-24 10:06:23.403  1762  1811 D gralloc_ranchu: gralloc_alloc: Creating ashmem region of size 16949248
08-24 10:06:23.424  1762  1811 D gralloc_ranchu: gralloc_alloc: Creating ashmem region of size 16949248
08-24 10:06:23.482  2514 17006 D EGL_emulation: eglMakeCurrent: 0x7af4c5e0: ver 2 0 (tinfo 0x7b7c2e60)
08-24 10:06:23.642  2514 17006 I OpenGLRenderer: Davey! duration=1163ms; Flags=1, IntendedVsync=48728162472110, Vsync=48728429138766, OldestInputEvent=9223372036854775807, NewestInputEvent=0, HandleInputStart=48728438780600, AnimationStart=48728438815900, PerformTraversalsStart=48728438856000, DrawStart=48729132372700, SyncQueued=48729178016500, SyncStart=48729215428500, IssueDrawCommandsStart=48729215731400, SwapBuffers=48729337012500, FrameCompleted=48729363162900, DequeueBufferDuration=1830000, QueueBufferDuration=1565000, 
08-24 10:06:23.697  2514  2514 I Choreographer: Skipped 57 frames!  The application may be doing too much work on its main thread.
08-24 10:06:23.931  2514  2530 I putmethod.lati: NativeAlloc concurrent copying GC freed 196854(6575KB) AllocSpace objects, 5(232KB) LOS objects, 34% free, 11MB/17MB, paused 5.771ms total 519.923ms
08-24 10:06:23.995  2514  3415 I SP      : Sync for bundled_delight succeeded in 1423 ms: {added: [main_en_us_20180802_2], metadata: false
08-24 10:06:24.035  2514 16997 I SuperDelight: initializeDelightSuperpacks()
08-24 10:06:24.035  2514 16997 I SuperDelight: getDelightMetadataUriAndVersion(): Phenotype : 2019100102 : https://www.gstatic.com/android/keyboard/dictionarypack/Wheelharp-normal/metadata_for_launch_noac.json
08-24 10:06:24.036  2514  3762 I Delight5Decoder: loadLanguageModel() : MAIN, version [20180802]
08-24 10:06:24.036  2514  3762 I native  : language-utils-delegator.cc:75 Adding en to delegate.
08-24 10:06:24.036  2514 17001 I SuperDelight: SuperDelightManager#registerAndUpgradeSuperpacks(delight): current 2019100102, required 2019100102
08-24 10:06:24.036  2514  3762 I native  : language-utils-delegator.cc:79 language en not found, so added it.
08-24 10:06:24.038  2514 16997 I Delight5Facilitator: Running blacklist loader
08-24 10:06:24.038  2514 16998 I SuperDelight: SuperDelightManager#syncDownloadableLanguageModels(delight): [OnDevice] Syncing for version 2019100102
08-24 10:06:24.038  2514 16997 I Delight5Facilitator: Running contacts language model loader
08-24 10:06:24.038  2514 16997 I Delight5Facilitator: Running personal language model loader
08-24 10:06:24.039  2514 16997 I Delight5Facilitator: Running user history language model loader
08-24 10:06:24.040  2514 16997 I EmojiSuperpacksManager: triggerSync() : isBundled = false
08-24 10:06:24.041  2514 16997 I EmojiSuperpacksManager: triggerSync() : isBundled = true
08-24 10:06:24.042  2514 16997 I EmojiShortcutsLoader: Emoji shortcut file does not exist.
08-24 10:06:24.042  2514 16997 I EmojiShortcutsLoader: 0 emoji shortcut maps loaded.
08-24 10:06:24.043  2514 16997 I EmojiShortcutsLoader: Finished loading emoji shortcuts
08-24 10:06:24.043  2514 16997 I Delight5Facilitator: Running email language model loader
08-24 10:06:24.046  2514  3415 I SuperDelight: DownloadSlicing#getSlices() : Locale = [en_US]
08-24 10:06:24.058  2514  3415 I SuperDelight: DownloadSlicing#getSlices(): result {slices=[delight:main_en_us_20180802_1], last batch=true, sync metadata=false}
08-24 10:06:24.059  2514  3415 I SP      : Syncing delight (2019100102) with slices: [main_en_us_20180802_1], metadata: false
08-24 10:06:24.062  2514  3415 I SP      : Registering emoji.20, url: https://www.gstatic.com/android/keyboard/modelpack/emoji/20190401132437/superpacks_manifest.zip, constraints: m:*, flags: fg, requested: 20, current: -1
08-24 10:06:24.089  1751  1895 W audio_hw_generic: Not supplying enough data to HAL, expected position 24332918 , only wrote 24197227
08-24 10:06:24.163  2514  3762 I native  : fst-model.cc:382 Created LM accumulator /data/user/0/com.google.android.inputmethod.latin/files/personal/en_us.20180802.lm.acc
08-24 10:06:24.164  2514  3415 I SP      : Scheduling job with delay of 0s for {m:b, fg}, 1 candidates
08-24 10:06:24.164  2514  3762 I native  : proto-store.cc:45 File not found: '/data/user/0/com.google.android.inputmethod.latin/files/personal/adapt_state.en.dat'.
08-24 10:06:24.164  2514  3762 I native  : (This might be OK for example when a language is being loaded for the first time.)
08-24 10:06:24.164  2514  3762 W native  : autocorrect-adapt.h:61 Autocorrection adaptation state was empty.
08-24 10:06:24.164  2514  3762 I Delight5Decoder: Loaded main LM /data/user/0/com.google.android.inputmethod.latin/files/superpacks/delight/main_en_us_20180802_1
08-24 10:06:24.164  2514  3762 I Delight5Decoder: loadLanguageModel() : BLACKLIST, version [n/a]
08-24 10:06:24.165  2514  3762 I native  : blacklist-assembly.cc:115 LoadBlacklist en
08-24 10:06:24.165  2514  3762 I native  : blacklist.cc:217 No blacklist file for a language. (This is OK if the language is loaded for the first time.) /data/user/0/com.google.android.inputmethod.latin/files/personal/blacklist.en_us.list
08-24 10:06:24.165  2514  3762 E native  : android-decoder-jni.cc:411 Failed to load dynamic LM from /data/user/0/com.google.android.inputmethod.latin/files/personal/blacklist.en_us.list
08-24 10:06:24.166  2514  3762 W Delight5Decoder: Failed to load dynamic LM /data/user/0/com.google.android.inputmethod.latin/files/personal/blacklist.en_us.list
08-24 10:06:24.166  2514  3762 I Delight5Decoder: loadLanguageModel() : PERSONAL_DICTIONARY, version [n/a]
08-24 10:06:24.169  2514  3762 I Delight5Decoder: Loaded dynamic LM /data/user/0/com.google.android.inputmethod.latin/files/personal/Personal.en_US.dict
08-24 10:06:24.170  2514  3762 I Delight5Decoder: loadLanguageModel() : USER_HISTORY, version [n/a]
08-24 10:06:24.172  2514  3762 I Delight5Decoder: Loaded dynamic LM /data/user/0/com.google.android.inputmethod.latin/files/personal/userhistory/UserHistory.en_US.dict
08-24 10:06:24.187  2514  2514 I SP      : ====> Starting job {m:b, fg}
08-24 10:06:24.222  2514  3415 I SP      : Scheduling: download registered, 0 started, 0 paused, 1 scheduled, 1 pending: manifests:emoji-20 * {m:b, fg}
08-24 10:06:24.227  2514 16997 I EmojiPredTFLiteLoader: Using locale en_US for emoji prediction
08-24 10:06:24.264  2514  3415 I SP      : Scheduling: job start ({m:b, fg}), 1 started, 0 paused, 0 scheduled, 1 pending: manifests:emoji-20 @ * {m:b, fg}
08-24 10:06:24.267  2514  3415 I SP      : Registering bundled_emoji.20, url: null, constraints: m:*, flags: *, requested: 20, current: -1
08-24 10:06:24.272  2514  3415 I SP      : Requesting download of URL https://www.gstatic.com/android/keyboard/modelpack/emoji/20190401132437/superpacks_manifest.zip to emoji-20.zip.fetched (constraints: m:b)
08-24 10:06:24.287  2514 16725 I FetchBundledTask: Successfully copied file from /data/user/0/com.google.android.inputmethod.latin/files/emoji_superpacks_manifest_bundled.zip to /data/user/0/com.google.android.inputmethod.latin/files/superpacks/manifests/bundled_emoji-20.zip.fetched.
08-24 10:06:24.314  2514  3415 I SP      : Registering next-word-predictor.20180920, url: https://www.gstatic.com/android/keyboard/next_word_predictor/prod/superpacks-manifest-20180920.json, constraints: *:*, flags: *, requested: 20180920, current: -1
08-24 10:06:24.315  2514 16997 I Delight5Facilitator: Running contacts language model loader
08-24 10:06:24.342  2186  2595 D EGL_emulation: eglMakeCurrent: 0x9e735ec0: ver 2 0 (tinfo 0x7d718de0)
08-24 10:06:24.376  2514  3415 I SP      : Scheduling job with delay of 0s for {m:b, bg}, 1 candidates
08-24 10:06:24.398  2514  3415 I SP      : Scheduling: download registered, 0 started, 0 paused, 1 scheduled, 2 pending: manifests:emoji-20 @ {m:b, fg}, manifests:next-word-predictor-20180920 * {m:b, bg}
08-24 10:06:24.402  2514  3415 I SuperDelight: SuperDelightMergingStrategy#merge(): selected[[main_en_us_20180802_1]] synced[[main_en_us_20180802_1]]
08-24 10:06:24.404  2514  3415 I SP      : Sync for delight succeeded in 362 ms: no changes
08-24 10:06:24.405  2514  3415 I SP      : Registering emoji-predictor.20190205, url: https://www.gstatic.com/android/keyboard/emoji_predictor/superpacks-manifest-20190205.json, constraints: *:*, flags: *, requested: 20190205, current: -1
08-24 10:06:24.465  2514  3415 I SP      : Scheduling job with delay of 0s for {m:b, bg}, 2 candidates
08-24 10:06:24.483  2514  3415 I SP      : Scheduling: download registered, 0 started, 0 paused, 2 scheduled, 3 pending: manifests:emoji-20 @ {m:b, fg}, manifests:next-word-predictor-20180920 * {m:b, bg}, manifests:emoji-predictor-20190205 * {m:b, bg}
08-24 10:06:24.566  2514  2514 I SP      : ====> Starting job {m:b, bg}
08-24 10:06:24.610  2689 16225 I NetworkScheduler.Stats: Task com.google.android.inputmethod.latin/ started execution. cause:7 exec_start_elapsed_seconds: 48730 [CONTEXT service_id=218 ]
08-24 10:06:24.658  2514  3415 I SP      : Scheduling: job start ({m:b, bg}), 2 started, 0 paused, 0 scheduled, 3 pending: manifests:emoji-20 @ {m:b, fg}, manifests:next-word-predictor-20180920 @ * {m:b, bg}, manifests:emoji-predictor-20190205 @ * {m:b, bg}
08-24 10:06:24.659  2514  3415 I SP      : Requesting download of URL https://www.gstatic.com/android/keyboard/next_word_predictor/prod/superpacks-manifest-20180920.json to next-word-predictor-20180920.fetched (constraints: m:b)
08-24 10:06:24.666  2514  3415 I SP      : Requesting download of URL https://www.gstatic.com/android/keyboard/emoji_predictor/superpacks-manifest-20190205.json to emoji-predictor-20190205.fetched (constraints: m:b)
08-24 10:06:24.670  2514  3415 I SP      : Successfully got manifest for bundled_emoji-manifest: manifests:bundled_emoji-20
08-24 10:06:24.702  2514  3415 I SP      : <==== Finishing job {m:b, fg}, 515 ms. elapsed since start
08-24 10:06:24.707  2514  3415 I SP      : Download stopped: manifests:emoji-20, succeeded foreground, size: 5258
08-24 10:06:24.758  2514  3415 I SP      : Scheduling: download stopped, 0 started, 0 paused, 0 scheduled, 2 pending: manifests:next-word-predictor-20180920 @ {m:b, bg}, manifests:emoji-predictor-20190205 @ {m:b, bg}
08-24 10:06:24.762  2012  2012 I NotificationService: Cannot find enqueued record for key: 0|com.google.android.inputmethod.latin|1|null|10145
08-24 10:06:24.769  2012  2376 W InputReader: Device has associated, but no associated display id.
08-24 10:06:24.770  2012  2376 I chatty  : uid=1000(system) Binder:2012_6 identical 8 lines
08-24 10:06:24.770  2012  2376 W InputReader: Device has associated, but no associated display id.
08-24 10:06:24.799  1751  5094 W audio_hw_generic: Not supplying enough data to HAL, expected position 24197324 , only wrote 24197227
08-24 10:06:24.823  2012  2117 W InputReader: Device has associated, but no associated display id.
08-24 10:06:24.829  2012  2117 I chatty  : uid=1000(system) Binder:2012_3 identical 28 lines
08-24 10:06:24.829  2012  2117 W InputReader: Device has associated, but no associated display id.
08-24 10:06:24.873  2514  3415 I EmojiSlicingStrategy: matchEnabledLocalesWithPackLocales() : User enabled 1 locales; returning 1 slices
08-24 10:06:24.873  2514  3415 I SP      : Syncing bundled_emoji (20) with slices: [{442dd7424a2b73ebe817b5223ec48db9, m:*}], metadata: false
08-24 10:06:24.925 16890 16985 W TileUtils: Found com.android.settings.Settings$DataUsageSummaryActivity for intent Intent { act=com.android.settings.action.SETTINGS pkg=com.android.settings } missing metadata com.android.settings.category
08-24 10:06:24.987  1762  1811 D gralloc_ranchu: gralloc_alloc: Creating ashmem region of size 17514496
08-24 10:06:25.022  2514 16724 I FetchBundledTask: Successfully copied file from /data/user/0/com.google.android.inputmethod.latin/files/emoji_search_en_us.zip to /data/user/0/com.google.android.inputmethod.latin/files/superpacks/bundled_emoji/442dd7424a2b73ebe817b5223ec48db9.zip.fetched.
08-24 10:06:25.028 16890 17022 D SettingsActivity: No enabled state changed, skipping updateCategory call
08-24 10:06:25.037  1762  1811 D gralloc_ranchu: gralloc_alloc: Creating ashmem region of size 17514496
08-24 10:06:25.042  2514  3415 I SP      : Download stopped: manifests:next-word-predictor-20180920, succeeded, size: 933
08-24 10:06:25.074  1762  1811 D gralloc_ranchu: gralloc_alloc: Creating ashmem region of size 17514496
08-24 10:06:25.105 16890 16922 D EGL_emulation: eglMakeCurrent: 0x9e765060: ver 2 0 (tinfo 0x7bae3300)
08-24 10:06:25.146  2514  3415 I SP      : Scheduling: download stopped, 0 started, 0 paused, 0 scheduled, 1 pending: manifests:emoji-predictor-20190205 @ {m:b, bg}
08-24 10:06:25.159  2012  3057 I WifiService: startScan uid=1000
08-24 10:06:25.166  2012  2045 W InputReader: Device has associated, but no associated display id.
08-24 10:06:25.170  2012  2045 I chatty  : uid=1000(system) android.anim identical 18 lines
08-24 10:06:25.170  2012  2045 W InputReader: Device has associated, but no associated display id.
08-24 10:06:25.252 16890 16922 D EGL_emulation: eglMakeCurrent: 0x9e765060: ver 2 0 (tinfo 0x7bae3300)
08-24 10:06:25.283  2514  2514 I PhenotypeExpConfig: refreshConfiguration() : Force = false : UpdateAvailable = false : Age = 1471 minutes : MaxAge = 720 minutes
08-24 10:06:25.293  2186  2595 D EGL_emulation: eglMakeCurrent: 0x9e735ec0: ver 2 0 (tinfo 0x7d718de0)
08-24 10:06:25.306 16890 16922 D EGL_emulation: eglMakeCurrent: 0x9e765060: ver 2 0 (tinfo 0x7bae3300)
08-24 10:06:25.333  2514  2514 I AndroidIME: LatinIme.onDeactivate()
