08-24 10:05:54.592  2689 16885 I NetworkManagementSocketTagger: tagSocketFd(-1, 536871943, -1) failed with errno-9
08-24 10:05:55.494  2866 16737 W AdaptiveDiscoveryWorker: Exiting Adaptive Discovery. Current HOTSPOT_BSSID is NULL.
08-24 10:05:56.001  2012  2247 I WifiService: setWifiEnabled package=com.android.systemui uid=10107 enable=false
08-24 10:05:56.004  2012  2012 V SettingsProvider: Notifying for 0: content://settings/global/wifi_on
08-24 10:05:56.022  2012  2150 D WifiActiveModeWarden: Switching from ClientModeActiveState to ScanOnlyMode
08-24 10:05:56.024  2012  2150 D WifiClientModeManager:  currentstate: StartedState
08-24 10:05:56.024  2012  2150 D WifiClientModeManager: expected stop, not triggering callbacks: newState = 0
08-24 10:05:56.031  2012  2012 D WifiP2pService: Wifi enabled=false, P2P Interface availability=true
08-24 10:05:56.031  2012  2152 I WifiScanningService: wifi driver unloaded
08-24 10:05:56.033  1847  1847 W wificond: No pno scan started
08-24 10:05:56.033  2012  2150 D WifiScanRequestProxy: Sending scan available broadcast: false
08-24 10:05:56.036  1847  1847 E wificond: Receive ERROR message in response to 'stop scheduled scan' request: Operation not supported on transport endpoint
08-24 10:05:56.043  2012  2150 I WifiScanRequestProxy: Scanning is disabled
08-24 10:05:56.066  2012  2150 D WifiActiveModeWarden: Entering ScanOnlyModeActiveState
08-24 10:05:56.067  2012  2150 D WifiScanOnlyModeManager: entering IdleState
08-24 10:05:56.071  1769  1769 W android.hardware.wifi@1.0-service: No active wlan interfaces in use! Using default
08-24 10:05:56.082  1649  1649 I hwservicemanager: getTransport: Cannot find entry android.hardware.wifi.supplicant@1.1::ISupplicant/default in either framework or device manifest.
08-24 10:05:56.088  1847  1847 I wificond: Unsubscribe scan result for interface with index: 3
08-24 10:05:56.092  1847  1847 W wificond: No handler for scan result notification from interface with index: 3
08-24 10:05:56.104  1649  1649 I hwservicemanager: getTransport: Cannot find entry android.hardware.wifi.supplicant@1.1::ISupplicant/default in either framework or device manifest.
08-24 10:05:56.104  2012  2150 I SupplicantStaIfaceHal: Terminating supplicant using init
08-24 10:05:56.133  2012  2150 D WificondControl: tearing down interfaces in wificond
08-24 10:05:56.145  1769  1769 I android.hardware.wifi@1.0-service: Legacy HAL stop complete callback received
08-24 10:05:56.146  1769  1769 I android.hardware.wifi@1.0-service: Wifi HAL stopped
08-24 10:05:56.150  2012  2150 I WifiVendorHal: Vendor Hal stopped
08-24 10:05:56.150  2012  2150 D WifiClientModeManager: STA iface wlan0 was destroyed, stopping client mode
08-24 10:05:56.150  2012  2150 E SupplicantStaIfaceHal: Can't call setPowerSave, ISupplicantStaIface is null
08-24 10:05:56.150  2012  2150 E SupplicantStaIfaceHal: Can't call setBtCoexistenceMode, ISupplicantStaIface is null
08-24 10:05:56.152  2012  2150 I WifiNative: Successfully torn down Iface:{Name=wlan0,Id=3,Type=STA_CONNECTIVITY}
08-24 10:05:56.153  2012  2150 E HalDevMgr: getAllChipInfo: called but mWifi is null!?
08-24 10:05:56.153  2012  2150 E HalDevMgr: dispatchAvailableForRequestListeners: no chip info found
08-24 10:05:56.153  2012  2150 W HalDevMgr: stopWifi called but mWifi is null!?
08-24 10:05:56.153  2012  2150 I WifiNative: Successfully initiated teardown for iface=wlan0
08-24 10:05:56.153  2012  2150 D WifiClientModeManager: expected stop, not triggering callbacks: newState = 1
08-24 10:05:56.156  2012  2151 W HalDevMgr: isWifiStarted called but mWifi is null!?
08-24 10:05:56.159  2012  2012 D WifiP2pService: Wifi enabled=false, P2P Interface availability=true
08-24 10:05:56.161  2012  2150 E SupplicantStaIfaceHal: Can't call listNetworks, ISupplicantStaIface is null
08-24 10:05:56.161  2012  2150 E SupplicantStaIfaceHal: removeAllNetworks failed, got null networks
08-24 10:05:56.161  2012  2150 E WifiClientModeImpl: Failed to remove networks on exiting connect mode
08-24 10:05:56.161  2012  2150 W WifiDiags: Fail to reset log handler
08-24 10:05:56.169  2689  3812 W Settings: Setting airplane_mode_on has moved from android.provider.Settings.System to android.provider.Settings.Global, returning read-only value.
08-24 10:05:56.198  2012  2150 I android_os_HwBinder: HwBinder: Starting thread pool for getting: android.hardware.wifi@1.0::IWifi/default
08-24 10:05:56.221  1769  1769 I android.hardware.wifi@1.0-service: Wifi HAL started
08-24 10:05:56.222  2012  2150 I WifiVendorHal: Vendor Hal started successfully
08-24 10:05:56.223  2012  2151 I WifiP2pNative: Registering for interface available listener
08-24 10:05:56.243  1769  1769 I android.hardware.wifi@1.0-service: Adding interface handle for wlan0
08-24 10:05:56.243  1769  1769 W android.hardware.wifi@1.0-service: No active wlan interfaces in use! Using default
08-24 10:05:56.243  1769  1769 E android.hardware.wifi@1.0-service: Failed to register radio mode change callback
08-24 10:05:56.243  1769  1769 W android.hardware.wifi@1.0-service: No active wlan interfaces in use! Using default
08-24 10:05:56.276  1769  1769 W libc    : Unable to set property "vendor.wlan.firmware.version" to "1.0": error code: 0x18
08-24 10:05:56.298  1769  1769 W libc    : Unable to set property "vendor.wlan.driver.version" to "1.0": error code: 0x18
08-24 10:05:56.299  1769  1769 I android.hardware.wifi@1.0-service: Configured chip in mode 0
08-24 10:05:56.300  1769  1769 W android.hardware.wifi@1.0-service: No active wlan interfaces in use! Using default
08-24 10:05:56.308  2012  2150 D HalDevMgr: updateRttController: no one is interested in RTT controllers
08-24 10:05:56.308  1769  1769 E android.hardware.wifi@1.0-service: Failed to set DFS flag; DFS channels may be unavailable.
08-24 10:05:56.324  2012  2151 I WifiP2pNative: Registering for interface available listener
08-24 10:05:56.324  2012  2151 D WifiP2pNative: P2P InterfaceAvailableListener true
08-24 10:05:56.324  2012  2151 D WifiP2pService: Wifi enabled=false, P2P Interface availability=true, Number of clients=0
08-24 10:05:56.324  2012  2151 D WifiP2pService: Wifi enabled=false, P2P Interface availability=true
08-24 10:05:56.330  2012  2150 D WificondControl: Setting up interface for client mode
08-24 10:05:56.355  1847  1847 I wificond: create scanner for interface with index: 3
08-24 10:05:56.355  1847  1847 I wificond: subscribe scan result for interface with index: 3
08-24 10:05:56.355  1649  1649 I hwservicemanager: getTransport: Cannot find entry android.hardware.wifi.offload@1.0::IOffload/default in either framework or device manifest.
08-24 10:05:56.355  1847  1847 E wificond: No Offload Service available
08-24 10:05:56.355  1847  1847 I wificond: Offload HAL not supported 
08-24 10:05:56.357  1744  1744 I netd    : interfaceGetCfg("wlan0") <0.21ms>
08-24 10:05:56.358  2012  2150 I WifiNative: Interface state changed on Iface:{Name=wlan0,Id=4,Type=STA_SCAN}, isUp=true
08-24 10:05:56.358  2012  2150 I WifiNative: Successfully setup Iface:{Name=wlan0,Id=4,Type=STA_SCAN}
08-24 10:05:56.358  1649  1649 I hwservicemanager: getTransport: Cannot find entry android.hardware.wifi.supplicant@1.2::ISupplicant/default in either framework or device manifest.
08-24 10:05:56.358  2012  2150 E SupplicantStaIfaceHal: Method getKeyMgmtCapabilities is not supported in existing HAL
08-24 10:05:56.400  2012  2150 D WifiScanOnlyModeManager: entering StartedState
08-24 10:05:56.401  1744  1744 I netd    : interfaceGetCfg("wlan0") <0.17ms>
08-24 10:05:56.401  2012  2150 D WifiScanOnlyModeManager: Wifi is ready to use for scanning
08-24 10:05:56.402  2012  2150 D WakeupController: start()
08-24 10:05:56.402  2012  2150 D WakeupController: Setting active to true
08-24 10:05:56.416  2012  2150 D WakeupLock: Lock set. Number of networks: 0
08-24 10:05:56.417  2012  2150 D WifiActiveModeWarden: scan mode active
08-24 10:05:56.417  2012  2150 D WifiScanRequestProxy: Sending scan available broadcast: true
08-24 10:05:56.419  2012  2150 I WifiScanRequestProxy: Scanning is enabled
08-24 10:05:56.419  2012  2150 I WifiScanRequestProxy: Scanning for hidden networks is disabled
08-24 10:05:56.419  2012  2150 E WifiNative: Could not get Iface object for interface null
08-24 10:05:56.420  2012  2152 E WifiVendorHal: getBgScanCapabilities(l.630) failed {.code = ERROR_NOT_SUPPORTED, .description = }
08-24 10:05:56.426  2012  2150 W SupplicantStaIfaceHal: ISupplicant died: cookie=2
08-24 10:05:56.426  2012  2150 E WifiNative: Could not get Iface object for interface null
08-24 10:05:56.428  2012  2152 I WifiScanningService: wifi driver loaded with scan capabilities: max buckets=16
08-24 10:05:57.818  2186  2186 V StatusBar: mStatusBarWindow: com.android.systemui.statusbar.phone.StatusBarWindowView{87117b2 V.E...... ........ 0,0-1440,3040} canPanelBeCollapsed(): true
08-24 10:05:57.840  2012  3155 I ActivityTaskManager: START u0 {act=android.settings.WIFI_SETTINGS flg=0x14000000 cmp=com.android.settings/.Settings$WifiSettingsActivity} from uid 10107
08-24 10:05:58.087  2012  7345 W system_server: Long monitor contention with owner Binder:2012_11 (3155) at int com.android.server.wm.ActivityStarter.startActivityMayWait(android.app.IApplicationThread, int, java.lang.String, int, int, android.content.Intent, java.lang.String, android.service.voice.IVoiceInteractionSession, com.android.internal.app.IVoiceInteractor, android.os.IBinder, java.lang.String, int, int, android.app.ProfilerInfo, android.app.WaitResult, android.content.res.Configuration, com.android.server.wm.SafeActivityOptions, boolean, int, com.android.server.wm.TaskRecord, java.lang.String, boolean, com.android.server.am.PendingIntentRecord, boolean)(ActivityStarter.java:1217) waiters=1 in void com.android.server.wm.WindowManagerService.statusBarVisibilityChanged(int, int) for 214ms
08-24 10:05:58.088  2012  2247 W system_server: Long monitor contention with owner Binder:2012_11 (3155) at int com.android.server.wm.ActivityStarter.startActivityMayWait(android.app.IApplicationThread, int, java.lang.String, int, int, android.content.Intent, java.lang.String, android.service.voice.IVoiceInteractionSession, com.android.internal.app.IVoiceInteractor, android.os.IBinder, java.lang.String, int, int, android.app.ProfilerInfo, android.app.WaitResult, android.content.res.Configuration, com.android.server.wm.SafeActivityOptions, boolean, int, com.android.server.wm.TaskRecord, java.lang.String, boolean, com.android.server.am.PendingIntentRecord, boolean)(ActivityStarter.java:1217) waiters=2 in int com.android.server.wm.ActivityTaskManagerService.getLockTaskModeState() for 144ms
08-24 10:05:58.093  2012  2247 W InputReader: Device has associated, but no associated display id.
08-24 10:05:58.093  2012  2247 I chatty  : uid=1000(system) Binder:2012_4 identical 18 lines
08-24 10:05:58.093  2012  2247 W InputReader: Device has associated, but no associated display id.
08-24 10:05:58.111  1745  1745 D Zygote  : Forked child process 16890
08-24 10:05:58.113  2012  2045 E system_server: Invalid ID 0x00000000.
08-24 10:05:58.116  2012  2051 I ActivityManager: Start proc 16890:com.android.settings/1000 for activity {com.android.settings/com.android.settings.Settings$WifiSettingsActivity}
08-24 10:05:58.119 16890 16890 W ndroid.setting: Unexpected CPU variant for X86 using defaults: x86
08-24 10:05:58.183  1762 10096 D gralloc_ranchu: gralloc_alloc: Creating ashmem region of size 17514496
08-24 10:05:58.235  2012  2247 W InputReader: Device has associated, but no associated display id.
08-24 10:05:58.244  2012  2247 W ActivityTaskManager: Request to remove task ignored for non-existent task 12
08-24 10:05:58.245  2012  2247 I chatty  : uid=1000(system) Binder:2012_4 identical 28 lines
08-24 10:05:58.245  2012  2247 W InputReader: Device has associated, but no associated display id.
08-24 10:05:58.276 16890 16890 I ndroid.setting: The ClassLoaderContext is a special shared library.
08-24 10:05:58.285 16890 16890 I ndroid.setting: The ClassLoaderContext is a special shared library.
08-24 10:05:58.363  2012  2045 W InputReader: Device has associated, but no associated display id.
08-24 10:05:58.366  2012  2045 I chatty  : uid=1000(system) android.anim identical 18 lines
08-24 10:05:58.366  2012  2045 W InputReader: Device has associated, but no associated display id.
08-24 10:05:58.368  1762 10096 D gralloc_ranchu: gralloc_alloc: Creating ashmem region of size 11210752
08-24 10:05:58.410  1762 10096 D gralloc_ranchu: gralloc_alloc: Creating ashmem region of size 17514496
08-24 10:05:58.485  1779  2063 E SurfaceFlinger: ro.sf.lcd_density must be defined as a build property
08-24 10:05:58.487  1779  2063 E SurfaceFlinger: ro.sf.lcd_density must be defined as a build property
08-24 10:05:58.489 16890 16924 D libEGL  : Emulator has host GPU support, qemu.gles is set to 1.
08-24 10:05:58.520 16890 16924 W libc    : Unable to set property "qemu.gles" to "1": error code: 0x18
08-24 10:05:58.526 16890 16924 D libEGL  : loaded /vendor/lib/egl/libEGL_emulation.so
08-24 10:05:58.532 16890 16924 D libEGL  : loaded /vendor/lib/egl/libGLESv1_CM_emulation.so
08-24 10:05:58.540  2186  2186 D StatusBar: disable<e i a s b h r c s > disable2<q i n >
08-24 10:05:58.546 16890 16924 D libEGL  : loaded /vendor/lib/egl/libGLESv2_emulation.so
08-24 10:05:58.613  2186  2595 D EGL_emulation: eglMakeCurrent: 0x9e735ec0: ver 2 0 (tinfo 0x7d718de0)
08-24 10:05:58.634 16890 16890 D SettingsActivity: Starting onCreate
08-24 10:05:58.675  2186  2595 D EGL_emulation: eglMakeCurrent: 0x9e735ec0: ver 2 0 (tinfo 0x7d718de0)
08-24 10:05:58.705 16890 16890 D SettingsActivity: Starting to set activity title
08-24 10:05:58.707 16890 16890 D SettingsActivity: Done setting title
08-24 10:05:58.707 16890 16890 D SettingsActivity: Switching to fragment com.android.settings.wifi.WifiSettings
08-24 10:05:58.719  2186  2595 D EGL_emulation: eglMakeCurrent: 0x9e735ec0: ver 2 0 (tinfo 0x7d718de0)
08-24 10:05:58.728  2186  2203 I ndroid.systemu: NativeAlloc concurrent copying GC freed 158191(4332KB) AllocSpace objects, 4(208KB) LOS objects, 49% free, 5644KB/11MB, paused 516us total 192.011ms
08-24 10:05:58.765  2186  2186 D StatusBar: disable<e i a s b h r c s > disable2<q i n >
08-24 10:05:58.789  1762 10096 D gralloc_ranchu: gralloc_alloc: Creating ashmem region of size 565248
08-24 10:05:58.798  2186  2595 D EGL_emulation: eglMakeCurrent: 0x9e735ec0: ver 2 0 (tinfo 0x7d718de0)
08-24 10:05:58.818  1762 10096 D gralloc_ranchu: gralloc_alloc: Creating ashmem region of size 565248
08-24 10:05:58.832  2186  2595 D EGL_emulation: eglMakeCurrent: 0x9e735ec0: ver 2 0 (tinfo 0x7d718de0)
08-24 10:05:58.859  2186  2595 D EGL_emulation: eglMakeCurrent: 0x9e735ec0: ver 2 0 (tinfo 0x7d718de0)
08-24 10:05:58.863  1762 10096 D gralloc_ranchu: gralloc_alloc: Creating ashmem region of size 565248
08-24 10:05:58.882  1744  1744 I netd    : trafficSwapActiveStatsMap() <48.63ms>
08-24 10:05:58.886  1744  1744 I netd    : tetherGetStats() <2.25ms>
08-24 10:05:58.973  1744  1744 I netd    : trafficSwapActiveStatsMap() <49.22ms>
08-24 10:05:58.981  1744  1744 I netd    : tetherGetStats() <5.27ms>
08-24 10:05:58.992  1914  1914 E wifi_forwarder: RemoteConnection failed to initialize: RemoteConnection failed to open pipe
08-24 10:05:58.998 16890 16890 D SettingsActivity: Executed frag manager pendingTransactions
08-24 10:05:58.998 16573 16670 D EGL_emulation: eglMakeCurrent: 0x95b1bc20: ver 2 0 (tinfo 0x764472e0)
08-24 10:05:59.000  2186  2595 D EGL_emulation: eglMakeCurrent: 0x9e735ec0: ver 2 0 (tinfo 0x7d718de0)
08-24 10:05:59.074  2012  2150 E WifiNative: Could not get Iface object for interface null
08-24 10:05:59.098  2012  2150 I chatty  : uid=1000(system) ClientModeImpl identical 4 lines
08-24 10:05:59.099  2012  2150 E WifiNative: Could not get Iface object for interface null
08-24 10:05:59.126 16890 16929 W TileUtils: Found com.android.settings.Settings$DataUsageSummaryActivity for intent Intent { act=com.android.settings.action.SETTINGS pkg=com.android.settings } missing metadata com.android.settings.category
08-24 10:05:59.147  2012  7079 D HostConnection: HostConnection::get() New Host Connection established 0x772e49e0, tid 7079
08-24 10:05:59.148  2012  7079 D HostConnection: HostComposition ext ANDROID_EMU_CHECKSUM_HELPER_v1 ANDROID_EMU_dma_v1 ANDROID_EMU_direct_mem ANDROID_EMU_host_composition_v1 ANDROID_EMU_host_composition_v2 ANDROID_EMU_vulkan ANDROID_EMU_deferred_vulkan_commands ANDROID_EMU_vulkan_null_optional_strings ANDROID_EMU_vulkan_create_resources_with_requirements ANDROID_EMU_YUV_Cache ANDROID_EMU_vulkan_ignored_handles ANDROID_EMU_vulkan_free_memory_sync ANDROID_EMU_vulkan_shader_float16_int8 ANDROID_EMU_vulkan_async_queue_submit ANDROID_EMU_sync_buffer_data GL_OES_vertex_array_object GL_KHR_texture_compression_astc_ldr ANDROID_EMU_host_side_tracing ANDROID_EMU_gles_max_version_2 
08-24 10:05:59.155  2012  7079 W OpenGLRenderer: Failed to choose config with EGL_SWAP_BEHAVIOR_PRESERVED, retrying without...
08-24 10:05:59.161  2012  2247 D PackageManager: Instant App installer not found with android.intent.action.INSTALL_INSTANT_APP_PACKAGE
08-24 10:05:59.161  2012  2247 D PackageManager: Clear ephemeral installer activity
08-24 10:05:59.162  2012  2247 D PackageManager: Instant App installer not found with android.intent.action.INSTALL_INSTANT_APP_PACKAGE
08-24 10:05:59.162  2012  2247 D PackageManager: Clear ephemeral installer activity
08-24 10:05:59.162  2012  2247 D PackageManager: Instant App installer not found with android.intent.action.INSTALL_INSTANT_APP_PACKAGE
08-24 10:05:59.163  2012  2247 D PackageManager: Clear ephemeral installer activity
08-24 10:05:59.163  2012  2247 D PackageManager: Instant App installer not found with android.intent.action.INSTALL_INSTANT_APP_PACKAGE
08-24 10:05:59.163  2012  2247 D PackageManager: Clear ephemeral installer activity
08-24 10:05:59.163  2012  2247 D PackageManager: Instant App installer not found with android.intent.action.INSTALL_INSTANT_APP_PACKAGE
08-24 10:05:59.163  2012  2247 D PackageManager: Clear ephemeral installer activity
08-24 10:05:59.164  2012  2247 D PackageManager: Instant App installer not found with android.intent.action.INSTALL_INSTANT_APP_PACKAGE
08-24 10:05:59.164  2012  2247 D PackageManager: Clear ephemeral installer activity
08-24 10:05:59.165  2012  2247 D PackageManager: Instant App installer not found with android.intent.action.INSTALL_INSTANT_APP_PACKAGE
08-24 10:05:59.165  2012  2247 D PackageManager: Clear ephemeral installer activity
08-24 10:05:59.165  2012  2247 D PackageManager: Instant App installer not found with android.intent.action.INSTALL_INSTANT_APP_PACKAGE
08-24 10:05:59.165  2012  2247 D PackageManager: Clear ephemeral installer activity
08-24 10:05:59.177  2012  7079 D EGL_emulation: eglCreateContext: 0x64b533a0: maj 2 min 0 rcv 2
08-24 10:05:59.180  2012  7345 D PackageManager: Instant App installer not found with android.intent.action.INSTALL_INSTANT_APP_PACKAGE
08-24 10:05:59.180  2012  7345 D PackageManager: Clear ephemeral installer activity
08-24 10:05:59.180 16890 16930 D SettingsActivity: Enabled state changed for some tiles, reloading all categories {com.android.settings/com.android.settings.Settings$WifiSettingsActivity},{com.android.settings/com.android.settings.Settings$BluetoothSettingsActivity},{com.android.settings/com.android.settings.Settings$DataUsageSummaryActivity},{com.android.settings/com.android.settings.Settings$ConnectedDeviceDashboardActivity},{com.android.settings/com.android.settings.Settings$PowerUsageSummaryActivity},{com.android.settings/com.android.settings.Settings$UserSettingsActivity},{com.android.settings/com.android.settings.Settings$DevelopmentSettingsDashboardActivity},{com.android.settings/com.android.settings.backup.UserBackupSettingsActivity},{com.android.settings/com.android.settings.Settings$WifiDisplaySettingsActivity},
08-24 10:05:59.182  2012  7079 D EGL_emulation: eglMakeCurrent: 0x64b533a0: ver 2 0 (tinfo 0x95b54a70)
08-24 10:05:59.193 16890 16929 W TileUtils: Found com.android.settings.Settings$DataUsageSummaryActivity for intent Intent { act=com.android.settings.action.SETTINGS pkg=com.android.settings } missing metadata com.android.settings.category
08-24 10:05:59.197  1751  1895 W audio_hw_generic: Not supplying enough data to HAL, expected position 24302020 , only wrote 23643309
08-24 10:05:59.233 16890 16922 D HostConnection: HostConnection::get() New Host Connection established 0x92711e10, tid 16922
08-24 10:05:59.237 16890 16922 D HostConnection: HostComposition ext ANDROID_EMU_CHECKSUM_HELPER_v1 ANDROID_EMU_dma_v1 ANDROID_EMU_direct_mem ANDROID_EMU_host_composition_v1 ANDROID_EMU_host_composition_v2 ANDROID_EMU_vulkan ANDROID_EMU_deferred_vulkan_commands ANDROID_EMU_vulkan_null_optional_strings ANDROID_EMU_vulkan_create_resources_with_requirements ANDROID_EMU_YUV_Cache ANDROID_EMU_vulkan_ignored_handles ANDROID_EMU_vulkan_free_memory_sync ANDROID_EMU_vulkan_shader_float16_int8 ANDROID_EMU_vulkan_async_queue_submit ANDROID_EMU_sync_buffer_data GL_OES_vertex_array_object GL_KHR_texture_compression_astc_ldr ANDROID_EMU_host_side_tracing ANDROID_EMU_gles_max_version_2 
08-24 10:05:59.247 16890 16922 W OpenGLRenderer: Failed to choose config with EGL_SWAP_BEHAVIOR_PRESERVED, retrying without...
08-24 10:05:59.280 16890 16922 D EGL_emulation: eglCreateContext: 0x9e765060: maj 2 min 0 rcv 2
08-24 10:05:59.294 16890 16922 D EGL_emulation: eglMakeCurrent: 0x9e765060: ver 2 0 (tinfo 0x7bae3300)
08-24 10:05:59.307  1762 10096 D gralloc_ranchu: gralloc_alloc: Creating ashmem region of size 17514496
08-24 10:05:59.323  1649  1649 I hwservicemanager: getTransport: Cannot find entry android.hardware.graphics.mapper@3.0::IMapper/default in either framework or device manifest.
08-24 10:05:59.323 16890 16922 W Gralloc3: mapper 3.x is not supported
08-24 10:05:59.367 16890 16922 D HostConnection: createUnique: call
08-24 10:05:59.367 16890 16922 D HostConnection: HostConnection::get() New Host Connection established 0x927157e0, tid 16922
08-24 10:05:59.368 16890 16922 D HostConnection: HostComposition ext ANDROID_EMU_CHECKSUM_HELPER_v1 ANDROID_EMU_dma_v1 ANDROID_EMU_direct_mem ANDROID_EMU_host_composition_v1 ANDROID_EMU_host_composition_v2 ANDROID_EMU_vulkan ANDROID_EMU_deferred_vulkan_commands ANDROID_EMU_vulkan_null_optional_strings ANDROID_EMU_vulkan_create_resources_with_requirements ANDROID_EMU_YUV_Cache ANDROID_EMU_vulkan_ignored_handles ANDROID_EMU_vulkan_free_memory_sync ANDROID_EMU_vulkan_shader_float16_int8 ANDROID_EMU_vulkan_async_queue_submit ANDROID_EMU_sync_buffer_data GL_OES_vertex_array_object GL_KHR_texture_compression_astc_ldr ANDROID_EMU_host_side_tracing ANDROID_EMU_gles_max_version_2 
08-24 10:05:59.368 16890 16922 D eglCodecCommon: allocate: Ask for block of size 0x1000
08-24 10:05:59.368 16890 16922 D eglCodecCommon: allocate: ioctl allocate returned offset 0x3fef39000 size 0x2000
08-24 10:05:59.413  1762 10096 D gralloc_ranchu: gralloc_alloc: Creating ashmem region of size 17514496
08-24 10:05:59.424  1762  1811 D gralloc_ranchu: gralloc_alloc: Creating ashmem region of size 17514496
08-24 10:05:59.456 16890 16922 D EGL_emulation: eglMakeCurrent: 0x9e765060: ver 2 0 (tinfo 0x7bae3300)
08-24 10:05:59.509  2012  2025 I system_server: NativeAlloc concurrent copying GC freed 40965(2173KB) AllocSpace objects, 39(1724KB) LOS objects, 26% free, 16MB/22MB, paused 780us total 216.683ms
08-24 10:05:59.513  2012  2026 W JHwRemoteBinder: BinderProxy is being destroyed but the application did not call unlinkToDeath to unlink all of its death recipients beforehand.  Releasing leaked death recipient: com.android.server.wifi.-$$Lambda$HalDeviceManager$jNAzj5YlVhwJm5NjZ6HiKskQStI
08-24 10:05:59.516  2012  2026 W JHwRemoteBinder: BinderProxy is being destroyed but the application did not call unlinkToDeath to unlink all of its death recipients beforehand.  Releasing leaked death recipient: com.android.server.wifi.-$$Lambda$HalDeviceManager$jNAzj5YlVhwJm5NjZ6HiKskQStI
08-24 10:05:59.662  2012  2049 I ActivityTaskManager: Displayed com.android.settings/.Settings$WifiSettingsActivity: +1s816ms
08-24 10:05:59.711 16573 16573 I AppLifecycleTracker: App transition to background
08-24 10:05:59.712 16573 16573 I chatty  : uid=10139(com.google.android.youtube) identical 1 line
08-24 10:05:59.713 16573 16573 I AppLifecycleTracker: App transition to background
08-24 10:05:59.798  2866  2866 W DiscoveryManager: BroadcastReceiver is already registered
08-24 10:05:59.798  2866 16737 I DiscoveryManager: Filter criteria(233637DE) scannerFlags(2)
08-24 10:05:59.798  2012  3132 W ActivityManager: Permission Denial: Accessing service com.google.android.music/.dial.DialMediaRouteProviderService from pid=16573, uid=10139 that is not exported from uid 10138
08-24 10:05:59.800 16573 16573 I AppLifecycleTracker: App foreground state unchanged: inForeground ? false
08-24 10:05:59.800 16573 16573 I chatty  : uid=10139(com.google.android.youtube) identical 1 line
08-24 10:05:59.800 16573 16573 I AppLifecycleTracker: App foreground state unchanged: inForeground ? false
08-24 10:05:59.826  2866 16737 E DeviceScanner: [BLE] Failed to start scan because Bluetooth is not supported on this device.
08-24 10:06:00.038  2186  2595 D EGL_emulation: eglMakeCurrent: 0x9e735ec0: ver 2 0 (tinfo 0x7d718de0)
08-24 10:06:00.047  2186  2595 D EGL_emulation: eglMakeCurrent: 0x9e735ec0: ver 2 0 (tinfo 0x7d718de0)
08-24 10:06:00.053  2186  2186 D KeyguardClockSwitch: Updating clock: 10î¸06
08-24 10:06:00.067 16573 16573 W MediaRouter: Ignoring invalid provider descriptor: null
08-24 10:06:00.072  2186  2595 D EGL_emulation: eglMakeCurrent: 0x9e735ec0: ver 2 0 (tinfo 0x7d718de0)
08-24 10:06:00.090  2866 12692 I DiscoveryManager: Filter criteria(null) scannerFlags(0)
08-24 10:06:00.093  2866 12692 W GuestModeDeviceProber: setFilterCriteria
08-24 10:06:00.095  2186  2595 D EGL_emulation: eglMakeCurrent: 0x9e735ec0: ver 2 0 (tinfo 0x7d718de0)
08-24 10:06:00.142  2012  3155 I WifiService: releaseMulticastLock uid=10116
08-24 10:06:00.162 16573 16714 W YouTube : Could not register for notifications with InnerTube: 
08-24 10:06:00.162 16573 16714 W YouTube : aahl: java.util.concurrent.ExecutionException: xpy: Precondition check failed.
08-24 10:06:00.162 16573 16714 W YouTube : 	at aahb.b(SourceFile:23)
08-24 10:06:00.162 16573 16714 W YouTube : 	at afyu.run(SourceFile:26)
08-24 10:06:00.162 16573 16714 W YouTube : 	at java.util.concurrent.Executors$RunnableAdapter.call(Executors.java:462)
08-24 10:06:00.162 16573 16714 W YouTube : 	at java.util.concurrent.FutureTask.run(FutureTask.java:266)
08-24 10:06:00.162 16573 16714 W YouTube : 	at java.util.concurrent.ScheduledThreadPoolExecutor$ScheduledFutureTask.run(ScheduledThreadPoolExecutor.java:301)
08-24 10:06:00.162 16573 16714 W YouTube : 	at java.util.concurrent.ThreadPoolExecutor.runWorker(ThreadPoolExecutor.java:1167)
08-24 10:06:00.162 16573 16714 W YouTube : 	at java.util.concurrent.ThreadPoolExecutor$Worker.run(ThreadPoolExecutor.java:641)
08-24 10:06:00.162 16573 16714 W YouTube : 	at wvf.run(SourceFile:12)
08-24 10:06:00.162 16573 16714 W YouTube : 	at java.lang.Thread.run(Thread.java:919)
08-24 10:06:00.162 16573 16714 W YouTube : Caused by: java.util.concurrent.ExecutionException: xpy: Precondition check failed.
08-24 10:06:00.162 16573 16714 W YouTube : 	at anki.b(SourceFile:105)
08-24 10:06:00.162 16573 16714 W YouTube : 	at anki.get(SourceFile:92)
08-24 10:06:00.162 16573 16714 W YouTube : 	at aahb.b(SourceFile:22)
08-24 10:06:00.162 16573 16714 W YouTube : 	... 8 more
08-24 10:06:00.162 16573 16714 W YouTube : Caused by: xpy: Precondition check failed.
08-24 10:06:00.162 16573 16714 W YouTube : 	at aafx.a(SourceFile:7)
08-24 10:06:00.162 16573 16714 W YouTube : 	at xft.a(SourceFile:136)
08-24 10:06:00.162 16573 16714 W YouTube : 	at xft.a(SourceFile:169)
08-24 10:06:00.162 16573 16714 W YouTube : 	at xew.run(Unknown Source:1)
08-24 10:06:00.162 16573 16714 W YouTube : 	... 4 more
08-24 10:06:00.162 16573 16714 W YouTube : Caused by: boa
08-24 10:06:00.162 16573 16714 W YouTube : 	at xft.a(SourceFile:166)
08-24 10:06:00.162 16573 16714 W YouTube : 	... 5 more
08-24 10:06:00.215  2012  2012 I RoleManagerService: Granting default permissions...
08-24 10:06:00.248  2012  2139 I InputReader: Reconfiguring input devices.  changes=0x00000010
08-24 10:06:00.257 16890 16929 W TileUtils: Found com.android.settings.Settings$DataUsageSummaryActivity for intent Intent { act=com.android.settings.action.SETTINGS pkg=com.android.settings } missing metadata com.android.settings.category
08-24 10:06:00.290  2012  2049 E system_server: No package ID 7f found for ID 0x7f080247.
08-24 10:06:00.290  2012  2049 E system_server: No package ID 7f found for ID 0x7f121165.
08-24 10:06:00.292  2012  2049 E system_server: No package ID 7f found for ID 0x7f080246.
08-24 10:06:00.293  2012  2049 E system_server: No package ID 7f found for ID 0x7f1204d9.
08-24 10:06:00.293  2012  2049 E system_server: No package ID 7f found for ID 0x7f080245.
08-24 10:06:00.293  2012  2049 E system_server: No package ID 7f found for ID 0x7f120ad2.
08-24 10:06:00.307  2689 16943 I Fitness : OnPackageChangedOperation got intent: Intent { act=android.intent.action.PACKAGE_CHANGED dat=package:com.android.settings flg=0x45000010 cmp=com.google.android.gms/.chimera.PersistentIntentOperationService (has extras) } [CONTEXT service_id=17 ]
08-24 10:06:00.312  2012  2012 I Telecom : DefaultDialerCache: Refreshing default dialer for user 0: now com.android.dialer: DDC.oR@ARA
08-24 10:06:00.369  2689 16944 I Fitness : FitCleanupIntentOperation received Intent android.intent.action.PACKAGE_CHANGED [CONTEXT service_id=17 ]
08-24 10:06:00.390  2347  2347 D CarrierSvcBindHelper: No carrier app for: 0
08-24 10:06:00.531  2866  2885 W gle.android.gm: Reducing the number of considered missed Gc histogram windows from 162 to 100
08-24 10:06:00.536  2866  2887 W System  : A resource failed to call close. 
08-24 10:06:00.609  2866  3674 I Icing   : IndexChimeraService.getServiceInterface callingPackage=com.google.android.gms componentName=AppsCorpus serviceId=36
08-24 10:06:00.622  2866  9664 W Icing   : No valid account for uploading user actions
08-24 10:06:00.632  2866  3674 I Icing   : IndexChimeraService.getServiceInterface callingPackage=com.google.android.gms componentName=null serviceId=30
08-24 10:06:00.722  1744  1744 I netd    : trafficSwapActiveStatsMap() <68.21ms>
08-24 10:06:00.724  1744  1744 I netd    : tetherGetStats() <1.29ms>
08-24 10:06:00.730  1744  1744 I netd    : bandwidthSetGlobalAlert(2097152) <0.15ms>
08-24 10:06:00.741  2866  9664 I Icing   : Usage reports ok 1, Failed Usage reports 0, indexed 0, rejected 0
08-24 10:06:00.745  2866  9664 W Icing   : No valid account for uploading user actions
08-24 10:06:00.751  2866  9664 I Icing   : Usage reports ok 0, Failed Usage reports 0, indexed 0, rejected 0
08-24 10:06:00.751  2866  9664 I Icing   : Indexing com.google.android.gms-internal.3p:MobileApplication from com.google.android.gms using seqno 84
08-24 10:06:00.773  2866  9664 I Icing   : Indexing com.google.android.gms-apps from com.google.android.gms
08-24 10:06:01.041  2866  9664 I Icing   : Indexing done com.google.android.gms-apps
08-24 10:06:01.498  2012  2049 I RoleUserState: Wrote roles.xml successfully
08-24 10:06:02.472 16890 16890 W SettingsMetricsFeature: action(Pair<Integer, Object>... taggedData) is deprecated, Use action(int, int, int, String, int) instead.
08-24 10:06:02.473  2012  2376 I WifiService: setWifiEnabled package=com.android.settings uid=1000 enable=true
08-24 10:06:02.474  2012  2012 V SettingsProvider: Notifying for 0: content://settings/global/wifi_on
08-24 10:06:02.475  2012  2149 D WifiController: StaEnabledState.enter()
08-24 10:06:02.475  2012  2150 D WifiActiveModeWarden: Switching from ScanOnlyModeActiveState to ClientMode
08-24 10:06:02.475  2012  2150 D WifiScanOnlyModeManager:  currentstate: StartedState
08-24 10:06:02.475  2012  2150 D WifiScanRequestProxy: Sending scan available broadcast: false
08-24 10:06:02.476  2012  2150 I WifiScanRequestProxy: Scanning is disabled
08-24 10:06:02.476  2012  2150 D WifiActiveModeWarden: Entering ClientModeActiveState
08-24 10:06:02.476  2012  2150 D WifiClientModeManager: entering IdleState
08-24 10:06:02.476  2012  2150 D WakeupController: stop()
08-24 10:06:02.479  2012  2152 I WifiScanningService: wifi driver unloaded
08-24 10:06:02.479  1847  1847 W wificond: No pno scan started
08-24 10:06:02.480  1847  1847 E wificond: Receive ERROR message in response to 'stop scheduled scan' request: Operation not supported on transport endpoint
08-24 10:06:02.481  1751  5094 W audio_hw_generic: Not supplying enough data to HAL, expected position 23643328 , only wrote 23643309
08-24 10:06:02.483  1769  1769 W android.hardware.wifi@1.0-service: No active wlan interfaces in use! Using default
08-24 10:06:02.487  1847  1847 I wificond: Unsubscribe scan result for interface with index: 3
08-24 10:06:02.490  2012  2150 D WificondControl: tearing down interfaces in wificond
08-24 10:06:02.492  1769  1769 I android.hardware.wifi@1.0-service: Legacy HAL stop complete callback received
08-24 10:06:02.496  1769  1769 I android.hardware.wifi@1.0-service: Wifi HAL stopped
08-24 10:06:02.497  2012  2150 I WifiVendorHal: Vendor Hal stopped
08-24 10:06:02.497  2012  2150 I WifiNative: Successfully torn down Iface:{Name=wlan0,Id=4,Type=STA_SCAN}
08-24 10:06:02.497  2012  2150 E HalDevMgr: getAllChipInfo: called but mWifi is null!?
08-24 10:06:02.497  2012  2150 E HalDevMgr: dispatchAvailableForRequestListeners: no chip info found
08-24 10:06:02.497  2012  2150 W HalDevMgr: stopWifi called but mWifi is null!?
08-24 10:06:02.497  2012  2150 I WifiNative: Successfully initiated teardown for iface=wlan0
08-24 10:06:02.497  2012  2150 D WifiScanOnlyModeManager: expected stop, not triggering callbacks: state = 1
08-24 10:06:02.497  2012  2151 W HalDevMgr: isWifiStarted called but mWifi is null!?
08-24 10:06:02.497  2012  2150 D WifiActiveModeWarden: State changed from client mode. state = 2
08-24 10:06:02.498  2012  2012 D WifiP2pService: Wifi enabled=false, P2P Interface availability=true
08-24 10:06:02.514  2012  2150 I android_os_HwBinder: HwBinder: Starting thread pool for getting: android.hardware.wifi@1.0::IWifi/default
08-24 10:06:02.532  1769  1769 I android.hardware.wifi@1.0-service: Wifi HAL started
08-24 10:06:02.532  2012  2150 I WifiVendorHal: Vendor Hal started successfully
08-24 10:06:02.533  1649  1649 I hwservicemanager: getTransport: Cannot find entry android.hardware.wifi.supplicant@1.1::ISupplicant/default in either framework or device manifest.
08-24 10:06:02.533  2012  2151 I WifiP2pNative: Registering for interface available listener
08-24 10:06:02.533  2012  2150 I SupplicantStaIfaceHal: Starting supplicant using init
08-24 10:06:02.549  2012  2151 I WifiP2pNative: Registering for interface available listener
08-24 10:06:02.549  2012  2151 D WifiP2pNative: P2P InterfaceAvailableListener true
08-24 10:06:02.549  2012  2151 D WifiP2pService: Wifi enabled=false, P2P Interface availability=true, Number of clients=0
08-24 10:06:02.549  2012  2151 D WifiP2pService: Wifi enabled=false, P2P Interface availability=true
08-24 10:06:02.583 16949 16949 I wpa_supplicant: Processing hidl events on FD 3
08-24 10:06:02.586 16949 16949 I ServiceManagement: Registered android.hardware.wifi.supplicant@1.2::ISupplicant/default (start delay of 45ms)
08-24 10:06:02.586 16949 16949 I wpa_supplicant: Successfully initialized wpa_supplicant
08-24 10:06:02.587 16949 16949 I wpa_supplicant: rfkill: Cannot open RFKILL control device
08-24 10:06:02.713 16949 16949 I wpa_supplicant: rfkill: Cannot get wiphy information
08-24 10:06:02.715  2012  2177 I android_os_HwBinder: HwBinder: Starting thread pool for getting: android.hardware.wifi.supplicant@1.0::ISupplicant/default
08-24 10:06:02.715  2012  2177 I SupplicantStaIfaceHal: Completed initialization of ISupplicant.
08-24 10:06:02.749  1769  1769 I android.hardware.wifi@1.0-service: Adding interface handle for wlan0
08-24 10:06:02.750  1769  1769 W android.hardware.wifi@1.0-service: No active wlan interfaces in use! Using default
08-24 10:06:02.750  1769  1769 E android.hardware.wifi@1.0-service: Failed to register radio mode change callback
08-24 10:06:02.750  1769  1769 W android.hardware.wifi@1.0-service: No active wlan interfaces in use! Using default
08-24 10:06:02.763  1769  1769 W libc    : Unable to set property "vendor.wlan.firmware.version" to "1.0": error code: 0x18
08-24 10:06:02.778  1769  1769 W libc    : Unable to set property "vendor.wlan.driver.version" to "1.0": error code: 0x18
08-24 10:06:02.778  1769  1769 I android.hardware.wifi@1.0-service: Configured chip in mode 0
08-24 10:06:02.778  1769  1769 W android.hardware.wifi@1.0-service: No active wlan interfaces in use! Using default
08-24 10:06:02.785  2012  2150 D HalDevMgr: updateRttController: no one is interested in RTT controllers
08-24 10:06:02.799  1769  1769 E android.hardware.wifi@1.0-service: Failed to set DFS flag; DFS channels may be unavailable.
08-24 10:06:02.814  2012  2150 D WificondControl: Setting up interface for client mode
08-24 10:06:02.816  1847  1847 I wificond: create scanner for interface with index: 3
08-24 10:06:02.816  1847  1847 I wificond: subscribe scan result for interface with index: 3
08-24 10:06:02.816  1649  1649 I hwservicemanager: getTransport: Cannot find entry android.hardware.wifi.offload@1.0::IOffload/default in either framework or device manifest.
08-24 10:06:02.817  1847  1847 E wificond: No Offload Service available
08-24 10:06:02.817  1847  1847 I wificond: Offload HAL not supported 
08-24 10:06:02.818  2012  2150 E SupplicantStaIfaceHal: Can't call setupIface, ISupplicantStaIface is null
08-24 10:06:02.819  1649  1649 I hwservicemanager: getTransport: Cannot find entry android.hardware.wifi.supplicant@1.1::ISupplicant/default in either framework or device manifest.
08-24 10:06:02.834  1649  1649 I hwservicemanager: getTransport: Cannot find entry android.hardware.wifi.supplicant@1.2::ISupplicant/default in either framework or device manifest.
08-24 10:06:02.835  1649  1649 I hwservicemanager: getTransport: Cannot find entry android.hardware.wifi.supplicant@1.1::ISupplicant/default in either framework or device manifest.
08-24 10:06:02.837  1744  1744 I netd    : interfaceGetCfg("wlan0") <0.22ms>
08-24 10:06:02.838  2012  2150 I WifiNative: Interface state changed on Iface:{Name=wlan0,Id=5,Type=STA_CONNECTIVITY}, isUp=true
08-24 10:06:02.839  1744  1744 I netd    : interfaceClearAddrs("wlan0") <0.11ms>
08-24 10:06:02.840  1744  1744 I netd    : interfaceSetIPv6PrivacyExtensions("wlan0", "true") <0.05ms>
08-24 10:06:02.840  1744  1744 I netd    : interfaceSetEnableIPv6("wlan0", "false") <0.05ms>
08-24 10:06:02.840  2012  2150 I WifiNative: Successfully setup Iface:{Name=wlan0,Id=5,Type=STA_CONNECTIVITY}
08-24 10:06:02.841  1649  1649 I hwservicemanager: getTransport: Cannot find entry android.hardware.wifi.supplicant@1.2::ISupplicant/default in either framework or device manifest.
08-24 10:06:02.841  2012  2150 E SupplicantStaIfaceHal: Method getKeyMgmtCapabilities is not supported in existing HAL
08-24 10:06:02.867  2012  2150 D WifiClientModeManager: entering StartedState
08-24 10:06:02.868  1744  1744 I netd    : interfaceGetCfg("wlan0") <0.47ms>
08-24 10:06:02.869  2012  2150 D WifiClientModeManager: Wifi is ready to use for client mode
08-24 10:06:02.869  2012  2150 D WifiActiveModeWarden: State changed from client mode. state = 3
08-24 10:06:02.869  2012  2150 D WifiActiveModeWarden: client mode active
08-24 10:06:02.869  2012  2150 D WifiScanRequestProxy: Sending scan available broadcast: true
08-24 10:06:02.869  2012  2150 I WifiScanRequestProxy: Scanning is enabled
08-24 10:06:02.869  2012  2150 I WifiScanRequestProxy: Scanning for hidden networks is enabled
08-24 10:06:02.870  2012  2150 D WifiClientModeImpl: entering ConnectModeState: ifaceName = wlan0
08-24 10:06:02.870  2012  2150 D WifiClientModeImpl: setupClientMode() ifacename = wlan0
08-24 10:06:02.870  2012  2012 D WifiP2pService: Wifi enabled=true, P2P Interface availability=true, Number of clients=0
08-24 10:06:02.871  2012  2012 D WifiP2pService: Wifi enabled=true, P2P Interface availability=true
08-24 10:06:02.878  2012  3155 I WifiService: startScan uid=1000
08-24 10:06:02.881  2012  2152 E WifiVendorHal: getBgScanCapabilities(l.630) failed {.code = ERROR_NOT_SUPPORTED, .description = }
08-24 10:06:02.883  1744  1744 W ServiceManager: Permission failure: android.permission.NETWORK_STACK from uid=1073 pid=2286
08-24 10:06:02.883  1744  1744 I netd    : interfaceSetEnableIPv6("wlan0", "false") <1.22ms>
08-24 10:06:02.884  1744  1744 W ServiceManager: Permission failure: android.permission.NETWORK_STACK from uid=1073 pid=2286
08-24 10:06:02.884  1744  1744 I netd    : interfaceClearAddrs("wlan0") <0.40ms>
08-24 10:06:02.890  2012  2152 I WifiScanningService: wifi driver loaded with scan capabilities: max buckets=16
08-24 10:06:02.902  2012  2150 D WifiClientModeImpl: Setting OUI to DA-A1-19
08-24 10:06:02.903  2012  2150 D WifiCountryCode: updateCountryCode to US
08-24 10:06:02.904  2012  2150 D WifiCountryCode: Succeeded to set country code to: US
08-24 10:06:02.905  2012  2150 I WifiVendorHal: Driver: 1.0 Firmware: 1.0
08-24 10:06:02.914  2012  2150 E SupplicantStaIfaceHal: ISupplicantStaIface.setPowerSave failed: {.code = FAILURE_UNKNOWN, .debugMessage = }
08-24 10:06:02.916  2012  2150 D WakeupController: reset()
08-24 10:06:02.916  2012  2150 D WakeupController: Setting active to false
08-24 10:06:02.916  2012  2150 D WifiConnectivityHelper: Firmware supported feature set: 19
08-24 10:06:02.916  2012  2150 D WifiConnectivityHelper: Firmware roaming is not supported
08-24 10:06:02.917  2012  2150 I WifiClientModeImpl: disconnectedstate enter
08-24 10:06:05.615  1751  1895 W audio_hw_generic: Not supplying enough data to HAL, expected position 23918098 , only wrote 23781458
08-24 10:06:06.942  2012  2252 D WificondControl: Scan result ready event
08-24 10:06:06.953  2012  2150 D WifiClientModeImpl: CMD_START_CONNECT sup state UninitializedState my state DisconnectedState nid=0 roam=false
08-24 10:06:06.972  2012  2150 I WifiClientModeImpl: Connecting with 02:15:b2:00:00:00 as the mac address
08-24 10:06:06.972  1847  1847 W wificond: Scan is not started. Ignore abort request
08-24 10:06:06.973  2012  2150 D SupplicantStaIfaceHal: connectToNetwork "AndroidWifi"NONE
08-24 10:06:06.973  2012  2150 I SupplicantStaIfaceHal: addSupplicantStaNetwork via HIDL
08-24 10:06:07.113 16949 16949 I wpa_supplicant: wlan0: SME: Trying to authenticate with 02:15:b2:00:01:00 (SSID='AndroidWifi' freq=2447 MHz)
08-24 10:06:07.145  1918  1918 I hostapd : wlan1: STA 02:15:b2:00:00:00 IEEE 802.11: authenticated
08-24 10:06:07.145  1918  1918 I hostapd : wlan1: STA 02:15:b2:00:00:00 IEEE 802.11: authenticated
08-24 10:06:07.147 16949 16949 I wpa_supplicant: wlan0: Trying to associate with 02:15:b2:00:01:00 (SSID='AndroidWifi' freq=2447 MHz)
08-24 10:06:07.152 16890 16890 D WifiSettings: onAccessPointsChanged (WifiTracker) callback initiated
08-24 10:06:07.155 16890 16890 I chatty  : uid=1000(system) com.android.settings identical 1 line
08-24 10:06:07.163 16890 16890 D WifiSettings: onAccessPointsChanged (WifiTracker) callback initiated
08-24 10:06:07.172  1918  1918 I hostapd : wlan1: STA 02:15:b2:00:00:00 IEEE 802.11: associated (aid 1)
08-24 10:06:07.172  1918  1918 I hostapd : wlan1: STA 02:15:b2:00:00:00 IEEE 802.11: associated (aid 1)
08-24 10:06:07.172  1918  1918 I hostapd : wlan1: AP-STA-CONNECTED 02:15:b2:00:00:00
08-24 10:06:07.180 16949 16949 I wpa_supplicant: wlan0: Associated with 02:15:b2:00:01:00
08-24 10:06:07.180 16949 16949 I wpa_supplicant: wlan0: CTRL-EVENT-CONNECTED - Connection to 02:15:b2:00:01:00 completed [id=0 id_str=%7B%22configKey%22%3A%22%5C%22AndroidWifi%5C%22NONE%22%2C%22creatorUid%22%3A%221000%22%7D]
08-24 10:06:07.180 16949 16949 I wpa_supplicant: wlan0: CTRL-EVENT-SUBNET-STATUS-UPDATE status=0
08-24 10:06:07.196  2012  2150 D ConnectivityService: registerNetworkAgent NetworkAgentInfo{ ni{[type: WIFI[], state: CONNECTING/CONNECTING, reason: (unspecified), extra: (none), failover: false, available: true, roaming: false]}  network{103}  nethandle{445787328525}  lp{{LinkAddresses: [ ] DnsAddresses: [ ] Domains: null MTU: 0 Routes: [ ]}}  nc{[ Transports: WIFI Capabilities: NOT_METERED&INTERNET&NOT_RESTRICTED&TRUSTED&NOT_VPN&NOT_ROAMING&FOREGROUND&NOT_CONGESTED&NOT_SUSPENDED LinkUpBandwidth>=1048576Kbps LinkDnBandwidth>=1048576Kbps Specifier: <WifiNetworkAgentSpecifier [WifiConfiguration=, SSID="AndroidWifi", BSSID=02:15:b2:00:01:00, mOriginalRequestorUid=-1, mOriginalRequestorPackageName=]> SSID: "AndroidWifi"]}  Score{20}  everValidated{false}  lastValidated{false}  created{false} lingering{false} explicitlySelected{false} acceptUnvalidated{false} everCaptivePortalDetected{false} lastCaptivePortalDetected{false} captivePortalValidationPending{false} partialConnectivity{false} acceptPartialConnectivity{false} clat{mBaseIface: null, mIface: null, mState: IDLE} }
08-24 10:06:07.235  2012  2153 D ConnectivityService: NetworkAgentInfo [WIFI () - 103] EVENT_NETWORK_INFO_CHANGED, going from null to CONNECTING
08-24 10:06:07.236  2012  2150 E SupplicantStaIfaceHal: ISupplicantStaIface.setPowerSave failed: {.code = FAILURE_UNKNOWN, .debugMessage = }
08-24 10:06:07.284  1744  1744 I netd    : interfaceGetCfg("wlan0") <0.37ms>
08-24 10:06:07.286  1744  1744 I netd    : interfaceGetCfg("wlan0") <0.77ms>
08-24 10:06:07.303  1744  1744 W ServiceManager: Permission failure: android.permission.NETWORK_STACK from uid=1073 pid=2286
08-24 10:06:07.303  1744  1744 I netd    : interfaceSetIPv6PrivacyExtensions("wlan0", "true") <0.78ms>
08-24 10:06:07.304  1744  1744 W ServiceManager: Permission failure: android.permission.NETWORK_STACK from uid=1073 pid=2286
08-24 10:06:07.305  1744  1744 I netd    : setIPv6AddrGenMode("wlan0", 0) <0.97ms>
08-24 10:06:07.306  1744  1744 W ServiceManager: Permission failure: android.permission.NETWORK_STACK from uid=1073 pid=2286
08-24 10:06:07.308  2012  2153 D ConnectivityService: NetworkAgentInfo [WIFI () - 103] EVENT_NETWORK_INFO_CHANGED, going from CONNECTING to CONNECTING
08-24 10:06:07.311  1744  1744 I netd    : interfaceSetEnableIPv6("wlan0", "true") <5.37ms>
08-24 10:06:07.315  1744  1744 W ServiceManager: Permission failure: android.permission.NETWORK_STACK from uid=1073 pid=2286
08-24 10:06:07.316  1744  1744 I netd    : setProcSysNet(4, 2, "wlan0", "retrans_time_ms", "750") <0.99ms>
08-24 10:06:07.320 16890 16890 D WifiSettings: onAccessPointsChanged (WifiTracker) callback initiated
08-24 10:06:07.321  1744  1744 W ServiceManager: Permission failure: android.permission.NETWORK_STACK from uid=1073 pid=2286
08-24 10:06:07.321  1744  1744 I netd    : setProcSysNet(4, 2, "wlan0", "ucast_solicit", "5") <0.39ms>
08-24 10:06:07.322  1744  1744 W ServiceManager: Permission failure: android.permission.NETWORK_STACK from uid=1073 pid=2286
08-24 10:06:07.323  1744  1744 I netd    : setProcSysNet(6, 2, "wlan0", "retrans_time_ms", "750") <0.49ms>
08-24 10:06:07.323  1744  1744 W ServiceManager: Permission failure: android.permission.NETWORK_STACK from uid=1073 pid=2286
08-24 10:06:07.323  1744  1744 I netd    : setProcSysNet(6, 2, "wlan0", "ucast_solicit", "5") <0.31ms>
08-24 10:06:07.326  2012  2153 D ConnectivityService: Adding iface wlan0 to network 103
08-24 10:06:07.327  1744  1744 E Netd    : no such netId 103
08-24 10:06:07.327  1744  1744 I netd    : networkAddInterface(103, "wlan0") -> ServiceSpecificException(64, "Machine is not on the network") <0.09ms>
08-24 10:06:07.330  2012  2153 E ConnectivityService: Exception adding interface: java.lang.IllegalStateException: android.os.ServiceSpecificException: Machine is not on the network (code 64)
08-24 10:06:07.331  1744  1744 E Netd    : no such netId 103
08-24 10:06:07.331  1744  1744 I netd    : networkAddRoute(103, "wlan0", "fe80::/64", "") -> ServiceSpecificException(64, "Machine is not on the network") <0.12ms>
08-24 10:06:07.344 16890 16890 D WifiSettings: onAccessPointsChanged (WifiTracker) callback initiated
08-24 10:06:07.368 16890 16890 D WifiSettings: onAccessPointsChanged (WifiTracker) callback initiated
08-24 10:06:07.393  1744  1744 I netd    : trafficSwapActiveStatsMap() <40.93ms>
08-24 10:06:07.394  2286 16955 D DhcpClient: Receive thread started
08-24 10:06:07.396  1744  1744 I netd    : tetherGetStats() <1.66ms>
08-24 10:06:07.411  2012  2049 E memtrack: Couldn't load memtrack module
08-24 10:06:07.411  2012  2049 W android.os.Debug: failed to get memory consumption info: -1
08-24 10:06:07.412  2286 16952 D DhcpClient: Broadcasting DHCPDISCOVER
08-24 10:06:07.413  2286 16955 D DhcpClient: Received packet: 02:15:b2:00:00:00 OFFER, ip /10.0.2.16, mask /255.255.255.0, DNS servers: /10.0.2.3 , gateways [/10.0.2.2] lease time 86400, domain null
08-24 10:06:07.423  2286 16952 D DhcpClient: Got pending lease: android.net.networkstack.DhcpResults@3675b43 DHCP server /10.0.2.2 Vendor info null lease 86400 seconds Servername 
08-24 10:06:07.431 16890 16890 D WifiSettings: onAccessPointsChanged (WifiTracker) callback initiated
08-24 10:06:07.434  2286  2301 I id.networkstac: WaitForGcToComplete blocked Background on None for 12.174ms
08-24 10:06:07.439  2286 16952 D DhcpClient: Broadcasting DHCPREQUEST ciaddr=0.0.0.0 request=10.0.2.16 serverid=10.0.2.2
08-24 10:06:07.440 16890 16890 D WifiSettings: onAccessPointsChanged (WifiTracker) callback initiated
