08-24 09:48:00.999  3310 15479 I DeviceStateChecker: DeviceStateChecker cancelled
08-24 09:48:05.294  2012  2049 E memtrack: Couldn't load memtrack module
08-24 09:48:05.294  2012  2049 W android.os.Debug: failed to get memory consumption info: -1
08-24 09:48:05.306  2012  2049 E memtrack: Couldn't load memtrack module
08-24 09:48:05.306  2012  2049 W android.os.Debug: failed to get memory consumption info: -1
08-24 09:48:06.003  3310  3701 I MicroDetectionWorker: #startMicroDetector [speakerMode: 0]
08-24 09:48:06.004  3310  3701 W ErrorReporter: reportError [type: 211, code: 393244, bug: 0]: errorCode: 393244, engine: 0
08-24 09:48:06.006  3310  3701 I MicroDetector: Keeping mic open: false
08-24 09:48:06.007  3310  3701 I MicroDetectionWorker: #onError(false)
08-24 09:48:11.011  3310  3701 I MicroDetectionWorker: #startMicroDetector [speakerMode: 0]
08-24 09:48:11.013  3310  3701 W ErrorReporter: reportError [type: 211, code: 393244, bug: 0]: errorCode: 393244, engine: 0
08-24 09:48:11.015  3310  3701 I MicroDetector: Keeping mic open: false
08-24 09:48:11.016  3310  3701 I MicroDetectionWorker: #onError(false)
08-24 09:48:11.016  3310 15479 I DeviceStateChecker: DeviceStateChecker cancelled
08-24 09:48:16.021  3310  3701 I MicroDetectionWorker: #startMicroDetector [speakerMode: 0]
08-24 09:48:16.023  3310  3701 W ErrorReporter: reportError [type: 211, code: 393244, bug: 0]: errorCode: 393244, engine: 0
08-24 09:48:16.025  3310  3701 I MicroDetector: Keeping mic open: false
08-24 09:48:16.025  3310  3701 I MicroDetectionWorker: #onError(false)
08-24 09:48:16.025  3310 15479 I DeviceStateChecker: DeviceStateChecker cancelled
08-24 09:48:21.030  3310  3701 I MicroDetectionWorker: #startMicroDetector [speakerMode: 0]
08-24 09:48:21.032  3310  3701 W ErrorReporter: reportError [type: 211, code: 393244, bug: 0]: errorCode: 393244, engine: 0
08-24 09:48:21.035  3310  3701 I MicroDetector: Keeping mic open: false
08-24 09:48:21.035  3310  3701 I MicroDetectionWorker: #onError(false)
08-24 09:48:22.720 15162 16491 E memtrack: Couldn't load memtrack module
08-24 09:48:22.720 15162 16491 W android.os.Debug: failed to get memory consumption info: -1
08-24 09:48:26.041  3310  3701 I MicroDetectionWorker: #startMicroDetector [speakerMode: 0]
08-24 09:48:26.043  3310  3701 W ErrorReporter: reportError [type: 211, code: 393244, bug: 0]: errorCode: 393244, engine: 0
08-24 09:48:26.045  3310  3701 I MicroDetector: Keeping mic open: false
08-24 09:48:26.046  3310  3701 I MicroDetectionWorker: #onError(false)
08-24 09:48:27.159  2012  2049 E memtrack: Couldn't load memtrack module
08-24 09:48:27.159  2012  2049 W android.os.Debug: failed to get memory consumption info: -1
08-24 09:48:31.049  3310  3701 I MicroDetectionWorker: #startMicroDetector [speakerMode: 0]
08-24 09:48:31.051  3310  3701 W ErrorReporter: reportError [type: 211, code: 393244, bug: 0]: errorCode: 393244, engine: 0
08-24 09:48:31.053  3310  3701 I MicroDetector: Keeping mic open: false
08-24 09:48:31.054  3310  3701 I MicroDetectionWorker: #onError(false)
08-24 09:48:31.114  2012  2428 D WificondControl: Scan result ready event
08-24 09:48:36.059  3310  3701 I MicroDetectionWorker: #startMicroDetector [speakerMode: 0]
08-24 09:48:36.060  3310  3701 W ErrorReporter: reportError [type: 211, code: 393244, bug: 0]: errorCode: 393244, engine: 0
08-24 09:48:36.063  3310  3701 I MicroDetector: Keeping mic open: false
08-24 09:48:36.064  3310  3701 I MicroDetectionWorker: #onError(false)
08-24 09:48:37.299  2012  3155 I ActivityManager: Killing 15247:com.google.android.configupdater/u0a117 (adj 965): empty for 1801s
08-24 09:48:37.299  2012  3155 I ActivityManager: Killing 15009:android.process.media/u0a69 (adj 965): empty for 1801s
08-24 09:48:37.366  1745  1745 I Zygote  : Process 15247 exited due to signal 9 (Killed)
08-24 09:48:37.372  1745  1745 I Zygote  : Process 15009 exited due to signal 9 (Killed)
08-24 09:48:37.385  2012  2052 I libprocessgroup: Successfully killed process cgroup uid 10117 pid 15247 in 84ms
08-24 09:48:37.387  2012  2052 I libprocessgroup: Successfully killed process cgroup uid 10069 pid 15009 in 0ms
08-24 09:48:41.068  3310  3701 I MicroDetectionWorker: #startMicroDetector [speakerMode: 0]
08-24 09:48:41.071  3310  3701 W ErrorReporter: reportError [type: 211, code: 393244, bug: 0]: errorCode: 393244, engine: 0
08-24 09:48:41.073  3310  3701 I MicroDetector: Keeping mic open: false
08-24 09:48:41.073  3310  3701 I MicroDetectionWorker: #onError(false)
08-24 09:48:43.503  2689  3715 W ProcessReaper: Memory state is: 125
08-24 09:48:46.080  3310  3701 I MicroDetectionWorker: #startMicroDetector [speakerMode: 0]
08-24 09:48:46.082  3310  3701 W ErrorReporter: reportError [type: 211, code: 393244, bug: 0]: errorCode: 393244, engine: 0
08-24 09:48:46.083  3310  3701 I MicroDetector: Keeping mic open: false
08-24 09:48:46.083  3310  3701 I MicroDetectionWorker: #onError(false)
08-24 09:48:49.468  1909  1909 E netmgr  : Failed to open QEMU pipe 'qemud:network': Invalid argument
08-24 09:48:51.088  3310  3701 I MicroDetectionWorker: #startMicroDetector [speakerMode: 0]
08-24 09:48:51.089  3310  3701 W ErrorReporter: reportError [type: 211, code: 393244, bug: 0]: errorCode: 393244, engine: 0
08-24 09:48:51.091  3310  3701 I MicroDetector: Keeping mic open: false
08-24 09:48:51.091  3310  3701 I MicroDetectionWorker: #onError(false)
08-24 09:48:56.094  3310  3701 I MicroDetectionWorker: #startMicroDetector [speakerMode: 0]
08-24 09:48:56.096  3310  3701 W ErrorReporter: reportError [type: 211, code: 393244, bug: 0]: errorCode: 393244, engine: 0
08-24 09:48:56.097  3310  3701 I MicroDetector: Keeping mic open: false
08-24 09:48:56.097  3310  3701 I MicroDetectionWorker: #onError(false)
08-24 09:48:57.915 16255 16496 E memtrack: Couldn't load memtrack module
08-24 09:48:57.915 16255 16496 W android.os.Debug: failed to get memory consumption info: -1
08-24 09:48:57.976  1914  1914 E wifi_forwarder: RemoteConnection failed to initialize: RemoteConnection failed to open pipe
08-24 09:49:00.011  2186  2186 D KeyguardClockSwitch: Updating clock: 9î¸49
08-24 09:49:01.103  3310  3701 I MicroDetectionWorker: #startMicroDetector [speakerMode: 0]
08-24 09:49:01.105  3310  3701 W ErrorReporter: reportError [type: 211, code: 393244, bug: 0]: errorCode: 393244, engine: 0
08-24 09:49:01.107  3310  3701 I MicroDetector: Keeping mic open: false
08-24 09:49:01.107  3310  3701 I MicroDetectionWorker: #onError(false)
08-24 09:49:06.113  3310  3701 I MicroDetectionWorker: #startMicroDetector [speakerMode: 0]
08-24 09:49:06.115  3310  3701 W ErrorReporter: reportError [type: 211, code: 393244, bug: 0]: errorCode: 393244, engine: 0
08-24 09:49:06.119  3310  3701 I MicroDetector: Keeping mic open: false
08-24 09:49:06.119  3310  3701 I MicroDetectionWorker: #onError(false)
08-24 09:49:06.120  3310 15469 W DeviceStateChecker: stopped because hotword detection is stopped but cancel is not called.
08-24 09:49:11.124  3310  3701 I MicroDetectionWorker: #startMicroDetector [speakerMode: 0]
08-24 09:49:11.126  3310  3701 W ErrorReporter: reportError [type: 211, code: 393244, bug: 0]: errorCode: 393244, engine: 0
08-24 09:49:11.127  3310  3701 I MicroDetector: Keeping mic open: false
08-24 09:49:11.127  3310  3701 I MicroDetectionWorker: #onError(false)
08-24 09:49:16.133  3310  3701 I MicroDetectionWorker: #startMicroDetector [speakerMode: 0]
08-24 09:49:16.136  3310  3701 W ErrorReporter: reportError [type: 211, code: 393244, bug: 0]: errorCode: 393244, engine: 0
08-24 09:49:16.138  3310  3701 I MicroDetector: Keeping mic open: false
08-24 09:49:16.138  3310  3701 I MicroDetectionWorker: #onError(false)
08-24 09:49:21.145  3310  3701 I MicroDetectionWorker: #startMicroDetector [speakerMode: 0]
08-24 09:49:21.147  3310  3701 W ErrorReporter: reportError [type: 211, code: 393244, bug: 0]: errorCode: 393244, engine: 0
08-24 09:49:21.148  3310  3701 I MicroDetector: Keeping mic open: false
08-24 09:49:21.148  3310  3701 I MicroDetectionWorker: #onError(false)
08-24 09:49:25.914  2689 16437 I Places  : Converted 1 out of 1 WiFi scans
08-24 09:49:25.928  2689 16432 I LogUtils: [Places]: ?: Couldn't find platform key file. [CONTEXT service_id=253 ]
08-24 09:49:25.929  2689 16475 I LogUtils: [Places]: ?: Couldn't find platform key file. [CONTEXT service_id=253 ]
08-24 09:49:25.930  2689 16435 I LogUtils: [Places]: ?: Couldn't find platform key file. [CONTEXT service_id=253 ]
08-24 09:49:25.945  2689 16435 I LogUtils: [Places]: ?: Couldn't find platform key file. [CONTEXT service_id=253 ]
08-24 09:49:25.946  2689 16497 I PlacesLogger: [PlaceInferenceEngine]: No beacon scan available - ignoring candidates. [CONTEXT service_id=253 ]
08-24 09:49:25.975  2689 16475 I LogUtils: [Places]: ?: Couldn't find platform key file. [CONTEXT service_id=253 ]
08-24 09:49:26.153  3310  3701 I MicroDetectionWorker: #startMicroDetector [speakerMode: 0]
08-24 09:49:26.155  3310  3701 W ErrorReporter: reportError [type: 211, code: 393244, bug: 0]: errorCode: 393244, engine: 0
08-24 09:49:26.157  3310  3701 I MicroDetector: Keeping mic open: false
08-24 09:49:26.157  3310  3701 I MicroDetectionWorker: #onError(false)
08-24 09:49:31.161  3310  3701 I MicroDetectionWorker: #startMicroDetector [speakerMode: 0]
08-24 09:49:31.163  3310  3701 W ErrorReporter: reportError [type: 211, code: 393244, bug: 0]: errorCode: 393244, engine: 0
08-24 09:49:31.165  3310  3701 I MicroDetector: Keeping mic open: false
08-24 09:49:31.165  3310  3701 I MicroDetectionWorker: #onError(false)
08-24 09:49:36.171  3310  3701 I MicroDetectionWorker: #startMicroDetector [speakerMode: 0]
08-24 09:49:36.173  3310  3701 W ErrorReporter: reportError [type: 211, code: 393244, bug: 0]: errorCode: 393244, engine: 0
08-24 09:49:36.175  3310  3701 I MicroDetector: Keeping mic open: false
08-24 09:49:36.175  3310  3701 I MicroDetectionWorker: #onError(false)
08-24 09:49:41.178  3310  3701 I MicroDetectionWorker: #startMicroDetector [speakerMode: 0]
08-24 09:49:41.179  3310  3701 W ErrorReporter: reportError [type: 211, code: 393244, bug: 0]: errorCode: 393244, engine: 0
08-24 09:49:41.180  3310  3701 I MicroDetector: Keeping mic open: false
08-24 09:49:41.180  3310  3701 I MicroDetectionWorker: #onError(false)
08-24 09:49:46.186  3310  3701 I MicroDetectionWorker: #startMicroDetector [speakerMode: 0]
08-24 09:49:46.187  3310  3701 W ErrorReporter: reportError [type: 211, code: 393244, bug: 0]: errorCode: 393244, engine: 0
08-24 09:49:46.188  3310  3701 I MicroDetector: Keeping mic open: false
08-24 09:49:46.188  3310  3701 I MicroDetectionWorker: #onError(false)
08-24 09:49:49.486  1909  1909 E netmgr  : Failed to open QEMU pipe 'qemud:network': Invalid argument
08-24 09:49:51.193  3310  3701 I MicroDetectionWorker: #startMicroDetector [speakerMode: 0]
08-24 09:49:51.195  3310  3701 W ErrorReporter: reportError [type: 211, code: 393244, bug: 0]: errorCode: 393244, engine: 0
08-24 09:49:51.197  3310  3701 I MicroDetector: Keeping mic open: false
08-24 09:49:51.197  3310  3701 I MicroDetectionWorker: #onError(false)
08-24 09:49:55.163  2689 16498 E memtrack: Couldn't load memtrack module
08-24 09:49:55.163  2689 16498 W android.os.Debug: failed to get memory consumption info: -1
08-24 09:49:55.310  2012  2049 E memtrack: Couldn't load memtrack module
08-24 09:49:55.311  2012  2049 W android.os.Debug: failed to get memory consumption info: -1
08-24 09:49:56.202  3310  3701 I MicroDetectionWorker: #startMicroDetector [speakerMode: 0]
08-24 09:49:56.204  3310  3701 W ErrorReporter: reportError [type: 211, code: 393244, bug: 0]: errorCode: 393244, engine: 0
08-24 09:49:56.205  3310  3701 I MicroDetector: Keeping mic open: false
08-24 09:49:56.205  3310  3701 I MicroDetectionWorker: #onError(false)
08-24 09:49:58.038  1914  1914 E wifi_forwarder: RemoteConnection failed to initialize: RemoteConnection failed to open pipe
08-24 09:50:00.010  2186  2186 D KeyguardClockSwitch: Updating clock: 9î¸50
08-24 09:50:00.988  2012  2049 E memtrack: Couldn't load memtrack module
08-24 09:50:00.988  2012  2049 W android.os.Debug: failed to get memory consumption info: -1
08-24 09:50:01.211  3310  3701 I MicroDetectionWorker: #startMicroDetector [speakerMode: 0]
08-24 09:50:01.213  3310  3701 W ErrorReporter: reportError [type: 211, code: 393244, bug: 0]: errorCode: 393244, engine: 0
08-24 09:50:01.214  3310  3701 I MicroDetector: Keeping mic open: false
08-24 09:50:01.215  3310  3701 I MicroDetectionWorker: #onError(false)
08-24 09:50:02.135  2866 16499 E memtrack: Couldn't load memtrack module
08-24 09:50:02.135  2866 16499 W android.os.Debug: failed to get memory consumption info: -1
08-24 09:50:06.220  3310  3701 I MicroDetectionWorker: #startMicroDetector [speakerMode: 0]
08-24 09:50:06.222  3310  3701 W ErrorReporter: reportError [type: 211, code: 393244, bug: 0]: errorCode: 393244, engine: 0
08-24 09:50:06.224  3310  3701 I MicroDetector: Keeping mic open: false
08-24 09:50:06.224  3310  3701 I MicroDetectionWorker: #onError(false)
08-24 09:50:11.229  3310  3701 I MicroDetectionWorker: #startMicroDetector [speakerMode: 0]
08-24 09:50:11.231  3310  3701 W ErrorReporter: reportError [type: 211, code: 393244, bug: 0]: errorCode: 393244, engine: 0
08-24 09:50:11.233  3310  3701 I MicroDetector: Keeping mic open: false
08-24 09:50:11.233  3310  3701 I MicroDetectionWorker: #onError(false)
08-24 09:50:16.238  3310  3701 I MicroDetectionWorker: #startMicroDetector [speakerMode: 0]
08-24 09:50:16.240  3310  3701 W ErrorReporter: reportError [type: 211, code: 393244, bug: 0]: errorCode: 393244, engine: 0
08-24 09:50:16.241  3310  3701 I MicroDetector: Keeping mic open: false
08-24 09:50:16.241  3310  3701 I MicroDetectionWorker: #onError(false)
08-24 09:50:21.246  3310  3701 I MicroDetectionWorker: #startMicroDetector [speakerMode: 0]
08-24 09:50:21.248  3310  3701 W ErrorReporter: reportError [type: 211, code: 393244, bug: 0]: errorCode: 393244, engine: 0
08-24 09:50:21.250  3310  3701 I MicroDetector: Keeping mic open: false
08-24 09:50:21.250  3310  3701 I MicroDetectionWorker: #onError(false)
08-24 09:50:26.254  3310  3701 I MicroDetectionWorker: #startMicroDetector [speakerMode: 0]
08-24 09:50:26.256  3310  3701 W ErrorReporter: reportError [type: 211, code: 393244, bug: 0]: errorCode: 393244, engine: 0
08-24 09:50:26.258  3310  3701 I MicroDetector: Keeping mic open: false
08-24 09:50:26.258  3310  3701 I MicroDetectionWorker: #onError(false)
08-24 09:50:31.261  3310  3701 I MicroDetectionWorker: #startMicroDetector [speakerMode: 0]
08-24 09:50:31.262  3310  3701 W ErrorReporter: reportError [type: 211, code: 393244, bug: 0]: errorCode: 393244, engine: 0
08-24 09:50:31.262  3310  3701 I MicroDetector: Keeping mic open: false
08-24 09:50:31.262  3310  3701 I MicroDetectionWorker: #onError(false)
08-24 09:50:35.054  2012  2252 E memtrack: Couldn't load memtrack module
08-24 09:50:35.054  2012  2252 W android.os.Debug: failed to get memory consumption info: -1
08-24 09:50:36.266  3310  3701 I MicroDetectionWorker: #startMicroDetector [speakerMode: 0]
08-24 09:50:36.268  3310  3701 W ErrorReporter: reportError [type: 211, code: 393244, bug: 0]: errorCode: 393244, engine: 0
08-24 09:50:36.271  3310  3701 I MicroDetector: Keeping mic open: false
08-24 09:50:36.272  3310  3701 I MicroDetectionWorker: #onError(false)
08-24 09:50:41.275  3310  3701 I MicroDetectionWorker: #startMicroDetector [speakerMode: 0]
08-24 09:50:41.276  3310  3701 W ErrorReporter: reportError [type: 211, code: 393244, bug: 0]: errorCode: 393244, engine: 0
08-24 09:50:41.278  3310  3701 I MicroDetector: Keeping mic open: false
08-24 09:50:41.278  3310  3701 I MicroDetectionWorker: #onError(false)
08-24 09:50:46.283  3310  3701 I MicroDetectionWorker: #startMicroDetector [speakerMode: 0]
08-24 09:50:46.286  3310  3701 W ErrorReporter: reportError [type: 211, code: 393244, bug: 0]: errorCode: 393244, engine: 0
08-24 09:50:46.288  3310  3701 I MicroDetector: Keeping mic open: false
08-24 09:50:46.288  3310  3701 I MicroDetectionWorker: #onError(false)
08-24 09:50:49.502  1909  1909 E netmgr  : Failed to open QEMU pipe 'qemud:network': Invalid argument
08-24 09:50:51.293  3310  3701 I MicroDetectionWorker: #startMicroDetector [speakerMode: 0]
08-24 09:50:51.295  3310  3701 W ErrorReporter: reportError [type: 211, code: 393244, bug: 0]: errorCode: 393244, engine: 0
08-24 09:50:51.296  3310  3701 I MicroDetector: Keeping mic open: false
08-24 09:50:51.297  3310  3701 I MicroDetectionWorker: #onError(false)
08-24 09:50:51.297  3310 15469 I DeviceStateChecker: DeviceStateChecker cancelled
08-24 09:50:56.305  3310  3701 I MicroDetectionWorker: #startMicroDetector [speakerMode: 0]
08-24 09:50:56.306  3310  3701 W ErrorReporter: reportError [type: 211, code: 393244, bug: 0]: errorCode: 393244, engine: 0
08-24 09:50:56.307  3310  3701 I MicroDetector: Keeping mic open: false
08-24 09:50:56.307  3310  3701 I MicroDetectionWorker: #onError(false)
08-24 09:50:58.100  1914  1914 E wifi_forwarder: RemoteConnection failed to initialize: RemoteConnection failed to open pipe
08-24 09:51:00.013  2186  2186 D KeyguardClockSwitch: Updating clock: 9î¸51
08-24 09:51:01.313  3310  3701 I MicroDetectionWorker: #startMicroDetector [speakerMode: 0]
08-24 09:51:01.315  3310  3701 W ErrorReporter: reportError [type: 211, code: 393244, bug: 0]: errorCode: 393244, engine: 0
08-24 09:51:01.317  3310  3701 I MicroDetector: Keeping mic open: false
08-24 09:51:01.317  3310  3701 I MicroDetectionWorker: #onError(false)
08-24 09:51:06.319  3310  3701 I MicroDetectionWorker: #startMicroDetector [speakerMode: 0]
08-24 09:51:06.320  3310  3701 W ErrorReporter: reportError [type: 211, code: 393244, bug: 0]: errorCode: 393244, engine: 0
08-24 09:51:06.321  3310  3701 I MicroDetector: Keeping mic open: false
08-24 09:51:06.321  3310  3701 I MicroDetectionWorker: #onError(false)
08-24 09:51:11.325  3310  3701 I MicroDetectionWorker: #startMicroDetector [speakerMode: 0]
08-24 09:51:11.328  3310  3701 W ErrorReporter: reportError [type: 211, code: 393244, bug: 0]: errorCode: 393244, engine: 0
08-24 09:51:11.330  3310  3701 I MicroDetector: Keeping mic open: false
08-24 09:51:11.330  3310  3701 I MicroDetectionWorker: #onError(false)
08-24 09:51:16.336  3310  3701 I MicroDetectionWorker: #startMicroDetector [speakerMode: 0]
08-24 09:51:16.337  3310  3701 W ErrorReporter: reportError [type: 211, code: 393244, bug: 0]: errorCode: 393244, engine: 0
08-24 09:51:16.339  3310  3701 I MicroDetector: Keeping mic open: false
08-24 09:51:16.339  3310  3701 I MicroDetectionWorker: #onError(false)
08-24 09:51:21.344  3310  3701 I MicroDetectionWorker: #startMicroDetector [speakerMode: 0]
08-24 09:51:21.346  3310  3701 W ErrorReporter: reportError [type: 211, code: 393244, bug: 0]: errorCode: 393244, engine: 0
08-24 09:51:21.348  3310  3701 I MicroDetector: Keeping mic open: false
08-24 09:51:21.348  3310  3701 I MicroDetectionWorker: #onError(false)
08-24 09:51:26.353  3310  3701 I MicroDetectionWorker: #startMicroDetector [speakerMode: 0]
08-24 09:51:26.355  3310  3701 W ErrorReporter: reportError [type: 211, code: 393244, bug: 0]: errorCode: 393244, engine: 0
08-24 09:51:26.356  3310  3701 I MicroDetector: Keeping mic open: false
08-24 09:51:26.356  3310  3701 I MicroDetectionWorker: #onError(false)
08-24 09:51:31.361  3310  3701 I MicroDetectionWorker: #startMicroDetector [speakerMode: 0]
08-24 09:51:31.363  3310  3701 W ErrorReporter: reportError [type: 211, code: 393244, bug: 0]: errorCode: 393244, engine: 0
08-24 09:51:31.364  3310  3701 I MicroDetector: Keeping mic open: false
08-24 09:51:31.364  3310  3701 I MicroDetectionWorker: #onError(false)
08-24 09:51:31.722  2012  2252 D WificondControl: Scan result ready event
08-24 09:51:36.370  3310  3701 I MicroDetectionWorker: #startMicroDetector [speakerMode: 0]
08-24 09:51:36.371  3310  3701 W ErrorReporter: reportError [type: 211, code: 393244, bug: 0]: errorCode: 393244, engine: 0
08-24 09:51:36.374  3310  3701 I MicroDetector: Keeping mic open: false
08-24 09:51:36.374  3310  3701 I MicroDetectionWorker: #onError(false)
08-24 09:51:36.375  3310 15479 I DeviceStateChecker: DeviceStateChecker cancelled
08-24 09:51:41.321  2012  2049 E memtrack: Couldn't load memtrack module
08-24 09:51:41.321  2012  2049 W android.os.Debug: failed to get memory consumption info: -1
08-24 09:51:41.378  3310  3701 I MicroDetectionWorker: #startMicroDetector [speakerMode: 0]
08-24 09:51:41.380  3310  3701 W ErrorReporter: reportError [type: 211, code: 393244, bug: 0]: errorCode: 393244, engine: 0
08-24 09:51:41.382  3310  3701 I MicroDetector: Keeping mic open: false
08-24 09:51:41.382  3310  3701 I MicroDetectionWorker: #onError(false)
08-24 09:51:46.388  3310  3701 I MicroDetectionWorker: #startMicroDetector [speakerMode: 0]
08-24 09:51:46.390  3310  3701 W ErrorReporter: reportError [type: 211, code: 393244, bug: 0]: errorCode: 393244, engine: 0
08-24 09:51:46.393  3310  3701 I MicroDetector: Keeping mic open: false
08-24 09:51:46.393  3310  3701 I MicroDetectionWorker: #onError(false)
08-24 09:51:46.394  3310 15479 I DeviceStateChecker: DeviceStateChecker cancelled
08-24 09:51:49.518  1909  1909 E netmgr  : Failed to open QEMU pipe 'qemud:network': Invalid argument
08-24 09:51:51.399  3310  3701 I MicroDetectionWorker: #startMicroDetector [speakerMode: 0]
08-24 09:51:51.400  3310  3701 W ErrorReporter: reportError [type: 211, code: 393244, bug: 0]: errorCode: 393244, engine: 0
08-24 09:51:51.405  3310  3701 I MicroDetector: Keeping mic open: false
08-24 09:51:51.405  3310  3701 I MicroDetectionWorker: #onError(false)
08-24 09:51:56.411  3310  3701 I MicroDetectionWorker: #startMicroDetector [speakerMode: 0]
08-24 09:51:56.413  3310  3701 W ErrorReporter: reportError [type: 211, code: 393244, bug: 0]: errorCode: 393244, engine: 0
08-24 09:51:56.416  3310  3701 I MicroDetector: Keeping mic open: false
08-24 09:51:56.416  3310  3701 I MicroDetectionWorker: #onError(false)
08-24 09:51:58.161  1914  1914 E wifi_forwarder: RemoteConnection failed to initialize: RemoteConnection failed to open pipe
08-24 09:52:00.013  2186  2186 D KeyguardClockSwitch: Updating clock: 9î¸52
08-24 09:52:01.421  3310  3701 I MicroDetectionWorker: #startMicroDetector [speakerMode: 0]
08-24 09:52:01.423  3310  3701 W ErrorReporter: reportError [type: 211, code: 393244, bug: 0]: errorCode: 393244, engine: 0
08-24 09:52:01.425  3310  3701 I MicroDetector: Keeping mic open: false
08-24 09:52:01.425  3310  3701 I MicroDetectionWorker: #onError(false)
08-24 09:52:06.429  3310  3701 I MicroDetectionWorker: #startMicroDetector [speakerMode: 0]
08-24 09:52:06.431  3310  3701 W ErrorReporter: reportError [type: 211, code: 393244, bug: 0]: errorCode: 393244, engine: 0
08-24 09:52:06.433  3310  3701 I MicroDetector: Keeping mic open: false
08-24 09:52:06.433  3310  3701 I MicroDetectionWorker: #onError(false)
08-24 09:52:06.433  3310 15479 I DeviceStateChecker: DeviceStateChecker cancelled
08-24 09:52:11.438  3310  3701 I MicroDetectionWorker: #startMicroDetector [speakerMode: 0]
08-24 09:52:11.440  3310  3701 W ErrorReporter: reportError [type: 211, code: 393244, bug: 0]: errorCode: 393244, engine: 0
08-24 09:52:11.441  3310  3701 I MicroDetector: Keeping mic open: false
08-24 09:52:11.441  3310  3701 I MicroDetectionWorker: #onError(false)
08-24 09:52:16.446  3310  3701 I MicroDetectionWorker: #startMicroDetector [speakerMode: 0]
08-24 09:52:16.448  3310  3701 W ErrorReporter: reportError [type: 211, code: 393244, bug: 0]: errorCode: 393244, engine: 0
08-24 09:52:16.450  3310  3701 I MicroDetector: Keeping mic open: false
08-24 09:52:16.450  3310  3701 I MicroDetectionWorker: #onError(false)
08-24 09:52:21.457  3310  3701 I MicroDetectionWorker: #startMicroDetector [speakerMode: 0]
08-24 09:52:21.458  3310  3701 W ErrorReporter: reportError [type: 211, code: 393244, bug: 0]: errorCode: 393244, engine: 0
08-24 09:52:21.460  3310  3701 I MicroDetector: Keeping mic open: false
08-24 09:52:21.461  3310  3701 I MicroDetectionWorker: #onError(false)
08-24 09:52:21.461  3310 15479 W DeviceStateChecker: stopped because hotword detection is stopped but cancel is not called.
08-24 09:52:26.465  3310  3701 I MicroDetectionWorker: #startMicroDetector [speakerMode: 0]
08-24 09:52:26.467  3310  3701 W ErrorReporter: reportError [type: 211, code: 393244, bug: 0]: errorCode: 393244, engine: 0
08-24 09:52:26.470  3310  3701 I MicroDetector: Keeping mic open: false
08-24 09:52:26.470  3310  3701 I MicroDetectionWorker: #onError(false)
08-24 09:52:31.474  3310  3701 I MicroDetectionWorker: #startMicroDetector [speakerMode: 0]
08-24 09:52:31.476  3310  3701 W ErrorReporter: reportError [type: 211, code: 393244, bug: 0]: errorCode: 393244, engine: 0
08-24 09:52:31.479  3310  3701 I MicroDetector: Keeping mic open: false
08-24 09:52:31.479  3310  3701 I MicroDetectionWorker: #onError(false)
08-24 09:52:31.479  3310 15479 W DeviceStateChecker: stopped because hotword detection is stopped but cancel is not called.
08-24 09:52:36.483  3310  3701 I MicroDetectionWorker: #startMicroDetector [speakerMode: 0]
08-24 09:52:36.486  3310  3701 W ErrorReporter: reportError [type: 211, code: 393244, bug: 0]: errorCode: 393244, engine: 0
08-24 09:52:36.489  3310  3701 I MicroDetector: Keeping mic open: false
08-24 09:52:36.489  3310  3701 I MicroDetectionWorker: #onError(false)
08-24 09:52:41.494  3310  3701 I MicroDetectionWorker: #startMicroDetector [speakerMode: 0]
08-24 09:52:41.496  3310  3701 W ErrorReporter: reportError [type: 211, code: 393244, bug: 0]: errorCode: 393244, engine: 0
08-24 09:52:41.498  3310  3701 I MicroDetector: Keeping mic open: false
08-24 09:52:41.498  3310  3701 I MicroDetectionWorker: #onError(false)
08-24 09:52:46.504  3310  3701 I MicroDetectionWorker: #startMicroDetector [speakerMode: 0]
08-24 09:52:46.506  3310  3701 W ErrorReporter: reportError [type: 211, code: 393244, bug: 0]: errorCode: 393244, engine: 0
08-24 09:52:46.507  3310  3701 I MicroDetector: Keeping mic open: false
08-24 09:52:46.507  3310  3701 I MicroDetectionWorker: #onError(false)
08-24 09:52:49.567  1909  1909 E netmgr  : Failed to open QEMU pipe 'qemud:network': Invalid argument
08-24 09:52:51.513  3310  3701 I MicroDetectionWorker: #startMicroDetector [speakerMode: 0]
08-24 09:52:51.514  3310  3701 W ErrorReporter: reportError [type: 211, code: 393244, bug: 0]: errorCode: 393244, engine: 0
08-24 09:52:51.516  3310  3701 I MicroDetector: Keeping mic open: false
08-24 09:52:51.516  3310  3701 I MicroDetectionWorker: #onError(false)
08-24 09:52:56.523  3310  3701 I MicroDetectionWorker: #startMicroDetector [speakerMode: 0]
08-24 09:52:56.525  3310  3701 W ErrorReporter: reportError [type: 211, code: 393244, bug: 0]: errorCode: 393244, engine: 0
08-24 09:52:56.527  3310  3701 I MicroDetector: Keeping mic open: false
08-24 09:52:56.527  3310  3701 I MicroDetectionWorker: #onError(false)
08-24 09:52:58.221  1914  1914 E wifi_forwarder: RemoteConnection failed to initialize: RemoteConnection failed to open pipe
08-24 09:53:00.014  2186  2186 D KeyguardClockSwitch: Updating clock: 9î¸53
08-24 09:53:01.534  3310  3701 I MicroDetectionWorker: #startMicroDetector [speakerMode: 0]
08-24 09:53:01.537  3310  3701 W ErrorReporter: reportError [type: 211, code: 393244, bug: 0]: errorCode: 393244, engine: 0
08-24 09:53:01.538  3310  3701 I MicroDetector: Keeping mic open: false
08-24 09:53:01.538  3310  3701 I MicroDetectionWorker: #onError(false)
08-24 09:53:06.544  3310  3701 I MicroDetectionWorker: #startMicroDetector [speakerMode: 0]
08-24 09:53:06.546  3310  3701 W ErrorReporter: reportError [type: 211, code: 393244, bug: 0]: errorCode: 393244, engine: 0
08-24 09:53:06.548  3310  3701 I MicroDetector: Keeping mic open: false
08-24 09:53:06.548  3310  3701 I MicroDetectionWorker: #onError(false)
08-24 09:53:11.553  3310  3701 I MicroDetectionWorker: #startMicroDetector [speakerMode: 0]
08-24 09:53:11.555  3310  3701 W ErrorReporter: reportError [type: 211, code: 393244, bug: 0]: errorCode: 393244, engine: 0
08-24 09:53:11.557  3310  3701 I MicroDetector: Keeping mic open: false
08-24 09:53:11.557  3310  3701 I MicroDetectionWorker: #onError(false)
08-24 09:53:16.564  3310  3701 I MicroDetectionWorker: #startMicroDetector [speakerMode: 0]
08-24 09:53:16.566  3310  3701 W ErrorReporter: reportError [type: 211, code: 393244, bug: 0]: errorCode: 393244, engine: 0
08-24 09:53:16.567  3310  3701 I MicroDetector: Keeping mic open: false
08-24 09:53:16.567  3310  3701 I MicroDetectionWorker: #onError(false)
08-24 09:53:21.571  3310  3701 I MicroDetectionWorker: #startMicroDetector [speakerMode: 0]
08-24 09:53:21.573  3310  3701 W ErrorReporter: reportError [type: 211, code: 393244, bug: 0]: errorCode: 393244, engine: 0
08-24 09:53:21.574  3310  3701 I MicroDetector: Keeping mic open: false
08-24 09:53:21.574  3310  3701 I MicroDetectionWorker: #onError(false)
08-24 09:53:22.745 15162 16511 E memtrack: Couldn't load memtrack module
08-24 09:53:22.745 15162 16511 W android.os.Debug: failed to get memory consumption info: -1
08-24 09:53:26.580  3310  3701 I MicroDetectionWorker: #startMicroDetector [speakerMode: 0]
08-24 09:53:26.582  3310  3701 W ErrorReporter: reportError [type: 211, code: 393244, bug: 0]: errorCode: 393244, engine: 0
08-24 09:53:26.585  3310  3701 I MicroDetector: Keeping mic open: false
08-24 09:53:26.585  3310  3701 I MicroDetectionWorker: #onError(false)
08-24 09:53:26.586  3310 15479 I DeviceStateChecker: DeviceStateChecker cancelled
08-24 09:53:31.590  3310  3701 I MicroDetectionWorker: #startMicroDetector [speakerMode: 0]
08-24 09:53:31.592  3310  3701 W ErrorReporter: reportError [type: 211, code: 393244, bug: 0]: errorCode: 393244, engine: 0
08-24 09:53:31.594  3310  3701 I MicroDetector: Keeping mic open: false
08-24 09:53:31.594  3310  3701 I MicroDetectionWorker: #onError(false)
08-24 09:53:36.598  3310  3701 I MicroDetectionWorker: #startMicroDetector [speakerMode: 0]
08-24 09:53:36.600  3310  3701 W ErrorReporter: reportError [type: 211, code: 393244, bug: 0]: errorCode: 393244, engine: 0
08-24 09:53:36.603  3310  3701 I MicroDetector: Keeping mic open: false
08-24 09:53:36.603  3310  3701 I MicroDetectionWorker: #onError(false)
08-24 09:53:41.609  3310  3701 I MicroDetectionWorker: #startMicroDetector [speakerMode: 0]
08-24 09:53:41.611  3310  3701 W ErrorReporter: reportError [type: 211, code: 393244, bug: 0]: errorCode: 393244, engine: 0
08-24 09:53:41.613  3310  3701 I MicroDetector: Keeping mic open: false
08-24 09:53:41.613  3310  3701 I MicroDetectionWorker: #onError(false)
08-24 09:53:41.614  3310 15479 I DeviceStateChecker: DeviceStateChecker cancelled
08-24 09:53:46.620  3310  3701 I MicroDetectionWorker: #startMicroDetector [speakerMode: 0]
08-24 09:53:46.622  3310  3701 W ErrorReporter: reportError [type: 211, code: 393244, bug: 0]: errorCode: 393244, engine: 0
08-24 09:53:46.624  3310  3701 I MicroDetector: Keeping mic open: false
08-24 09:53:46.624  3310  3701 I MicroDetectionWorker: #onError(false)
08-24 09:53:49.569  1909  1909 E netmgr  : Failed to open QEMU pipe 'qemud:network': Invalid argument
08-24 09:53:51.630  3310  3701 I MicroDetectionWorker: #startMicroDetector [speakerMode: 0]
08-24 09:53:51.632  3310  3701 W ErrorReporter: reportError [type: 211, code: 393244, bug: 0]: errorCode: 393244, engine: 0
08-24 09:53:51.635  3310  3701 I MicroDetector: Keeping mic open: false
08-24 09:53:51.635  3310  3701 I MicroDetectionWorker: #onError(false)
08-24 09:53:56.640  3310  3701 I MicroDetectionWorker: #startMicroDetector [speakerMode: 0]
08-24 09:53:56.642  3310  3701 W ErrorReporter: reportError [type: 211, code: 393244, bug: 0]: errorCode: 393244, engine: 0
08-24 09:53:56.643  3310  3701 I MicroDetector: Keeping mic open: false
08-24 09:53:56.643  3310  3701 I MicroDetectionWorker: #onError(false)
08-24 09:53:57.913 16255 16513 E memtrack: Couldn't load memtrack module
08-24 09:53:57.913 16255 16513 W android.os.Debug: failed to get memory consumption info: -1
08-24 09:53:58.285  1914  1914 E wifi_forwarder: RemoteConnection failed to initialize: RemoteConnection failed to open pipe
08-24 09:54:00.014  2186  2186 D KeyguardClockSwitch: Updating clock: 9î¸54
08-24 09:54:01.648  3310  3701 I MicroDetectionWorker: #startMicroDetector [speakerMode: 0]
08-24 09:54:01.650  3310  3701 W ErrorReporter: reportError [type: 211, code: 393244, bug: 0]: errorCode: 393244, engine: 0
08-24 09:54:01.653  3310  3701 I MicroDetector: Keeping mic open: false
08-24 09:54:01.653  3310  3701 I MicroDetectionWorker: #onError(false)
08-24 09:54:06.659  3310  3701 I MicroDetectionWorker: #startMicroDetector [speakerMode: 0]
08-24 09:54:06.661  3310  3701 W ErrorReporter: reportError [type: 211, code: 393244, bug: 0]: errorCode: 393244, engine: 0
08-24 09:54:06.663  3310  3701 I MicroDetector: Keeping mic open: false
08-24 09:54:06.663  3310  3701 I MicroDetectionWorker: #onError(false)
08-24 09:54:06.663  3310 15479 I DeviceStateChecker: DeviceStateChecker cancelled
08-24 09:54:11.667  3310  3701 I MicroDetectionWorker: #startMicroDetector [speakerMode: 0]
08-24 09:54:11.668  3310  3701 W ErrorReporter: reportError [type: 211, code: 393244, bug: 0]: errorCode: 393244, engine: 0
08-24 09:54:11.668  3310  3701 I MicroDetector: Keeping mic open: false
08-24 09:54:11.668  3310  3701 I MicroDetectionWorker: #onError(false)
08-24 09:54:11.669  3310 15479 I DeviceStateChecker: DeviceStateChecker cancelled
08-24 09:54:16.672  3310  3701 I MicroDetectionWorker: #startMicroDetector [speakerMode: 0]
08-24 09:54:16.674  3310  3701 W ErrorReporter: reportError [type: 211, code: 393244, bug: 0]: errorCode: 393244, engine: 0
08-24 09:54:16.676  3310  3701 I MicroDetector: Keeping mic open: false
08-24 09:54:16.677  3310 15479 I DeviceStateChecker: DeviceStateChecker cancelled
08-24 09:54:16.677  3310  3701 I MicroDetectionWorker: #onError(false)
08-24 09:54:21.682  3310  3701 I MicroDetectionWorker: #startMicroDetector [speakerMode: 0]
08-24 09:54:21.683  3310  3701 W ErrorReporter: reportError [type: 211, code: 393244, bug: 0]: errorCode: 393244, engine: 0
08-24 09:54:21.686  3310  3701 I MicroDetector: Keeping mic open: false
08-24 09:54:21.687  3310  3701 I MicroDetectionWorker: #onError(false)
08-24 09:54:25.953  2689 16437 I Places  : Converted 0 out of 1 WiFi scans
08-24 09:54:25.972  2689 16497 I LogUtils: [Places]: ?: Couldn't find platform key file. [CONTEXT service_id=253 ]
08-24 09:54:25.973  2689 16497 I LogUtils: [Places]: ?: Couldn't find platform key file. [CONTEXT service_id=253 ]
08-24 09:54:25.972  2689 16437 I PlacesLogger: [PlaceInferenceEngine]: [anon] Changed inference mode: 1 [CONTEXT service_id=253 ]
08-24 09:54:25.975  2689 16475 I LogUtils: [Places]: ?: Couldn't find platform key file. [CONTEXT service_id=253 ]
08-24 09:54:25.986  2689 16497 I PlacesLogger: [PlaceInferenceEngine]: No beacon scan available - ignoring candidates. [CONTEXT service_id=253 ]
08-24 09:54:25.988  2689 16475 I LogUtils: [Places]: ?: Couldn't find platform key file. [CONTEXT service_id=253 ]
08-24 09:54:26.015  2689 16497 I LogUtils: [Places]: ?: Couldn't find platform key file. [CONTEXT service_id=253 ]
08-24 09:54:26.693  3310  3701 I MicroDetectionWorker: #startMicroDetector [speakerMode: 0]
08-24 09:54:26.695  3310  3701 W ErrorReporter: reportError [type: 211, code: 393244, bug: 0]: errorCode: 393244, engine: 0
08-24 09:54:26.696  3310  3701 I MicroDetector: Keeping mic open: false
08-24 09:54:26.696  3310  3701 I MicroDetectionWorker: #onError(false)
08-24 09:54:28.503  2689 16497 I NetworkScheduler.Stats: Task com.google.android.gms/com.google.android.gms.checkin.CheckinService started execution. cause:4 exec_start_elapsed_seconds: 48014 [CONTEXT service_id=218 ]
08-24 09:54:28.511  2689 16475 I NetworkScheduler.Stats: Task com.google.android.gms/com.google.android.gms.checkin.CheckinService finished executing. cause:4 result: 3 elapsed_millis: 56 uptime_millis: 56 exec_start_elapsed_seconds: 48014 [CONTEXT service_id=218 ]
08-24 09:54:31.702  3310  3701 I MicroDetectionWorker: #startMicroDetector [speakerMode: 0]
08-24 09:54:31.703  3310  3701 W ErrorReporter: reportError [type: 211, code: 393244, bug: 0]: errorCode: 393244, engine: 0
08-24 09:54:31.705  3310  3701 I MicroDetector: Keeping mic open: false
08-24 09:54:31.705  3310  3701 I MicroDetectionWorker: #onError(false)
08-24 09:54:32.337  2012  2376 D WificondControl: Scan result ready event
08-24 09:54:36.711  3310  3701 I MicroDetectionWorker: #startMicroDetector [speakerMode: 0]
08-24 09:54:36.714  3310  3701 W ErrorReporter: reportError [type: 211, code: 393244, bug: 0]: errorCode: 393244, engine: 0
08-24 09:54:36.715  3310  3701 I MicroDetector: Keeping mic open: false
08-24 09:54:36.715  3310  3701 I MicroDetectionWorker: #onError(false)
08-24 09:54:41.720  3310  3701 I MicroDetectionWorker: #startMicroDetector [speakerMode: 0]
08-24 09:54:41.722  3310  3701 W ErrorReporter: reportError [type: 211, code: 393244, bug: 0]: errorCode: 393244, engine: 0
08-24 09:54:41.723  3310  3701 I MicroDetector: Keeping mic open: false
08-24 09:54:41.723  3310  3701 I MicroDetectionWorker: #onError(false)
08-24 09:54:46.729  3310  3701 I MicroDetectionWorker: #startMicroDetector [speakerMode: 0]
08-24 09:54:46.731  3310  3701 W ErrorReporter: reportError [type: 211, code: 393244, bug: 0]: errorCode: 393244, engine: 0
08-24 09:54:46.733  3310  3701 I MicroDetector: Keeping mic open: false
08-24 09:54:46.734  3310  3701 I MicroDetectionWorker: #onError(false)
08-24 09:54:49.585  1909  1909 E netmgr  : Failed to open QEMU pipe 'qemud:network': Invalid argument
08-24 09:54:51.739  3310  3701 I MicroDetectionWorker: #startMicroDetector [speakerMode: 0]
08-24 09:54:51.741  3310  3701 W ErrorReporter: reportError [type: 211, code: 393244, bug: 0]: errorCode: 393244, engine: 0
08-24 09:54:51.744  3310  3701 I MicroDetector: Keeping mic open: false
08-24 09:54:51.744  3310  3701 I MicroDetectionWorker: #onError(false)
08-24 09:54:51.745  3310 15479 W DeviceStateChecker: stopped because hotword detection is stopped but cancel is not called.
08-24 09:54:55.159  2689 16517 E memtrack: Couldn't load memtrack module
08-24 09:54:55.159  2689 16517 W android.os.Debug: failed to get memory consumption info: -1
08-24 09:54:56.749  3310  3701 I MicroDetectionWorker: #startMicroDetector [speakerMode: 0]
08-24 09:54:56.752  3310  3701 W ErrorReporter: reportError [type: 211, code: 393244, bug: 0]: errorCode: 393244, engine: 0
08-24 09:54:56.753  3310  3701 I MicroDetector: Keeping mic open: false
08-24 09:54:56.754  3310  3701 I MicroDetectionWorker: #onError(false)
08-24 09:54:58.347  1914  1914 E wifi_forwarder: RemoteConnection failed to initialize: RemoteConnection failed to open pipe
08-24 09:55:00.013  2186  2186 D KeyguardClockSwitch: Updating clock: 9î¸55
08-24 09:55:01.759  3310  3701 I MicroDetectionWorker: #startMicroDetector [speakerMode: 0]
08-24 09:55:01.761  3310  3701 W ErrorReporter: reportError [type: 211, code: 393244, bug: 0]: errorCode: 393244, engine: 0
08-24 09:55:01.764  3310  3701 I MicroDetector: Keeping mic open: false
08-24 09:55:01.764  3310  3701 I MicroDetectionWorker: #onError(false)
08-24 09:55:02.151  2866 16518 E memtrack: Couldn't load memtrack module
08-24 09:55:02.151  2866 16518 W android.os.Debug: failed to get memory consumption info: -1
08-24 09:55:06.769  3310  3701 I MicroDetectionWorker: #startMicroDetector [speakerMode: 0]
08-24 09:55:06.771  3310  3701 W ErrorReporter: reportError [type: 211, code: 393244, bug: 0]: errorCode: 393244, engine: 0
08-24 09:55:06.773  3310  3701 I MicroDetector: Keeping mic open: false
08-24 09:55:06.774  3310  3701 I MicroDetectionWorker: #onError(false)
08-24 09:55:06.774  3310 15479 I DeviceStateChecker: DeviceStateChecker cancelled
08-24 09:55:11.778  3310  3701 I MicroDetectionWorker: #startMicroDetector [speakerMode: 0]
08-24 09:55:11.780  3310  3701 W ErrorReporter: reportError [type: 211, code: 393244, bug: 0]: errorCode: 393244, engine: 0
08-24 09:55:11.782  3310  3701 I MicroDetector: Keeping mic open: false
08-24 09:55:11.783  3310  3701 I MicroDetectionWorker: #onError(false)
08-24 09:55:16.787  3310  3701 I MicroDetectionWorker: #startMicroDetector [speakerMode: 0]
08-24 09:55:16.789  3310  3701 W ErrorReporter: reportError [type: 211, code: 393244, bug: 0]: errorCode: 393244, engine: 0
08-24 09:55:16.791  3310  3701 I MicroDetector: Keeping mic open: false
08-24 09:55:16.791  3310  3701 I MicroDetectionWorker: #onError(false)
08-24 09:55:16.791  3310 15479 I DeviceStateChecker: DeviceStateChecker cancelled
08-24 09:55:21.795  3310  3701 I MicroDetectionWorker: #startMicroDetector [speakerMode: 0]
08-24 09:55:21.797  3310  3701 W ErrorReporter: reportError [type: 211, code: 393244, bug: 0]: errorCode: 393244, engine: 0
08-24 09:55:21.799  3310  3701 I MicroDetector: Keeping mic open: false
08-24 09:55:21.799  3310  3701 I MicroDetectionWorker: #onError(false)
08-24 09:55:21.799  3310 15479 I DeviceStateChecker: DeviceStateChecker cancelled
08-24 09:55:26.804  3310  3701 I MicroDetectionWorker: #startMicroDetector [speakerMode: 0]
08-24 09:55:26.807  3310  3701 W ErrorReporter: reportError [type: 211, code: 393244, bug: 0]: errorCode: 393244, engine: 0
08-24 09:55:26.810  3310  3701 I MicroDetector: Keeping mic open: false
08-24 09:55:26.810  3310  3701 I MicroDetectionWorker: #onError(false)
08-24 09:55:30.915  2689  2689 W GCM     : Heartbeat timeout, GCM connection reset -5
08-24 09:55:30.938  2689 16519 E WakeLock: GCM_HB_ALARM release without a matched acquire!
08-24 09:55:30.938  2689 16519 W WakeLock: GCM_HB_ALARM counter does not exist
08-24 09:55:30.951  2012  2153 D ConnectivityService: reportNetworkConnectivity(101, false) by 10116
08-24 09:55:30.952  2286  3390 D NetworkMonitor/101: Forcing reevaluation for UID 10116. Dns signal count: 0
08-24 09:55:31.127  2286 16523 D NetworkMonitor/101: PROBE_DNS connectivitycheck.gstatic.com 171ms OK 142.250.71.3,2404:6800:4009:821::2003
08-24 09:55:31.139  2286 16522 D NetworkMonitor/101: PROBE_DNS www.google.com 184ms OK 172.217.31.196,2404:6800:4007:824::2004
08-24 09:55:31.175  2286 16523 D NetworkMonitor/101: PROBE_HTTP http://connectivitycheck.gstatic.com/generate_204 time=42ms ret=204 request={Connection=[close], User-Agent=[Mozilla/5.0 (X11; Linux x86_64) AppleWebKit/537.36 (KHTML, like Gecko) Chrome/60.0.3112.32 Safari/537.36]} headers={null=[HTTP/1.1 204 No Content], Connection=[close], Content-Length=[0], Cross-Origin-Resource-Policy=[cross-origin], Date=[Wed, 24 Aug 2022 04:25:32 GMT], X-Android-Received-Millis=[1661315131174], X-Android-Response-Source=[NETWORK 204], X-Android-Selected-Protocol=[http/1.1], X-Android-Sent-Millis=[1661315131160]}
08-24 09:55:31.203  2689 16528 I NetworkManagementSocketTagger: tagSocketFd(-1, 536871943, -1) failed with errno-9
08-24 09:55:31.248  2286 16522 D NetworkMonitor/101: PROBE_HTTPS https://www.google.com/generate_204 time=104ms ret=204 request={Connection=[close], User-Agent=[Mozilla/5.0 (X11; Linux x86_64) AppleWebKit/537.36 (KHTML, like Gecko) Chrome/60.0.3112.32 Safari/537.36]} headers={null=[HTTP/1.1 204 No Content], Alt-Svc=[h3=":443"; ma=2592000,h3-29=":443"; ma=2592000,h3-Q050=":443"; ma=2592000,h3-Q046=":443"; ma=2592000,h3-Q043=":443"; ma=2592000,quic=":443"; ma=2592000; v="46,43"], Connection=[close], Content-Length=[0], Cross-Origin-Resource-Policy=[cross-origin], Date=[Wed, 24 Aug 2022 04:25:32 GMT], X-Android-Received-Millis=[1661315131247], X-Android-Response-Source=[NETWORK 204], X-Android-Selected-Protocol=[http/1.1], X-Android-Sent-Millis=[1661315131235]}
08-24 09:55:31.255  2012  2050 W BroadcastQueue: Background execution not allowed: receiving Intent { act=android.net.conn.NETWORK_CONDITIONS_MEASURED flg=0x10 (has extras) } to com.google.android.gms/.chimera.GmsIntentOperationService$PersistentTrustedReceiver
08-24 09:55:31.256  2286 16521 D NetworkMonitor/101: isCaptivePortal: isSuccessful()=true isPortal()=false RedirectUrl=null isPartialConnectivity()=false Time=295ms
08-24 09:55:31.259  2012  2153 D ConnectivityService: NetworkAgentInfo [WIFI () - 101] validation passed
08-24 09:55:31.814  3310  3701 I MicroDetectionWorker: #startMicroDetector [speakerMode: 0]
08-24 09:55:31.816  3310  3701 W ErrorReporter: reportError [type: 211, code: 393244, bug: 0]: errorCode: 393244, engine: 0
08-24 09:55:31.819  3310  3701 I MicroDetector: Keeping mic open: false
08-24 09:55:31.819  3310  3701 I MicroDetectionWorker: #onError(false)
08-24 09:55:35.182  2012  2376 E memtrack: Couldn't load memtrack module
08-24 09:55:35.182  2012  2376 W android.os.Debug: failed to get memory consumption info: -1
08-24 09:55:36.824  3310  3701 I MicroDetectionWorker: #startMicroDetector [speakerMode: 0]
08-24 09:55:36.825  3310  3701 W ErrorReporter: reportError [type: 211, code: 393244, bug: 0]: errorCode: 393244, engine: 0
08-24 09:55:36.827  3310  3701 I MicroDetector: Keeping mic open: false
08-24 09:55:36.828  3310  3701 I MicroDetectionWorker: #onError(false)
08-24 09:55:36.828  3310 15479 W DeviceStateChecker: stopped because hotword detection is stopped but cancel is not called.
08-24 09:55:41.834  3310  3701 I MicroDetectionWorker: #startMicroDetector [speakerMode: 0]
08-24 09:55:41.837  3310  3701 W ErrorReporter: reportError [type: 211, code: 393244, bug: 0]: errorCode: 393244, engine: 0
08-24 09:55:41.838  3310  3701 I MicroDetector: Keeping mic open: false
08-24 09:55:41.839  3310  3701 I MicroDetectionWorker: #onError(false)
08-24 09:55:46.844  3310  3701 I MicroDetectionWorker: #startMicroDetector [speakerMode: 0]
08-24 09:55:46.846  3310  3701 W ErrorReporter: reportError [type: 211, code: 393244, bug: 0]: errorCode: 393244, engine: 0
08-24 09:55:46.848  3310  3701 I MicroDetector: Keeping mic open: false
08-24 09:55:46.848  3310  3701 I MicroDetectionWorker: #onError(false)
08-24 09:55:49.586  1909  1909 E netmgr  : Failed to open QEMU pipe 'qemud:network': Invalid argument
08-24 09:55:51.853  3310  3701 I MicroDetectionWorker: #startMicroDetector [speakerMode: 0]
08-24 09:55:51.855  3310  3701 W ErrorReporter: reportError [type: 211, code: 393244, bug: 0]: errorCode: 393244, engine: 0
08-24 09:55:51.857  3310  3701 I MicroDetector: Keeping mic open: false
08-24 09:55:51.857  3310  3701 I MicroDetectionWorker: #onError(false)
08-24 09:55:56.863  3310  3701 I MicroDetectionWorker: #startMicroDetector [speakerMode: 0]
08-24 09:55:56.865  3310  3701 W ErrorReporter: reportError [type: 211, code: 393244, bug: 0]: errorCode: 393244, engine: 0
08-24 09:55:56.867  3310  3701 I MicroDetector: Keeping mic open: false
08-24 09:55:56.867  3310  3701 I MicroDetectionWorker: #onError(false)
08-24 09:55:56.868  3310 15479 W DeviceStateChecker: stopped because hotword detection is stopped but cancel is not called.
08-24 09:55:58.409  1914  1914 E wifi_forwarder: RemoteConnection failed to initialize: RemoteConnection failed to open pipe
08-24 09:56:00.015  2186  2186 D KeyguardClockSwitch: Updating clock: 9î¸56
08-24 09:56:01.871  3310  3701 I MicroDetectionWorker: #startMicroDetector [speakerMode: 0]
08-24 09:56:01.873  3310  3701 W ErrorReporter: reportError [type: 211, code: 393244, bug: 0]: errorCode: 393244, engine: 0
08-24 09:56:01.874  3310  3701 I MicroDetector: Keeping mic open: false
08-24 09:56:01.875  3310  3701 I MicroDetectionWorker: #onError(false)
08-24 09:56:06.879  3310  3701 I MicroDetectionWorker: #startMicroDetector [speakerMode: 0]
08-24 09:56:06.881  3310  3701 W ErrorReporter: reportError [type: 211, code: 393244, bug: 0]: errorCode: 393244, engine: 0
08-24 09:56:06.884  3310  3701 I MicroDetector: Keeping mic open: false
08-24 09:56:06.884  3310  3701 I MicroDetectionWorker: #onError(false)
08-24 09:56:11.889  3310  3701 I MicroDetectionWorker: #startMicroDetector [speakerMode: 0]
08-24 09:56:11.891  3310  3701 W ErrorReporter: reportError [type: 211, code: 393244, bug: 0]: errorCode: 393244, engine: 0
08-24 09:56:11.893  3310  3701 I MicroDetector: Keeping mic open: false
08-24 09:56:11.893  3310  3701 I MicroDetectionWorker: #onError(false)
08-24 09:56:11.893  3310 15479 I DeviceStateChecker: DeviceStateChecker cancelled
08-24 09:56:16.898  3310  3701 I MicroDetectionWorker: #startMicroDetector [speakerMode: 0]
08-24 09:56:16.900  3310  3701 W ErrorReporter: reportError [type: 211, code: 393244, bug: 0]: errorCode: 393244, engine: 0
08-24 09:56:16.903  3310  3701 I MicroDetector: Keeping mic open: false
08-24 09:56:16.903  3310  3701 I MicroDetectionWorker: #onError(false)
08-24 09:56:21.908  3310  3701 I MicroDetectionWorker: #startMicroDetector [speakerMode: 0]
08-24 09:56:21.910  3310  3701 W ErrorReporter: reportError [type: 211, code: 393244, bug: 0]: errorCode: 393244, engine: 0
08-24 09:56:21.911  3310  3701 I MicroDetector: Keeping mic open: false
08-24 09:56:21.912  3310  3701 I MicroDetectionWorker: #onError(false)
08-24 09:56:26.917  3310  3701 I MicroDetectionWorker: #startMicroDetector [speakerMode: 0]
08-24 09:56:26.919  3310  3701 W ErrorReporter: reportError [type: 211, code: 393244, bug: 0]: errorCode: 393244, engine: 0
08-24 09:56:26.920  3310  3701 I MicroDetector: Keeping mic open: false
08-24 09:56:26.920  3310  3701 I MicroDetectionWorker: #onError(false)
08-24 09:56:31.926  3310  3701 I MicroDetectionWorker: #startMicroDetector [speakerMode: 0]
08-24 09:56:31.927  3310  3701 W ErrorReporter: reportError [type: 211, code: 393244, bug: 0]: errorCode: 393244, engine: 0
08-24 09:56:31.929  3310  3701 I MicroDetector: Keeping mic open: false
08-24 09:56:31.930  3310  3701 I MicroDetectionWorker: #onError(false)
08-24 09:56:36.934  3310  3701 I MicroDetectionWorker: #startMicroDetector [speakerMode: 0]
08-24 09:56:36.936  3310  3701 W ErrorReporter: reportError [type: 211, code: 393244, bug: 0]: errorCode: 393244, engine: 0
08-24 09:56:36.939  3310  3701 I MicroDetector: Keeping mic open: false
