08-24 10:06:25.357  2514 17006 D EGL_emulation: eglMakeCurrent: 0x7af4c5e0: ver 2 0 (tinfo 0x7b7c2e60)
08-24 10:06:25.454  2514  3415 I SP      : <==== Finishing job {m:b, bg}, 888 ms. elapsed since start
08-24 10:06:25.455  2514  3415 I SP      : Download stopped: manifests:emoji-predictor-20190205, succeeded, size: 588
08-24 10:06:25.468  2689 16225 I NetworkScheduler.Stats: Task com.google.android.inputmethod.latin/ finished executing. cause:7 result: 1 elapsed_millis: 954 uptime_millis: 954 exec_start_elapsed_seconds: 48730 [CONTEXT service_id=218 ]
08-24 10:06:25.663 16890 16890 D AutofillManager: onActivityFinishing(): calling cancelLocked()
08-24 10:06:25.795  2514  3415 I SP      : Successfully got manifest for emoji-manifest: manifests:emoji-20
08-24 10:06:25.827  2514  3415 I SP      : Successfully got manifest for next-word-predictor-manifest: manifests:next-word-predictor-20180920
08-24 10:06:25.967  2514  3415 I SP      : Successfully got manifest for emoji-predictor-manifest: manifests:emoji-predictor-20190205
08-24 10:06:26.013  2514  3415 I EmojiSlicingStrategy: matchEnabledLocalesWithPackLocales() : User enabled 1 locales; returning 1 slices
08-24 10:06:26.014  2514  3415 I SP      : Syncing emoji (20) with slices: [{56f61e93403a5c80d23070b28785cecd, m:*}], metadata: false
08-24 10:06:26.020  2514  3415 I SP      : Sync for bundled_emoji succeeded in 1171 ms: {added: [442dd7424a2b73ebe817b5223ec48db9], metadata: false
08-24 10:06:26.148  2514  3415 I SP      : Scheduling job with delay of 0s for {m:b, bg}, 1 candidates
08-24 10:06:26.215  2514  3415 I SP      : Scheduling: download registered, 0 started, 0 paused, 1 scheduled, 1 pending: emoji:56f61e93403a5c80d23070b28785cecd * {m:b, bg}
08-24 10:06:26.225  2514  3415 I SP      : Syncing next-word-predictor (20180920) with slices: [pie-nwp-20180807, tflite-nwp-20180920], metadata: false
08-24 10:06:26.314  2514  2514 I SP      : ====> Starting job {m:b, bg}
08-24 10:06:26.356  2689 16225 I NetworkScheduler.Stats: Task com.google.android.inputmethod.latin/ started execution. cause:7 exec_start_elapsed_seconds: 48732 [CONTEXT service_id=218 ]
08-24 10:06:26.419  2514  3415 I SP      : Scheduling job with delay of 0s for {m:b, bg}, 2 candidates
08-24 10:06:26.466  2514  3415 I SP      : Scheduling: download registered, 0 started, 0 paused, 2 scheduled, 2 pending: emoji:56f61e93403a5c80d23070b28785cecd * {m:b, bg}, next-word-predictor:pie-nwp-20180807 * {m:b, bg}
08-24 10:06:26.507  2514  3415 I SP      : Scheduling job with delay of 0s for {m:b, bg}, 3 candidates
08-24 10:06:26.591  2514  3415 I SP      : Scheduling: download registered, 0 started, 0 paused, 3 scheduled, 3 pending: emoji:56f61e93403a5c80d23070b28785cecd * {m:b, bg}, next-word-predictor:pie-nwp-20180807 * {m:b, bg}, next-word-predictor:tflite-nwp-20180920 * {m:b, bg}
08-24 10:06:26.596  2514 16932 I EmojiSuperpacksManager: processPackSet() : isBundled = true
08-24 10:06:26.597  2514 16997 I EmojiSuperpacksManager: triggerSync() : isBundled = false
08-24 10:06:26.599  2514 16997 I EmojiShortcutsLoader: Reading en_US emoji shortcuts
08-24 10:06:26.678  2514  3415 I SP      : Scheduling: job start ({m:b, bg}), 3 started, 0 paused, 0 scheduled, 3 pending: emoji:56f61e93403a5c80d23070b28785cecd @ * {m:b, bg}, next-word-predictor:pie-nwp-20180807 @ * {m:b, bg}, next-word-predictor:tflite-nwp-20180920 @ * {m:b, bg}
08-24 10:06:26.682  2514  3415 I SP      : Syncing emoji-predictor (20190205) with slices: [tflite-emoji-pred-a69f4f3dd1a865206f8a5f8cdcd9f6d6], metadata: false
08-24 10:06:26.688  2514  3415 I SP      : Requesting download of URL https://www.gstatic.com/android/keyboard/emoji/20190401132437/en.zip to 56f61e93403a5c80d23070b28785cecd.zip.fetched (constraints: m:b)
08-24 10:06:26.732  2514  3415 I SP      : Requesting download of URL https://www.gstatic.com/android/keyboard/next_word_predictor/prod/pie-nwp-20180807.zip to pie-nwp-20180807.zip.fetched (constraints: m:b)
08-24 10:06:26.734  2514  3415 I SP      : Requesting download of URL https://www.gstatic.com/android/keyboard/next_word_predictor/prod/tflite-nwp-20180920.zip to tflite-nwp-20180920.zip.fetched (constraints: m:b)
08-24 10:06:26.979  2514  3415 I SP      : Scheduling: download registered, 1 started, 0 paused, 0 scheduled, 4 pending: emoji:56f61e93403a5c80d23070b28785cecd @ {m:b, bg}, next-word-predictor:pie-nwp-20180807 @ {m:b, bg}, next-word-predictor:tflite-nwp-20180920 @ {m:b, bg}, emoji-predictor:tflite-emoji-pred-a69f4f3dd1a865206f8a5f8cdcd9f6d6 @ * {m:b, bg}
08-24 10:06:27.012  2514  3415 I SP      : Registering emoji.20, url: https://www.gstatic.com/android/keyboard/modelpack/emoji/20190401132437/superpacks_manifest.zip, constraints: m:*, flags: fg, requested: 20, current: 20
08-24 10:06:27.014  2514  3415 I SP      : Requesting download of URL https://www.gstatic.com/android/keyboard/emoji_predictor/tflite-emoji-pred-a69f4f3dd1a865206f8a5f8cdcd9f6d6.zip to tflite-emoji-pred-a69f4f3dd1a865206f8a5f8cdcd9f6d6.zip.fetched (constraints: m:b)
08-24 10:06:27.030  2514  3415 I SP      : Download stopped: emoji:56f61e93403a5c80d23070b28785cecd, succeeded, size: 61056
08-24 10:06:27.032  2514 16997 I EmojiShortcutsLoader: Read en_US emoji shortcuts successfully.
08-24 10:06:27.037  2514 16997 I EmojiShortcutsLoader: 1 emoji shortcut maps loaded.
08-24 10:06:27.039  2514 16997 I EmojiShortcutsLoader: Finished loading emoji shortcuts
08-24 10:06:27.111  2514  3415 I SP      : Scheduling: download stopped, 0 started, 0 paused, 0 scheduled, 3 pending: next-word-predictor:pie-nwp-20180807 @ {m:b, bg}, next-word-predictor:tflite-nwp-20180920 @ {m:b, bg}, emoji-predictor:tflite-emoji-pred-a69f4f3dd1a865206f8a5f8cdcd9f6d6 @ {m:b, bg}
08-24 10:06:27.184  2514  3415 I EmojiSlicingStrategy: matchEnabledLocalesWithPackLocales() : User enabled 1 locales; returning 1 slices
08-24 10:06:27.185  2514  3415 I SP      : Syncing emoji (20) with slices: [{56f61e93403a5c80d23070b28785cecd, m:*}], metadata: false
08-24 10:06:27.216  2689 16435 W .gms.persisten: Long monitor contention with owner netscheduler-queue-handler (3878) at int aqtk.a(aqte, aauy)(:com.google.android.gms@202414022@20.24.14 (040700-319035315):88) waiters=0 in void aqtk.a(boolean, aeoe) for 145ms
08-24 10:06:27.373  2514  3415 I AbstractSyncResult: onFailure(): emoji.sync cancelled; expected if new request supersedes pending one.
08-24 10:06:27.375  2514 16724 W EmojiSuperpacksManager: triggerSync() : Failed to obtain model.
08-24 10:06:27.375  2514 16724 W EmojiSuperpacksManager: java.util.concurrent.CancellationException: Task was cancelled.
08-24 10:06:27.375  2514 16724 W EmojiSuperpacksManager: 	at mcj.a(PG:101)
08-24 10:06:27.375  2514 16724 W EmojiSuperpacksManager: 	at mcj.get(PG:80)
08-24 10:06:27.375  2514 16724 W EmojiSuperpacksManager: 	at mff.a(PG:1)
08-24 10:06:27.375  2514 16724 W EmojiSuperpacksManager: 	at meb.a(PG:29)
08-24 10:06:27.375  2514 16724 W EmojiSuperpacksManager: 	at mdx.run(PG:4)
08-24 10:06:27.375  2514 16724 W EmojiSuperpacksManager: 	at ihe.run(PG:26)
08-24 10:06:27.375  2514 16724 W EmojiSuperpacksManager: 	at java.util.concurrent.ThreadPoolExecutor.runWorker(ThreadPoolExecutor.java:1167)
08-24 10:06:27.375  2514 16724 W EmojiSuperpacksManager: 	at java.util.concurrent.ThreadPoolExecutor$Worker.run(ThreadPoolExecutor.java:641)
08-24 10:06:27.375  2514 16724 W EmojiSuperpacksManager: 	at java.lang.Thread.run(Thread.java:919)
08-24 10:06:27.375  2514 16724 W EmojiSuperpacksManager: 	at igq.run(PG:8)
08-24 10:06:27.485  2514  3415 I SP      : Sync for emoji succeeded in 310 ms: {added: [56f61e93403a5c80d23070b28785cecd], metadata: false
08-24 10:06:27.611  2514  3415 I SP      : Download stopped: next-word-predictor:pie-nwp-20180807, succeeded, size: 1842621
08-24 10:06:27.654  2012  2049 E memtrack: Couldn't load memtrack module
08-24 10:06:27.654  2012  2049 W android.os.Debug: failed to get memory consumption info: -1
08-24 10:06:27.705  2514  3415 I SP      : Scheduling: download stopped, 0 started, 0 paused, 0 scheduled, 2 pending: next-word-predictor:tflite-nwp-20180920 @ {m:b, bg}, emoji-predictor:tflite-emoji-pred-a69f4f3dd1a865206f8a5f8cdcd9f6d6 @ {m:b, bg}
08-24 10:06:27.787  2514 16725 I EmojiSuperpacksManager: processPackSet() : isBundled = false
08-24 10:06:27.802  2514 16997 I EmojiShortcutsLoader: Reading en_US emoji shortcuts
08-24 10:06:27.816  2514 16997 I EmojiShortcutsLoader: Read en_US emoji shortcuts successfully.
08-24 10:06:27.816  2514 16997 I EmojiShortcutsLoader: 1 emoji shortcut maps loaded.
08-24 10:06:27.819  2514 16997 I EmojiShortcutsLoader: Finished loading emoji shortcuts
08-24 10:06:27.921 16573 16714 W YouTube : Could not register for notifications with InnerTube: 
08-24 10:06:27.921 16573 16714 W YouTube : aahl: java.util.concurrent.ExecutionException: xpy: Precondition check failed.
08-24 10:06:27.921 16573 16714 W YouTube : 	at aahb.b(SourceFile:23)
08-24 10:06:27.921 16573 16714 W YouTube : 	at afyu.run(SourceFile:26)
08-24 10:06:27.921 16573 16714 W YouTube : 	at java.util.concurrent.Executors$RunnableAdapter.call(Executors.java:462)
08-24 10:06:27.921 16573 16714 W YouTube : 	at java.util.concurrent.FutureTask.run(FutureTask.java:266)
08-24 10:06:27.921 16573 16714 W YouTube : 	at java.util.concurrent.ScheduledThreadPoolExecutor$ScheduledFutureTask.run(ScheduledThreadPoolExecutor.java:301)
08-24 10:06:27.921 16573 16714 W YouTube : 	at java.util.concurrent.ThreadPoolExecutor.runWorker(ThreadPoolExecutor.java:1167)
08-24 10:06:27.921 16573 16714 W YouTube : 	at java.util.concurrent.ThreadPoolExecutor$Worker.run(ThreadPoolExecutor.java:641)
08-24 10:06:27.921 16573 16714 W YouTube : 	at wvf.run(SourceFile:12)
08-24 10:06:27.921 16573 16714 W YouTube : 	at java.lang.Thread.run(Thread.java:919)
08-24 10:06:27.921 16573 16714 W YouTube : Caused by: java.util.concurrent.ExecutionException: xpy: Precondition check failed.
08-24 10:06:27.921 16573 16714 W YouTube : 	at anki.b(SourceFile:105)
08-24 10:06:27.921 16573 16714 W YouTube : 	at anki.get(SourceFile:92)
08-24 10:06:27.921 16573 16714 W YouTube : 	at aahb.b(SourceFile:22)
08-24 10:06:27.921 16573 16714 W YouTube : 	... 8 more
08-24 10:06:27.921 16573 16714 W YouTube : Caused by: xpy: Precondition check failed.
08-24 10:06:27.921 16573 16714 W YouTube : 	at aafx.a(SourceFile:7)
08-24 10:06:27.921 16573 16714 W YouTube : 	at xft.a(SourceFile:136)
08-24 10:06:27.921 16573 16714 W YouTube : 	at xft.a(SourceFile:169)
08-24 10:06:27.921 16573 16714 W YouTube : 	at xew.run(Unknown Source:1)
08-24 10:06:27.921 16573 16714 W YouTube : 	... 4 more
08-24 10:06:27.921 16573 16714 W YouTube : Caused by: boa
08-24 10:06:27.921 16573 16714 W YouTube : 	at xft.a(SourceFile:166)
08-24 10:06:27.921 16573 16714 W YouTube : 	... 5 more
08-24 10:06:27.932  1751  1895 W audio_hw_generic: Not supplying enough data to HAL, expected position 24471636 , only wrote 24335376
08-24 10:06:27.993  2514  3415 I SP      : Download stopped: next-word-predictor:tflite-nwp-20180920, succeeded, size: 1847381
08-24 10:06:28.083  2514  3415 I SP      : Scheduling: download stopped, 0 started, 0 paused, 0 scheduled, 1 pending: emoji-predictor:tflite-emoji-pred-a69f4f3dd1a865206f8a5f8cdcd9f6d6 @ {m:b, bg}
08-24 10:06:28.245  2514  3415 I SP      : <==== Finishing job {m:b, bg}, 1931 ms. elapsed since start
08-24 10:06:28.246  2514  3415 I SP      : Download stopped: emoji-predictor:tflite-emoji-pred-a69f4f3dd1a865206f8a5f8cdcd9f6d6, succeeded, size: 1036909
08-24 10:06:28.253  2012  2376 D WificondControl: Scan result ready event
08-24 10:06:28.269  2689 16475 I NetworkScheduler.Stats: Task com.google.android.inputmethod.latin/ finished executing. cause:7 result: 1 elapsed_millis: 1981 uptime_millis: 1981 exec_start_elapsed_seconds: 48732 [CONTEXT service_id=218 ]
08-24 10:06:28.296 16890 16890 D WifiSettings: onAccessPointsChanged (WifiTracker) callback initiated
08-24 10:06:29.540  2514  3415 I SP      : Sync for next-word-predictor succeeded in 3467 ms: {added: [pie-nwp-20180807, tflite-nwp-20180920], metadata: false
08-24 10:06:29.598  2514  3415 I SP      : Sync for emoji-predictor succeeded in 3003 ms: {added: [tflite-emoji-pred-a69f4f3dd1a865206f8a5f8cdcd9f6d6], metadata: false
08-24 10:06:30.313  2514  3277 I PhenotypeIme: FetchConfigurationTask.fetchConfiguration() : com.google.android.inputmethod.latin
08-24 10:06:30.316  2012  2049 E memtrack: Couldn't load memtrack module
08-24 10:06:30.317  2012  2049 W android.os.Debug: failed to get memory consumption info: -1
08-24 10:06:30.617  2514  3277 I PhenotypeIme: FetchConfigurationTask.fetchConfiguration() : ConfigurationsResult = Persisted
08-24 10:06:30.622  2514  2514 I ShortcutsDataManager: startImportContentTask()
08-24 10:06:30.623  2514  2514 I EmojiSuperpacksManager: triggerSync() : isBundled = false
08-24 10:06:30.624  2514 16998 I SuperDelight: initializeDelightSuperpacks()
08-24 10:06:30.624  2514 16998 I SuperDelight: getDelightMetadataUriAndVersion(): Phenotype : 2019100102 : https://www.gstatic.com/android/keyboard/dictionarypack/Wheelharp-normal/metadata_for_launch_noac.json
08-24 10:06:30.624  2514 16998 I SuperDelight: initializeOverridesSuperpacks()
08-24 10:06:30.625  2514  3720 I ShortcutsDataManager: doInBackground()
08-24 10:06:30.625  2514  3318 I Conv2QueryExtension: updateCandidateProvider(): isC2QAsynchronouslyTriggered: false
08-24 10:06:30.625  2514  3720 I PersonalDictDataHandler: Locales = [en_US]
08-24 10:06:30.636  2514 17007 I SuperDelight: SuperDelightManager#registerAndUpgradeSuperpacks(delight): current 2019100102, required 2019100102
08-24 10:06:30.648  2514  3415 I SP      : Registering next-word-predictor.20180920, url: https://www.gstatic.com/android/keyboard/next_word_predictor/prod/superpacks-manifest-20180920.json, constraints: *:*, flags: *, requested: 20180920, current: 20180920
08-24 10:06:30.648  2514 17001 I SuperDelight: SuperDelightManager#syncOverridesLanguageModels(): Superpack delight_overrides not found or negative version provided
08-24 10:06:30.648  2514  3415 I SP      : Registering emoji.20, url: https://www.gstatic.com/android/keyboard/modelpack/emoji/20190401132437/superpacks_manifest.zip, constraints: m:*, flags: fg, requested: 20, current: 20
08-24 10:06:30.649  2514  3415 I SP      : Registering emoji-predictor.20190205, url: https://www.gstatic.com/android/keyboard/emoji_predictor/superpacks-manifest-20190205.json, constraints: *:*, flags: *, requested: 20190205, current: 20190205
08-24 10:06:30.651  2514 17001 I SuperDelight: SuperDelightManager#syncDownloadableLanguageModels(delight): [OnDevice] Syncing for version 2019100102
08-24 10:06:30.655  2514  3415 I SP      : Syncing next-word-predictor (20180920) with slices: [pie-nwp-20180807, tflite-nwp-20180920], metadata: false
08-24 10:06:30.685  2514  3277 I PhenotypeIme: FetchConfigurationTask.fetchConfiguration() : Success after 370 ms
08-24 10:06:30.694  2514  3720 I ShortcutsDataManager: importRecords() : Success : Count = 0
08-24 10:06:30.709  2514  3720 I ShortcutsDataManager: importContentData() : Ending import process
08-24 10:06:30.750  2514  3720 I PersonalLanguageModel: run() : Added 0 words and 0 shortcuts
08-24 10:06:30.753  2514  3720 I DynamicLm: perform() : PERSONAL_DICTIONARY : cgq : Completed
08-24 10:06:30.755  2514  3762 I Delight5Decoder: loadLanguageModel() : PERSONAL_DICTIONARY, version [n/a]
08-24 10:06:30.759  2514  3762 I Delight5Decoder: Loaded dynamic LM /data/user/0/com.google.android.inputmethod.latin/files/personal/Personal.en_US.dict
08-24 10:06:30.762  2514  2514 I ShortcutsDataManager: onPostExecute() : Result = [2,0]
08-24 10:06:30.762  2514  2514 I ShortcutsDataManager: onImportFinished() : Result = 2 : Count = 0
08-24 10:06:30.789  2514  3415 I EmojiSlicingStrategy: matchEnabledLocalesWithPackLocales() : User enabled 1 locales; returning 1 slices
08-24 10:06:30.789  2514  3415 I SP      : Syncing emoji (20) with slices: [{56f61e93403a5c80d23070b28785cecd, m:*}], metadata: false
08-24 10:06:30.917  2514  3415 I SP      : Syncing emoji-predictor (20190205) with slices: [tflite-emoji-pred-a69f4f3dd1a865206f8a5f8cdcd9f6d6], metadata: false
08-24 10:06:30.998  2514  3415 I SuperDelight: DownloadSlicing#getSlices() : Locale = [en_US]
08-24 10:06:31.021  2514  3415 I SuperDelight: DownloadSlicing#getSlices(): result {slices=[delight:main_en_us_20180802_1], last batch=true, sync metadata=false}
08-24 10:06:31.021  2514  3415 I SP      : Syncing delight (2019100102) with slices: [main_en_us_20180802_1], metadata: false
08-24 10:06:31.028  2514  3415 I SP      : Sync for next-word-predictor succeeded in 377 ms: no changes
08-24 10:06:31.044  2514 17031 I TenorApi: Fetched response from https://g.tenor.com/v1/categories with success = true
08-24 10:06:31.076  2514  3415 I SP      : Sync for emoji succeeded in 418 ms: no changes
08-24 10:06:31.129  2514  3415 I SP      : Sync for emoji-predictor succeeded in 310 ms: no changes
08-24 10:06:31.129  2514  3415 I SuperDelight: SuperDelightMergingStrategy#merge(): selected[[main_en_us_20180802_1]] synced[[main_en_us_20180802_1]]
08-24 10:06:31.130  2514  3415 I SP      : Sync for delight succeeded in 210 ms: no changes
08-24 10:06:31.639  2012  2376 I ActivityTaskManager: START u0 {act=android.intent.action.MAIN cmp=com.android.settings/.SubSettings (has extras)} from uid 1000
08-24 10:06:31.660  2012  2376 W InputReader: Device has associated, but no associated display id.
08-24 10:06:31.666  2012  2376 I chatty  : uid=1000(system) Binder:2012_6 identical 38 lines
08-24 10:06:31.667  2012  2376 W InputReader: Device has associated, but no associated display id.
08-24 10:06:31.670  1751  5094 W audio_hw_generic: Not supplying enough data to HAL, expected position 24335409 , only wrote 24335376
08-24 10:06:31.672  2012  2376 W InputReader: Device has associated, but no associated display id.
08-24 10:06:31.673  2012  2376 I chatty  : uid=1000(system) Binder:2012_6 identical 8 lines
08-24 10:06:31.673  2012  2376 W InputReader: Device has associated, but no associated display id.
08-24 10:06:31.679 16890 16890 W ActivityThread: handleWindowVisibility: no activity for token android.os.BinderProxy@996cff3
08-24 10:06:31.696 16890 16890 D SettingsActivity: Starting onCreate
08-24 10:06:31.703  1775  1941 D AF::Track: interceptBuffer: took 558us to intercept 0 tracks
08-24 10:06:31.705 16890 16890 D SettingsActivity: Starting to set activity title
08-24 10:06:31.705 16890 16890 D SettingsActivity: Done setting title
08-24 10:06:31.706 16890 16890 D SettingsActivity: Switching to fragment com.android.settings.wifi.ConfigureWifiSettings
08-24 10:06:31.706 16890 16890 D SubSettings: Launching fragment com.android.settings.wifi.ConfigureWifiSettings
08-24 10:06:31.736 16890 16890 D PrefCtrlListHelper: Could not find Context-only controller for pref: com.android.settings.wifi.CellularFallbackPreferenceController
08-24 10:06:31.736 16890 16890 D PrefCtrlListHelper: Could not find Context-only controller for pref: com.android.settings.network.NetworkScorerPickerPreferenceController
08-24 10:06:31.749 16890 16890 W AbstractPrefController: Skipping displayPreference because key is empty:com.android.settings.wifi.WifiInfoPreferenceController
08-24 10:06:31.749 16890 16890 D ConfigureWifiSettings: NO dashboard tiles for ConfigureWifiSettings
08-24 10:06:31.749 16890 16890 D ConfigureWifiSettings: All preferences added, reporting fully drawn
08-24 10:06:31.750  2012  2049 I ActivityTaskManager: Fully drawn com.android.settings/.SubSettings: +111ms
08-24 10:06:31.751 16890 16890 D SettingsActivity: Executed frag manager pendingTransactions
08-24 10:06:31.785 16890 17022 W TileUtils: Found com.android.settings.Settings$DataUsageSummaryActivity for intent Intent { act=com.android.settings.action.SETTINGS pkg=com.android.settings } missing metadata com.android.settings.category
08-24 10:06:31.805 16890 16890 D DashboardFragment: Preference key is null in Controller WifiInfoPreferenceController
08-24 10:06:31.848 16890 17037 D SettingsActivity: No enabled state changed, skipping updateCategory call
08-24 10:06:31.856 16890 16903 I ndroid.setting: NativeAlloc concurrent copying GC freed 45999(2251KB) AllocSpace objects, 30(600KB) LOS objects, 49% free, 4202KB/8405KB, paused 986us total 169.902ms
08-24 10:06:31.887  1762  1811 D gralloc_ranchu: gralloc_alloc: Creating ashmem region of size 17514496
08-24 10:06:31.921  1762  1811 D gralloc_ranchu: gralloc_alloc: Creating ashmem region of size 17514496
08-24 10:06:31.937  1762 10096 D gralloc_ranchu: gralloc_alloc: Creating ashmem region of size 17514496
08-24 10:06:32.005 16890 16922 D EGL_emulation: eglMakeCurrent: 0x9e765060: ver 2 0 (tinfo 0x7bae3300)
08-24 10:06:32.026 16890 16922 D EGL_emulation: eglMakeCurrent: 0x9e765060: ver 2 0 (tinfo 0x7bae3300)
08-24 10:06:32.041  2012  2045 W InputReader: Device has associated, but no associated display id.
08-24 10:06:32.044  2012  2045 I chatty  : uid=1000(system) android.anim identical 18 lines
08-24 10:06:32.044  2012  2045 W InputReader: Device has associated, but no associated display id.
08-24 10:06:32.081 16890 16922 D EGL_emulation: eglMakeCurrent: 0x9e765060: ver 2 0 (tinfo 0x7bae3300)
08-24 10:06:32.471 16890 16922 I chatty  : uid=1000(system) RenderThread identical 4 lines
08-24 10:06:33.453 16890 16922 D EGL_emulation: eglMakeCurrent: 0x9e765060: ver 2 0 (tinfo 0x7bae3300)
08-24 10:06:33.778  2689 16475 I NetworkScheduler.Stats: Task com.google.android.gms/com.google.android.gms.icing.service.IcingGcmTaskService started execution. cause:4 exec_start_elapsed_seconds: 48739 [CONTEXT service_id=218 ]
08-24 10:06:33.792  2689 16225 I NetworkScheduler.Stats: Task com.google.android.gms/com.google.android.gms.icing.service.IcingGcmTaskService finished executing. cause:4 result: 1 elapsed_millis: 109 uptime_millis: 109 exec_start_elapsed_seconds: 48739 [CONTEXT service_id=218 ]
08-24 10:06:33.828  2689 16475 I NetworkScheduler.Stats: Task com.google.android.youtube/ started execution. cause:5 exec_start_elapsed_seconds: 48739 [CONTEXT service_id=218 ]
08-24 10:06:34.334  1775  1941 D AF::Track: interceptBuffer: took 258us to intercept 0 tracks
08-24 10:06:35.334  2012  2025 I system_server: Background concurrent copying GC freed 108731(4813KB) AllocSpace objects, 19(892KB) LOS objects, 26% free, 16MB/22MB, paused 407us total 115.934ms
08-24 10:06:35.338  2012  2026 W JHwRemoteBinder: BinderProxy is being destroyed but the application did not call unlinkToDeath to unlink all of its death recipients beforehand.  Releasing leaked death recipient: com.android.server.wifi.-$$Lambda$HalDeviceManager$jNAzj5YlVhwJm5NjZ6HiKskQStI
08-24 10:06:36.856  2012  2049 E memtrack: Couldn't load memtrack module
08-24 10:06:36.857  2012  2049 W android.os.Debug: failed to get memory consumption info: -1
08-24 10:06:37.441  1751  1895 W audio_hw_generic: Not supplying enough data to HAL, expected position 24842638 , only wrote 24589861
08-24 10:06:37.969  2012  2153 D ConnectivityService: handleLingerComplete for NetworkAgentInfo [MOBILE (LTE) - 102]
08-24 10:06:37.978  1744  1954 I netd    : networkSetPermissionForNetwork(102, 1) <7.97ms>
08-24 10:06:38.062  1744  1954 I netd    : trafficSwapActiveStatsMap() <47.66ms>
08-24 10:06:38.066  1744  1954 I netd    : tetherGetStats() <1.37ms>
08-24 10:06:39.698  2012  5036 W InputReader: Device has associated, but no associated display id.
08-24 10:06:39.698  2012  5036 I chatty  : uid=1000(system) Binder:2012_15 identical 8 lines
08-24 10:06:39.698  2012  5036 W InputReader: Device has associated, but no associated display id.
08-24 10:06:39.704  1751  5094 W audio_hw_generic: Not supplying enough data to HAL, expected position 24589886 , only wrote 24589861
08-24 10:06:39.731  2012  5036 W InputReader: Device has associated, but no associated display id.
08-24 10:06:39.734  2012  5036 I chatty  : uid=1000(system) Binder:2012_15 identical 28 lines
08-24 10:06:39.734  2012  5036 W InputReader: Device has associated, but no associated display id.
08-24 10:06:39.863 16890 17022 W TileUtils: Found com.android.settings.Settings$DataUsageSummaryActivity for intent Intent { act=com.android.settings.action.SETTINGS pkg=com.android.settings } missing metadata com.android.settings.category
08-24 10:06:39.891  1762 10096 D gralloc_ranchu: gralloc_alloc: Creating ashmem region of size 17514496
08-24 10:06:39.913  1762 10096 D gralloc_ranchu: gralloc_alloc: Creating ashmem region of size 17514496
08-24 10:06:39.936  1762  1811 D gralloc_ranchu: gralloc_alloc: Creating ashmem region of size 17514496
08-24 10:06:39.947 16890 17041 D SettingsActivity: No enabled state changed, skipping updateCategory call
08-24 10:06:39.952 16890 16922 D EGL_emulation: eglMakeCurrent: 0x9e765060: ver 2 0 (tinfo 0x7bae3300)
08-24 10:06:39.977 16890 16922 D EGL_emulation: eglMakeCurrent: 0x9e765060: ver 2 0 (tinfo 0x7bae3300)
08-24 10:06:39.998  2012  5036 I WifiService: startScan uid=1000
08-24 10:06:40.000  2012  2045 W InputReader: Device has associated, but no associated display id.
08-24 10:06:40.003  2012  2045 I chatty  : uid=1000(system) android.anim identical 18 lines
08-24 10:06:40.003  2012  2045 W InputReader: Device has associated, but no associated display id.
08-24 10:06:40.042 16890 16922 D EGL_emulation: eglMakeCurrent: 0x9e765060: ver 2 0 (tinfo 0x7bae3300)
08-24 10:06:42.839  1751  1895 W audio_hw_generic: Not supplying enough data to HAL, expected position 24864483 , only wrote 24728010
08-24 10:06:43.405  2012  2049 E memtrack: Couldn't load memtrack module
08-24 10:06:43.405  2012  2049 W android.os.Debug: failed to get memory consumption info: -1
08-24 10:06:44.002  2012  5036 D WificondControl: Scan result ready event
08-24 10:06:44.048 16890 16890 D WifiSettings: onAccessPointsChanged (WifiTracker) callback initiated
08-24 10:06:44.466  2186  2186 I KeyButtonView: Back button event: ACTION_DOWN
08-24 10:06:44.483  2012  2138 V InputDispatcher: Asynchronous input event injection succeeded.
08-24 10:06:44.496  1751  5094 W audio_hw_generic: Not supplying enough data to HAL, expected position 24728027 , only wrote 24728010
08-24 10:06:44.699  2186  2186 I KeyButtonView: Back button event: ACTION_UP
08-24 10:06:44.701  2012  2042 D AutofillManagerService: onBackKeyPressed()
08-24 10:06:44.701  2012  2138 V InputDispatcher: Asynchronous input event injection succeeded.
08-24 10:06:44.723  2012  5036 W InputReader: Device has associated, but no associated display id.
08-24 10:06:44.746  2012  5036 I chatty  : uid=1000(system) Binder:2012_15 identical 38 lines
08-24 10:06:44.746  2012  5036 W InputReader: Device has associated, but no associated display id.
08-24 10:06:44.775 16573 16573 I AppLifecycleTracker: App transition to foreground
08-24 10:06:44.779 16573 16573 I chatty  : uid=10139(com.google.android.youtube) identical 1 line
08-24 10:06:44.781 16573 16573 I AppLifecycleTracker: App transition to foreground
08-24 10:06:44.830 16573 16573 E wmy     : No overlay to dismiss.
08-24 10:06:44.947  1762  1811 D gralloc_ranchu: gralloc_alloc: Creating ashmem region of size 17514496
08-24 10:06:44.986 16573 16670 D EGL_emulation: eglMakeCurrent: 0x95b1bc20: ver 2 0 (tinfo 0x764472e0)
08-24 10:06:45.016  1762  1811 D gralloc_ranchu: gralloc_alloc: Creating ashmem region of size 17514496
08-24 10:06:45.035  2012  2045 W InputReader: Device has associated, but no associated display id.
08-24 10:06:45.057  2012  2045 I chatty  : uid=1000(system) android.anim identical 18 lines
08-24 10:06:45.057  2012  2045 W InputReader: Device has associated, but no associated display id.
08-24 10:06:45.060  1762  1811 D gralloc_ranchu: gralloc_alloc: Creating ashmem region of size 11210752
08-24 10:06:45.067  1762 10096 D gralloc_ranchu: gralloc_alloc: Creating ashmem region of size 17514496
08-24 10:06:45.160  2012  3155 W ActivityManager: Permission Denial: Accessing service com.google.android.music/.dial.DialMediaRouteProviderService from pid=16573, uid=10139 that is not exported from uid 10138
08-24 10:06:45.200  2186  2276 I ndroid.systemu: Waiting for a blocking GC ProfileSaver
08-24 10:06:45.247  2866  2866 W CastMediaRouteProvider: Not a Cast compatible category: MDX_MEDIA_ROUTE_CONTROL_CATEGORY
08-24 10:06:45.247  2866  2866 W CastMediaRouteProvider: Not a Cast compatible category: android.media.intent.category.LIVE_AUDIO
08-24 10:06:45.262  2866 16737 I DiscoveryManager: Filter criteria(233637DE) scannerFlags(2)
08-24 10:06:45.269  2866 16737 W GuestModeDeviceProber: setFilterCriteria
08-24 10:06:45.291  2012  3155 I WifiService: startScan uid=10116
08-24 10:06:45.293  2866 16737 E DeviceScanner: [BLE] Failed to start scan because Bluetooth is not supported on this device.
08-24 10:06:45.295  2866 16737 W DatabaseProcessor: processLocalDevices: failed to get the network info with non-null bssid.
08-24 10:06:45.299  2866 16737 W DatabaseProcessor: processLocalDevices: failed to get the network info with non-null bssid.
08-24 10:06:45.321  2866 16737 E DeviceScanner: [BLE] Failed to start scan because Bluetooth is not supported on this device.
08-24 10:06:45.322  2866 16737 W DatabaseProcessor: processLocalDevices: failed to get the network info with non-null bssid.
08-24 10:06:45.330  2012  3155 I WifiService: acquireMulticastLock uid=10116
08-24 10:06:45.336  2186  2595 D EGL_emulation: eglMakeCurrent: 0x9e735ec0: ver 2 0 (tinfo 0x7d718de0)
08-24 10:06:45.345  2866 16737 W DatabaseProcessor: processLocalDevices: failed to get the network info with non-null bssid.
08-24 10:06:45.359  2186  2203 I ndroid.systemu: NativeAlloc concurrent copying GC freed 157590(4030KB) AllocSpace objects, 0(0B) LOS objects, 49% free, 5495KB/10MB, paused 952us total 201.587ms
08-24 10:06:45.367  2186  2276 I ndroid.systemu: WaitForGcToComplete blocked ProfileSaver on HeapTrim for 167.354ms
08-24 10:06:45.689 16890 16922 D EGL_emulation: eglMakeCurrent: 0x9e765060: ver 2 0 (tinfo 0x7bae3300)
08-24 10:06:45.715  2012  7079 D HostConnection: HostConnection::get() New Host Connection established 0x772e49e0, tid 7079
08-24 10:06:45.716  2012  7079 D HostConnection: HostComposition ext ANDROID_EMU_CHECKSUM_HELPER_v1 ANDROID_EMU_dma_v1 ANDROID_EMU_direct_mem ANDROID_EMU_host_composition_v1 ANDROID_EMU_host_composition_v2 ANDROID_EMU_vulkan ANDROID_EMU_deferred_vulkan_commands ANDROID_EMU_vulkan_null_optional_strings ANDROID_EMU_vulkan_create_resources_with_requirements ANDROID_EMU_YUV_Cache ANDROID_EMU_vulkan_ignored_handles ANDROID_EMU_vulkan_free_memory_sync ANDROID_EMU_vulkan_shader_float16_int8 ANDROID_EMU_vulkan_async_queue_submit ANDROID_EMU_sync_buffer_data GL_OES_vertex_array_object GL_KHR_texture_compression_astc_ldr ANDROID_EMU_host_side_tracing ANDROID_EMU_gles_max_version_2 
08-24 10:06:45.725  2012  7079 W OpenGLRenderer: Failed to choose config with EGL_SWAP_BEHAVIOR_PRESERVED, retrying without...
08-24 10:06:45.745  2012  7079 D EGL_emulation: eglCreateContext: 0x64b532e0: maj 2 min 0 rcv 2
08-24 10:06:45.754  2012  7079 D EGL_emulation: eglMakeCurrent: 0x64b532e0: ver 2 0 (tinfo 0x95b54a70)
08-24 10:06:45.967  2012  2025 I system_server: NativeAlloc concurrent copying GC freed 26536(1464KB) AllocSpace objects, 2(104KB) LOS objects, 26% free, 16MB/22MB, paused 355us total 111.858ms
08-24 10:06:46.724  2186  2595 D EGL_emulation: eglMakeCurrent: 0x9e735ec0: ver 2 0 (tinfo 0x7d718de0)
08-24 10:06:47.630  1751  1895 W audio_hw_generic: Not supplying enough data to HAL, expected position 25002546 , only wrote 24866159
08-24 10:06:47.894 16573 16573 E wmy     : No overlay to dismiss.
08-24 10:06:47.919  1751  5094 W audio_hw_generic: Not supplying enough data to HAL, expected position 24866196 , only wrote 24866159
08-24 10:06:47.975 16573 16714 W YouTube : Could not register for notifications with InnerTube: 
08-24 10:06:47.975 16573 16714 W YouTube : aahl: java.util.concurrent.ExecutionException: xpy: Precondition check failed.
08-24 10:06:47.975 16573 16714 W YouTube : 	at aahb.b(SourceFile:23)
08-24 10:06:47.975 16573 16714 W YouTube : 	at afyu.run(SourceFile:26)
08-24 10:06:47.975 16573 16714 W YouTube : 	at java.util.concurrent.Executors$RunnableAdapter.call(Executors.java:462)
08-24 10:06:47.975 16573 16714 W YouTube : 	at java.util.concurrent.FutureTask.run(FutureTask.java:266)
08-24 10:06:47.975 16573 16714 W YouTube : 	at java.util.concurrent.ScheduledThreadPoolExecutor$ScheduledFutureTask.run(ScheduledThreadPoolExecutor.java:301)
08-24 10:06:47.975 16573 16714 W YouTube : 	at java.util.concurrent.ThreadPoolExecutor.runWorker(ThreadPoolExecutor.java:1167)
08-24 10:06:47.975 16573 16714 W YouTube : 	at java.util.concurrent.ThreadPoolExecutor$Worker.run(ThreadPoolExecutor.java:641)
08-24 10:06:47.975 16573 16714 W YouTube : 	at wvf.run(SourceFile:12)
08-24 10:06:47.975 16573 16714 W YouTube : 	at java.lang.Thread.run(Thread.java:919)
08-24 10:06:47.975 16573 16714 W YouTube : Caused by: java.util.concurrent.ExecutionException: xpy: Precondition check failed.
08-24 10:06:47.975 16573 16714 W YouTube : 	at anki.b(SourceFile:105)
08-24 10:06:47.975 16573 16714 W YouTube : 	at anki.get(SourceFile:92)
08-24 10:06:47.975 16573 16714 W YouTube : 	at aahb.b(SourceFile:22)
08-24 10:06:47.975 16573 16714 W YouTube : 	... 8 more
08-24 10:06:47.975 16573 16714 W YouTube : Caused by: xpy: Precondition check failed.
08-24 10:06:47.975 16573 16714 W YouTube : 	at aafx.a(SourceFile:7)
08-24 10:06:47.975 16573 16714 W YouTube : 	at xft.a(SourceFile:136)
08-24 10:06:47.975 16573 16714 W YouTube : 	at xft.a(SourceFile:169)
08-24 10:06:47.975 16573 16714 W YouTube : 	at xew.run(Unknown Source:1)
08-24 10:06:47.975 16573 16714 W YouTube : 	... 4 more
08-24 10:06:47.975 16573 16714 W YouTube : Caused by: boa
08-24 10:06:47.975 16573 16714 W YouTube : 	at xft.a(SourceFile:166)
08-24 10:06:47.975 16573 16714 W YouTube : 	... 5 more
08-24 10:06:48.202  2012  3057 D WificondControl: Scan result ready event
08-24 10:06:48.245  2866 16737 W DatabaseProcessor: processLocalDevices: failed to get the network info with non-null bssid.
08-24 10:06:48.297  2866 16737 W AdaptiveDiscoveryWorker: Exiting Adaptive Discovery. Current NetworkInfo is NULL.
08-24 10:06:49.257 16573 16714 W YouTube : Could not register for notifications with InnerTube: 
08-24 10:06:49.257 16573 16714 W YouTube : aahl: java.util.concurrent.ExecutionException: xpy: Precondition check failed.
08-24 10:06:49.257 16573 16714 W YouTube : 	at aahb.b(SourceFile:23)
08-24 10:06:49.257 16573 16714 W YouTube : 	at afyu.run(SourceFile:26)
08-24 10:06:49.257 16573 16714 W YouTube : 	at java.util.concurrent.Executors$RunnableAdapter.call(Executors.java:462)
08-24 10:06:49.257 16573 16714 W YouTube : 	at java.util.concurrent.FutureTask.run(FutureTask.java:266)
08-24 10:06:49.257 16573 16714 W YouTube : 	at java.util.concurrent.ScheduledThreadPoolExecutor$ScheduledFutureTask.run(ScheduledThreadPoolExecutor.java:301)
08-24 10:06:49.257 16573 16714 W YouTube : 	at java.util.concurrent.ThreadPoolExecutor.runWorker(ThreadPoolExecutor.java:1167)
08-24 10:06:49.257 16573 16714 W YouTube : 	at java.util.concurrent.ThreadPoolExecutor$Worker.run(ThreadPoolExecutor.java:641)
08-24 10:06:49.257 16573 16714 W YouTube : 	at wvf.run(SourceFile:12)
08-24 10:06:49.257 16573 16714 W YouTube : 	at java.lang.Thread.run(Thread.java:919)
08-24 10:06:49.257 16573 16714 W YouTube : Caused by: java.util.concurrent.ExecutionException: xpy: Precondition check failed.
08-24 10:06:49.257 16573 16714 W YouTube : 	at anki.b(SourceFile:105)
08-24 10:06:49.257 16573 16714 W YouTube : 	at anki.get(SourceFile:92)
08-24 10:06:49.257 16573 16714 W YouTube : 	at aahb.b(SourceFile:22)
08-24 10:06:49.257 16573 16714 W YouTube : 	... 8 more
08-24 10:06:49.257 16573 16714 W YouTube : Caused by: xpy: Precondition check failed.
08-24 10:06:49.257 16573 16714 W YouTube : 	at aafx.a(SourceFile:7)
08-24 10:06:49.257 16573 16714 W YouTube : 	at xft.a(SourceFile:136)
08-24 10:06:49.257 16573 16714 W YouTube : 	at xft.a(SourceFile:169)
08-24 10:06:49.257 16573 16714 W YouTube : 	at xew.run(Unknown Source:1)
08-24 10:06:49.257 16573 16714 W YouTube : 	... 4 more
08-24 10:06:49.257 16573 16714 W YouTube : Caused by: boa
08-24 10:06:49.257 16573 16714 W YouTube : 	at xft.a(SourceFile:166)
08-24 10:06:49.257 16573 16714 W YouTube : 	... 5 more
08-24 10:06:49.773  1909  1909 E netmgr  : Failed to open QEMU pipe 'qemud:network': Invalid argument
08-24 10:06:51.039  1751  1895 W audio_hw_generic: Not supplying enough data to HAL, expected position 25139528 , only wrote 25003647
08-24 10:06:51.459  1751  5094 W audio_hw_generic: Not supplying enough data to HAL, expected position 25003706 , only wrote 25003647
08-24 10:06:51.461  1775  1941 D AF::Track: interceptBuffer: took 2207us to intercept 0 tracks
08-24 10:06:51.545 16573 16573 E wmy     : No overlay to dismiss.
08-24 10:06:51.690 16573 16583 I android.youtub: Background young concurrent copying GC freed 18672(1342KB) AllocSpace objects, 6(312KB) LOS objects, 18% free, 6194KB/7625KB, paused 2.658ms total 147.399ms
08-24 10:06:52.265 16573 16714 W YouTube : Could not register for notifications with InnerTube: 
08-24 10:06:52.265 16573 16714 W YouTube : aahl: java.util.concurrent.ExecutionException: xpy: Precondition check failed.
08-24 10:06:52.265 16573 16714 W YouTube : 	at aahb.b(SourceFile:23)
08-24 10:06:52.265 16573 16714 W YouTube : 	at afyu.run(SourceFile:26)
08-24 10:06:52.265 16573 16714 W YouTube : 	at java.util.concurrent.Executors$RunnableAdapter.call(Executors.java:462)
08-24 10:06:52.265 16573 16714 W YouTube : 	at java.util.concurrent.FutureTask.run(FutureTask.java:266)
08-24 10:06:52.265 16573 16714 W YouTube : 	at java.util.concurrent.ScheduledThreadPoolExecutor$ScheduledFutureTask.run(ScheduledThreadPoolExecutor.java:301)
08-24 10:06:52.265 16573 16714 W YouTube : 	at java.util.concurrent.ThreadPoolExecutor.runWorker(ThreadPoolExecutor.java:1167)
08-24 10:06:52.265 16573 16714 W YouTube : 	at java.util.concurrent.ThreadPoolExecutor$Worker.run(ThreadPoolExecutor.java:641)
08-24 10:06:52.265 16573 16714 W YouTube : 	at wvf.run(SourceFile:12)
08-24 10:06:52.265 16573 16714 W YouTube : 	at java.lang.Thread.run(Thread.java:919)
08-24 10:06:52.265 16573 16714 W YouTube : Caused by: java.util.concurrent.ExecutionException: xpy: Precondition check failed.
08-24 10:06:52.265 16573 16714 W YouTube : 	at anki.b(SourceFile:105)
08-24 10:06:52.265 16573 16714 W YouTube : 	at anki.get(SourceFile:92)
08-24 10:06:52.265 16573 16714 W YouTube : 	at aahb.b(SourceFile:22)
08-24 10:06:52.265 16573 16714 W YouTube : 	... 8 more
08-24 10:06:52.265 16573 16714 W YouTube : Caused by: xpy: Precondition check failed.
08-24 10:06:52.265 16573 16714 W YouTube : 	at aafx.a(SourceFile:7)
08-24 10:06:52.265 16573 16714 W YouTube : 	at xft.a(SourceFile:136)
08-24 10:06:52.265 16573 16714 W YouTube : 	at xft.a(SourceFile:169)
08-24 10:06:52.265 16573 16714 W YouTube : 	at xew.run(Unknown Source:1)
08-24 10:06:52.265 16573 16714 W YouTube : 	... 4 more
08-24 10:06:52.265 16573 16714 W YouTube : Caused by: boa
08-24 10:06:52.265 16573 16714 W YouTube : 	at xft.a(SourceFile:166)
08-24 10:06:52.265 16573 16714 W YouTube : 	... 5 more
08-24 10:06:54.577  1751  1895 W audio_hw_generic: Not supplying enough data to HAL, expected position 25277122 , only wrote 25141135
08-24 10:06:55.303  2012  2138 V InputDispatcher: Asynchronous input event injection succeeded.
08-24 10:06:55.320  1751  5094 W audio_hw_generic: Not supplying enough data to HAL, expected position 25141224 , only wrote 25141135
08-24 10:06:55.514  2012  2138 V InputDispatcher: Asynchronous input event injection succeeded.
08-24 10:06:55.517  2012  2041 D AutofillManagerService: Close system dialogs
08-24 10:06:55.520  2012  2042 I ActivityTaskManager: START u0 {act=android.intent.action.MAIN cat=[android.intent.category.HOME] flg=0x10000100 cmp=com.google.android.apps.nexuslauncher/.NexusLauncherActivity (has extras)} from uid 0
08-24 10:06:55.550  2012  3057 W InputReader: Device has associated, but no associated display id.
08-24 10:06:55.554  2012  3057 I chatty  : uid=1000(system) Binder:2012_A identical 18 lines
08-24 10:06:55.554  2012  3057 W InputReader: Device has associated, but no associated display id.
08-24 10:06:55.553  2186  2186 V StatusBar: mStatusBarWindow: com.android.systemui.statusbar.phone.StatusBarWindowView{87117b2 V.E...... ........ 0,0-1440,98} canPanelBeCollapsed(): false
08-24 10:06:55.580  1762 10096 D gralloc_ranchu: gralloc_alloc: Creating ashmem region of size 17514496
08-24 10:06:55.628  1762 10096 I chatty  : uid=1000(system) HwBinder:1762_3 identical 1 line
08-24 10:06:55.647  1762 10096 D gralloc_ranchu: gralloc_alloc: Creating ashmem region of size 17514496
08-24 10:06:55.653  3310  5859 D EGL_emulation: eglMakeCurrent: 0x9e735200: ver 2 0 (tinfo 0x797c33f0)
08-24 10:06:55.675  1762 10096 D gralloc_ranchu: gralloc_alloc: Creating ashmem region of size 17514496
08-24 10:06:55.707  1762  1811 D gralloc_ranchu: gralloc_alloc: Creating ashmem region of size 17514496
08-24 10:06:55.725  2012  2012 W ActivityManager: Unable to start service Intent { act=android.service.appprediction.AppPredictionService cmp=com.google.android.as/com.google.android.apps.miphone.aiai.app.AiAiPredictionService } U=0: not found
08-24 10:06:55.725  2012  2012 W RemoteAppPredictionService: could not bind to Intent { act=android.service.appprediction.AppPredictionService cmp=com.google.android.as/com.google.android.apps.miphone.aiai.app.AiAiPredictionService } using flags 67108865
08-24 10:06:55.743  1762 10096 D gralloc_ranchu: gralloc_alloc: Creating ashmem region of size 17514496
08-24 10:06:55.761  3310  3310 W ThreadPoolDumper: Queue length for executor EventBus is now 11. Perhaps some tasks are too long, or the pool is too small.
08-24 10:06:55.783  3310  3701 W SessionLifecycleManager: Handover failed. Creating new session controller.
08-24 10:06:55.788  2539  3297 D EGL_emulation: eglMakeCurrent: 0x95b1ac00: ver 2 0 (tinfo 0x95b0fa20)
08-24 10:06:55.838  2012  2045 W InputReader: Device has associated, but no associated display id.
08-24 10:06:55.839  2012  2045 I chatty  : uid=1000(system) android.anim identical 8 lines
08-24 10:06:55.839  2012  2045 W InputReader: Device has associated, but no associated display id.
08-24 10:06:55.862  1762 10096 D gralloc_ranchu: gralloc_alloc: Creating ashmem region of size 11210752
08-24 10:06:55.921  3310 15479 W LocationOracle: No location history returned by ContextManager
08-24 10:06:55.962  3310  3701 I MicroDetectionWorker: #startMicroDetector [speakerMode: 0]
08-24 10:06:55.968  3310  3701 W ErrorReporter: reportError [type: 211, code: 393244, bug: 0]: errorCode: 393244, engine: 0
08-24 10:06:55.970  3310  3701 I MicroDetector: Keeping mic open: false
08-24 10:06:55.971  3310  3701 I MicroDetectionWorker: #onError(false)
08-24 10:06:55.974  2539  2582 I s.nexuslaunche: Waiting for a blocking GC ProfileSaver
08-24 10:06:55.997  2186  2595 D EGL_emulation: eglMakeCurrent: 0x9e735ec0: ver 2 0 (tinfo 0x7d718de0)
08-24 10:06:56.049  2186  2595 I chatty  : uid=10107(com.android.systemui) RenderThread identical 1 line
08-24 10:06:56.072  2186  2595 D EGL_emulation: eglMakeCurrent: 0x9e735ec0: ver 2 0 (tinfo 0x7d718de0)
08-24 10:06:56.076  2539  2556 I s.nexuslaunche: NativeAlloc concurrent copying GC freed 3831(297KB) AllocSpace objects, 0(0B) LOS objects, 49% free, 2820KB/5640KB, paused 410us total 103.104ms
08-24 10:06:56.076  2539  2582 I s.nexuslaunche: WaitForGcToComplete blocked ProfileSaver on HeapTrim for 102.589ms
08-24 10:06:56.079  2539  2558 W System  : A resource failed to call release. 
08-24 10:06:56.080  2539  2558 W System  : A resource failed to call release. 
08-24 10:06:56.111  2186  2595 D EGL_emulation: eglMakeCurrent: 0x9e735ec0: ver 2 0 (tinfo 0x7d718de0)
08-24 10:06:56.192  2186  2595 I chatty  : uid=10107(com.android.systemui) RenderThread identical 2 lines
08-24 10:06:56.232  2186  2595 D EGL_emulation: eglMakeCurrent: 0x9e735ec0: ver 2 0 (tinfo 0x7d718de0)
08-24 10:06:56.240  2186  2203 I ndroid.systemu: NativeAlloc concurrent copying GC freed 33549(943KB) AllocSpace objects, 0(0B) LOS objects, 49% free, 5454KB/10MB, paused 903us total 119.536ms
08-24 10:06:56.292  2689 16225 W ctxmgr  : [AclManager] No 3 for (accnt=account#-517948760#, com.google.android.gms(10116):UserVelocityProducer, vrsn=202414022, 0, 3pPkg = null ,  3pMdlId = null ,  pid = 2689). Was: 3 for 1, account#-517948760# [CONTEXT service_id=47 ]
08-24 10:06:56.427 16573 16670 D EGL_emulation: eglMakeCurrent: 0x95b1bc20: ver 2 0 (tinfo 0x764472e0)
08-24 10:06:56.450  2689 16435 I LogUtils: [Places]: ?: Couldn't find platform key file. [CONTEXT service_id=253 ]
08-24 10:06:56.467  2689 16225 I ctxmgr  : [ProducerStatusImpl] updateStateForNewContextData: inactive, contextName=7 [CONTEXT service_id=47 ]
08-24 10:06:56.479 16573 16573 I AppLifecycleTracker: App transition to background
08-24 10:06:56.481 16573 16573 I chatty  : uid=10139(com.google.android.youtube) identical 1 line
08-24 10:06:56.482 16573 16573 I AppLifecycleTracker: App transition to background
08-24 10:06:56.525  2866  2866 W DiscoveryManager: BroadcastReceiver is already registered
08-24 10:06:56.525  2866 16737 I DiscoveryManager: Filter criteria(233637DE) scannerFlags(2)
08-24 10:06:56.526  2012  2376 W ActivityManager: Permission Denial: Accessing service com.google.android.music/.dial.DialMediaRouteProviderService from pid=16573, uid=10139 that is not exported from uid 10138
08-24 10:06:56.548  2866 16737 E DeviceScanner: [BLE] Failed to start scan because Bluetooth is not supported on this device.
08-24 10:06:56.554  2866 16737 W DatabaseProcessor: processLocalDevices: failed to get the network info with non-null bssid.
08-24 10:06:56.556  2866 16737 W DatabaseProcessor: processLocalDevices: failed to get the network info with non-null bssid.
08-24 10:06:56.595  2689  2689 I GeofencerStateMachine: removeGeofences: removeRequest=RemoveGeofencingRequest[REMOVE_BY_PENDING_INTENT pendingIntent=PendingIntent[creatorPackage=com.google.android.gms], packageName=com.google.android.gms]
08-24 10:06:56.598  2689  2689 I GeofencerStateMachine: removeGeofences: removeRequest=RemoveGeofencingRequest[REMOVE_BY_PENDING_INTENT pendingIntent=PendingIntent[creatorPackage=com.google.android.gms], packageName=com.google.android.gms]
08-24 10:06:56.614  2689 17050 I PlacesLogger: [PlaceInferenceEngine]: [anon] Changed inference mode: 0 [CONTEXT service_id=253 ]
08-24 10:06:56.615  2689 16475 I LogUtils: [Places]: ?: Couldn't find platform key file. [CONTEXT service_id=253 ]
08-24 10:06:56.616  2689 16435 I LogUtils: [Places]: ?: Couldn't find platform key file. [CONTEXT service_id=253 ]
08-24 10:06:56.616  2689 17052 I LogUtils: [Places]: ?: Couldn't find platform key file. [CONTEXT service_id=253 ]
08-24 10:06:56.651  2689 17052 I LogUtils: [Places]: ?: Couldn't find platform key file. [CONTEXT service_id=253 ]
08-24 10:06:56.679  2012  2025 I system_server: NativeAlloc concurrent copying GC freed 20627(1108KB) AllocSpace objects, 6(312KB) LOS objects, 26% free, 16MB/22MB, paused 776us total 159.699ms
08-24 10:06:56.680  2689 16225 I LogUtils: [Places]: ?: Couldn't find platform key file. [CONTEXT service_id=253 ]
08-24 10:06:56.695  2689 17050 I LogUtils: [Places]: ?: PlacesBleScanner start() with priority 2 [CONTEXT service_id=253 ]
08-24 10:06:56.695  2689 17050 I PlacesLogger: [PlaceInferenceEngine]: [anon] Changed inference mode: 1 [CONTEXT service_id=253 ]
08-24 10:06:56.706  2689  2689 E BeaconBle: Missing BluetoothAdapter [CONTEXT service_id=111 ]
08-24 10:06:56.706  2689  2689 I BeaconBle: BLE 'KK+' software access layer enabled [CONTEXT service_id=111 ]
08-24 10:06:56.724  2689  2689 I BeaconBle: Client requested scan, settings=BleSettings [scanMode=ZERO_POWER, callbackType=ALL_MATCHES, reportDelayMillis=0, 1 filters, 0 clients, callingClientName=Places] [CONTEXT service_id=111 ]
08-24 10:06:56.726  2689  2689 I BeaconBle: Scan : No clients left, canceling alarm. [CONTEXT service_id=111 ]
08-24 10:06:56.728  2689  2689 E BeaconBle: Scan couldn't start for Places [CONTEXT service_id=111 ]
08-24 10:06:56.728  2689  2689 W Places  : BLE failure while scanning - code 5
08-24 10:06:56.799 16573 16573 W MediaRouter: Ignoring invalid provider descriptor: null
08-24 10:06:56.800  2866 12692 I DiscoveryManager: Filter criteria(null) scannerFlags(0)
08-24 10:06:56.804  2866 12692 W GuestModeDeviceProber: setFilterCriteria
08-24 10:06:56.813  2012  2376 I WifiService: releaseMulticastLock uid=10116
08-24 10:06:57.129  2012  2049 E memtrack: Couldn't load memtrack module
08-24 10:06:57.139  2012  2049 W android.os.Debug: failed to get memory consumption info: -1
08-24 10:06:58.453  1751  1895 W audio_hw_generic: Not supplying enough data to HAL, expected position 25415790 , only wrote 25279284
08-24 10:06:58.594 16573 16714 W YouTube : Could not register for notifications with InnerTube: 
08-24 10:06:58.594 16573 16714 W YouTube : aahl: java.util.concurrent.ExecutionException: xpy: Precondition check failed.
08-24 10:06:58.594 16573 16714 W YouTube : 	at aahb.b(SourceFile:23)
08-24 10:06:58.594 16573 16714 W YouTube : 	at afyu.run(SourceFile:26)
08-24 10:06:58.594 16573 16714 W YouTube : 	at java.util.concurrent.Executors$RunnableAdapter.call(Executors.java:462)
08-24 10:06:58.594 16573 16714 W YouTube : 	at java.util.concurrent.FutureTask.run(FutureTask.java:266)
08-24 10:06:58.594 16573 16714 W YouTube : 	at java.util.concurrent.ScheduledThreadPoolExecutor$ScheduledFutureTask.run(ScheduledThreadPoolExecutor.java:301)
08-24 10:06:58.594 16573 16714 W YouTube : 	at java.util.concurrent.ThreadPoolExecutor.runWorker(ThreadPoolExecutor.java:1167)
08-24 10:06:58.594 16573 16714 W YouTube : 	at java.util.concurrent.ThreadPoolExecutor$Worker.run(ThreadPoolExecutor.java:641)
