08-25 14:41:33.141  2296  2296 I TelecomFramework: AccountEntry: Registered phoneAccount: [[ ] PhoneAccount: ComponentInfo{com.android.phone/com.android.services.telephony.TelephonyConnectionService}, ***, UserHandle{0} Capabilities: CallProvider MultiUser PlaceEmerg SimSub  Audio Routes: BESW Schemes: tel voicemail  Extras: Bundle[{android.telecom.extra.SUPPORTS_VIDEO_CALLING_FALLBACK=true}] GroupId: ***] with handle: ComponentInfo{com.android.phone/com.android.services.telephony.TelephonyConnectionService}, ***, UserHandle{0}
08-25 14:41:33.141  2296  2296 I TelecomFramework: PstnIncomingCallNotifier: Registering: Handler (com.android.internal.telephony.GsmCdmaPhone) {843fb91}
08-25 14:41:33.154  2631  2631 E ActivityThread: Failed to find provider info for com.google.android.gsf.gservices
08-25 14:41:33.165  2296  2296 D CallNotifier: updatePhoneStateListeners: update CF notifications.
08-25 14:41:33.155  2631  2631 E ActivityThread: Failed to find provider info for com.google.android.gsf.gservices
08-25 14:41:33.166  2296  2296 I TelecomFramework: : onSubscriptionsChanged - update accounts
08-25 14:41:33.166  2296  2296 I TelecomFramework: PstnIncomingCallNotifier: Unregistering: Handler (com.android.internal.telephony.GsmCdmaPhone) {843fb91}
08-25 14:41:33.166  2296  2296 I TelecomFramework: TelecomAccountRegistry: setupAccounts: Found 1 phones.  Attempting to register.
08-25 14:41:33.166  2296  2296 I TelecomFramework: TelecomAccountRegistry: setupAccounts: Phone with subscription id 1
08-25 14:41:33.175  2631  2631 E ActivityThread: Failed to find provider info for com.google.android.gsf.gservices
08-25 14:41:33.212  2000  2017 I Telecom : PhoneAccountRegistrar: Modify account: [ComponentInfo{com.android.phone/com.android.services.telephony.TelephonyConnectionService}, ***, UserHandle{0}]: TSI.rPA@ACI
08-25 14:41:33.216  2631  2675 E ActivityThread: Failed to find provider info for com.google.android.gsf.gservices
08-25 14:41:33.217  2000  2017 I Telecom : CallsManager: handlePhoneAccountChanged: phoneAccount=[[X] PhoneAccount: ComponentInfo{com.android.phone/com.android.services.telephony.TelephonyConnectionService}, ***, UserHandle{0} Capabilities: CallProvider MultiUser PlaceEmerg SimSub  Audio Routes: BESW Schemes: tel voicemail  Extras: Bundle[{android.telecom.extra.SUPPORTS_VIDEO_CALLING_FALLBACK=true}] GroupId: ***]: TSI.rPA@ACI
08-25 14:41:33.222  2631  2675 E ActivityThread: Failed to find provider info for com.google.android.gsf.gservices
08-25 14:41:33.224  2631  2675 I chatty  : uid=10116(com.google.android.gms) GoogleApiHandle identical 2 lines
08-25 14:41:33.233  2631  2675 E ActivityThread: Failed to find provider info for com.google.android.gsf.gservices
08-25 14:41:33.235  2296  2296 I TelecomFramework: AccountEntry: Registered phoneAccount: [[ ] PhoneAccount: ComponentInfo{com.android.phone/com.android.services.telephony.TelephonyConnectionService}, ***, UserHandle{0} Capabilities: CallProvider MultiUser PlaceEmerg SimSub  Audio Routes: BESW Schemes: tel voicemail  Extras: Bundle[{android.telecom.extra.SUPPORTS_VIDEO_CALLING_FALLBACK=true}] GroupId: ***] with handle: ComponentInfo{com.android.phone/com.android.services.telephony.TelephonyConnectionService}, ***, UserHandle{0}
08-25 14:41:33.235  2296  2296 I TelecomFramework: PstnIncomingCallNotifier: Registering: Handler (com.android.internal.telephony.GsmCdmaPhone) {843fb91}
08-25 14:41:33.239  2631  2675 E ActivityThread: Failed to find provider info for com.google.android.gsf.gservices
08-25 14:41:33.276  2141  2141 V KeyguardUpdateMonitor: action android.intent.action.SIM_STATE_CHANGED state: READY slotId: 0 subid: -1
08-25 14:41:33.279  2296  2296 D MultiSimSettingController: onSubscriptionsChanged
08-25 14:41:33.279  2296  2296 D MultiSimSettingController: updateDefaults
08-25 14:41:33.280  2296  2296 D MultiSimSettingController: [updateDefaultValues] change: 0
08-25 14:41:33.268  2631  2675 I chatty  : uid=10116(com.google.android.gms) GoogleApiHandle identical 1 line
08-25 14:41:33.277  2631  2675 E ActivityThread: Failed to find provider info for com.google.android.gsf.gservices
08-25 14:41:33.287  2296  2296 I TelecomFramework: : onSubscriptionsChanged - update accounts
08-25 14:41:33.287  2296  2296 I TelecomFramework: PstnIncomingCallNotifier: Unregistering: Handler (com.android.internal.telephony.GsmCdmaPhone) {843fb91}
08-25 14:41:33.288  2296  2296 I TelecomFramework: TelecomAccountRegistry: setupAccounts: Found 1 phones.  Attempting to register.
08-25 14:41:33.289  2296  2296 I TelecomFramework: TelecomAccountRegistry: setupAccounts: Phone with subscription id 1
08-25 14:41:33.313  2141  2141 V StatusBar: mStatusBarWindow: com.android.systemui.statusbar.phone.StatusBarWindowView{60a8a58 V.E...... ......I. 0,0-1440,84} canPanelBeCollapsed(): false
08-25 14:41:33.314  2631  2675 E ActivityThread: Failed to find provider info for com.google.android.gsf.gservices
08-25 14:41:33.381  2141  2141 D KeyguardClockSwitch: Updating clock: 241
08-25 14:41:33.340  2631  2675 I chatty  : uid=10116(com.google.android.gms) GoogleApiHandle identical 1 line
08-25 14:41:33.348  2631  2675 E ActivityThread: Failed to find provider info for com.google.android.gsf.gservices
08-25 14:41:33.419  2000  2333 I Telecom : PhoneAccountRegistrar: Modify account: [ComponentInfo{com.android.phone/com.android.services.telephony.TelephonyConnectionService}, ***, UserHandle{0}]: TSI.rPA@ACU
08-25 14:41:33.421  2000  2333 I Telecom : CallsManager: handlePhoneAccountChanged: phoneAccount=[[X] PhoneAccount: ComponentInfo{com.android.phone/com.android.services.telephony.TelephonyConnectionService}, ***, UserHandle{0} Capabilities: CallProvider MultiUser PlaceEmerg SimSub  Audio Routes: BESW Schemes: tel voicemail  Extras: Bundle[{android.telecom.extra.SUPPORTS_VIDEO_CALLING_FALLBACK=true}] GroupId: ***]: TSI.rPA@ACU
08-25 14:41:33.432  2296  2296 I TelecomFramework: AccountEntry: Registered phoneAccount: [[ ] PhoneAccount: ComponentInfo{com.android.phone/com.android.services.telephony.TelephonyConnectionService}, ***, UserHandle{0} Capabilities: CallProvider MultiUser PlaceEmerg SimSub  Audio Routes: BESW Schemes: tel voicemail  Extras: Bundle[{android.telecom.extra.SUPPORTS_VIDEO_CALLING_FALLBACK=true}] GroupId: ***] with handle: ComponentInfo{com.android.phone/com.android.services.telephony.TelephonyConnectionService}, ***, UserHandle{0}
08-25 14:41:33.432  2296  2296 I TelecomFramework: PstnIncomingCallNotifier: Registering: Handler (com.android.internal.telephony.GsmCdmaPhone) {843fb91}
08-25 14:41:33.464  2296  2296 D CallNotifier: updatePhoneStateListeners: update CF notifications.
08-25 14:41:33.464  2296  2296 D MultiSimSettingController: onSubscriptionsChanged
08-25 14:41:33.464  2296  2296 D MultiSimSettingController: updateDefaults
08-25 14:41:33.466  2296  2296 D MultiSimSettingController: [updateDefaultValues] change: 0
08-25 14:41:33.467  2296  2296 I TelecomFramework: : onSubscriptionsChanged - update accounts
08-25 14:41:33.467  2296  2296 I TelecomFramework: PstnIncomingCallNotifier: Unregistering: Handler (com.android.internal.telephony.GsmCdmaPhone) {843fb91}
08-25 14:41:33.468  2296  2296 I TelecomFramework: TelecomAccountRegistry: setupAccounts: Found 1 phones.  Attempting to register.
08-25 14:41:33.468  2296  2296 I TelecomFramework: TelecomAccountRegistry: setupAccounts: Phone with subscription id 1
08-25 14:41:33.471  2141  2141 D StatusBar: disable<e i a s b h r c s > disable2<q i n >
08-25 14:41:33.473  2000  2183 W ActivityManager: Unable to start service Intent { act=com.google.android.gms.tapandpay.service.BIND pkg=com.google.android.gms } U=0: not found
08-25 14:41:33.478  2000  2183 W ActivityManager: Unbind failed: could not find connection for android.os.BinderProxy@1b37d6b
08-25 14:41:33.486  2631  2675 E ActivityThread: Failed to find provider info for com.google.android.gsf.gservices
08-25 14:41:33.487  2141  2688 E GmsClient: unable to connect to service: com.google.android.gms.tapandpay.service.BIND on com.google.android.gms
08-25 14:41:33.489  2631  2675 E ActivityThread: Failed to find provider info for com.google.android.gsf.gservices
08-25 14:41:33.509  2631  2675 W FileUtils: Failed to chmod(/data/user/0/com.google.android.gms/app_usage_reporting_db): android.system.ErrnoException: chmod failed: ENOENT (No such file or directory)
08-25 14:41:33.514  2631  2675 E ActivityThread: Failed to find provider info for com.google.android.gsf.gservices
08-25 14:41:33.530  2631  2673 W OptedInLoggerCreator: Could not retrieve Usage & Diagnostics setting. Giving up.
08-25 14:41:33.520  2631  2675 E ActivityThread: Failed to find provider info for com.google.android.gsf.gservices
08-25 14:41:33.535  2000  2183 I Telecom : PhoneAccountRegistrar: Modify account: [ComponentInfo{com.android.phone/com.android.services.telephony.TelephonyConnectionService}, ***, UserHandle{0}]: TSI.rPA@ACg
08-25 14:41:33.539  2000  2183 I Telecom : CallsManager: handlePhoneAccountChanged: phoneAccount=[[X] PhoneAccount: ComponentInfo{com.android.phone/com.android.services.telephony.TelephonyConnectionService}, ***, UserHandle{0} Capabilities: CallProvider MultiUser PlaceEmerg SimSub  Audio Routes: BESW Schemes: tel voicemail  Extras: Bundle[{android.telecom.extra.SUPPORTS_VIDEO_CALLING_FALLBACK=true}] GroupId: ***]: TSI.rPA@ACg
08-25 14:41:33.546  2296  2296 I TelecomFramework: AccountEntry: Registered phoneAccount: [[ ] PhoneAccount: ComponentInfo{com.android.phone/com.android.services.telephony.TelephonyConnectionService}, ***, UserHandle{0} Capabilities: CallProvider MultiUser PlaceEmerg SimSub  Audio Routes: BESW Schemes: tel voicemail  Extras: Bundle[{android.telecom.extra.SUPPORTS_VIDEO_CALLING_FALLBACK=true}] GroupId: ***] with handle: ComponentInfo{com.android.phone/com.android.services.telephony.TelephonyConnectionService}, ***, UserHandle{0}
08-25 14:41:33.547  2296  2296 I TelecomFramework: PstnIncomingCallNotifier: Registering: Handler (com.android.internal.telephony.GsmCdmaPhone) {843fb91}
08-25 14:41:33.567  2296  2296 D CallNotifier: updatePhoneStateListeners: update CF notifications.
08-25 14:41:33.568  2296  2296 D MultiSimSettingController: onSubscriptionsChanged
08-25 14:41:33.568  2296  2296 D MultiSimSettingController: updateDefaults
08-25 14:41:33.570  2296  2296 D MultiSimSettingController: [updateDefaultValues] change: 0
08-25 14:41:33.572  2296  2296 I TelecomFramework: : onSubscriptionsChanged - update accounts
08-25 14:41:33.573  2296  2296 I TelecomFramework: PstnIncomingCallNotifier: Unregistering: Handler (com.android.internal.telephony.GsmCdmaPhone) {843fb91}
08-25 14:41:33.578  2141  2141 E ndroid.systemu: Invalid ID 0x00000000.
08-25 14:41:33.582  2296  2296 I TelecomFramework: TelecomAccountRegistry: setupAccounts: Found 1 phones.  Attempting to register.
08-25 14:41:33.583  2296  2296 I TelecomFramework: TelecomAccountRegistry: setupAccounts: Phone with subscription id 1
08-25 14:41:33.608  2000  2017 I Telecom : PhoneAccountRegistrar: Modify account: [ComponentInfo{com.android.phone/com.android.services.telephony.TelephonyConnectionService}, ***, UserHandle{0}]: TSI.rPA@ACs
08-25 14:41:33.609  2000  2017 I Telecom : CallsManager: handlePhoneAccountChanged: phoneAccount=[[X] PhoneAccount: ComponentInfo{com.android.phone/com.android.services.telephony.TelephonyConnectionService}, ***, UserHandle{0} Capabilities: CallProvider MultiUser PlaceEmerg SimSub  Audio Routes: BESW Schemes: tel voicemail  Extras: Bundle[{android.telecom.extra.SUPPORTS_VIDEO_CALLING_FALLBACK=true}] GroupId: ***]: TSI.rPA@ACs
08-25 14:41:33.610  2296  2296 I TelecomFramework: AccountEntry: Registered phoneAccount: [[ ] PhoneAccount: ComponentInfo{com.android.phone/com.android.services.telephony.TelephonyConnectionService}, ***, UserHandle{0} Capabilities: CallProvider MultiUser PlaceEmerg SimSub  Audio Routes: BESW Schemes: tel voicemail  Extras: Bundle[{android.telecom.extra.SUPPORTS_VIDEO_CALLING_FALLBACK=true}] GroupId: ***] with handle: ComponentInfo{com.android.phone/com.android.services.telephony.TelephonyConnectionService}, ***, UserHandle{0}
08-25 14:41:33.610  2296  2296 I TelecomFramework: PstnIncomingCallNotifier: Registering: Handler (com.android.internal.telephony.GsmCdmaPhone) {843fb91}
08-25 14:41:33.647  2296  2296 D CallNotifier: updatePhoneStateListeners: update CF notifications.
08-25 14:41:33.647  2296  2296 D MultiSimSettingController: onSubscriptionsChanged
08-25 14:41:33.647  2296  2296 D MultiSimSettingController: updateDefaults
08-25 14:41:33.648  2296  2296 D MultiSimSettingController: [updateDefaultValues] change: 0
08-25 14:41:33.667  2296  2296 D CallNotifier: updatePhoneStateListeners: update CF notifications.
08-25 14:41:33.668  2296  2296 I TelecomFramework: : onSubscriptionsChanged - update accounts
08-25 14:41:33.668  2296  2296 I TelecomFramework: PstnIncomingCallNotifier: Unregistering: Handler (com.android.internal.telephony.GsmCdmaPhone) {843fb91}
08-25 14:41:33.668  2296  2296 I TelecomFramework: TelecomAccountRegistry: setupAccounts: Found 1 phones.  Attempting to register.
08-25 14:41:33.668  2296  2296 I TelecomFramework: TelecomAccountRegistry: setupAccounts: Phone with subscription id 1
08-25 14:41:33.699  2000  2033 W WindowManager: Window freeze timeout expired.
08-25 14:41:33.700  2000  2033 W WindowManager: Force clearing orientation change: Window{eac3f88 u0 StatusBar}
08-25 14:41:33.700  2000  2033 W WindowManager: Force clearing orientation change: Window{f0850cc u0 com.android.systemui.ImageWallpaper}
08-25 14:41:33.733  2000  2183 I Telecom : PhoneAccountRegistrar: Modify account: [ComponentInfo{com.android.phone/com.android.services.telephony.TelephonyConnectionService}, ***, UserHandle{0}]: TSI.rPA@AC4
08-25 14:41:33.735  2000  2183 I Telecom : CallsManager: handlePhoneAccountChanged: phoneAccount=[[X] PhoneAccount: ComponentInfo{com.android.phone/com.android.services.telephony.TelephonyConnectionService}, ***, UserHandle{0} Capabilities: CallProvider MultiUser PlaceEmerg SimSub  Audio Routes: BESW Schemes: tel voicemail  Extras: Bundle[{android.telecom.extra.SUPPORTS_VIDEO_CALLING_FALLBACK=true}] GroupId: ***]: TSI.rPA@AC4
08-25 14:41:33.736  2296  2296 I TelecomFramework: AccountEntry: Registered phoneAccount: [[ ] PhoneAccount: ComponentInfo{com.android.phone/com.android.services.telephony.TelephonyConnectionService}, ***, UserHandle{0} Capabilities: CallProvider MultiUser PlaceEmerg SimSub  Audio Routes: BESW Schemes: tel voicemail  Extras: Bundle[{android.telecom.extra.SUPPORTS_VIDEO_CALLING_FALLBACK=true}] GroupId: ***] with handle: ComponentInfo{com.android.phone/com.android.services.telephony.TelephonyConnectionService}, ***, UserHandle{0}
08-25 14:41:33.736  2296  2296 I TelecomFramework: PstnIncomingCallNotifier: Registering: Handler (com.android.internal.telephony.GsmCdmaPhone) {843fb91}
08-25 14:41:33.749  2296  2296 D MultiSimSettingController: onSubscriptionsChanged
08-25 14:41:33.750  2296  2296 D MultiSimSettingController: updateDefaults
08-25 14:41:33.750  2296  2296 D MultiSimSettingController: [updateDefaultValues] change: 0
08-25 14:41:33.757  2296  2296 D CarrierConfigLoader: mHandler: 7 phoneId: 0
08-25 14:41:33.762  2296  2296 D CarrierConfigLoader: Loaded config from XML. package=com.android.carrierconfig phoneId=0
08-25 14:41:33.762  2296  2296 D CarrierSvcBindHelper: mHandler: 0
08-25 14:41:33.762  2296  2296 D CarrierSvcBindHelper: Rebinding if necessary for phoneId: 0
08-25 14:41:33.774  2296  2296 D CarrierSvcBindHelper: No carrier app for: 0
08-25 14:41:33.774  2296  2296 D MultiSimSettingController: onDefaultDataSettingChanged
08-25 14:41:33.789  2296  2296 I VvmSimStateTracker: android.intent.action.SIM_STATE_CHANGED
08-25 14:41:33.800  2296  2296 D CallNotifier: updatePhoneStateListeners: update CF notifications.
08-25 14:41:33.800  2296  2296 I TelecomFramework: : onSubscriptionsChanged - update accounts
08-25 14:41:33.800  2296  2296 I TelecomFramework: PstnIncomingCallNotifier: Unregistering: Handler (com.android.internal.telephony.GsmCdmaPhone) {843fb91}
08-25 14:41:33.800  2296  2296 I TelecomFramework: TelecomAccountRegistry: setupAccounts: Found 1 phones.  Attempting to register.
08-25 14:41:33.800  2296  2296 I TelecomFramework: TelecomAccountRegistry: setupAccounts: Phone with subscription id 1
08-25 14:41:33.814  2000  2017 W BroadcastQueue: Background execution not allowed: receiving Intent { act=android.intent.action.USER_PRESENT flg=0x24200010 } to com.google.android.gms/.chimera.GmsIntentOperationService$PersistentTrustedReceiver
08-25 14:41:33.847  2000  2183 I Telecom : PhoneAccountRegistrar: Modify account: [ComponentInfo{com.android.phone/com.android.services.telephony.TelephonyConnectionService}, ***, UserHandle{0}]: TSI.rPA@ADE
08-25 14:41:33.852  2000  2183 I Telecom : CallsManager: handlePhoneAccountChanged: phoneAccount=[[X] PhoneAccount: ComponentInfo{com.android.phone/com.android.services.telephony.TelephonyConnectionService}, ***, UserHandle{0} Capabilities: CallProvider MultiUser PlaceEmerg SimSub  Audio Routes: BESW Schemes: tel voicemail  Extras: Bundle[{android.telecom.extra.SUPPORTS_VIDEO_CALLING_FALLBACK=true}] GroupId: ***]: TSI.rPA@ADE
08-25 14:41:33.854  2296  2296 I TelecomFramework: AccountEntry: Registered phoneAccount: [[ ] PhoneAccount: ComponentInfo{com.android.phone/com.android.services.telephony.TelephonyConnectionService}, ***, UserHandle{0} Capabilities: CallProvider MultiUser PlaceEmerg SimSub  Audio Routes: BESW Schemes: tel voicemail  Extras: Bundle[{android.telecom.extra.SUPPORTS_VIDEO_CALLING_FALLBACK=true}] GroupId: ***] with handle: ComponentInfo{com.android.phone/com.android.services.telephony.TelephonyConnectionService}, ***, UserHandle{0}
08-25 14:41:33.854  2296  2296 I TelecomFramework: PstnIncomingCallNotifier: Registering: Handler (com.android.internal.telephony.GsmCdmaPhone) {843fb91}
08-25 14:41:33.883  2296  2296 D MultiSimSettingController: onSubscriptionsChanged
08-25 14:41:33.883  2296  2296 D MultiSimSettingController: updateDefaults
08-25 14:41:33.885  2296  2296 D MultiSimSettingController: [updateDefaultValues] change: 0
08-25 14:41:33.885  2296  2590 D IccSmsInterfaceManager: [IccSmsInterfaceManager] Failed to add GSM cell broadcast channels range 4370 to 4370
08-25 14:41:33.888  2296  2590 D IccSmsInterfaceManager: [IccSmsInterfaceManager] Calling setCdmaBroadcastConfig with 1 configurations
08-25 14:41:33.901  2296  2296 D CallNotifier: updatePhoneStateListeners: update CF notifications.
08-25 14:41:33.907  2141  2141 I Choreographer: Skipped 155 frames!  The application may be doing too much work on its main thread.
08-25 14:41:33.917  2296  2296 I TelecomFramework: : onSubscriptionsChanged - update accounts
08-25 14:41:33.917  2296  2296 I TelecomFramework: PstnIncomingCallNotifier: Unregistering: Handler (com.android.internal.telephony.GsmCdmaPhone) {843fb91}
08-25 14:41:33.917  2296  2296 I TelecomFramework: TelecomAccountRegistry: setupAccounts: Found 1 phones.  Attempting to register.
08-25 14:41:33.917  2296  2296 I TelecomFramework: TelecomAccountRegistry: setupAccounts: Phone with subscription id 1
08-25 14:41:33.990  2141  2548 D EGL_emulation: eglMakeCurrent: 0xebb6ae80: ver 2 0 (tinfo 0xc6ca4a50)
08-25 14:41:33.998  1762  2455 D gralloc_ranchu: gralloc_alloc: Creating ashmem region of size 487424
08-25 14:41:34.041  2141  2548 D EGL_emulation: eglMakeCurrent: 0xebb6ae80: ver 2 0 (tinfo 0xc6ca4a50)
08-25 14:41:34.080  2000  2017 I Telecom : PhoneAccountRegistrar: Modify account: [ComponentInfo{com.android.phone/com.android.services.telephony.TelephonyConnectionService}, ***, UserHandle{0}]: TSI.rPA@ADQ
08-25 14:41:34.082  2000  2017 I Telecom : CallsManager: handlePhoneAccountChanged: phoneAccount=[[X] PhoneAccount: ComponentInfo{com.android.phone/com.android.services.telephony.TelephonyConnectionService}, ***, UserHandle{0} Capabilities: CallProvider MultiUser PlaceEmerg SimSub  Audio Routes: BESW Schemes: tel voicemail  Extras: Bundle[{android.telecom.extra.SUPPORTS_VIDEO_CALLING_FALLBACK=true}] GroupId: ***]: TSI.rPA@ADQ
08-25 14:41:34.084  2296  2296 I TelecomFramework: AccountEntry: Registered phoneAccount: [[ ] PhoneAccount: ComponentInfo{com.android.phone/com.android.services.telephony.TelephonyConnectionService}, ***, UserHandle{0} Capabilities: CallProvider MultiUser PlaceEmerg SimSub  Audio Routes: BESW Schemes: tel voicemail  Extras: Bundle[{android.telecom.extra.SUPPORTS_VIDEO_CALLING_FALLBACK=true}] GroupId: ***] with handle: ComponentInfo{com.android.phone/com.android.services.telephony.TelephonyConnectionService}, ***, UserHandle{0}
08-25 14:41:34.084  2296  2296 I TelecomFramework: PstnIncomingCallNotifier: Registering: Handler (com.android.internal.telephony.GsmCdmaPhone) {843fb91}
08-25 14:41:34.097  2296  2296 D MultiSimSettingController: onSubscriptionsChanged
08-25 14:41:34.097  2296  2296 D MultiSimSettingController: updateDefaults
08-25 14:41:34.098  2296  2296 D MultiSimSettingController: [updateDefaultValues] change: 0
08-25 14:41:34.098  2296  2296 I TelecomFramework: PstnPhoneCapabilitiesNotifier: handleVideoCapabilitesChanged. Video capability - false
08-25 14:41:34.106  2296  2296 D CallNotifier: updatePhoneStateListeners: update CF notifications.
08-25 14:41:34.108  2296  2296 I NotificationMgr: updateMwi(): subId 1 update to false
08-25 14:41:34.117  2296  2296 I CallNotifier: onCallForwardingIndicatorChanged(): subId=1, visible=N
08-25 14:41:34.118  2296  2296 D CallNotifier: updatePhoneStateListeners: update CF notifications.
08-25 14:41:34.119  2296  2296 I NotificationMgr: updateCfi: subId= 1, visible=N
08-25 14:41:34.119  2296  2296 I NotificationMgr: updateMwi(): subId 1 update to false
08-25 14:41:34.126  2296  2296 D CarrierConfigLoader: mHandler: 5 phoneId: 0
08-25 14:41:34.131  2296  2590 D IccSmsInterfaceManager: [IccSmsInterfaceManager] Failed to add cdma broadcast channels range 4096 to 4096
08-25 14:41:34.143  2296  2590 D IccSmsInterfaceManager: [IccSmsInterfaceManager] Calling setGsmBroadcastConfig with 1 configurations
08-25 14:41:34.128  2296  2296 I chatty  : uid=1001(radio) com.android.phone identical 7 lines
08-25 14:41:34.128  2296  2296 I TelecomFramework: PstnPhoneCapabilitiesNotifier: handleVideoCapabilitesChanged. Video capability - false
08-25 14:41:34.156  2000  2017 I Telecom : PhoneAccountRegistrar: Modify account: [ComponentInfo{com.android.phone/com.android.services.telephony.TelephonyConnectionService}, ***, UserHandle{0}]: TSI.rPA@ADc
08-25 14:41:34.166  2000  2017 I Telecom : CallsManager: handlePhoneAccountChanged: phoneAccount=[[X] PhoneAccount: ComponentInfo{com.android.phone/com.android.services.telephony.TelephonyConnectionService}, ***, UserHandle{0} Capabilities: CallProvider MultiUser PlaceEmerg SimSub  Audio Routes: BESW Schemes: tel voicemail  Extras: Bundle[{android.telecom.extra.SUPPORTS_VIDEO_CALLING_FALLBACK=true}] GroupId: ***]: TSI.rPA@ADc
08-25 14:41:34.170  2296  2296 D TelephonyProvider: subIdString = 1 subId = 1
08-25 14:41:34.177  1744  1744 D Zygote  : Forked child process 2693
08-25 14:41:34.186  1762  2455 D gralloc_ranchu: gralloc_alloc: Creating ashmem region of size 487424
08-25 14:41:34.191  2141  2548 I OpenGLRenderer: Davey! duration=2852ms; Flags=1, IntendedVsync=17915840070, Vsync=20499173300, OldestInputEvent=9223372036854775807, NewestInputEvent=0, HandleInputStart=20503336600, AnimationStart=20503391300, PerformTraversalsStart=20506425200, DrawStart=20617850800, SyncQueued=20619354400, SyncStart=20637582900, IssueDrawCommandsStart=20641753900, SwapBuffers=20775662000, FrameCompleted=20786588400, DequeueBufferDuration=5065000, QueueBufferDuration=212000, 
08-25 14:41:34.195  2000  2040 W ActivityManager: Slow operation: 76ms so far, now at startProcess: returned from zygote!
08-25 14:41:34.195  2000  2040 W ActivityManager: Slow operation: 76ms so far, now at startProcess: done updating battery stats
08-25 14:41:34.195  2000  2040 W ActivityManager: Slow operation: 76ms so far, now at startProcess: building log message
08-25 14:41:34.195  2000  2040 I ActivityManager: Start proc 2693:com.android.dialer/u0a120 for broadcast {com.android.dialer/com.android.dialer.app.voicemail.LegacyVoicemailNotificationReceiver}
08-25 14:41:34.195  2000  2040 W ActivityManager: Slow operation: 76ms so far, now at startProcess: starting to update pids map
08-25 14:41:34.196  2000  2040 W ActivityManager: Slow operation: 77ms so far, now at startProcess: done updating pids map
08-25 14:41:34.197  1648  1648 I hwservicemanager: getTransport: Cannot find entry android.hardware.graphics.allocator@3.0::IAllocator/default in either framework or device manifest.
08-25 14:41:34.197  2141  2141 W Gralloc3: allocator 3.x is not supported
08-25 14:41:34.200  1762  2455 D gralloc_ranchu: gralloc_alloc: Creating ashmem region of size 36864
08-25 14:41:34.212  2141  2699 D HostConnection: HostConnection::get() New Host Connection established 0xdf14f460, tid 2699
08-25 14:41:34.212  2141  2699 D HostConnection: HostComposition ext ANDROID_EMU_CHECKSUM_HELPER_v1 ANDROID_EMU_dma_v1 ANDROID_EMU_direct_mem ANDROID_EMU_host_composition_v1 ANDROID_EMU_host_composition_v2 ANDROID_EMU_vulkan ANDROID_EMU_deferred_vulkan_commands ANDROID_EMU_vulkan_null_optional_strings ANDROID_EMU_vulkan_create_resources_with_requirements ANDROID_EMU_YUV_Cache ANDROID_EMU_vulkan_ignored_handles ANDROID_EMU_vulkan_free_memory_sync ANDROID_EMU_vulkan_shader_float16_int8 ANDROID_EMU_vulkan_async_queue_submit ANDROID_EMU_sync_buffer_data GL_OES_vertex_array_object GL_KHR_texture_compression_astc_ldr ANDROID_EMU_host_side_tracing ANDROID_EMU_gles_max_version_2 
08-25 14:41:34.213  2296  2315 I m.android.phon: Background concurrent copying GC freed 69352(5661KB) AllocSpace objects, 8(160KB) LOS objects, 49% free, 1827KB/3655KB, paused 11.163ms total 62.417ms
08-25 14:41:34.216  2296  2317 W System  : A resource failed to call close. 
08-25 14:41:34.217  2296  2317 W System  : A resource failed to call end. 
08-25 14:41:34.218  2141  2699 W OpenGLRenderer: Failed to choose config with EGL_SWAP_BEHAVIOR_PRESERVED, retrying without...
08-25 14:41:34.219  2693  2693 W .android.diale: Unexpected CPU variant for X86 using defaults: x86
08-25 14:41:34.229  2141  2699 D EGL_emulation: eglCreateContext: 0xdf11ae40: maj 2 min 0 rcv 2
08-25 14:41:34.246  2141  2699 D EGL_emulation: eglMakeCurrent: 0xdf11ae40: ver 2 0 (tinfo 0xdf10fc90)
08-25 14:41:34.257  2141  2141 D HostConnection: HostConnection::get() New Host Connection established 0xc55578d0, tid 2141
08-25 14:41:34.258  2141  2141 D HostConnection: HostComposition ext ANDROID_EMU_CHECKSUM_HELPER_v1 ANDROID_EMU_dma_v1 ANDROID_EMU_direct_mem ANDROID_EMU_host_composition_v1 ANDROID_EMU_host_composition_v2 ANDROID_EMU_vulkan ANDROID_EMU_deferred_vulkan_commands ANDROID_EMU_vulkan_null_optional_strings ANDROID_EMU_vulkan_create_resources_with_requirements ANDROID_EMU_YUV_Cache ANDROID_EMU_vulkan_ignored_handles ANDROID_EMU_vulkan_free_memory_sync ANDROID_EMU_vulkan_shader_float16_int8 ANDROID_EMU_vulkan_async_queue_submit ANDROID_EMU_sync_buffer_data GL_OES_vertex_array_object GL_KHR_texture_compression_astc_ldr ANDROID_EMU_host_side_tracing ANDROID_EMU_gles_max_version_2 
08-25 14:41:34.276  1762  2455 D gralloc_ranchu: gralloc_alloc: Creating ashmem region of size 36864
08-25 14:41:34.288  2296  2552 D TelephonyProvider: subIdString = 1 subId = 1
08-25 14:41:34.295  1762  2455 D gralloc_ranchu: gralloc_alloc: Creating ashmem region of size 36864
08-25 14:41:34.309  2296  2590 D IccSmsInterfaceManager: [IccSmsInterfaceManager] Failed to add GSM cell broadcast channels range 4383 to 4383
08-25 14:41:34.311  2296  2296 D TelephonyProvider: subIdString = 1 subId = 1
08-25 14:41:34.312  1762  2455 D gralloc_ranchu: gralloc_alloc: Creating ashmem region of size 36864
08-25 14:41:34.312  2296  2552 E libc    : Access denied finding property "net.radio0.dns1"
08-25 14:41:34.312  2296  2552 E libc    : Access denied finding property "net.radio0.dns2"
08-25 14:41:34.321  2693  2693 D ApplicationLoaders: Returning zygote-cached class loader: /system/framework/android.hidl.base-V1.0-java.jar
08-25 14:41:34.321  2693  2693 D ApplicationLoaders: Returning zygote-cached class loader: /system/framework/android.hidl.manager-V1.0-java.jar
08-25 14:41:34.322  2693  2693 D ApplicationLoaders: Returning zygote-cached class loader: /system/framework/android.hidl.base-V1.0-java.jar
08-25 14:41:34.323  2693  2693 I .android.diale: The ClassLoaderContext is a special shared library.
08-25 14:41:34.339  2296  2296 D TelephonyProvider: subIdString = 1 subId = 1
08-25 14:41:34.341  1762  2455 D gralloc_ranchu: gralloc_alloc: Creating ashmem region of size 36864
08-25 14:41:34.300  2296  2296 W DcHandlerThread: type=1400 audit(0.0:8): avc: denied { read } for name="u:object_r:net_radio0_prop:s0" dev="tmpfs" ino=7245 scontext=u:r:radio:s0 tcontext=u:object_r:net_radio0_prop:s0 tclass=file permissive=0
08-25 14:41:34.349  2000  2333 D ConnectivityService: registerNetworkAgent NetworkAgentInfo{ ni{[type: MOBILE[LTE], state: CONNECTED/CONNECTED, reason: connected, extra: epc.tmobile.com, failover: false, available: true, roaming: false]}  network{100}  nethandle{432902426637}  lp{{InterfaceName: radio0 LinkAddresses: [ fe80::ec83:f0ff:fe47:34fb/64,10.0.2.19/24,2001:2::ec83:f0ff:fe47:34fb/64,2001:2::b025:6ecd:1e58:62a9/64 ] DnsAddresses: [ /10.0.2.3 ] Domains: null MTU: 1500 TcpBufferSizes: 524288,1048576,2097152,262144,524288,1048576 Routes: [ ::/0 -> fe80::2 radio0,0.0.0.0/0 -> 10.0.2.2 radio0,fe80::/64 -> :: radio0,10.0.2.0/24 -> 0.0.0.0 radio0,2001:2::/64 -> :: radio0 ]}}  nc{[ Transports: CELLULAR Capabilities: MMS&SUPL&DUN&FOTA&IMS&CBS&INTERNET&NOT_RESTRICTED&TRUSTED&NOT_VPN&NOT_ROAMING&FOREGROUND&NOT_CONGESTED&NOT_SUSPENDED LinkUpBandwidth>=51200Kbps LinkDnBandwidth>=102400Kbps Specifier: <1>]}  Score{10}  everValidated{false}  lastValidated{false}  created{false} lingering{false} explicitlySelected{false} acceptUnvalidated{false} everCaptivePortalDetected{false} lastCaptivePortalDetected{false} captivePortalValidationPending{false} partialConnectivity{false} acceptPartialConnectivity{false} clat{mBaseIface: null, mIface: null, mState: IDLE} }
08-25 14:41:34.300  2296  2296 W DcHandlerThread: type=1400 audit(0.0:9): avc: denied { read } for name="u:object_r:net_radio0_prop:s0" dev="tmpfs" ino=7245 scontext=u:r:radio:s0 tcontext=u:object_r:net_radio0_prop:s0 tclass=file permissive=0
08-25 14:41:34.351  1762  2455 D gralloc_ranchu: gralloc_alloc: Creating ashmem region of size 36864
08-25 14:41:34.353  2296  2590 D IccSmsInterfaceManager: [IccSmsInterfaceManager] Calling setGsmBroadcastConfig with 1 configurations
08-25 14:41:34.366  2296  2296 D TelephonyProvider: subIdString = 1 subId = 1
08-25 14:41:34.370  2141  2548 D EGL_emulation: eglMakeCurrent: 0xebb6ae80: ver 2 0 (tinfo 0xc6ca4a50)
08-25 14:41:34.372  2693  2693 I .android.diale: The ClassLoaderContext is a special shared library.
08-25 14:41:34.383  2000  2033 W WindowManager: Timeout waiting for drawn: undrawn=[Window{eac3f88 u0 StatusBar}]
08-25 14:41:34.406  2296  2296 D TelephonyProvider: subIdString = 1 subId = 1
08-25 14:41:34.420  2000  2111 D ConnectivityService: NetworkAgentInfo [MOBILE (LTE) - 100] EVENT_NETWORK_INFO_CHANGED, going from null to CONNECTED
08-25 14:41:34.421  1743  1743 D TcpSocketMonitor: resuming tcpinfo polling (interval=30000ms)
08-25 14:41:34.421  1743  1743 I netd    : networkCreatePhysical(100, 0) <0.28ms>
08-25 14:41:34.430  1743  1743 I netd    : createNetworkCache(100) <0.09ms>
08-25 14:41:34.432  2000  2111 W DnsManager: updatePrivateDns(100, PrivateDnsConfig{true:/[]})
08-25 14:41:34.432  2000  2111 D ConnectivityService: Setting DNS servers for network 100 to [/10.0.2.3]
08-25 14:41:34.432  2000  2111 D DnsManager: setDnsConfigurationForNetwork(100, [10.0.2.3], [], 1800, 25, 8, 64, 0, 0, , [10.0.2.3])
08-25 14:41:34.433  1743  1743 I netd    : DnsResolverService::setResolverConfiguration(100, [10.0.2.3], [], 1800, 25, 8, 64, 0, 0, [10.0.2.3], []) -> (0) (0.3ms)
08-25 14:41:34.433  1743  1743 I netd    : setResolverConfiguration() <0.57ms>
08-25 14:41:34.435  2000  2111 D ConnectivityService: Adding iface radio0 to network 100
08-25 14:41:34.437  1743  1743 I netd    : networkAddInterface(100, "radio0") <1.47ms>
08-25 14:41:34.442  2296  2296 D TelephonyProvider: subIdString = 1 subId = 1
08-25 14:41:34.446  1743  1743 I netd    : interfaceSetMtu("radio0", 1500) <0.14ms>
08-25 14:41:34.447  1743  1743 I netd    : networkAddRoute(100, "radio0", "fe80::/64", "") <0.15ms>
08-25 14:41:34.447  2693  2693 W ContextImpl: Failed to ensure /data/user/0/com.android.dialer/cache: mkdir failed: ENOENT (No such file or directory)
08-25 14:41:34.447  2693  2693 W ContextImpl: Failed to update user.inode_cache: stat failed: ENOENT (No such file or directory)
08-25 14:41:34.447  1743  1743 I netd    : networkAddRoute(100, "radio0", "10.0.2.0/24", "") <0.08ms>
08-25 14:41:34.447  1743  1743 I netd    : networkAddRoute(100, "radio0", "2001:2::/64", "") <0.06ms>
08-25 14:41:34.448  1743  1743 E Netd    : Error adding route ::/0 -> fe80::2 radio0 to table 1010: File exists
08-25 14:41:34.448  1743  1743 I netd    : networkAddRoute(100, "radio0", "::/0", "fe80::2") <0.07ms>
08-25 14:41:34.448  1743  1743 I netd    : networkAddRoute(100, "radio0", "0.0.0.0/0", "10.0.2.2") <0.05ms>
08-25 14:41:34.448  2000  2111 D ConnectivityService: Setting DNS servers for network 100 to [/10.0.2.3]
08-25 14:41:34.448  2000  2111 D DnsManager: setDnsConfigurationForNetwork(100, [10.0.2.3], [], 1800, 25, 8, 64, 0, 0, , [10.0.2.3])
08-25 14:41:34.448  1743  1743 I netd    : DnsResolverService::setResolverConfiguration(100, [10.0.2.3], [], 1800, 25, 8, 64, 0, 0, [10.0.2.3], []) -> (0) (0.09ms)
08-25 14:41:34.449  1743  1743 I netd    : setResolverConfiguration() <0.18ms>
08-25 14:41:34.453  2296  2296 D TelephonyProvider: subIdString = 1 subId = 1
08-25 14:41:34.464  2000  2111 W BestClock: java.time.DateTimeException: Missing NTP fix
08-25 14:41:34.468  2296  2296 D TelephonyProvider: subIdString = 1 subId = 1
08-25 14:41:34.472  2296  2296 D TelephonyProvider: subIdString = 1 subId = 1
08-25 14:41:34.478  2141  2158 I ndroid.systemu: NativeAlloc concurrent copying GC freed 19599(1416KB) AllocSpace objects, 27(540KB) LOS objects, 49% free, 4865KB/9730KB, paused 398us total 136.481ms
08-25 14:41:34.496  2296  2296 D TelephonyProvider: subIdString = 1 subId = 1
08-25 14:41:34.511  2296  2296 D CarrierConfigLoader: mHandler: 16 phoneId: 0
08-25 14:41:34.513  2296  2296 D CarrierConfigLoader: Broadcast CARRIER_CONFIG_CHANGED for phone 0
08-25 14:41:34.515  1743  1743 I netd    : trafficSwapActiveStatsMap() <51.28ms>
08-25 14:41:34.517  1743  1743 I netd    : tetherGetStats() <1.29ms>
08-25 14:41:34.533  2296  2324 I CarrierInfoManager: using values for mnc, mcc: 260,310
08-25 14:41:34.539  2000  2111 W BestClock: java.time.DateTimeException: Missing NTP fix
08-25 14:41:34.549  2296  2324 D CarrierInfoManager: No rows found for keyType: 2
08-25 14:41:34.551  2000  2105 W BestClock: java.time.DateTimeException: Missing NTP fix
08-25 14:41:34.562  1743  1743 I netd    : idletimerAddInterface("radio0", 10, "0") <4.11ms>
08-25 14:41:34.565  2296  2590 D IccSmsInterfaceManager: [IccSmsInterfaceManager] Failed to add GSM cell broadcast channels range 4371 to 4372
08-25 14:41:34.565  2296  2296 D CarrierKeyDownloadManager: Carrier Config changed: android.telephony.action.CARRIER_CONFIG_CHANGED
08-25 14:41:34.566  2141  2548 I OpenGLRenderer: Davey! duration=3221ms; Flags=1, IntendedVsync=17915840070, Vsync=20499173300, OldestInputEvent=9223372036854775807, NewestInputEvent=0, HandleInputStart=20503336600, AnimationStart=20503391300, PerformTraversalsStart=20506425200, DrawStart=20791486700, SyncQueued=20949236700, SyncStart=20972632900, IssueDrawCommandsStart=20973334100, SwapBuffers=21114604600, FrameCompleted=21161215100, DequeueBufferDuration=290000, QueueBufferDuration=1267000, 
08-25 14:41:34.581  2000  2111 D ConnectivityService: Switching to new default network: NetworkAgentInfo{ ni{[type: MOBILE[LTE], state: CONNECTED/CONNECTED, reason: connected, extra: epc.tmobile.com, failover: false, available: true, roaming: false]}  network{100}  nethandle{432902426637}  lp{{InterfaceName: radio0 LinkAddresses: [ fe80::ec83:f0ff:fe47:34fb/64,10.0.2.19/24,2001:2::ec83:f0ff:fe47:34fb/64,2001:2::b025:6ecd:1e58:62a9/64 ] DnsAddresses: [ /10.0.2.3 ] Domains: null MTU: 1500 TcpBufferSizes: 524288,1048576,2097152,262144,524288,1048576 Routes: [ ::/0 -> fe80::2 radio0,0.0.0.0/0 -> 10.0.2.2 radio0,fe80::/64 -> :: radio0,10.0.2.0/24 -> 0.0.0.0 radio0,2001:2::/64 -> :: radio0 ]}}  nc{[ Transports: CELLULAR Capabilities: MMS&SUPL&DUN&FOTA&IMS&CBS&INTERNET&NOT_RESTRICTED&TRUSTED&NOT_VPN&NOT_ROAMING&FOREGROUND&NOT_CONGESTED&NOT_SUSPENDED LinkUpBandwidth>=51200Kbps LinkDnBandwidth>=102400Kbps Specifier: <1>]}  Score{10}  everValidated{false}  lastValidated{false}  created{true} lingering{false} explicitlySelected{false} acceptUnvalidated{false} everCaptivePortalDetected{false} lastCaptivePortalDetected{false} captivePortalValidationPending{false} partialConnectivity{false} acceptPartialConnectivity{false} clat{mBaseIface: null, mIface: null, mState: IDLE} }
08-25 14:41:34.582  1743  1743 I netd    : networkSetDefault(100) <0.10ms>
08-25 14:41:34.583  2296  2682 D IccSmsInterfaceManager: [IccSmsInterfaceManager] Calling setCdmaBroadcastConfig with 1 configurations
08-25 14:41:34.583  2693  2693 I Dialer  : DialerExecutorModule.newThread - creating low priority thread
08-25 14:41:34.583  2000  2030 E GnssLocationProvider: android_location_GnssLocationProvider_set_agps_server: AGPS interface not supported
08-25 14:41:34.584  1743  1743 I netd    : setTcpRWmemorySize("524288 1048576 2097152", "262144 524288 1048576") <0.12ms>
08-25 14:41:34.590  2693  2730 I Dialer  : BlockedNumbersAutoMigrator - not attempting auto-migrate: device is locked
08-25 14:41:34.612  2296  2296 I TelecomFramework: : Carrier-config changed, checking for phone account updates.
08-25 14:41:34.634  2000  2000 I Telecom : PhoneAccountRegistrar: getSimCallManager: SimCallManager for subId 1 queried, returning: null: TSI.gSCMFU@ADg
08-25 14:41:34.635  2141  2141 E StatusBarSignalPolicy: Unexpected subscription 1
08-25 14:41:34.641  2296  2296 I TelecomFramework: AccountEntry: reRegisterPstnPhoneAccount: subId: 1 - no change
08-25 14:41:34.649  2296  2296 D CarrierKeyDownloadManager: Carrier not enabled or invalid values
08-25 14:41:34.649  2296  2296 D CarrierKeyDownloadManager: Cleaning up existing renewal alarms
08-25 14:41:34.653  1744  1744 D Zygote  : Forked child process 2734
08-25 14:41:34.654  2000  2105 W BestClock: java.time.DateTimeException: Missing NTP fix
08-25 14:41:34.654  2693  2693 I Dialer  : DialerApplication.initializeAnnotatedCallLog - framework not enabled
08-25 14:41:34.656  2000  2111 W BestClock: java.time.DateTimeException: Missing NTP fix
08-25 14:41:34.677  2693  2736 W ContextImpl: Failed to ensure /data/user/0/com.android.dialer/cache: mkdir failed: ENOENT (No such file or directory)
08-25 14:41:34.678  2693  2736 W ContextImpl: Failed to update user.inode_cache: stat failed: ENOENT (No such file or directory)
08-25 14:41:34.687  2000  2040 W ActivityManager: Slow operation: 52ms so far, now at startProcess: returned from zygote!
08-25 14:41:34.688  2000  2040 W ActivityManager: Slow operation: 52ms so far, now at startProcess: done updating battery stats
08-25 14:41:34.688  2000  2040 W ActivityManager: Slow operation: 52ms so far, now at startProcess: building log message
08-25 14:41:34.688  2000  2040 I ActivityManager: Start proc 2734:android.process.acore/u0a55 for content provider {com.android.providers.blockednumber/com.android.providers.blockednumber.BlockedNumberProvider}
08-25 14:41:34.688  2000  2040 W ActivityManager: Slow operation: 52ms so far, now at startProcess: starting to update pids map
08-25 14:41:34.688  2000  2040 W ActivityManager: Slow operation: 53ms so far, now at startProcess: done updating pids map
08-25 14:41:34.690  2296  2682 D IccSmsInterfaceManager: [IccSmsInterfaceManager] Failed to add cdma broadcast channels range 4097 to 4097
08-25 14:41:34.690  2693  2693 I Dialer  : LegacyVoicemailNotificationReceiver.onReceive - received legacy voicemail notification
08-25 14:41:34.691  2693  2693 I Dialer  : LegacyVoicemailNotificationReceiver.onReceive - isRefresh: false
08-25 14:41:34.698  2734  2734 W d.process.acor: Unexpected CPU variant for X86 using defaults: x86
08-25 14:41:34.701  2693  2693 I Dialer  : LegacyVoicemailNotificationReceiver.onReceive - clearing notification
08-25 14:41:34.702  2693  2693 I Dialer  : LegacyVoicemailNotifier.cancelNotification - enter
08-25 14:41:34.705  2296  2682 D IccSmsInterfaceManager: [IccSmsInterfaceManager] Calling setGsmBroadcastConfig with 1 configurations
08-25 14:41:34.706  1743  1743 I netd    : trafficSwapActiveStatsMap() <48.95ms>
08-25 14:41:34.712  2296  2315 I m.android.phon: Background young concurrent copying GC freed 11660(1688KB) AllocSpace objects, 10(264KB) LOS objects, 44% free, 2031KB/3655KB, paused 8.073ms total 57.968ms
08-25 14:41:34.719  2693  2693 I Dialer  : LegacyVoicemailNotificationReceiver.onReceive - received legacy voicemail notification
08-25 14:41:34.719  2693  2693 I Dialer  : LegacyVoicemailNotificationReceiver.onReceive - isRefresh: true
08-25 14:41:34.719  2693  2693 I Dialer  : LegacyVoicemailNotificationReceiver.onReceive - clearing notification
08-25 14:41:34.719  2693  2693 I Dialer  : LegacyVoicemailNotifier.cancelNotification - enter
08-25 14:41:34.734  2591  2591 D CellBroadcastReceiver: onReceive Intent { act=android.telephony.action.CARRIER_CONFIG_CHANGED flg=0x15000010 cmp=com.android.cellbroadcastreceiver/.CellBroadcastReceiver (has extras) }
08-25 14:41:34.735  2591  2591 D CellBroadcastReceiver: initializeSharedPreference
08-25 14:41:34.738  1743  1743 I netd    : bandwidthSetInterfaceQuota("radio0", 9223372036854775807) <22.77ms>
08-25 14:41:34.740  1743  1965 I netd    : tetherGetStats() <23.13ms>
08-25 14:41:34.751  2296  2682 D IccSmsInterfaceManager: [IccSmsInterfaceManager] Failed to add GSM cell broadcast channels range 4384 to 4385
08-25 14:41:34.755  2000  2105 W BestClock: java.time.DateTimeException: Missing NTP fix
08-25 14:41:34.763  2000  2111 W BestClock: java.time.DateTimeException: Missing NTP fix
08-25 14:41:34.772  2591  2591 D CellBroadcastReceiver: Default interval 0 did not change.
08-25 14:41:34.773  2591  2591 D CellBroadcastReceiver: Start Cell Broadcast configuration.
08-25 14:41:34.785  2000  2272 D NetworkTimeUpdateService: New default network 100; checking time.
08-25 14:41:34.803  1743  1965 I netd    : bandwidthSetGlobalAlert(2097152) <0.14ms>
08-25 14:41:34.833  2296  2296 D OtaspSimStateReceiver: Received intent: android.telephony.action.CARRIER_CONFIG_CHANGED
08-25 14:41:34.847  2000  2105 W BestClock: java.time.DateTimeException: Missing NTP fix
08-25 14:41:34.852  2296  2296 D OtaspSimStateReceiver: otasp activation not needed: no supported carrier
08-25 14:41:34.868  2000  2111 D ConnectivityService: Sending CONNECTED broadcast for type 0 NetworkAgentInfo [MOBILE (LTE) - 100] isDefaultNetwork=true
08-25 14:41:34.870  2296  2296 I VvmSimStateTracker: android.telephony.action.CARRIER_CONFIG_CHANGED
08-25 14:41:34.887  1743  1965 I netd    : bandwidthRemoveInterfaceQuota("radio0") <3.44ms>
08-25 14:41:34.900  2296  2559 W ConnectivityManager.CallbackHandler: callback not found for CALLBACK_PRECHECK message
08-25 14:41:34.901  2240  2731 D NetworkMonitor/100: PROBE_DNS www.google.com 298ms OK 2404:6800:4007:804::2004,172.217.31.196
08-25 14:41:34.903  1743  1965 I netd    : bandwidthSetInterfaceQuota("radio0", 9223372036854775807) <7.93ms>
08-25 14:41:34.917  2296  2683 D IccSmsInterfaceManager: [IccSmsInterfaceManager] Calling setGsmBroadcastConfig with 1 configurations
08-25 14:41:34.918  2296  2683 D IccSmsInterfaceManager: [IccSmsInterfaceManager] Failed to add GSM cell broadcast channels range 4373 to 4378
08-25 14:41:34.919  2000  2105 W BestClock: java.time.DateTimeException: Missing NTP fix
08-25 14:41:34.920  1743  1965 I netd    : bandwidthSetGlobalAlert(2097152) <0.12ms>
08-25 14:41:34.920  1987  1987 D BootAnimation: BootAnimationStopTiming start time: 21516ms
08-25 14:41:34.926  2296  2683 D IccSmsInterfaceManager: [IccSmsInterfaceManager] Calling setCdmaBroadcastConfig with 1 configurations
08-25 14:41:34.931  2296  2683 D IccSmsInterfaceManager: [IccSmsInterfaceManager] Failed to add cdma broadcast channels range 4098 to 4098
08-25 14:41:34.943  2734  2734 I d.process.acor: The ClassLoaderContext is a special shared library.
08-25 14:41:34.945  2296  2683 D IccSmsInterfaceManager: [IccSmsInterfaceManager] Calling setGsmBroadcastConfig with 1 configurations
08-25 14:41:34.947  2000  2111 W BestClock: java.time.DateTimeException: Missing NTP fix
08-25 14:41:34.951  2000  2111 W BestClock: java.time.DateTimeException: Missing NTP fix
08-25 14:41:34.953  2296  2683 D IccSmsInterfaceManager: [IccSmsInterfaceManager] Failed to add GSM cell broadcast channels range 4386 to 4391
08-25 14:41:34.962  2000  2111 D ConnectivityService: releasing NetworkRequest [ TRACK_DEFAULT id=14, [ Capabilities: INTERNET&NOT_RESTRICTED&TRUSTED Uid: 1001] ] (release request)
08-25 14:41:34.963  2000  2104 W BestClock: java.time.DateTimeException: Missing NTP fix
08-25 14:41:34.960  2240  2731 D NetworkSecurityConfig: No Network Security Config specified, using platform default
08-25 14:41:34.969  2000  2105 W BestClock: java.time.DateTimeException: Missing NTP fix
08-25 14:41:34.970  2240  2732 D NetworkMonitor/100: PROBE_DNS connectivitycheck.gstatic.com 367ms OK 2404:6800:4007:82b::2003,142.250.196.67
08-25 14:41:34.997  2141  2141 V KeyguardUpdateMonitor: action android.intent.action.SIM_STATE_CHANGED state: LOADED slotId: 0 subid: 1
08-25 14:41:35.005  1743  1965 I netd    : trafficSwapActiveStatsMap() <41.83ms>
08-25 14:41:35.007  1743  1965 I netd    : tetherGetStats() <1.03ms>
08-25 14:41:35.008  2296  2683 D IccSmsInterfaceManager: [IccSmsInterfaceManager] Calling setGsmBroadcastConfig with 1 configurations
08-25 14:41:35.015  2296  2683 D IccSmsInterfaceManager: [IccSmsInterfaceManager] Failed to add GSM cell broadcast channels range 4379 to 4379
08-25 14:41:35.031  2000  2104 W BestClock: java.time.DateTimeException: Missing NTP fix
08-25 14:41:35.036  2141  2141 V KeyguardUpdateMonitor: onSubscriptionInfoChanged()
08-25 14:41:35.038  2000  2111 W BestClock: java.time.DateTimeException: Missing NTP fix
08-25 14:41:35.038  2296  2324 D IccSmsInterfaceManager: [IccSmsInterfaceManager] Calling setCdmaBroadcastConfig with 1 configurations
08-25 14:41:35.040  2734  2734 I d.process.acor: The ClassLoaderContext is a special shared library.
08-25 14:41:35.041  2296  2324 D IccSmsInterfaceManager: [IccSmsInterfaceManager] Failed to add cdma broadcast channels range 4099 to 4099
08-25 14:41:35.047  2240  2732 D NetworkMonitor/100: PROBE_HTTP http://connectivitycheck.gstatic.com/generate_204 time=75ms ret=204 request={Connection=[close], User-Agent=[Mozilla/5.0 (X11; Linux x86_64) AppleWebKit/537.36 (KHTML, like Gecko) Chrome/60.0.3112.32 Safari/537.36]} headers={null=[HTTP/1.1 204 No Content], Connection=[close], Content-Length=[0], Cross-Origin-Resource-Policy=[cross-origin], Date=[Thu, 25 Aug 2022 09:11:36 GMT], X-Android-Received-Millis=[1661418695046], X-Android-Response-Source=[NETWORK 204], X-Android-Selected-Protocol=[http/1.1], X-Android-Sent-Millis=[1661418695028]}
08-25 14:41:35.048  2141  2141 V KeyguardUpdateMonitor: SubInfo:{id=1, iccId=89014103211118510720 simSlotIndex=0 carrierId=1 displayName=T-Mobile carrierName=Android nameSource=3 iconTint=-16746133 mNumber=+15555215554 dataRoaming=1 iconBitmap=android.graphics.Bitmap@1b32b88 mcc 310 mnc 260mCountryIso=us isEmbedded false accessRules null cardString=89014103211118510720 cardId=-1 isOpportunistic false mGroupUUID=null mIsGroupDisabled=false profileClass=-1 ehplmns = null hplmns = null subscriptionType=0 mGroupOwner=null}
08-25 14:41:35.049  2296  2324 D IccSmsInterfaceManager: [IccSmsInterfaceManager] Calling setGsmBroadcastConfig with 1 configurations
08-25 14:41:35.051  1743  1965 I netd    : bandwidthRemoveInterfaceQuota("radio0") <1.19ms>
08-25 14:41:35.051  2141  2141 D KeyguardViewMediator: onSimStateChanged(subId=1, slotId=0,state=READY)
08-25 14:41:35.051  2141  2141 D KeyguardViewMediator: READY, reset state? false
08-25 14:41:35.051  2296  2324 D IccSmsInterfaceManager: [IccSmsInterfaceManager] Failed to add GSM cell broadcast channels range 4392 to 4392
08-25 14:41:35.052  2141  2141 V KeyguardUpdateMonitor: onSubscriptionInfoChanged()
08-25 14:41:35.057  2141  2141 V KeyguardUpdateMonitor: SubInfo:{id=1, iccId=89014103211118510720 simSlotIndex=0 carrierId=1 displayName=T-Mobile carrierName=Android nameSource=3 iconTint=-16746133 mNumber=+15555215554 dataRoaming=1 iconBitmap=android.graphics.Bitmap@3bd2921 mcc 310 mnc 260mCountryIso=us isEmbedded false accessRules null cardString=89014103211118510720 cardId=-1 isOpportunistic false mGroupUUID=null mIsGroupDisabled=false profileClass=-1 ehplmns = null hplmns = null subscriptionType=0 mGroupOwner=null}
08-25 14:41:35.063  1743  1965 I netd    : bandwidthSetInterfaceQuota("radio0", 9223372036854775807) <9.68ms>
08-25 14:41:35.064  2141  2141 W KeyguardUpdateMonitor: invalid subId in handleServiceStateChange()
08-25 14:41:35.067  2000  2111 W BestClock: java.time.DateTimeException: Missing NTP fix
08-25 14:41:35.067  2000  2105 W BestClock: java.time.DateTimeException: Missing NTP fix
08-25 14:41:35.068  1743  1965 I netd    : bandwidthSetGlobalAlert(2097152) <0.12ms>
