08-25 14:41:24.951  1838  1854 I SELinux : SELinux: Loaded file_contexts
08-25 14:41:24.952  1847  1875 I ServiceManager: Waiting for service 'package_native' on '/dev/binder'...
08-25 14:41:25.002  2000  2000 V PackageManager: reconcileAppsData finished 20 packages
08-25 14:41:25.004  2000  2077 D SystemServerInitThreadPool: Started executing prepareAppData
08-25 14:41:25.031  2000  2000 I SELinux : SELinux: Loaded file_contexts
08-25 14:41:25.038  2000  2000 E PackageManager: There should probably be a verifier, but, none were found
08-25 14:41:25.039  2000  2000 V PackageManager: Ephemeral resolver found; pkg: com.google.android.gms, info:ResolveInfo{277476f com.google.android.gms/.chimera.PersistentBoundBrokerService m=0x108000}
08-25 14:41:25.039  2000  2000 D PackageManager: Set ephemeral resolver: Pair{ComponentInfo{com.google.android.gms/com.google.android.gms.chimera.PersistentBoundBrokerService} android.intent.action.RESOLVE_INSTANT_APP_PACKAGE}
08-25 14:41:25.040  2000  2000 D PackageManager: Instant App installer not found with android.intent.action.INSTALL_INSTANT_APP_PACKAGE
08-25 14:41:25.040  2000  2000 D PackageManager: Clear ephemeral installer activity
08-25 14:41:25.056  1847  1875 I ServiceManager: Waiting for service 'package_native' on '/dev/binder'...
08-25 14:41:25.087  2000  2000 I system_server: Explicit concurrent copying GC freed 195537(11MB) AllocSpace objects, 122(4396KB) LOS objects, 42% free, 6716KB/11MB, paused 486us total 41.541ms
08-25 14:41:25.088  2000  2000 I Watchdog: Resuming HandlerChecker: main thread for reason: packagemanagermain. Pause count: 0
08-25 14:41:25.090  2000  2000 D SystemServerTiming: StartPackageManagerService took to complete: 467ms
08-25 14:41:25.092  2000  2000 I SystemServer: StartOtaDexOptService
08-25 14:41:25.092  2000  2000 I Watchdog: Pausing HandlerChecker: main thread for reason: moveab. Pause count: 1
08-25 14:41:25.093  2000  2000 D OTADexopt: No upgrade, skipping A/B artifacts check.
08-25 14:41:25.093  2000  2000 I Watchdog: Resuming HandlerChecker: main thread for reason: moveab. Pause count: 0
08-25 14:41:25.093  2000  2000 D SystemServerTiming: StartOtaDexOptService took to complete: 2ms
08-25 14:41:25.094  2000  2000 I SystemServer: StartUserManagerService
08-25 14:41:25.094  2000  2000 I SystemServiceManager: Starting com.android.server.pm.UserManagerService$LifeCycle
08-25 14:41:25.094  2000  2000 D SystemServerTiming: StartUserManagerService took to complete: 1ms
08-25 14:41:25.094  2000  2000 I SystemServer: InitAttributerCache
08-25 14:41:25.095  2000  2000 D SystemServerTiming: InitAttributerCache took to complete: 0ms
08-25 14:41:25.095  2000  2000 I SystemServer: SetSystemProcess
08-25 14:41:25.099  1830  1830 I         : Waiting for sensor privacy service
08-25 14:41:25.100  1781  1781 I lowmemorykiller: lmkd data connection established
08-25 14:41:25.103  2000  2000 D SystemServerTiming: SetSystemProcess took to complete: 8ms
08-25 14:41:25.103  2000  2000 I SystemServer: InitWatchdog
08-25 14:41:25.106  1779  1779 I         : Waiting for sensor privacy service
08-25 14:41:25.108  2000  2000 D SystemServerTiming: InitWatchdog took to complete: 5ms
08-25 14:41:25.108  2000  2000 I SystemServer: StartOverlayManagerService
08-25 14:41:25.188  1847  1875 I storaged: storaged: Start
08-25 14:41:25.225  1838  1854 W installd: Ignoring /data/data/rEPaz7Gii6SAqC3d7D48hvoZ0TJYi8iAXRSATA/X3o5IlMyMxG9WRaD0wtSkB with unexpected GID 0 instead of 10061
08-25 14:41:25.226  1838  1854 W installd: Ignoring /data/data/kKs11brXXAKS9qu+PIc5vj86e4P2e45nsEM8pB/unaT7YwQBVq9yxdus9AimD with unexpected GID 0 instead of 10140
08-25 14:41:25.229  1838  1854 W installd: Ignoring /data/data/ZC6KaEjYcDMQS,iFf,P7,dVOHCfvkJmu/wYaRAU+Un1zCNpbiDduoTC with unexpected GID 0 instead of 1000
08-25 14:41:25.232  1838  1854 W installd: Ignoring /data/data/_AAAAAAAAAAwrqjYnsE3NKReeqfDFi0A5/LH2f2WPEqQ+bMg4n4TEUCA with unexpected GID 0 instead of 10122
08-25 14:41:25.233  1838  1854 W installd: Ignoring /data/data/_AAAAAAAAAAQYoediVG+V66KhpcCRBKgW/NZbKm,04ByPob6B8zp4hnA with unexpected GID 0 instead of 10124
08-25 14:41:25.243  1838  1854 W installd: Ignoring /data/data/_AAAAAAAAAAQTlYUxsY8gYk8wRQ89o,+V/HJ8fwe5XV2hZj5RMkY4JFC with unexpected GID 0 instead of 10130
08-25 14:41:25.248  1838  1854 W installd: Ignoring /data/data/bJXvzQP5uLA5rmU5yMUMy1GXHajfQ24m/EM,58+kaDGgDzA1SGF0FwD with unexpected GID 0 instead of 10141
08-25 14:41:25.249  1838  1854 W installd: Ignoring /data/data/Jr+H0wJN1t1Hz5nOnR5Shr,bvyZdHE3r/sdkVOrBjOm6D,phfE,1fjC with unexpected GID 0 instead of 10093
08-25 14:41:25.251  1838  1854 W installd: Ignoring /data/data/jF7hAYz7nc4+T66gO7ivKA/1foAGvyfYz44cZK7tFGTiD with unexpected GID 0 instead of 1000
08-25 14:41:25.251  1838  1854 W installd: Ignoring /data/data/rTIEfQ7wHKx1TqFDwNXZa3QLoRD/7NU4ZZO68p4D2PbMDjSxqB with unexpected GID 0 instead of 10142
08-25 14:41:25.252  1838  1854 W installd: Ignoring /data/data/_AAAAAAAAAAQjRxuYbKErRpiYapYkXZiJ/f4QQyRjscb0EoGx5gg6UNC with unexpected GID 0 instead of 10085
08-25 14:41:25.253  1838  1854 W installd: Ignoring /data/data/eC2nRSlzm30qJ1D1Mq1sZC/yXIpSdnqkzQrJs9nmWyEGA with unexpected GID 0 instead of 1027
08-25 14:41:25.257  1838  1854 W installd: Ignoring /data/data/9OEqVYM7Q7Hmhp5xGEiGdg86e4P2e45nsEM8pBE2bSN/5JnhEg7R3I,lI8kZ4vSwQB with unexpected GID 0 instead of 10119
08-25 14:41:25.258  1838  1854 W installd: Ignoring /data/data/ONluviU7DB0NP,AyxEPIn4KFWtxp4JjbOIq6,TB11oJ/K0h9W0LdV1rDR3jE2mpk8C with unexpected GID 0 instead of 1000
08-25 14:41:25.258  1838  1854 W installd: Ignoring /data/data/I,KN4zV7wl6VWNuuRLfLCg86e4P2e45n/9nRWee8VGEqbLBy6kAT3gA with unexpected GID 0 instead of 10113
08-25 14:41:25.260  1838  1854 W installd: Ignoring /data/data/+CfBYtf,TQpLNXQR3BzNNl4SC4e4C82u/uDOrtZ28CCQ+2wP73I2nHD with unexpected GID 0 instead of 10091
08-25 14:41:25.261  1838  1854 W installd: Ignoring /data/data/D0tUs,+g9nDEp779hfXGZmXvbo0ojGye/2EKHTw0TepQoRT7o3oUZRD with unexpected GID 0 instead of 1000
08-25 14:41:25.263  1838  1854 W installd: Ignoring /data/data/ngQCkng8aFermCFoPMkLdB/zFLk2u9OsUUIgE8IDiwcYA with unexpected GID 0 instead of 10086
08-25 14:41:25.269  1838  1854 W installd: Ignoring /data/data/r68z7iKMcTks3SnkVQ,uHi86e4P2e45nsEM8pB/CfxSoeTRCAEgKXAFlPZd8B with unexpected GID 0 instead of 10145
08-25 14:41:25.271  1838  1854 W installd: Ignoring /data/data/VW7xm+Aq78OlzCNE8cs0Sh86e4P2e45nsEM8pB/lawKx6uuuwD7Hnt52sbsjB with unexpected GID 0 instead of 10128
08-25 14:41:25.272  1838  1854 W installd: Ignoring /data/data/UOD8NzFbuLWTIR8f1tbszj86e4P2e45nsEM8pB/SyQpMECXycsRe6RzaNCkXC with unexpected GID 0 instead of 10133
08-25 14:41:25.276  1838  1854 W installd: Ignoring /data/data/+28ZjW1q,IattxiWt2iPej86e4P2e45nsEM8pB/E1QDcMF78YB1DT9mRE8x0C with unexpected GID 0 instead of 10139
08-25 14:41:25.278  1838  1854 W installd: Ignoring /data/data/Cz6xYG4OWV6qgYbVC,,Z5j86e4P2e45nsEM8pBE2bSN/j7iGK7zFyn5Dvn4gNUZPrA with unexpected GID 0 instead of 1073
08-25 14:41:25.278  1838  1854 W installd: Ignoring /data/data/pO0BIyqLlf8nsfJcUlb3WRhEKy6yTxoU5OXa1D/z8Ogg5Eg2wg,uE+p2kKGbA with unexpected GID 0 instead of 1000
08-25 14:41:25.279  1838  1854 W installd: Ignoring /data/data/7QGJ1KKdqx1BmBAO0+lM7KcJMvF/Z6YAxHh4Lj6IGq8rHMf8qD with unexpected GID 0 instead of 1000
08-25 14:41:25.279  1838  1854 W installd: Ignoring /data/data/On7CZYgW0ZGeIfhNXoyGFXSnuOA/,0+RgsOHZOLLWUJKV4kwtA with unexpected GID 0 instead of 10127
08-25 14:41:25.280  1838  1854 W installd: Ignoring /data/data/f6gcpwQDAMiHfMM4SRofNg86e4P2e45n/K6EW2t3EPj45mkfASOFZUB with unexpected GID 0 instead of 10116
08-25 14:41:25.281  1838  1854 W installd: Ignoring /data/data/aFLuILW8w1EBo48NUotI,i86e4P2e45n/Hv7HynMv9wa72Vm4Qcw3oD with unexpected GID 0 instead of 10116
08-25 14:41:25.282  1838  1854 W installd: Ignoring /data/data/RN7U0F7ecik0ni8yMdn6ii86e4P2e45n/yJ0CimIvAXTprH2dFi8g8D with unexpected GID 0 instead of 10112
08-25 14:41:25.282  1838  1854 W installd: Ignoring /data/data/WaoY,ZsJILWjBJmbHyWV0j86e4P2e45n/BHRXxFb6sWwFmImTG,oomB with unexpected GID 0 instead of 10136
08-25 14:41:25.287  1838  1854 W installd: Ignoring /data/data/vCvqth9tWXNvtop5jY8ibOH1aK,iK7y4dx4oGA/58y5RFDK1ySl2Ypbm+h7UC with unexpected GID 0 instead of 1000
08-25 14:41:25.293  1838  1854 W installd: Ignoring /data/data/05H3wBvtRkG52icbWRSejg86e4P2e45nsEM8pB/xvh,epMJ3sUPUGyaSr4wPB with unexpected GID 0 instead of 10129
08-25 14:41:25.297  1838  1854 W installd: Ignoring /data/data/c8PpRbsyQ8ZdHSlThy1Rwj86e4P2e45nsEM8pBE2bSN/pi3d2tEFphgrHwWYjU1Y,B with unexpected GID 0 instead of 10137
08-25 14:41:25.302  1838  1854 W installd: Ignoring /data/data/_AAAAAAAAAAQhIaUDiSdi3RobfN,uJvwo/fqOFZ299Yau7eOGGpGNLTB with unexpected GID 0 instead of 1000
08-25 14:41:25.307  1838  1854 W installd: Ignoring /data/data/_AAAAAAAAAAQ21,ySbrWigwdcChU+P,TQ/koEbZ4HMydaHsmsthwyPGD with unexpected GID 0 instead of 10101
08-25 14:41:25.309  1838  1854 W installd: Ignoring /data/data/_AAAAAAAAAAwFX61xfDX45eqXomm80zNW/eFaKi4vkoiKL1ZRQGLT7kD with unexpected GID 0 instead of 1073
08-25 14:41:25.309  1838  1854 W installd: Ignoring /data/data/WqKv36kc3JdZLIV6WMMdK0dD,yA/minM0,d3DBrXdIcF5YB5IC with unexpected GID 0 instead of 1000
08-25 14:41:25.310  1838  1854 W installd: Ignoring /data/data/_AAAAAAAAAAAQSlXbIVj0,T70dEap9Prk/pqGC6mmMabqUsajKaKDnBC with unexpected GID 0 instead of 10082
08-25 14:41:25.311  1838  1854 W installd: Ignoring /data/data/_AAAAAAAAAAgAsFbmxrBMPWJldEwo2d+0/sBCFAVmJZyNiQbRPDZ8CRA with unexpected GID 0 instead of 10121
08-25 14:41:25.311  1838  1854 W installd: Ignoring /data/data/Z6pOPhCdJDTaYtqo0IjALa9TkwQqip3GndzbEC/8M6RDqIIYC17CVd9vHTJzB with unexpected GID 0 instead of 10118
08-25 14:41:25.312  1838  1854 W installd: Ignoring /data/data/ucsTptLwd,W,MbqNjhQr61Vd5g8zBJlFcwgtkA/RnqSBkPaH9NoenX4nCOlrA with unexpected GID 0 instead of 1000
08-25 14:41:25.315  1838  1854 W installd: Ignoring /data/data/k2d1m1JJG6LuawIuvVdcTNH1aK,iK7y4dx4oGA/DpvPY0wUWnFDIDaPkKKgbB with unexpected GID 0 instead of 1000
08-25 14:41:25.332  1838  1854 W installd: Ignoring /data/data/WfB753e,5hQaOOz3wxEdMjGXZAK1S+3V/1cDadZ14ijn33zrZwizwTD with unexpected GID 0 instead of 1002
08-25 14:41:25.335  1838  1854 W installd: Ignoring /data/data/_AAAAAAAAAAQ7X9UNCEHJosv4OSLbygQ,/fG7VMDzRs3KS4cK8XICF6C with unexpected GID 0 instead of 10143
08-25 14:41:25.342  2000  2000 D SystemServerTiming: StartOverlayManagerService took to complete: 233ms
08-25 14:41:25.342  2000  2000 I SystemServer: StartSensorPrivacyService
08-25 14:41:25.343  2000  2000 D SystemServerTiming: StartSensorPrivacyService took to complete: 1ms
08-25 14:41:25.343  2000  2000 I SystemServer: StartBatteryService
08-25 14:41:25.343  2000  2000 I SystemServiceManager: Starting com.android.server.BatteryService
08-25 14:41:25.344  2000  2081 D SystemServerInitThreadPool: Started executing StartSensorService
08-25 14:41:25.344  2000  2081 D SensorService: nuSensorService starting...
08-25 14:41:25.346  1648  1648 I hwservicemanager: getTransport: Cannot find entry android.hardware.sensors@2.0::ISensors/default in either framework or device manifest.
08-25 14:41:25.350  2000  2081 I SensorService: Reported power 0.000000 not deemed sane, clamping to 0.001000
08-25 14:41:25.350  2000  2000 I android_os_HwBinder: HwBinder: Starting thread pool for getting: android.hardware.health@2.0::IHealth/default
08-25 14:41:25.355  1648  1648 I hwservicemanager: getTransport: Cannot find entry android.hardware.soundtrigger@2.0::ISoundTriggerHw/default in either framework or device manifest.
08-25 14:41:25.356  1779  1779 E SoundTriggerHwService: could not read implementation properties
08-25 14:41:25.361  1830  1830 I ServiceManagement: Registered android.frameworks.cameraservice.service@2.0::ICameraService/default (start delay of 3836ms)
08-25 14:41:25.365  2000  2000 I android_os_HwBinder: HwBinder: Starting thread pool for getting: android.hidl.manager@1.0::IServiceManager/default
08-25 14:41:25.368  2000  2086 D SensorService: nuSensorService thread starting...
08-25 14:41:25.369  2000  2085 D SensorService: new thread SensorEventAckReceiver
08-25 14:41:25.370  2000  2000 I HealthServiceWrapper: health: HealthServiceWrapper listening to instance default
08-25 14:41:25.370  2000  2081 D SystemServerTimingAsync: StartSensorService took to complete: 26ms
08-25 14:41:25.370  2000  2081 D SystemServerInitThreadPool: Finished executing StartSensorService
08-25 14:41:25.370  2000  2044 E BluetoothAdapter: Bluetooth binder is null
08-25 14:41:25.371  2000  2044 E BatteryExternalStatsWorker: no controller energy info supplied for telephony
08-25 14:41:25.372  2000  2044 E KernelCpuUidFreqTimeReader: Failed to read /proc/uid_time_in_state: java.nio.file.NoSuchFileException: /proc/uid_time_in_state
08-25 14:41:25.376  2000  2044 I BatteryStatsImpl: Resetting battery stats: level=100 status=4 dischargeLevel=100 lowAmount=0 highAmount=0
08-25 14:41:25.377  2000  2000 I BatteryService: health: Waited 7ms and received the update.
08-25 14:41:25.378  2000  2000 D SystemServerTiming: StartBatteryService took to complete: 35ms
08-25 14:41:25.378  2000  2000 I SystemServer: StartUsageService
08-25 14:41:25.378  2000  2000 I SystemServiceManager: Starting com.android.server.usage.UsageStatsService
08-25 14:41:25.389  2000  2084 I android_os_HwBinder: HwBinder: Starting thread pool for getting: android.hardware.health@2.0::IHealth/default
08-25 14:41:25.419  2000  2000 I UsageStatsService: User[0] Rollover scheduled @ 2022-08-26 02:12:51(1661460171935)
08-25 14:41:25.419  2000  2000 D SystemServerTiming: StartUsageService took to complete: 41ms
08-25 14:41:25.419  2000  2000 I SystemServer: StartWebViewUpdateService
08-25 14:41:25.419  2000  2000 I SystemServiceManager: Starting com.android.server.webkit.WebViewUpdateService
08-25 14:41:25.437  2000  2077 D SystemServerTimingAsync: AppDataFixup took to complete: 433ms
08-25 14:41:25.439  2000  2044 E KernelCpuUidFreqTimeReader: Failed to read /proc/uid_time_in_state: java.nio.file.NoSuchFileException: /proc/uid_time_in_state
08-25 14:41:25.449  2000  2000 D SystemServerTiming: StartWebViewUpdateService took to complete: 29ms
08-25 14:41:25.449  2000  2000 I SystemServer: StartCachedDeviceStateService
08-25 14:41:25.449  2000  2000 I SystemServiceManager: Starting com.android.server.CachedDeviceStateService
08-25 14:41:25.450  2000  2000 D SystemServerTiming: StartCachedDeviceStateService took to complete: 0ms
08-25 14:41:25.450  2000  2000 I SystemServer: StartBinderCallsStatsService
08-25 14:41:25.450  2000  2000 I SystemServiceManager: Starting com.android.server.BinderCallsStatsService$LifeCycle
08-25 14:41:25.450  2000  2000 D SystemServerTiming: StartBinderCallsStatsService took to complete: 1ms
08-25 14:41:25.450  2000  2000 I SystemServer: StartLooperStatsService
08-25 14:41:25.450  2000  2000 I SystemServiceManager: Starting com.android.server.LooperStatsService$Lifecycle
08-25 14:41:25.451  2000  2000 D SystemServerTiming: StartLooperStatsService took to complete: 0ms
08-25 14:41:25.451  2000  2000 I SystemServer: StartRollbackManagerService
08-25 14:41:25.451  2000  2000 I SystemServiceManager: Starting com.android.server.rollback.RollbackManagerService
08-25 14:41:25.454  1838  2087 D installd: Found quota mount /dev/block/vdc at /data
08-25 14:41:25.458  2000  2000 D SystemServerTiming: StartRollbackManagerService took to complete: 8ms
08-25 14:41:25.458  2000  2000 I SystemServer: StartBugreportManagerService
08-25 14:41:25.459  2000  2000 I SystemServiceManager: Starting com.android.server.os.BugreportManagerService
08-25 14:41:25.459  2000  2000 D SystemServerTiming: StartBugreportManagerService took to complete: 0ms
08-25 14:41:25.459  2000  2000 I SystemServer: GpuService
08-25 14:41:25.459  2000  2000 I SystemServiceManager: Starting com.android.server.gpu.GpuService
08-25 14:41:25.459  2000  2000 D SystemServerTiming: GpuService took to complete: 0ms
08-25 14:41:25.459  2000  2000 I SystemServer: StartKeyAttestationApplicationIdProviderService
08-25 14:41:25.460  2000  2000 D SystemServerTiming: StartKeyAttestationApplicationIdProviderService took to complete: 0ms
08-25 14:41:25.460  2000  2000 I SystemServer: StartKeyChainSystemService
08-25 14:41:25.460  2000  2000 I SystemServiceManager: Starting com.android.server.security.KeyChainSystemService
08-25 14:41:25.460  2000  2000 D SystemServerTiming: StartKeyChainSystemService took to complete: 0ms
08-25 14:41:25.460  2000  2091 D SystemServerInitThreadPool: Started executing SecondaryZygotePreload
08-25 14:41:25.460  2000  2000 I SystemServer: StartSchedulingPolicyService
08-25 14:41:25.460  2000  2091 I SystemServer: SecondaryZygotePreload
08-25 14:41:25.461  2000  2000 D SystemServerTiming: StartSchedulingPolicyService took to complete: 0ms
08-25 14:41:25.461  2000  2000 I SystemServer: StartTelecomLoaderService
08-25 14:41:25.461  2000  2000 I SystemServiceManager: Starting com.android.server.telecom.TelecomLoaderService
08-25 14:41:25.464  2000  2037 D SystemServerInitThreadPool: Started executing SchedulingPolicyService.<init>
08-25 14:41:25.464  2000  2000 D SystemServerTiming: StartTelecomLoaderService took to complete: 3ms
08-25 14:41:25.464  2000  2000 I SystemServer: StartTelephonyRegistry
08-25 14:41:25.466  2000  2000 D SystemServerTiming: StartTelephonyRegistry took to complete: 1ms
08-25 14:41:25.466  2000  2000 I SystemServer: StartEntropyMixer
08-25 14:41:25.473  2000  2037 I SchedulingPolicyService: Moving 1853 back to group default
08-25 14:41:25.481  2000  2037 D SystemServerInitThreadPool: Finished executing SchedulingPolicyService.<init>
08-25 14:41:25.483  2000  2000 I EntropyMixer: Added HW RNG output to entropy pool
08-25 14:41:25.483  2000  2000 I EntropyMixer: Writing entropy...
08-25 14:41:25.499  2000  2000 D SystemServerTiming: StartEntropyMixer took to complete: 33ms
08-25 14:41:25.499  2000  2000 I SystemServer: StartAccountManagerService
08-25 14:41:25.499  2000  2000 I SystemServiceManager: Starting com.android.server.accounts.AccountManagerService$Lifecycle
08-25 14:41:25.499  2000  2091 E SystemServer: Unable to preload default resources
08-25 14:41:25.499  2000  2091 D SystemServerTimingAsync: SecondaryZygotePreload took to complete: 39ms
08-25 14:41:25.499  2000  2091 D SystemServerInitThreadPool: Finished executing SecondaryZygotePreload
08-25 14:41:25.508  2000  2000 D SystemServerTiming: StartAccountManagerService took to complete: 9ms
08-25 14:41:25.508  2000  2000 I SystemServer: StartContentService
08-25 14:41:25.508  2000  2000 I SystemServiceManager: Starting com.android.server.content.ContentService$Lifecycle
08-25 14:41:25.513  2000  2000 D SystemServerTiming: StartContentService took to complete: 6ms
08-25 14:41:25.514  2000  2000 I SystemServer: InstallSystemProviders
08-25 14:41:25.526  1838  1838 W cutils  : Expected path /data/user_de/0/com.google.android.gms with mode 700 but found 711
08-25 14:41:25.529  2000  2000 I system_server: The ClassLoaderContext is a special shared library.
08-25 14:41:25.544  2000  2000 I SettingsState: No settings state /data/system/users/0/settings_config.xml
08-25 14:41:25.564  2000  2000 D SystemServerTiming: InstallSystemProviders took to complete: 51ms
08-25 14:41:25.564  2000  2000 I SystemServer: StartDropBoxManager
08-25 14:41:25.565  2000  2000 I SystemServiceManager: Starting com.android.server.DropBoxManagerService
08-25 14:41:25.565  2000  2000 D SystemServerTiming: StartDropBoxManager took to complete: 1ms
08-25 14:41:25.566  2000  2000 I SystemServer: StartVibratorService
08-25 14:41:25.566  1648  1648 I hwservicemanager: getTransport: Cannot find entry android.hardware.vibrator@1.0::IVibrator/default in either framework or device manifest.
08-25 14:41:25.566  1648  1648 I hwservicemanager: getTransport: Cannot find entry android.hardware.vibrator@1.0::IVibrator/default in either framework or device manifest.
08-25 14:41:25.567  2000  2000 E VibratorService: vibratorOff command failed (1).
08-25 14:41:25.567  1648  1648 I hwservicemanager: getTransport: Cannot find entry android.hardware.vibrator@1.0::IVibrator/default in either framework or device manifest.
08-25 14:41:25.567  1648  1648 I hwservicemanager: getTransport: Cannot find entry android.hardware.vibrator@1.3::IVibrator/default in either framework or device manifest.
08-25 14:41:25.569  2000  2000 D SystemServerTiming: StartVibratorService took to complete: 3ms
08-25 14:41:25.569  2000  2000 I SystemServer: StartDynamicSystemService
08-25 14:41:25.574  2000  2000 D SystemServerTiming: StartDynamicSystemService took to complete: 4ms
08-25 14:41:25.574  2000  2000 I SystemServer: StartConsumerIrService
08-25 14:41:25.582  1648  1648 I hwservicemanager: getTransport: Cannot find entry android.hardware.ir@1.0::IConsumerIr/default in either framework or device manifest.
08-25 14:41:25.584  2000  2000 D SystemServerTiming: StartConsumerIrService took to complete: 10ms
08-25 14:41:25.584  2000  2000 I SystemServer: StartAlarmManagerService
08-25 14:41:25.587  2000  2000 D AlarmManagerService: Kernel timezone updated to -330 minutes west of GMT
08-25 14:41:25.587  2000  2077 D SystemServerTimingAsync: AppDataPrepare took to complete: 150ms
08-25 14:41:25.587  2000  2077 I PackageManager: Deferred reconcileAppsData finished 158 packages
08-25 14:41:25.587  2000  2077 D SystemServerInitThreadPool: Finished executing prepareAppData
08-25 14:41:25.592  2000  2000 D SystemServerTiming: StartAlarmManagerService took to complete: 8ms
08-25 14:41:25.592  2000  2000 I SystemServer: StartInputManagerService
08-25 14:41:25.594  2000  2000 I InputManager: Initializing input manager, mUseDevInputEventForAudioJack=true
08-25 14:41:25.595  2000  2000 I InputClassifier: Deep press feature enabled.
08-25 14:41:25.596  2000  2000 D SystemServerTiming: StartInputManagerService took to complete: 5ms
08-25 14:41:25.597  2000  2000 I SystemServer: StartWindowManagerService
08-25 14:41:25.600  1648  1648 I hwservicemanager: getTransport: Cannot find entry android.hardware.input.classifier@1.0::IInputClassifier/default in either framework or device manifest.
08-25 14:41:25.600  2000  2096 I InputClassifier: Could not obtain InputClassifier HAL
08-25 14:41:25.601  2000  2097 E InputClassifier: InputClassifier HAL has died. Setting mMotionClassifier to null
08-25 14:41:25.603  2000  2033 I WindowManager: No existing display settings, starting empty
08-25 14:41:25.610  2000  2033 I WindowTracing: Setting window tracing log level to 1
08-25 14:41:25.610  2000  2033 I WindowTracing: Setting window tracing buffer capacity to 2097152bytes
08-25 14:41:25.616  2000  2000 D SystemServerTiming: StartWindowManagerService took to complete: 19ms
08-25 14:41:25.616  2000  2000 I SystemServer: SetWindowManagerService
08-25 14:41:25.627  2000  2032 I DropBoxManagerService: add tag=system_server_strictmode isTagEnabled=true flags=0x2
08-25 14:41:25.640  2000  2032 I DropBoxManagerService: add tag=system_server_strictmode isTagEnabled=true flags=0x2
08-25 14:41:25.666  2000  2000 D SystemServerTiming: SetWindowManagerService took to complete: 51ms
08-25 14:41:25.666  2000  2000 I SystemServer: WindowManagerServiceOnInitReady
08-25 14:41:25.780  2000  2031 W ShortcutManager: Unable to add bookmark: com.google.android.talk/com.google.android.talk.SigningInActivity
08-25 14:41:25.780  2000  2031 W ShortcutManager: android.content.pm.PackageManager$NameNotFoundException: ComponentInfo{com.google.android.talk/com.google.android.talk.SigningInActivity}
08-25 14:41:25.780  2000  2031 W ShortcutManager: 	at android.app.ApplicationPackageManager.getActivityInfo(ApplicationPackageManager.java:456)
08-25 14:41:25.780  2000  2031 W ShortcutManager: 	at com.android.server.policy.ShortcutManager.loadShortcuts(ShortcutManager.java:142)
08-25 14:41:25.780  2000  2031 W ShortcutManager: 	at com.android.server.policy.ShortcutManager.<init>(ShortcutManager.java:62)
08-25 14:41:25.780  2000  2031 W ShortcutManager: 	at com.android.server.policy.PhoneWindowManager.init(PhoneWindowManager.java:1797)
08-25 14:41:25.780  2000  2031 W ShortcutManager: 	at com.android.server.wm.WindowManagerService$5.run(WindowManagerService.java:988)
08-25 14:41:25.780  2000  2031 W ShortcutManager: 	at android.os.Handler$BlockingRunnable.run(Handler.java:906)
08-25 14:41:25.780  2000  2031 W ShortcutManager: 	at android.os.Handler.handleCallback(Handler.java:883)
08-25 14:41:25.780  2000  2031 W ShortcutManager: 	at android.os.Handler.dispatchMessage(Handler.java:100)
08-25 14:41:25.780  2000  2031 W ShortcutManager: 	at android.os.Looper.loop(Looper.java:214)
08-25 14:41:25.780  2000  2031 W ShortcutManager: 	at android.os.HandlerThread.run(HandlerThread.java:67)
08-25 14:41:25.780  2000  2031 W ShortcutManager: 	at com.android.server.ServiceThread.run(ServiceThread.java:44)
08-25 14:41:25.780  2000  2031 W ShortcutManager: 	at com.android.server.UiThread.run(UiThread.java:43)
08-25 14:41:25.882  2000  2031 W Looper  : Slow dispatch took 215ms android.ui h=android.os.Handler c=android.os.Handler$BlockingRunnable@379da84 m=0
08-25 14:41:25.883  2000  2000 D SystemServerTiming: WindowManagerServiceOnInitReady took to complete: 216ms
08-25 14:41:25.883  2000  2000 I SystemServer: StartInputManager
08-25 14:41:25.883  2000  2000 I InputManager: Starting input manager
08-25 14:41:25.883  2000  2081 D SystemServerInitThreadPool: Started executing StartHidlServices
08-25 14:41:25.884  2000  2081 I ServiceManagement: Registered android.frameworks.sensorservice@1.0::ISensorManager/default (start delay of 1749ms)
08-25 14:41:25.884  2000  2000 D SystemServerTiming: StartInputManager took to complete: 1ms
08-25 14:41:25.884  2000  2000 I SystemServer: DisplayManagerWindowManagerAndInputReady
08-25 14:41:25.885  2000  2000 D SystemServerTiming: DisplayManagerWindowManagerAndInputReady took to complete: 0ms
08-25 14:41:25.885  2000  2000 I SystemServer: No Bluetooth Service (Bluetooth Hardware Not Present)
08-25 14:41:25.885  2000  2000 I SystemServer: IpConnectivityMetrics
08-25 14:41:25.885  2000  2000 I SystemServiceManager: Starting com.android.server.connectivity.IpConnectivityMetrics
08-25 14:41:25.887  2000  2081 I ServiceManagement: Registered android.frameworks.schedulerservice@1.0::ISchedulingPolicyService/default (start delay of 1752ms)
08-25 14:41:25.888  2000  2081 D SystemServerTimingAsync: StartHidlServices took to complete: 4ms
08-25 14:41:25.888  2000  2081 D SystemServerInitThreadPool: Finished executing StartHidlServices
08-25 14:41:25.890  2000  2000 D SystemServerTiming: IpConnectivityMetrics took to complete: 5ms
08-25 14:41:25.890  2000  2000 I SystemServer: NetworkWatchlistService
08-25 14:41:25.890  2000  2000 I SystemServiceManager: Starting com.android.server.net.watchlist.NetworkWatchlistService$Lifecycle
08-25 14:41:25.928  2000  2099 D EventHub: No input device configuration file found for device 'Power Button'.
08-25 14:41:25.929  2000  2000 I WatchlistSettings: Reload watchlist settings done
08-25 14:41:25.929  2000  2000 D SystemServerTiming: NetworkWatchlistService took to complete: 39ms
08-25 14:41:25.929  2000  2000 I SystemServer: PinnerService
08-25 14:41:25.929  2000  2000 I SystemServiceManager: Starting com.android.server.PinnerService
08-25 14:41:25.929  2000  2100 I WatchlistLoggingHandler: No need to aggregate record yet.
08-25 14:41:25.930  2000  2100 I WatchlistLoggingHandler: Milliseconds spent on tryAggregateRecords(): 1
08-25 14:41:25.931  2000  2000 D SystemServerTiming: PinnerService took to complete: 1ms
08-25 14:41:25.931  2000  2000 I SystemServer: SignedConfigService
08-25 14:41:25.931  2000  2000 D SystemServerTiming: SignedConfigService took to complete: 0ms
08-25 14:41:25.933  2000  2099 W EventHub: Unable to disable kernel key repeat for /dev/input/event0: Function not implemented
08-25 14:41:25.933  2000  2099 I EventHub: wakeMechanism=EPOLLWAKEUP, usingClockIoctl=true
08-25 14:41:25.933  2000  2099 I EventHub: New device: id=1, fd=128, path='/dev/input/event0', name='Power Button', classes=0x1, configuration='', keyLayout='/system/usr/keylayout/Generic.kl', keyCharacterMap='/system/usr/keychars/Generic.kcm', builtinKeyboard=false, 
08-25 14:41:25.933  2000  2099 I EventHub: wakeMechanism=EPOLLWAKEUP, usingClockIoctl=true
08-25 14:41:25.933  2000  2099 I EventHub: New device: id=2, fd=129, path='/dev/input/event6', name='virtio_input_multi_touch_6', classes=0x94, configuration='/vendor/usr/idc/virtio_input_multi_touch_6.idc', keyLayout='', keyCharacterMap='', builtinKeyboard=false, 
08-25 14:41:25.934  2000  2099 I EventHub: wakeMechanism=EPOLLWAKEUP, usingClockIoctl=true
08-25 14:41:25.934  2000  2099 I EventHub: New device: id=3, fd=132, path='/dev/input/event3', name='virtio_input_multi_touch_3', classes=0x94, configuration='/vendor/usr/idc/virtio_input_multi_touch_3.idc', keyLayout='', keyCharacterMap='', builtinKeyboard=false, 
08-25 14:41:25.934  2000  2099 I EventHub: wakeMechanism=EPOLLWAKEUP, usingClockIoctl=true
08-25 14:41:25.934  2000  2099 I EventHub: New device: id=4, fd=133, path='/dev/input/event10', name='virtio_input_multi_touch_10', classes=0x94, configuration='/vendor/usr/idc/virtio_input_multi_touch_10.idc', keyLayout='', keyCharacterMap='', builtinKeyboard=false, 
08-25 14:41:25.935  2000  2099 I EventHub: wakeMechanism=EPOLLWAKEUP, usingClockIoctl=true
08-25 14:41:25.935  2000  2099 I EventHub: New device: id=5, fd=134, path='/dev/input/event7', name='virtio_input_multi_touch_7', classes=0x94, configuration='/vendor/usr/idc/virtio_input_multi_touch_7.idc', keyLayout='', keyCharacterMap='', builtinKeyboard=false, 
08-25 14:41:25.936  2000  2099 I EventHub: wakeMechanism=EPOLLWAKEUP, usingClockIoctl=true
08-25 14:41:25.936  2000  2099 I EventHub: New device: id=6, fd=135, path='/dev/input/event4', name='virtio_input_multi_touch_4', classes=0x94, configuration='/vendor/usr/idc/virtio_input_multi_touch_4.idc', keyLayout='', keyCharacterMap='', builtinKeyboard=false, 
08-25 14:41:25.936  2000  2099 I EventHub: wakeMechanism=EPOLLWAKEUP, usingClockIoctl=true
08-25 14:41:25.936  2000  2099 I EventHub: New device: id=7, fd=136, path='/dev/input/event1', name='virtio_input_multi_touch_1', classes=0x94, configuration='/vendor/usr/idc/virtio_input_multi_touch_1.idc', keyLayout='', keyCharacterMap='', builtinKeyboard=false, 
08-25 14:41:25.939  2000  2099 I EventHub: wakeMechanism=EPOLLWAKEUP, usingClockIoctl=true
08-25 14:41:25.939  2000  2099 I EventHub: New device: id=8, fd=137, path='/dev/input/event12', name='qwerty2', classes=0x23, configuration='/vendor/usr/idc/qwerty2.idc', keyLayout='/vendor/usr/keylayout/qwerty.kl', keyCharacterMap='/system/usr/keychars/qwerty2.kcm', builtinKeyboard=true, 
08-25 14:41:25.940  2000  2099 I EventHub: wakeMechanism=EPOLLWAKEUP, usingClockIoctl=true
08-25 14:41:25.940  2000  2099 I EventHub: New device: id=9, fd=138, path='/dev/input/event11', name='virtio_input_multi_touch_11', classes=0x94, configuration='/vendor/usr/idc/virtio_input_multi_touch_11.idc', keyLayout='', keyCharacterMap='', builtinKeyboard=false, 
08-25 14:41:25.941  2000  2099 I EventHub: wakeMechanism=EPOLLWAKEUP, usingClockIoctl=true
08-25 14:41:25.941  2000  2099 I EventHub: New device: id=10, fd=139, path='/dev/input/event5', name='virtio_input_multi_touch_5', classes=0x94, configuration='/vendor/usr/idc/virtio_input_multi_touch_5.idc', keyLayout='', keyCharacterMap='', builtinKeyboard=false, 
08-25 14:41:25.943  2000  2099 I EventHub: wakeMechanism=EPOLLWAKEUP, usingClockIoctl=true
08-25 14:41:25.943  2000  2099 I EventHub: New device: id=11, fd=140, path='/dev/input/event2', name='virtio_input_multi_touch_2', classes=0x94, configuration='/vendor/usr/idc/virtio_input_multi_touch_2.idc', keyLayout='', keyCharacterMap='', builtinKeyboard=false, 
08-25 14:41:25.944  2000  2099 I EventHub: wakeMechanism=EPOLLWAKEUP, usingClockIoctl=true
08-25 14:41:25.944  2000  2099 I EventHub: New device: id=12, fd=141, path='/dev/input/event8', name='virtio_input_multi_touch_8', classes=0x94, configuration='/vendor/usr/idc/virtio_input_multi_touch_8.idc', keyLayout='', keyCharacterMap='', builtinKeyboard=false, 
08-25 14:41:25.944  2000  2099 I EventHub: wakeMechanism=EPOLLWAKEUP, usingClockIoctl=true
08-25 14:41:25.944  2000  2099 I EventHub: New device: id=13, fd=142, path='/dev/input/event13', name='goldfish_rotary', classes=0x1000, configuration='/vendor/usr/idc/goldfish_rotary.idc', keyLayout='', keyCharacterMap='', builtinKeyboard=false, 
08-25 14:41:25.945  2000  2099 I EventHub: wakeMechanism=EPOLLWAKEUP, usingClockIoctl=true
08-25 14:41:25.945  2000  2099 I EventHub: New device: id=14, fd=143, path='/dev/input/event9', name='virtio_input_multi_touch_9', classes=0x94, configuration='/vendor/usr/idc/virtio_input_multi_touch_9.idc', keyLayout='', keyCharacterMap='', builtinKeyboard=false, 
08-25 14:41:25.945  2000  2099 D EventHub: No input device configuration file found for device 'AT Translated Set 2 keyboard'.
08-25 14:41:25.946  2000  2099 I EventHub: wakeMechanism=EPOLLWAKEUP, usingClockIoctl=true
08-25 14:41:25.946  2000  2099 I EventHub: New device: id=15, fd=144, path='/dev/input/event14', name='AT Translated Set 2 keyboard', classes=0x3, configuration='', keyLayout='/system/usr/keylayout/Generic.kl', keyCharacterMap='/system/usr/keychars/Generic.kcm', builtinKeyboard=false, 
08-25 14:41:25.948  2000  2099 I InputReader: Device added: id=-1, name='Virtual', sources=0x00000301
08-25 14:41:25.948  2000  2099 I InputReader: Device added: id=15, name='AT Translated Set 2 keyboard', sources=0x00000101
08-25 14:41:25.948  2000  2099 I InputReader: Touch device 'virtio_input_multi_touch_9' could not query the properties of its associated display.  The device will be inoperable until the display size becomes available.
08-25 14:41:25.948  2000  2099 I InputReader: Device added: id=14, name='virtio_input_multi_touch_9', sources=0x80005002
08-25 14:41:25.948  2000  2099 I InputReader: Device added: id=13, name='goldfish_rotary', sources=0x00400000
08-25 14:41:25.948  2000  2099 I InputReader: Touch device 'virtio_input_multi_touch_8' could not query the properties of its associated display.  The device will be inoperable until the display size becomes available.
08-25 14:41:25.948  2000  2099 I InputReader: Device added: id=12, name='virtio_input_multi_touch_8', sources=0x80005002
08-25 14:41:25.948  2000  2099 I InputReader: Touch device 'virtio_input_multi_touch_2' could not query the properties of its associated display.  The device will be inoperable until the display size becomes available.
08-25 14:41:25.948  2000  2099 I InputReader: Device added: id=11, name='virtio_input_multi_touch_2', sources=0x80005002
08-25 14:41:25.948  2000  2099 I InputReader: Touch device 'virtio_input_multi_touch_5' could not query the properties of its associated display.  The device will be inoperable until the display size becomes available.
08-25 14:41:25.948  2000  2099 I InputReader: Device added: id=10, name='virtio_input_multi_touch_5', sources=0x80005002
08-25 14:41:25.948  2000  2099 I InputReader: Touch device 'virtio_input_multi_touch_11' could not query the properties of its associated display.  The device will be inoperable until the display size becomes available.
08-25 14:41:25.948  2000  2099 I InputReader: Device added: id=9, name='virtio_input_multi_touch_11', sources=0x80005002
08-25 14:41:25.948  2000  2099 I InputReader: Device added: id=0, name='qwerty2', sources=0x00000301
08-25 14:41:25.948  2000  2099 I InputReader: Touch device 'virtio_input_multi_touch_1' could not query the properties of its associated display.  The device will be inoperable until the display size becomes available.
08-25 14:41:25.948  2000  2099 I InputReader: Device added: id=7, name='virtio_input_multi_touch_1', sources=0x80005002
08-25 14:41:25.949  2000  2099 I InputReader: Touch device 'virtio_input_multi_touch_4' could not query the properties of its associated display.  The device will be inoperable until the display size becomes available.
08-25 14:41:25.949  2000  2099 I InputReader: Device added: id=6, name='virtio_input_multi_touch_4', sources=0x80005002
08-25 14:41:25.949  2000  2099 I InputReader: Touch device 'virtio_input_multi_touch_7' could not query the properties of its associated display.  The device will be inoperable until the display size becomes available.
08-25 14:41:25.949  2000  2099 I InputReader: Device added: id=5, name='virtio_input_multi_touch_7', sources=0x80005002
08-25 14:41:25.949  2000  2099 I InputReader: Touch device 'virtio_input_multi_touch_10' could not query the properties of its associated display.  The device will be inoperable until the display size becomes available.
08-25 14:41:25.949  2000  2099 I InputReader: Device added: id=4, name='virtio_input_multi_touch_10', sources=0x80005002
08-25 14:41:25.949  2000  2099 I InputReader: Touch device 'virtio_input_multi_touch_3' could not query the properties of its associated display.  The device will be inoperable until the display size becomes available.
08-25 14:41:25.949  2000  2099 I InputReader: Device added: id=3, name='virtio_input_multi_touch_3', sources=0x80005002
08-25 14:41:25.949  2000  2099 I InputReader: Touch device 'virtio_input_multi_touch_6' could not query the properties of its associated display.  The device will be inoperable until the display size becomes available.
08-25 14:41:25.949  2000  2099 I InputReader: Device added: id=2, name='virtio_input_multi_touch_6', sources=0x80005002
08-25 14:41:25.949  2000  2099 I InputReader: Device added: id=1, name='Power Button', sources=0x00000101
08-25 14:41:25.951  2000  2000 I WindowManager: SAFE MODE not enabled
08-25 14:41:25.951  2000  2000 I SystemServer: StartInputMethodManagerLifecycle
08-25 14:41:25.951  2000  2000 I SystemServiceManager: Starting com.android.server.inputmethod.InputMethodManagerService$Lifecycle
08-25 14:41:25.954  2000  2000 D SystemServerTiming: StartInputMethodManagerLifecycle took to complete: 3ms
08-25 14:41:25.954  2000  2000 I SystemServer: StartAccessibilityManagerService
08-25 14:41:25.954  2000  2000 I SystemServiceManager: Starting com.android.server.accessibility.AccessibilityManagerService$Lifecycle
08-25 14:41:25.958  2000  2000 D SystemServerTiming: StartAccessibilityManagerService took to complete: 4ms
08-25 14:41:25.958  2000  2000 I SystemServer: MakeDisplayReady
08-25 14:41:25.959  2000  2000 W InputReader: Device has associated, but no associated display id.
08-25 14:41:26.038  2000  2000 I ActivityTaskManager: Config changes=20005df8 {1.0 ?mcc?mnc [en_US] ldltr sw480dp w480dp h941dp 480dpi lrg long port ?uimode ?night finger qwerty/v/v dpad/v winConfig={ mBounds=Rect(0, 0 - 1440, 3040) mAppBounds=Rect(0, 0 - 1440, 2896) mWindowingMode=fullscreen mDisplayWindowingMode=fullscreen mActivityType=undefined mAlwaysOnTop=undefined mRotation=ROTATION_0} s.2}
08-25 14:41:26.054  2000  2000 I ActivityTaskManager: Override config changes=60007dfc {1.0 ?mcc?mnc [en_US] ldltr sw480dp w480dp h941dp 480dpi lrg long port ?uimode ?night finger qwerty/v/v dpad/v winConfig={ mBounds=Rect(0, 0 - 1440, 3040) mAppBounds=Rect(0, 0 - 1440, 2896) mWindowingMode=fullscreen mDisplayWindowingMode=fullscreen mActivityType=undefined mAlwaysOnTop=undefined mRotation=ROTATION_0} s.2} for displayId=0
08-25 14:41:26.062  2000  2000 D SystemServerTiming: MakeDisplayReady took to complete: 104ms
08-25 14:41:26.062  2000  2000 I SystemServer: StartStorageManagerService
08-25 14:41:25.959  2000  2000 I chatty  : uid=1000 system_server identical 9 lines
08-25 14:41:25.959  2000  2000 W InputReader: Device has associated, but no associated display id.
08-25 14:41:26.067  2000  2033 I InputManager-JNI: Viewport [0] to add: local:0
08-25 14:41:26.067  2000  2000 I SystemServiceManager: Starting com.android.server.StorageManagerService$Lifecycle
08-25 14:41:26.068  2000  2099 I InputReader: Reconfiguring input devices.  changes=0x00000004
08-25 14:41:26.068  2000  2099 I InputReader: Touch device 'virtio_input_multi_touch_6' could not query the properties of its associated display.  The device will be inoperable until the display size becomes available.
08-25 14:41:26.068  2000  2099 I InputReader: Touch device 'virtio_input_multi_touch_3' could not query the properties of its associated display.  The device will be inoperable until the display size becomes available.
08-25 14:41:26.068  2000  2099 I InputReader: Touch device 'virtio_input_multi_touch_10' could not query the properties of its associated display.  The device will be inoperable until the display size becomes available.
08-25 14:41:26.068  2000  2099 I InputReader: Touch device 'virtio_input_multi_touch_7' could not query the properties of its associated display.  The device will be inoperable until the display size becomes available.
08-25 14:41:26.068  2000  2099 I InputReader: Touch device 'virtio_input_multi_touch_4' could not query the properties of its associated display.  The device will be inoperable until the display size becomes available.
08-25 14:41:26.068  2000  2099 I InputReader: Device reconfigured: id=7, name='virtio_input_multi_touch_1', size 1440x3040, orientation 0, mode 1, display id 0
08-25 14:41:26.068  2000  2099 I InputReader: Touch device 'virtio_input_multi_touch_11' could not query the properties of its associated display.  The device will be inoperable until the display size becomes available.
08-25 14:41:26.068  2000  2099 I InputReader: Touch device 'virtio_input_multi_touch_5' could not query the properties of its associated display.  The device will be inoperable until the display size becomes available.
08-25 14:41:26.068  2000  2099 I InputReader: Touch device 'virtio_input_multi_touch_2' could not query the properties of its associated display.  The device will be inoperable until the display size becomes available.
08-25 14:41:26.068  2000  2099 I InputReader: Touch device 'virtio_input_multi_touch_8' could not query the properties of its associated display.  The device will be inoperable until the display size becomes available.
08-25 14:41:26.068  2000  2099 I InputReader: Touch device 'virtio_input_multi_touch_9' could not query the properties of its associated display.  The device will be inoperable until the display size becomes available.
08-25 14:41:26.075  2000  2101 D StorageManagerService: Thinking about init, mBootCompleted=false, mDaemonConnected=true
08-25 14:41:26.075  2000  2101 D StorageManagerService: Thinking about reset, mBootCompleted=false, mDaemonConnected=true
08-25 14:41:26.075  2000  2000 D SystemServerTiming: StartStorageManagerService took to complete: 13ms
08-25 14:41:26.075  2000  2000 I SystemServer: StartStorageStatsService
08-25 14:41:26.075  2000  2000 I SystemServiceManager: Starting com.android.server.usage.StorageStatsService$Lifecycle
08-25 14:41:26.077  1838  1838 D installd: Found quota mount /dev/block/vdc at /data
08-25 14:41:26.078  2000  2000 D SystemServerTiming: StartStorageStatsService took to complete: 2ms
08-25 14:41:26.078  2000  2000 I SystemServer: StartUiModeManager
08-25 14:41:26.078  2000  2000 I SystemServiceManager: Starting com.android.server.UiModeManagerService
08-25 14:41:26.079  2000  2037 D SystemServerInitThreadPool: Started executing UiModeManager.onStart
08-25 14:41:26.079  2000  2000 D SystemServerTiming: StartUiModeManager took to complete: 1ms
08-25 14:41:26.079  2000  2000 I SystemServer: UpdatePackagesIfNeeded
08-25 14:41:26.079  2000  2000 I Watchdog: Pausing HandlerChecker: main thread for reason: dexopt. Pause count: 1
08-25 14:41:26.079  2000  2000 I Watchdog: Resuming HandlerChecker: main thread for reason: dexopt. Pause count: 0
08-25 14:41:26.079  2000  2000 D SystemServerTiming: UpdatePackagesIfNeeded took to complete: 0ms
08-25 14:41:26.079  2000  2000 I SystemServer: PerformFstrimIfNeeded
08-25 14:41:26.080  2000  2000 D SystemServerTiming: PerformFstrimIfNeeded took to complete: 0ms
08-25 14:41:26.080  2000  2000 I SystemServer: StartLockSettingsService
08-25 14:41:26.080  2000  2000 I SystemServiceManager: Starting com.android.server.locksettings.LockSettingsService$Lifecycle
08-25 14:41:26.081  2000  2037 I ActivityTaskManager: Config changes=200 {1.0 ?mcc?mnc [en_US] ldltr sw480dp w480dp h941dp 480dpi lrg long port finger qwerty/v/v dpad/v winConfig={ mBounds=Rect(0, 0 - 1440, 3040) mAppBounds=Rect(0, 0 - 1440, 2896) mWindowingMode=fullscreen mDisplayWindowingMode=fullscreen mActivityType=undefined mAlwaysOnTop=undefined mRotation=ROTATION_0} s.4}
08-25 14:41:26.090  2000  2037 I ActivityTaskManager: Override config changes=200 {1.0 ?mcc?mnc [en_US] ldltr sw480dp w480dp h941dp 480dpi lrg long port finger qwerty/v/v dpad/v winConfig={ mBounds=Rect(0, 0 - 1440, 3040) mAppBounds=Rect(0, 0 - 1440, 2896) mWindowingMode=fullscreen mDisplayWindowingMode=fullscreen mActivityType=undefined mAlwaysOnTop=undefined mRotation=ROTATION_0} s.4} for displayId=0
08-25 14:41:26.091  2000  2037 D SystemServerInitThreadPool: Finished executing UiModeManager.onStart
08-25 14:41:26.124  2000  2000 D SystemServerTiming: StartLockSettingsService took to complete: 44ms
08-25 14:41:26.124  2000  2000 I SystemServer: StartTestHarnessMode
08-25 14:41:26.124  2000  2000 I SystemServiceManager: Starting com.android.server.testharness.TestHarnessModeService
08-25 14:41:26.125  2000  2000 D SystemServerTiming: StartTestHarnessMode took to complete: 0ms
08-25 14:41:26.077  1838  1838 D installd: Found quota mount /dev/block/vdc at /data
08-25 14:41:26.131  1648  1648 I hwservicemanager: getTransport: Cannot find entry android.hardware.oemlock@1.0::IOemLock/default in either framework or device manifest.
08-25 14:41:26.131  2000  2000 I OemLock : OemLock HAL not present on device
08-25 14:41:26.131  2000  2000 I SystemServer: StartDeviceIdleController
08-25 14:41:26.131  2000  2000 I SystemServiceManager: Starting com.android.server.DeviceIdleController
08-25 14:41:26.133  2000  2000 D SystemServerTiming: StartDeviceIdleController took to complete: 1ms
08-25 14:41:26.133  2000  2000 I SystemServer: StartDevicePolicyManager
08-25 14:41:26.133  2000  2000 I SystemServiceManager: Starting com.android.server.devicepolicy.DevicePolicyManagerService$Lifecycle
08-25 14:41:26.143  2000  2000 D SystemServerTiming: StartDevicePolicyManager took to complete: 10ms
08-25 14:41:26.143  2000  2000 I SystemServer: StartStatusBarManagerService
08-25 14:41:26.144  2000  2000 D SystemServerTiming: StartStatusBarManagerService took to complete: 1ms
08-25 14:41:26.144  2000  2000 D SystemServer: ContentCaptureService disabled because resource is not overlaid
08-25 14:41:26.144  2000  2000 D SystemServer: AttentionService is not configured on this device
08-25 14:41:26.144  2000  2000 I SystemServer: StartSystemCaptionsManagerService
08-25 14:41:26.145  2000  2000 I SystemServiceManager: Starting com.android.server.systemcaptions.SystemCaptionsManagerService
08-25 14:41:26.145  2000  2000 D SystemServerTiming: StartSystemCaptionsManagerService took to complete: 0ms
08-25 14:41:26.145  2000  2000 I SystemServer: StartAppPredictionService
08-25 14:41:26.146  2000  2000 I SystemServiceManager: Starting com.android.server.appprediction.AppPredictionManagerService
08-25 14:41:26.148  2000  2000 D SystemServerTiming: StartAppPredictionService took to complete: 2ms
08-25 14:41:26.148  2000  2000 I SystemServer: StartContentSuggestionsService
08-25 14:41:26.149  2000  2000 I SystemServiceManager: Starting com.android.server.contentsuggestions.ContentSuggestionsManagerService
08-25 14:41:26.150  2000  2000 D SystemServerTiming: StartContentSuggestionsService took to complete: 2ms
08-25 14:41:26.150  2000  2000 I SystemServer: InitNetworkStackClient
08-25 14:41:26.153  2000  2000 D SystemServerTiming: InitNetworkStackClient took to complete: 3ms
08-25 14:41:26.154  2000  2000 I SystemServer: StartNetworkManagementService
08-25 14:41:26.165  1743  1743 I netd    : registerUnsolicitedEventListener() <0.06ms>
08-25 14:41:26.166  2000  2000 D SystemServerTiming: StartNetworkManagementService took to complete: 12ms
08-25 14:41:26.166  2000  2000 I SystemServer: StartIpSecService
08-25 14:41:26.167  2000  2000 D SystemServerTiming: StartIpSecService took to complete: 2ms
08-25 14:41:26.168  2000  2000 I SystemServer: StartTextServicesManager
08-25 14:41:26.168  2000  2000 I SystemServiceManager: Starting com.android.server.textservices.TextServicesManagerService$Lifecycle
08-25 14:41:26.170  2000  2000 D SystemServerTiming: StartTextServicesManager took to complete: 2ms
08-25 14:41:26.171  2000  2000 I SystemServer: StartTextClassificationManagerService
08-25 14:41:26.171  2000  2000 I SystemServiceManager: Starting com.android.server.textclassifier.TextClassificationManagerService$Lifecycle
08-25 14:41:26.173  2000  2000 D SystemServerTiming: StartTextClassificationManagerService took to complete: 3ms
08-25 14:41:26.174  2000  2000 I SystemServer: StartNetworkScoreService
08-25 14:41:26.174  2000  2000 I SystemServiceManager: Starting com.android.server.NetworkScoreService$Lifecycle
08-25 14:41:26.174  2000  2000 I NetworkScoreService: Registering network_score
08-25 14:41:26.175  2000  2000 D SystemServerTiming: StartNetworkScoreService took to complete: 1ms
08-25 14:41:26.175  2000  2000 I SystemServer: StartNetworkStatsService
08-25 14:41:26.176  2000  2000 D SystemServerTiming: StartNetworkStatsService took to complete: 2ms
08-25 14:41:26.176  2000  2000 I SystemServer: StartNetworkPolicyManagerService
08-25 14:41:26.178  2000  2000 D SystemServerTiming: StartNetworkPolicyManagerService took to complete: 1ms
08-25 14:41:26.178  2000  2000 I SystemServer: StartWifi
08-25 14:41:26.211  2000  2000 I SystemServiceManager: Starting com.android.server.wifi.WifiService
08-25 14:41:26.336  2000  2000 E HostapdHal: Malformed channel value detected: java.lang.NumberFormatException: For input string: ""
