08-25 14:41:35.069  2000  2105 W BestClock: java.time.DateTimeException: Missing NTP fix
08-25 14:41:35.097  2000  2033 I WindowManager: ******* TELLING SURFACE FLINGER WE ARE BOOTED!
08-25 14:41:35.098  1782  1998 I SurfaceFlinger: Boot is finished (13436 ms)
08-25 14:41:35.099  2000  2000 W Looper  : Slow dispatch took 465ms main h=android.app.ActivityThread$H c=android.app.-$$Lambda$LoadedApk$ReceiverDispatcher$Args$_BumDX2UKsnxLVrE6UJsJZkotuA@84a8c8c m=0
08-25 14:41:35.099  2141  2141 D KeyguardUpdateMonitor: handleSimStateChange(subId=-1, slotId=0, state=READY)
08-25 14:41:35.099  2141  2141 W KeyguardUpdateMonitor: invalid subId in handleSimStateChange()
08-25 14:41:35.100  2000  2000 W Looper  : Slow delivery took 542ms main h=android.os.Handler c=android.telephony.-$$Lambda$PhoneStateListener$IPhoneStateListenerStub$dUc3j82sK9P9Zpaq-91n9bk_Rpc@ed8afd5 m=0
08-25 14:41:35.100  2141  2141 V KeyguardUpdateMonitor: onSubscriptionInfoChanged()
08-25 14:41:35.104  2000  2000 I SyncManager: Loaded persisted syncs: 17 periodic syncs, 0 oneshot syncs, 28 total system server jobs, JobStats: FirstLoad: 61/19/17 LastSave: -1/-1/-1
08-25 14:41:35.107  2141  2141 V KeyguardUpdateMonitor: SubInfo:{id=1, iccId=89014103211118510720 simSlotIndex=0 carrierId=1 displayName=T-Mobile carrierName=Android nameSource=3 iconTint=-16746133 mNumber=+15555215554 dataRoaming=1 iconBitmap=android.graphics.Bitmap@14c86b8 mcc 310 mnc 260mCountryIso=us isEmbedded false accessRules null cardString=89014103211118510720 cardId=-1 isOpportunistic false mGroupUUID=null mIsGroupDisabled=false profileClass=-1 ehplmns = null hplmns = null subscriptionType=0 mGroupOwner=null}
08-25 14:41:35.109  2000  2033 I SystemServiceManager: Starting phase 1000
08-25 14:41:35.112  2000  2047 V DisplayPowerController: Brightness [102] reason changing to: 'manual', previous reason: 'override'.
08-25 14:41:35.115  2000  2033 D TestHarnessModeService: Completing Test Harness Mode setup.
08-25 14:41:35.115  2000  2033 D TestHarnessModeService: Getting PersistentDataBlockManagerInternal from LocalServices
08-25 14:41:35.115  2000  2033 E TestHarnessModeService: Failed to start Test Harness Mode; no implementation of PersistentDataBlockManagerInternal was bound!
08-25 14:41:35.115  2000  2101 D StorageManagerService: Thinking about init, mBootCompleted=true, mDaemonConnected=true
08-25 14:41:35.115  2000  2101 D StorageManagerService: Thinking about reset, mBootCompleted=true, mDaemonConnected=true
08-25 14:41:35.115  2296  2683 D IccSmsInterfaceManager: [IccSmsInterfaceManager] Failed to remove GSM cell broadcast channels range 4380 to 4380
08-25 14:41:35.115  2000  2033 D WifiService: Handle boot completed
08-25 14:41:35.115  2000  2039 I ActivityManager: Force stopping com.android.providers.media appid=10069 user=-1: vold reset
08-25 14:41:35.118  2000  2183 V StorageManagerService: Found primary storage at VolumeInfo{emulated}:
08-25 14:41:35.118  2000  2183 V StorageManagerService:     type=EMULATED diskId=null partGuid= mountFlags=0 mountUserId=-10000 
08-25 14:41:35.118  2000  2183 V StorageManagerService:     state=UNMOUNTED 
08-25 14:41:35.118  2000  2183 V StorageManagerService:     fsType=null fsUuid=null fsLabel=null 
08-25 14:41:35.118  2000  2183 V StorageManagerService:     path=null internalPath=null 
08-25 14:41:35.118  2000  2108 I WifiScoreCard: Installing MemoryStore
08-25 14:41:35.119  2000  2000 W Looper  : Drained
08-25 14:41:35.127  2141  2141 W KeyguardUpdateMonitor: invalid subId in handleServiceStateChange()
08-25 14:41:35.134  2296  2682 D IccSmsInterfaceManager: [IccSmsInterfaceManager] Failed to remove cdma broadcast channels range 4100 to 4100
08-25 14:41:35.144  2000  2033 D ActivityManager: Finishing user boot 0
08-25 14:41:35.144  2000  2033 I ActivityManager: User 0 state changed from BOOTING to RUNNING_LOCKED
08-25 14:41:35.148  2000  2033 D StorageManagerService: unlockUserKey: 0
08-25 14:41:35.149  2296  2682 D IccSmsInterfaceManager: [IccSmsInterfaceManager] Failed to remove GSM cell broadcast channels range 4393 to 4393
08-25 14:41:35.161  2000  2272 D SntpClient: round trip: 96ms, clock offset: 1316ms
08-25 14:41:35.162  1657  1663 D vold    : fscrypt_unlock_user_key 0 serial=0 token_present=0
08-25 14:41:35.165  1657  1663 D vold    : Skipping non-key .
08-25 14:41:35.165  1657  1663 D vold    : Skipping non-key ..
08-25 14:41:35.165  1657  1663 D vold    : Trying user CE key /data/misc/vold/user_keys/ce/0/current
08-25 14:41:35.186  2141  2141 I OpaEnabledReceiver: Dispatching OPA eligble = false; AGSA = true; OPA enabled = false
08-25 14:41:35.186  2141  2141 I OpaLayout: Setting opa enabled to false
08-25 14:41:35.187  2141  2141 I OpaLayout: Setting opa enabled to false
08-25 14:41:35.196  2781  2781 I bootstat: Service started: /system/bin/bootstat --record_boot_complete --record_boot_reason --record_time_since_factory_reset -l 
08-25 14:41:35.197  2781  2781 E bootstat: Failed to read /data/misc/bootstat/post_decrypt_time_elapsed: No such file or directory
08-25 14:41:35.197  2781  2781 E bootstat: Failed to parse boot time record: /data/misc/bootstat/post_decrypt_time_elapsed
08-25 14:41:35.207  1648  1648 I hwservicemanager: getTransport: Cannot find entry android.hardware.keymaster@4.0::IKeymasterDevice/default in either framework or device manifest.
08-25 14:41:35.215  1657  1663 I vold    : List of Keymaster HALs found:
08-25 14:41:35.215  1657  1663 I vold    : Keymaster HAL #1: SoftwareKeymasterDevice from Google SecurityLevel: SOFTWARE HAL: android.hardware.keymaster@3.0::IKeymasterDevice/default
08-25 14:41:35.215  1657  1663 I vold    : Using SoftwareKeymasterDevice from Google for encryption.  Security level: SOFTWARE, HAL: android.hardware.keymaster@3.0::IKeymasterDevice/default
08-25 14:41:35.216  1657  1663 D RefBase : RefBase: Explicit destruction, weak count = 0 (in 0xf395905c)
08-25 14:41:35.216  1657  1663 W RefBase : CallStack::getCurrentInternal not linked, returning null
08-25 14:41:35.216  1657  1663 W RefBase : CallStack::logStackInternal not linked
08-25 14:41:35.217  1657  1663 D vold    : Successfully retrieved key
08-25 14:41:35.220  2296  2683 D IccSmsInterfaceManager: [IccSmsInterfaceManager] Failed to remove GSM cell broadcast channels range 4381 to 4381
08-25 14:41:35.222  1657  1663 D vold    : Added key 154933640 (ext4:206435d6936b837c) to keyring 893781182 in process 1657
08-25 14:41:35.222  1657  1663 D vold    : Added key 856793196 (f2fs:206435d6936b837c) to keyring 893781182 in process 1657
08-25 14:41:35.222  1657  1663 D vold    : Added key 736510255 (fscrypt:206435d6936b837c) to keyring 893781182 in process 1657
08-25 14:41:35.222  1657  1663 D vold    : Installed ce key for user 0
08-25 14:41:35.222  2000  2033 D ActivityManager: Started unlocking user 0
08-25 14:41:35.222  2000  2033 D ActivityManager: Unlocking user 0 progress 0
08-25 14:41:35.222  2000  2033 D ActivityManager: Unlocking user 0 progress 5
08-25 14:41:35.223  2000  2000 W system_server: Long monitor contention with owner android.display (2033) at void com.android.server.am.ActivityManagerService.finishBooting()(ActivityManagerService.java:5269) waiters=0 in int com.android.server.am.ActivityManagerService.getPackageProcessState(java.lang.String, java.lang.String) for 103ms
08-25 14:41:35.226  2000  2000 W Looper  : Slow dispatch took 106ms main h=com.android.server.notification.NotificationManagerService$WorkerHandler c=com.android.server.notification.NotificationManagerService$EnqueueNotificationRunnable@fadda2 m=0
08-25 14:41:35.227  1657  1663 D vold    : fscrypt_prepare_user_storage for volume null, user 0, serial 0, flags 2
08-25 14:41:35.227  1657  1663 D vold    : Preparing: /data/system_ce/0
08-25 14:41:35.227  1657  1663 D vold    : Preparing: /data/misc_ce/0
08-25 14:41:35.227  1657  1663 D vold    : Preparing: /data/vendor_ce/0
08-25 14:41:35.228  1657  1663 D vold    : Preparing: /data/media/0
08-25 14:41:35.229  1657  1663 D vold    : Preparing: /data/data
08-25 14:41:35.230  1657  1663 I vold    : Found policy 206435d6936b837c at /data/system_ce/0 which matches expected value
08-25 14:41:35.231  2141  2141 V KeyguardUpdateMonitor: onSubscriptionInfoChanged()
08-25 14:41:35.231  2296  2683 D IccSmsInterfaceManager: [IccSmsInterfaceManager] Failed to remove GSM cell broadcast channels range 4394 to 4394
08-25 14:41:35.231  2000  2108 D WifiConfigStore: Reading from all stores completed in 112 ms.
08-25 14:41:35.233  2000  2033 D ColorDisplayService: setUp: currentUser=0
08-25 14:41:35.233  1657  1663 I vold    : Found policy 206435d6936b837c at /data/misc_ce/0 which matches expected value
08-25 14:41:35.233  2141  2141 V KeyguardUpdateMonitor: SubInfo:{id=1, iccId=89014103211118510720 simSlotIndex=0 carrierId=1 displayName=T-Mobile carrierName=Android nameSource=3 iconTint=-16746133 mNumber=+15555215554 dataRoaming=1 iconBitmap=android.graphics.Bitmap@42dd6c4 mcc 310 mnc 260mCountryIso=us isEmbedded false accessRules null cardString=89014103211118510720 cardId=-1 isOpportunistic false mGroupUUID=null mIsGroupDisabled=false profileClass=-1 ehplmns = null hplmns = null subscriptionType=0 mGroupOwner=null}
08-25 14:41:35.236  1657  1663 I vold    : Found policy 206435d6936b837c at /data/vendor_ce/0 which matches expected value
08-25 14:41:35.240  1657  1663 I vold    : Found policy 206435d6936b837c at /data/media/0 which matches expected value
08-25 14:41:35.241  1657  1663 I vold    : Found policy 206435d6936b837c at /data/data which matches expected value
08-25 14:41:35.241  1657  1663 D vold    : Starting restorecon of /data/system_ce/0
08-25 14:41:35.247  2000  2033 I WindowManager: Using new display size: 1440x3040
08-25 14:41:35.248  2000  2033 W InputReader: Device has associated, but no associated display id.
08-25 14:41:35.248  2000  2033 I chatty  : uid=1000(system) android.display identical 8 lines
08-25 14:41:35.248  2000  2033 W InputReader: Device has associated, but no associated display id.
08-25 14:41:35.249  2141  2141 I Choreographer: Skipped 79 frames!  The application may be doing too much work on its main thread.
08-25 14:41:35.250  2000  2108 D WifiNetworkFactory: Registering NetworkFactory
08-25 14:41:35.250  2000  2108 D UntrustedWifiNetworkFactory: Registering NetworkFactory
08-25 14:41:35.251  2000  2111 D ConnectivityService: Got NetworkFactory Messenger for WifiNetworkFactory
08-25 14:41:35.251  2000  2111 D ConnectivityService: Got NetworkFactory Messenger for UntrustedWifiNetworkFactory
08-25 14:41:35.251  2000  2108 D WifiNetworkFactory: got request NetworkRequest [ REQUEST id=7, [ Capabilities: INTERNET&NOT_RESTRICTED&TRUSTED&NOT_VPN] ] with score 10 and serial 2
08-25 14:41:35.252  2000  2108 D WifiConnectivityHelper: Firmware supported feature set: 19
08-25 14:41:35.252  2000  2108 D WifiConnectivityHelper: Firmware roaming is not supported
08-25 14:41:35.252  2000  2108 D WifiNetworkFactory: got request NetworkRequest [ BACKGROUND_REQUEST id=2, [ Transports: CELLULAR Capabilities: INTERNET&NOT_RESTRICTED&TRUSTED&NOT_VPN] ] with score 10 and serial 2
08-25 14:41:35.252  2000  2108 D WifiNetworkFactory: got request NetworkRequest [ TRACK_DEFAULT id=10, [ Capabilities: INTERNET&NOT_RESTRICTED&TRUSTED Uid: 1000] ] with score 10 and serial 2
08-25 14:41:35.252  2000  2108 D WifiNetworkFactory: got request NetworkRequest [ REQUEST id=1, [ Capabilities: INTERNET&NOT_RESTRICTED&TRUSTED&NOT_VPN] ] with score 10 and serial 2
08-25 14:41:35.252  2000  2108 D WifiNetworkFactory: got request NetworkRequest [ TRACK_DEFAULT id=13, [ Capabilities: INTERNET&NOT_RESTRICTED&TRUSTED Uid: 10108] ] with score 10 and serial 2
08-25 14:41:35.252  2000  2108 D UntrustedWifiNetworkFactory: got request NetworkRequest [ REQUEST id=7, [ Capabilities: INTERNET&NOT_RESTRICTED&TRUSTED&NOT_VPN] ] with score 10 and serial 2
08-25 14:41:35.252  2000  2108 D UntrustedWifiNetworkFactory: got request NetworkRequest [ BACKGROUND_REQUEST id=2, [ Transports: CELLULAR Capabilities: INTERNET&NOT_RESTRICTED&TRUSTED&NOT_VPN] ] with score 10 and serial 2
08-25 14:41:35.252  2000  2108 D UntrustedWifiNetworkFactory: got request NetworkRequest [ TRACK_DEFAULT id=10, [ Capabilities: INTERNET&NOT_RESTRICTED&TRUSTED Uid: 1000] ] with score 10 and serial 2
08-25 14:41:35.252  2000  2108 D UntrustedWifiNetworkFactory: got request NetworkRequest [ REQUEST id=1, [ Capabilities: INTERNET&NOT_RESTRICTED&TRUSTED&NOT_VPN] ] with score 10 and serial 2
08-25 14:41:35.252  2000  2108 D UntrustedWifiNetworkFactory: got request NetworkRequest [ TRACK_DEFAULT id=13, [ Capabilities: INTERNET&NOT_RESTRICTED&TRUSTED Uid: 10108] ] with score 10 and serial 2
08-25 14:41:35.256  1782  2436 D PermissionCache: checking android.permission.READ_FRAME_BUFFER for uid=1000 => granted (185 us)
08-25 14:41:35.257  1762  2455 D gralloc_ranchu: gralloc_alloc: Creating ashmem region of size 17514496
08-25 14:41:35.281  2141  2548 D EGL_emulation: eglMakeCurrent: 0xebb6ae80: ver 2 0 (tinfo 0xc6ca4a50)
08-25 14:41:35.289  1648  1648 I hwservicemanager: getTransport: Cannot find entry android.hardware.graphics.mapper@3.0::IMapper/default in either framework or device manifest.
08-25 14:41:35.290  2000  2033 W Gralloc3: mapper 3.x is not supported
08-25 14:41:35.292  1744  1744 D Zygote  : Forked child process 2787
08-25 14:41:35.300  2000  2033 D HostConnection: createUnique: call
08-25 14:41:35.301  2000  2033 D HostConnection: HostConnection::get() New Host Connection established 0xbab63c70, tid 2033
08-25 14:41:35.301  2000  2033 D HostConnection: HostComposition ext ANDROID_EMU_CHECKSUM_HELPER_v1 ANDROID_EMU_dma_v1 ANDROID_EMU_direct_mem ANDROID_EMU_host_composition_v1 ANDROID_EMU_host_composition_v2 ANDROID_EMU_vulkan ANDROID_EMU_deferred_vulkan_commands ANDROID_EMU_vulkan_null_optional_strings ANDROID_EMU_vulkan_create_resources_with_requirements ANDROID_EMU_YUV_Cache ANDROID_EMU_vulkan_ignored_handles ANDROID_EMU_vulkan_free_memory_sync ANDROID_EMU_vulkan_shader_float16_int8 ANDROID_EMU_vulkan_async_queue_submit ANDROID_EMU_sync_buffer_data GL_OES_vertex_array_object GL_KHR_texture_compression_astc_ldr ANDROID_EMU_host_side_tracing ANDROID_EMU_gles_max_version_2 
08-25 14:41:35.302  2000  2033 D eglCodecCommon: allocate: Ask for block of size 0x1000
08-25 14:41:35.302  2000  2033 D eglCodecCommon: allocate: ioctl allocate returned offset 0x3ffff8000 size 0x2000
08-25 14:41:35.306  2296  2682 D IccSmsInterfaceManager: [IccSmsInterfaceManager] Failed to remove GSM cell broadcast channels range 4382 to 4382
08-25 14:41:35.308  2296  2682 D IccSmsInterfaceManager: [IccSmsInterfaceManager] Failed to remove GSM cell broadcast channels range 4395 to 4395
08-25 14:41:35.313  2000  2033 W InputReader: Device has associated, but no associated display id.
08-25 14:41:35.315  2000  2033 I ActivityTaskManager: Config changes=400 {1.0 310mcc260mnc [en_US] ldltr sw480dp w480dp h937dp 480dpi lrg long port finger qwerty/v/v dpad/v winConfig={ mBounds=Rect(0, 0 - 1440, 3040) mAppBounds=Rect(0, 0 - 1440, 2896) mWindowingMode=fullscreen mDisplayWindowingMode=fullscreen mActivityType=undefined mAlwaysOnTop=undefined mRotation=ROTATION_0} s.17}
08-25 14:41:35.313  2000  2033 I chatty  : uid=1000(system) android.display identical 8 lines
08-25 14:41:35.313  2000  2033 W InputReader: Device has associated, but no associated display id.
08-25 14:41:35.325  1762  2455 D gralloc_ranchu: gralloc_alloc: Creating ashmem region of size 487424
08-25 14:41:35.326  2000  2040 W ActivityManager: Slow operation: 88ms so far, now at startProcess: returned from zygote!
08-25 14:41:35.326  2000  2040 W ActivityManager: Slow operation: 89ms so far, now at startProcess: done updating battery stats
08-25 14:41:35.327  2000  2040 W ActivityManager: Slow operation: 89ms so far, now at startProcess: building log message
08-25 14:41:35.327  2000  2040 I ActivityManager: Start proc 2787:com.google.android.deskclock/u0a131 for broadcast {com.google.android.deskclock/com.android.deskclock.AlarmInitReceiver}
08-25 14:41:35.327  2000  2040 W ActivityManager: Slow operation: 89ms so far, now at startProcess: starting to update pids map
08-25 14:41:35.333  2000  2033 I ActivityTaskManager: Override config changes=400 {1.0 310mcc260mnc [en_US] ldltr sw480dp w480dp h937dp 480dpi lrg long port finger qwerty/v/v dpad/v winConfig={ mBounds=Rect(0, 0 - 1440, 3040) mAppBounds=Rect(0, 0 - 1440, 2896) mWindowingMode=fullscreen mDisplayWindowingMode=fullscreen mActivityType=undefined mAlwaysOnTop=undefined mRotation=ROTATION_0} s.17} for displayId=0
08-25 14:41:35.345  2787  2787 W droid.deskcloc: Unexpected CPU variant for X86 using defaults: x86
08-25 14:41:35.353  2141  2548 I OpenGLRenderer: Davey! duration=1427ms; Flags=0, IntendedVsync=20515488849, Vsync=21832155463, OldestInputEvent=9223372036854775807, NewestInputEvent=0, HandleInputStart=21844936600, AnimationStart=21845027800, PerformTraversalsStart=21845818100, DrawStart=21873256700, SyncQueued=21873803600, SyncStart=21878914100, IssueDrawCommandsStart=21880556600, SwapBuffers=21918597900, FrameCompleted=21947861900, DequeueBufferDuration=5078000, QueueBufferDuration=766000, 
08-25 14:41:35.356  2296  2682 D IccSmsInterfaceManager: [IccSmsInterfaceManager] Calling setGsmBroadcastConfig with 1 configurations
08-25 14:41:35.358  2000  2040 W ActivityManager: Slow operation: 120ms so far, now at startProcess: done updating pids map
08-25 14:41:35.358  2296  2682 D IccSmsInterfaceManager: [IccSmsInterfaceManager] Failed to add GSM cell broadcast channels range 4352 to 4354
08-25 14:41:35.360  2479  2479 E putmethod.lati: Invalid ID 0x00000000.
08-25 14:41:35.361  2479  2479 I ShortcutsDataManager: startImportContentTask()
08-25 14:41:35.361  2479  2479 I ShortcutsDataManager: onImportAborted()
08-25 14:41:35.371  2296  2683 D IccSmsInterfaceManager: [IccSmsInterfaceManager] Calling setGsmBroadcastConfig with 1 configurations
08-25 14:41:35.372  2479  2479 I DeviceStatusMonitor: onReceive() : Action = android.intent.action.CONFIGURATION_CHANGED
08-25 14:41:35.372  2479  2479 I ConfigNotification: Get device mode by ui mode:1 and smallestScreenWidthDp:480
08-25 14:41:35.373  2296  2683 D IccSmsInterfaceManager: [IccSmsInterfaceManager] Failed to add GSM cell broadcast channels range 4356 to 4356
08-25 14:41:35.372  2479  2479 I ConfigNotification: Get device mode by ui mode:1 and smallestScreenWidthDp:480
08-25 14:41:35.380  1657  1663 D vold    : Finished restorecon of /data/system_ce/0
08-25 14:41:35.380  1657  1663 D vold    : Starting restorecon of /data/vendor_ce/0
08-25 14:41:35.387  1762  2455 D gralloc_ranchu: gralloc_alloc: Creating ashmem region of size 36864
08-25 14:41:35.394  2296  2682 D IccSmsInterfaceManager: [IccSmsInterfaceManager] Failed to remove GSM cell broadcast channels range 4355 to 4355
08-25 14:41:35.403  1762  2455 D gralloc_ranchu: gralloc_alloc: Creating ashmem region of size 36864
08-25 14:41:35.410  1762  2455 D gralloc_ranchu: gralloc_alloc: Creating ashmem region of size 36864
08-25 14:41:35.415  2240  2731 D NetworkMonitor/100: PROBE_HTTPS https://www.google.com/generate_204 time=448ms ret=204 request={Connection=[close], User-Agent=[Mozilla/5.0 (X11; Linux x86_64) AppleWebKit/537.36 (KHTML, like Gecko) Chrome/60.0.3112.32 Safari/537.36]} headers={null=[HTTP/1.1 204 No Content], Alt-Svc=[h3=":443"; ma=2592000,h3-29=":443"; ma=2592000,h3-Q050=":443"; ma=2592000,h3-Q046=":443"; ma=2592000,h3-Q043=":443"; ma=2592000,quic=":443"; ma=2592000; v="46,43"], Connection=[close], Content-Length=[0], Cross-Origin-Resource-Policy=[cross-origin], Date=[Thu, 25 Aug 2022 09:11:36 GMT], X-Android-Received-Millis=[1661418695413], X-Android-Response-Source=[NETWORK 204], X-Android-Selected-Protocol=[http/1.1], X-Android-Sent-Millis=[1661418695397]}
08-25 14:41:35.424  1762  2455 D gralloc_ranchu: gralloc_alloc: Creating ashmem region of size 36864
08-25 14:41:35.430  1657  1663 D vold    : Finished restorecon of /data/vendor_ce/0
08-25 14:41:35.430  1657  1663 D vold    : Starting restorecon of /data/misc_ce/0
08-25 14:41:35.441  1762  2455 I chatty  : uid=1000(system) HwBinder:1762_2 identical 1 line
08-25 14:41:35.450  1762  2455 D gralloc_ranchu: gralloc_alloc: Creating ashmem region of size 36864
08-25 14:41:35.454  2296  2683 D IccSmsInterfaceManager: [IccSmsInterfaceManager] Calling setGsmBroadcastConfig with 1 configurations
08-25 14:41:35.456  2141  2548 D EGL_emulation: eglMakeCurrent: 0xebb6ae80: ver 2 0 (tinfo 0xc6ca4a50)
08-25 14:41:35.464  2240  2728 D NetworkMonitor/100: isCaptivePortal: isSuccessful()=true isPortal()=false RedirectUrl=null isPartialConnectivity()=false Time=828ms
08-25 14:41:35.467  2000  2111 D ConnectivityService: NetworkAgentInfo [MOBILE (LTE) - 100] validation passed
08-25 14:41:35.480  2296  2683 D IccSmsInterfaceManager: [IccSmsInterfaceManager] Failed to add GSM cell broadcast channels range 4396 to 4396
08-25 14:41:35.484  2141  2548 I OpenGLRenderer: Davey! duration=1558ms; Flags=1, IntendedVsync=20515488849, Vsync=21832155463, OldestInputEvent=9223372036854775807, NewestInputEvent=0, HandleInputStart=21844936600, AnimationStart=21845027800, PerformTraversalsStart=21845818100, DrawStart=21981167500, SyncQueued=22048301600, SyncStart=22054421300, IssueDrawCommandsStart=22055432700, SwapBuffers=22071894000, FrameCompleted=22079784700, DequeueBufferDuration=90000, QueueBufferDuration=514000, 
08-25 14:41:35.489  2296  2683 D IccSmsInterfaceManager: [IccSmsInterfaceManager] Calling setGsmBroadcastConfig with 1 configurations
08-25 14:41:35.490  2296  2683 D IccSmsInterfaceManager: [IccSmsInterfaceManager] Failed to add GSM cell broadcast channels range 4397 to 4397
08-25 14:41:35.490  2000  2111 D ConnectivityService: Setting DNS servers for network 100 to [/10.0.2.3]
08-25 14:41:35.491  2000  2111 D DnsManager: setDnsConfigurationForNetwork(100, [10.0.2.3], [], 1800, 25, 8, 64, 0, 0, , [10.0.2.3])
08-25 14:41:35.491  1743  1965 I netd    : DnsResolverService::setResolverConfiguration(100, [10.0.2.3], [], 1800, 25, 8, 64, 0, 0, [10.0.2.3], []) -> (0) (0.1ms)
08-25 14:41:35.491  1743  1965 I netd    : setResolverConfiguration() <0.44ms>
08-25 14:41:35.494  2787  2787 D ApplicationLoaders: Returning zygote-cached class loader: /system/framework/android.hidl.base-V1.0-java.jar
08-25 14:41:35.494  2787  2787 D ApplicationLoaders: Returning zygote-cached class loader: /system/framework/android.hidl.manager-V1.0-java.jar
08-25 14:41:35.494  2787  2787 D ApplicationLoaders: Returning zygote-cached class loader: /system/framework/android.hidl.base-V1.0-java.jar
08-25 14:41:35.500  2141  2141 E ndroid.systemu: Invalid ID 0x00000000.
08-25 14:41:35.505  2141  2141 V KeyguardUpdateMonitor: onSubscriptionInfoChanged()
08-25 14:41:35.513  2141  2141 V KeyguardUpdateMonitor: SubInfo:{id=1, iccId=89014103211118510720 simSlotIndex=0 carrierId=1 displayName=T-Mobile carrierName=Android nameSource=3 iconTint=-16746133 mNumber=+15555215554 dataRoaming=1 iconBitmap=android.graphics.Bitmap@8adc833 mcc 310 mnc 260mCountryIso=us isEmbedded false accessRules null cardString=89014103211118510720 cardId=-1 isOpportunistic false mGroupUUID=null mIsGroupDisabled=false profileClass=-1 ehplmns = null hplmns = null subscriptionType=0 mGroupOwner=null}
08-25 14:41:35.516  1657  1663 D vold    : Finished restorecon of /data/misc_ce/0
08-25 14:41:35.516  1657  1663 D vold    : /system/bin/vold_prepare_subdirs
08-25 14:41:35.516  1657  1663 D vold    :     prepare
08-25 14:41:35.516  1657  1663 D vold    :     
08-25 14:41:35.516  1657  1663 D vold    :     0
08-25 14:41:35.516  1657  1663 D vold    :     2
08-25 14:41:35.517  1657  1657 W vold    : Failed to open /proc/2781/fd: No such file or directory
08-25 14:41:35.523  2296  2324 D IccSmsInterfaceManager: [IccSmsInterfaceManager] Failed to remove GSM cell broadcast channels range 4398 to 4398
08-25 14:41:35.527  2296  2324 D IccSmsInterfaceManager: [IccSmsInterfaceManager] Failed to remove GSM cell broadcast channels range 4399 to 4399
08-25 14:41:35.535  2787  2787 I droid.deskcloc: The ClassLoaderContext is a special shared library.
08-25 14:41:35.536  2813  2813 D vold_prepare_subdirs: Setting up mode 700 uid 0 gid 0 context u:object_r:vold_data_file:s0 on path: /data/misc_ce/0/vold
08-25 14:41:35.537  2813  2813 D vold_prepare_subdirs: Setting up mode 700 uid 0 gid 0 context u:object_r:storaged_data_file:s0 on path: /data/misc_ce/0/storaged
08-25 14:41:35.538  2813  2813 D vold_prepare_subdirs: Setting up mode 700 uid 0 gid 0 context u:object_r:rollback_data_file:s0 on path: /data/misc_ce/0/rollback
08-25 14:41:35.539  2813  2813 D vold_prepare_subdirs: Setting up mode 700 uid 1000 gid 1000 context u:object_r:backup_data_file:s0 on path: /data/system_ce/0/backup
08-25 14:41:35.539  2813  2813 D vold_prepare_subdirs: Setting up mode 700 uid 1000 gid 1000 context u:object_r:backup_data_file:s0 on path: /data/system_ce/0/backup_stage
08-25 14:41:35.540  2813  2813 D vold_prepare_subdirs: Setting up mode 700 uid 1000 gid 1000 context u:object_r:face_vendor_data_file:s0 on path: /data/vendor_ce/0/facedata
08-25 14:41:35.542  2141  2141 V KeyguardUpdateMonitor: onSubscriptionInfoChanged()
08-25 14:41:35.543  2000  2030 V UserDataPreparer: Found /data/user/0 with serial number 0
08-25 14:41:35.544  2000  2030 V UserDataPreparer: Found /data/system_ce/0 with serial number 0
08-25 14:41:35.546  2000  2030 D UserDataPreparer: Setting property: sys.user.0.ce_available=true
08-25 14:41:35.546  2141  2141 V KeyguardUpdateMonitor: SubInfo:{id=1, iccId=89014103211118510720 simSlotIndex=0 carrierId=1 displayName=T-Mobile carrierName=Android nameSource=3 iconTint=-16746133 mNumber=+15555215554 dataRoaming=1 iconBitmap=android.graphics.Bitmap@3d7e169 mcc 310 mnc 260mCountryIso=us isEmbedded false accessRules null cardString=89014103211118510720 cardId=-1 isOpportunistic false mGroupUUID=null mIsGroupDisabled=false profileClass=-1 ehplmns = null hplmns = null subscriptionType=0 mGroupOwner=null}
08-25 14:41:35.549  2000  2030 V PackageManager: reconcileAppsData for null u0 0x2 migrateAppData=false
08-25 14:41:35.568  2591  2678 D CellBroadcastConfigService: Enable CellBroadcast on sub 1
08-25 14:41:35.570  2141  2141 V KeyguardUpdateMonitor: onSubscriptionInfoChanged()
08-25 14:41:35.573  2141  2141 V KeyguardUpdateMonitor: SubInfo:{id=1, iccId=89014103211118510720 simSlotIndex=0 carrierId=1 displayName=T-Mobile carrierName=Android nameSource=3 iconTint=-16746133 mNumber=+15555215554 dataRoaming=1 iconBitmap=android.graphics.Bitmap@9cf27ee mcc 310 mnc 260mCountryIso=us isEmbedded false accessRules null cardString=89014103211118510720 cardId=-1 isOpportunistic false mGroupUUID=null mIsGroupDisabled=false profileClass=-1 ehplmns = null hplmns = null subscriptionType=0 mGroupOwner=null}
08-25 14:41:35.582  2141  2141 V KeyguardUpdateMonitor: onSubscriptionInfoChanged()
08-25 14:41:35.584  2296  2324 D IccSmsInterfaceManager: [IccSmsInterfaceManager] Calling setGsmBroadcastConfig with 1 configurations
08-25 14:41:35.589  2296  2324 D IccSmsInterfaceManager: [IccSmsInterfaceManager] Failed to add GSM cell broadcast channels range 4370 to 4370
08-25 14:41:35.593  2141  2141 V KeyguardUpdateMonitor: SubInfo:{id=1, iccId=89014103211118510720 simSlotIndex=0 carrierId=1 displayName=T-Mobile carrierName=Android nameSource=3 iconTint=-16746133 mNumber=+15555215554 dataRoaming=1 iconBitmap=android.graphics.Bitmap@b72b48f mcc 310 mnc 260mCountryIso=us isEmbedded false accessRules null cardString=89014103211118510720 cardId=-1 isOpportunistic false mGroupUUID=null mIsGroupDisabled=false profileClass=-1 ehplmns = null hplmns = null subscriptionType=0 mGroupOwner=null}
08-25 14:41:35.595  2296  2324 D IccSmsInterfaceManager: [IccSmsInterfaceManager] Calling setCdmaBroadcastConfig with 1 configurations
08-25 14:41:35.596  2296  2324 D IccSmsInterfaceManager: [IccSmsInterfaceManager] Failed to add cdma broadcast channels range 4096 to 4096
08-25 14:41:35.602  2296  2587 D IccSmsInterfaceManager: [IccSmsInterfaceManager] Calling setGsmBroadcastConfig with 1 configurations
08-25 14:41:35.608  2296  2587 D IccSmsInterfaceManager: [IccSmsInterfaceManager] Failed to add GSM cell broadcast channels range 4383 to 4383
08-25 14:41:35.608  2141  2141 V KeyguardUpdateMonitor: onSubscriptionInfoChanged()
08-25 14:41:35.614  2141  2141 V KeyguardUpdateMonitor: SubInfo:{id=1, iccId=89014103211118510720 simSlotIndex=0 carrierId=1 displayName=T-Mobile carrierName=Android nameSource=3 iconTint=-16746133 mNumber=+15555215554 dataRoaming=1 iconBitmap=android.graphics.Bitmap@874a31c mcc 310 mnc 260mCountryIso=us isEmbedded false accessRules null cardString=89014103211118510720 cardId=-1 isOpportunistic false mGroupUUID=null mIsGroupDisabled=false profileClass=-1 ehplmns = null hplmns = null subscriptionType=0 mGroupOwner=null}
08-25 14:41:35.618  2141  2141 D KeyguardUpdateMonitor: handleSimStateChange(subId=1, slotId=0, state=READY)
08-25 14:41:35.618  2141  2141 V KeyguardUpdateMonitor: onSubscriptionInfoChanged()
08-25 14:41:35.632  2141  2141 V KeyguardUpdateMonitor: SubInfo:{id=1, iccId=89014103211118510720 simSlotIndex=0 carrierId=1 displayName=T-Mobile carrierName=Android nameSource=3 iconTint=-16746133 mNumber=+15555215554 dataRoaming=1 iconBitmap=android.graphics.Bitmap@7042b25 mcc 310 mnc 260mCountryIso=us isEmbedded false accessRules null cardString=89014103211118510720 cardId=-1 isOpportunistic false mGroupUUID=null mIsGroupDisabled=false profileClass=-1 ehplmns = null hplmns = null subscriptionType=0 mGroupOwner=null}
08-25 14:41:35.645  2296  2587 D IccSmsInterfaceManager: [IccSmsInterfaceManager] Calling setGsmBroadcastConfig with 1 configurations
08-25 14:41:35.657  2141  2141 V KeyguardUpdateMonitor: onSubscriptionInfoChanged()
08-25 14:41:35.660  2296  2587 D IccSmsInterfaceManager: [IccSmsInterfaceManager] Failed to add GSM cell broadcast channels range 4371 to 4372
08-25 14:41:35.664  2296  2587 D IccSmsInterfaceManager: [IccSmsInterfaceManager] Calling setCdmaBroadcastConfig with 1 configurations
08-25 14:41:35.666  2141  2141 V KeyguardUpdateMonitor: SubInfo:{id=1, iccId=89014103211118510720 simSlotIndex=0 carrierId=1 displayName=T-Mobile carrierName=Android nameSource=3 iconTint=-16746133 mNumber=+15555215554 dataRoaming=1 iconBitmap=android.graphics.Bitmap@589d4fa mcc 310 mnc 260mCountryIso=us isEmbedded false accessRules null cardString=89014103211118510720 cardId=-1 isOpportunistic false mGroupUUID=null mIsGroupDisabled=false profileClass=-1 ehplmns = null hplmns = null subscriptionType=0 mGroupOwner=null}
08-25 14:41:35.668  2296  2587 D IccSmsInterfaceManager: [IccSmsInterfaceManager] Failed to add cdma broadcast channels range 4097 to 4097
08-25 14:41:35.678  2296  2587 D IccSmsInterfaceManager: [IccSmsInterfaceManager] Calling setGsmBroadcastConfig with 1 configurations
08-25 14:41:35.681  2296  2587 D IccSmsInterfaceManager: [IccSmsInterfaceManager] Failed to add GSM cell broadcast channels range 4384 to 4385
08-25 14:41:35.696  2141  2141 V KeyguardUpdateMonitor: onSubscriptionInfoChanged()
08-25 14:41:35.698  2141  2141 V KeyguardUpdateMonitor: SubInfo:{id=1, iccId=89014103211118510720 simSlotIndex=0 carrierId=1 displayName=T-Mobile carrierName=Android nameSource=3 iconTint=-16746133 mNumber=+15555215554 dataRoaming=1 iconBitmap=android.graphics.Bitmap@df00aab mcc 310 mnc 260mCountryIso=us isEmbedded false accessRules null cardString=89014103211118510720 cardId=-1 isOpportunistic false mGroupUUID=null mIsGroupDisabled=false profileClass=-1 ehplmns = null hplmns = null subscriptionType=0 mGroupOwner=null}
08-25 14:41:35.710  2296  2324 D IccSmsInterfaceManager: [IccSmsInterfaceManager] Calling setGsmBroadcastConfig with 1 configurations
08-25 14:41:35.713  2296  2324 D IccSmsInterfaceManager: [IccSmsInterfaceManager] Failed to add GSM cell broadcast channels range 4373 to 4378
08-25 14:41:35.714  2787  2787 W PrimesInit: Primes instant initialization
08-25 14:41:35.714  2296  2324 D IccSmsInterfaceManager: [IccSmsInterfaceManager] Calling setCdmaBroadcastConfig with 1 configurations
08-25 14:41:35.715  2787  2826 W Primes  : background initialization
08-25 14:41:35.716  2296  2324 D IccSmsInterfaceManager: [IccSmsInterfaceManager] Failed to add cdma broadcast channels range 4098 to 4098
08-25 14:41:35.716  2141  2141 W System  : ClassLoader referenced unknown path: 
08-25 14:41:35.717  2787  2787 I GAv4    : Google Analytics 11.0.11 is starting up. To enable debug logging on a device run:
08-25 14:41:35.717  2787  2787 I GAv4    :   adb shell setprop log.tag.GAv4 DEBUG
08-25 14:41:35.717  2787  2787 I GAv4    :   adb logcat -s GAv4
08-25 14:41:35.725  2296  2324 D IccSmsInterfaceManager: [IccSmsInterfaceManager] Calling setGsmBroadcastConfig with 1 configurations
08-25 14:41:35.729  2787  2826 E ActivityThread: Failed to find provider info for com.google.android.gsf.gservices
08-25 14:41:35.730  2296  2324 D IccSmsInterfaceManager: [IccSmsInterfaceManager] Failed to add GSM cell broadcast channels range 4386 to 4391
08-25 14:41:35.734  2787  2826 W Primes  : Primes failed to initialized in the background
08-25 14:41:35.734  2787  2826 W Primes  : java.lang.IllegalStateException: SharedPreferences in credential encrypted storage are not available until after user is unlocked
08-25 14:41:35.734  2787  2826 W Primes  : 	at android.app.ContextImpl.getSharedPreferences(ContextImpl.java:458)
08-25 14:41:35.734  2787  2826 W Primes  : 	at android.app.ContextImpl.getSharedPreferences(ContextImpl.java:443)
08-25 14:41:35.734  2787  2826 W Primes  : 	at android.content.ContextWrapper.getSharedPreferences(ContextWrapper.java:178)
08-25 14:41:35.734  2787  2826 W Primes  : 	at csh.a(PG:4)
08-25 14:41:35.734  2787  2826 W Primes  : 	at csa.run(PG:18)
08-25 14:41:35.734  2787  2826 W Primes  : 	at crz.run(PG:4)
08-25 14:41:35.734  2787  2826 W Primes  : 	at java.util.concurrent.Executors$RunnableAdapter.call(Executors.java:462)
08-25 14:41:35.734  2787  2826 W Primes  : 	at java.util.concurrent.FutureTask.run(FutureTask.java:266)
08-25 14:41:35.734  2787  2826 W Primes  : 	at java.util.concurrent.ThreadPoolExecutor.runWorker(ThreadPoolExecutor.java:1167)
08-25 14:41:35.734  2787  2826 W Primes  : 	at java.util.concurrent.ThreadPoolExecutor$Worker.run(ThreadPoolExecutor.java:641)
08-25 14:41:35.734  2787  2826 W Primes  : 	at csx.run(PG:5)
08-25 14:41:35.734  2787  2826 W Primes  : 	at java.lang.Thread.run(Thread.java:919)
08-25 14:41:35.740  1657  1657 D vold    : Recognized experimental block major ID 253 as virtio-blk (emulator's virtual SD card device)
08-25 14:41:35.740  1657  1657 D vold    : /system/bin/sgdisk
08-25 14:41:35.740  1657  1657 D vold    :     --android-dump
08-25 14:41:35.740  1657  1657 D vold    :     /dev/block/vold/disk:253,80
08-25 14:41:35.749  2787  2787 I AlarmClock: AlarmInitReceiver android.intent.action.LOCKED_BOOT_COMPLETED
08-25 14:41:35.757  2141  2548 D EGL_emulation: eglMakeCurrent: 0xebb6ae80: ver 2 0 (tinfo 0xc6ca4a50)
08-25 14:41:35.759  1762  2455 D gralloc_ranchu: gralloc_alloc: Creating ashmem region of size 831488
08-25 14:41:35.760  1657  1657 D vold    : DISK mbr
08-25 14:41:35.760  1657  1657 D vold    : 
08-25 14:41:35.760  1657  1657 W vold    : disk:253,80 has unknown partition table; trying entire device
08-25 14:41:35.760  1657  1657 D vold    : /system/bin/blkid
08-25 14:41:35.760  1657  1657 D vold    :     -c
08-25 14:41:35.760  1657  1657 D vold    :     /dev/null
08-25 14:41:35.760  1657  1657 D vold    :     -s
08-25 14:41:35.760  1657  1657 D vold    :     TYPE
08-25 14:41:35.760  1657  1657 D vold    :     -s
08-25 14:41:35.760  1657  1657 D vold    :     UUID
08-25 14:41:35.761  1657  1657 D vold    :     -s
08-25 14:41:35.761  1657  1657 D vold    :     LABEL
08-25 14:41:35.761  1657  1657 D vold    :     /dev/block/vold/disk:253,80
08-25 14:41:35.776  2141  2548 D EGL_emulation: eglMakeCurrent: 0xebb6ae80: ver 2 0 (tinfo 0xc6ca4a50)
08-25 14:41:35.783  2296  2324 D IccSmsInterfaceManager: [IccSmsInterfaceManager] Calling setGsmBroadcastConfig with 1 configurations
08-25 14:41:35.791  1762  2455 D gralloc_ranchu: gralloc_alloc: Creating ashmem region of size 831488
08-25 14:41:35.791  2296  2324 D IccSmsInterfaceManager: [IccSmsInterfaceManager] Failed to add GSM cell broadcast channels range 4379 to 4379
08-25 14:41:35.798  1657  1657 D vold    : /dev/block/vold/disk:253,80: LABEL="SDCARD" UUID="1001-2F16" TYPE="vfat" 
08-25 14:41:35.798  1657  1657 D vold    : 
08-25 14:41:35.798  2296  2324 D IccSmsInterfaceManager: [IccSmsInterfaceManager] Calling setCdmaBroadcastConfig with 1 configurations
08-25 14:41:35.799  2296  2324 D IccSmsInterfaceManager: [IccSmsInterfaceManager] Failed to add cdma broadcast channels range 4099 to 4099
08-25 14:41:35.800  2141  2548 D EGL_emulation: eglMakeCurrent: 0xebb6ae80: ver 2 0 (tinfo 0xc6ca4a50)
08-25 14:41:35.800  1657  1657 D vold    : Waiting for FUSE to spin up...
08-25 14:41:35.802  2296  2324 D IccSmsInterfaceManager: [IccSmsInterfaceManager] Calling setGsmBroadcastConfig with 1 configurations
08-25 14:41:35.803  2296  2324 D IccSmsInterfaceManager: [IccSmsInterfaceManager] Failed to add GSM cell broadcast channels range 4392 to 4392
08-25 14:41:35.813  2833  2833 W sdcard  : Device explicitly enabled sdcardfs
08-25 14:41:35.815  1838  2087 W cutils  : Expected path /data/data/com.google.android.gms with mode 700 but found 711
08-25 14:41:35.854  1657  1657 D vold    : Waiting for FUSE to spin up...
08-25 14:41:35.858  2296  2324 D IccSmsInterfaceManager: [IccSmsInterfaceManager] Failed to remove GSM cell broadcast channels range 4380 to 4380
08-25 14:41:35.868  2296  2324 D IccSmsInterfaceManager: [IccSmsInterfaceManager] Failed to remove cdma broadcast channels range 4100 to 4100
08-25 14:41:35.877  2296  2587 D IccSmsInterfaceManager: [IccSmsInterfaceManager] Failed to remove GSM cell broadcast channels range 4393 to 4393
08-25 14:41:35.896  2296  2587 D IccSmsInterfaceManager: [IccSmsInterfaceManager] Failed to remove GSM cell broadcast channels range 4381 to 4381
08-25 14:41:35.898  2000  2030 V PackageManager: reconcileAppsData finished 178 packages
08-25 14:41:35.898  2000  2030 I ActivityManager: User 0 state changed from RUNNING_LOCKED to RUNNING_UNLOCKING
08-25 14:41:35.899  2000  2030 D ActivityManager: Unlocking user 0 progress 20
08-25 14:41:35.901  2000  2039 I SystemServiceManager: Calling onUnlockUser u0
08-25 14:41:35.903  2296  2587 D IccSmsInterfaceManager: [IccSmsInterfaceManager] Failed to remove GSM cell broadcast channels range 4394 to 4394
08-25 14:41:35.904  2000  2030 W Looper  : Slow dispatch took 678ms android.fg h=android.os.Handler c=com.android.server.am.-$$Lambda$UserController$stQk1028ON105v_u-VMykVjcxLk@e186d5e m=0
08-25 14:41:35.904  2000  2030 W Looper  : Slow delivery took 681ms android.fg h=android.os.Handler c=com.android.server.am.-$$Lambda$UserController$G0WJmqt4X_QG30fRlvXobn18mrE@f277e0c m=0
08-25 14:41:35.907  1657  1657 D vold    : /system/bin/blkid
08-25 14:41:35.907  1657  1657 D vold    :     -c
08-25 14:41:35.907  1657  1657 D vold    :     /dev/null
08-25 14:41:35.907  1657  1657 D vold    :     -s
08-25 14:41:35.907  1657  1657 D vold    :     TYPE
08-25 14:41:35.907  1657  1657 D vold    :     -s
08-25 14:41:35.907  1657  1657 D vold    :     UUID
08-25 14:41:35.907  1657  1657 D vold    :     -s
08-25 14:41:35.907  1657  1657 D vold    :     LABEL
08-25 14:41:35.907  1657  1657 D vold    :     /dev/block/vold/public:253,80
08-25 14:41:35.920  2000  2030 I GnssNetworkConnectivityHandler: updateNetworkState, state=CLOSED, connected=true, network=100, capabilities=[ Transports: CELLULAR Capabilities: MMS&SUPL&DUN&FOTA&IMS&CBS&INTERNET&NOT_RESTRICTED&TRUSTED&NOT_VPN&VALIDATED&NOT_ROAMING&FOREGROUND&NOT_CONGESTED&NOT_SUSPENDED LinkUpBandwidth>=51200Kbps LinkDnBandwidth>=102400Kbps Specifier: <1>], apn: epc.tmobile.com, availableNetworkCount: 1
08-25 14:41:35.932  1657  1657 D vold    : /dev/block/vold/public:253,80: LABEL="SDCARD" UUID="1001-2F16" TYPE="vfat" 
08-25 14:41:35.932  1657  1657 D vold    : 
08-25 14:41:35.932  1838  2087 D installd: Found quota mount /dev/block/vdc at /data
08-25 14:41:35.932  1838  2087 D installd: Found storage mount /data/media at /mnt/runtime/default/emulated
08-25 14:41:35.933  1657  1657 D vold    : /system/bin/fsck_msdos
08-25 14:41:35.933  1657  1657 D vold    :     -p
08-25 14:41:35.933  1657  1657 D vold    :     -f
08-25 14:41:35.933  1657  1657 D vold    :     -y
08-25 14:41:35.933  1657  1657 D vold    :     /dev/block/vold/public:253,80
08-25 14:41:35.951  2000  2039 D StorageManagerService: onUnlockUser 0
08-25 14:41:35.971  2296  2587 D IccSmsInterfaceManager: [IccSmsInterfaceManager] Failed to remove GSM cell broadcast channels range 4382 to 4382
08-25 14:41:35.982  2296  2587 D IccSmsInterfaceManager: [IccSmsInterfaceManager] Failed to remove GSM cell broadcast channels range 4395 to 4395
08-25 14:41:35.990  2000  2034 I WindowManager: Screen frozen for +742ms due to Window{f0850cc u0 com.android.systemui.ImageWallpaper}
08-25 14:41:35.991  1657  1657 D vold    : /dev/block/vold/public:253,80: 39 files, 522152 free (261076 clusters)
08-25 14:41:35.992  1657  1657 D vold    : 
08-25 14:41:36.000  1657  1657 I vold    : Filesystem check completed OK
08-25 14:41:36.003  1657  1657 D vold    : Waiting for FUSE to spin up...
08-25 14:41:36.005  2000  2000 W InputMethodManagerService: Illegal subtype state: old subtype = null, new subtype = android.view.inputmethod.InputMethodSubtype@70bfcd7e
08-25 14:41:36.016  2787  2830 I AlarmClock: Connected Dock: null
08-25 14:41:36.019  2787  2830 I AlarmClock: Setting upcoming AlarmClockInfo for instance: 5
08-25 14:41:36.031  2839  2839 W sdcard  : Device explicitly enabled sdcardfs
08-25 14:41:36.037  2000  2000 D ConditionProviders.SCP: onReceive android.app.action.NEXT_ALARM_CLOCK_CHANGED
08-25 14:41:36.037  2000  2000 D ConditionProviders.SCP: evaluateSubscriptionLocked cal=ScheduleCalendar[mDays={1, 2, 3, 4, 5, 6, 7}, mSchedule=ScheduleInfo{days=[1, 2, 3, 4, 5, 6, 7], startHour=22, startMinute=0, endHour=7, endMinute=0, exitAtAlarm=true, nextAlarm=Thu Jan 01 05:30:00 GMT+05:30 1970 (0)}], now=Thu Aug 25 14:41:36 GMT+05:30 2022 (1661418696037), nextUserAlarmTime=Thu Aug 25 15:10:00 GMT+05:30 2022 (1661420400000)
08-25 14:41:36.037  2000  2000 D ConditionProviders.SCP: notifyCondition condition://android/schedule?days=1.2.3.4.5.6.7&start=22.0&end=7.0&exitAtAlarm=true STATE_FALSE reason=!meetsSchedule
08-25 14:41:36.038  2000  2000 D ConditionProviders.SCP: Scheduling evaluate for Thu Aug 25 22:00:00 GMT+05:30 2022 (1661445000000), in +7h18m23s963ms, now=Thu Aug 25 14:41:36 GMT+05:30 2022 (1661418696037)
08-25 14:41:36.040  2000  2030 W Looper  : Drained
08-25 14:41:36.046  2000  2332 W BroadcastQueue: Background execution not allowed: receiving Intent { act=android.net.conn.NETWORK_CONDITIONS_MEASURED flg=0x10 (has extras) } to com.google.android.gms/.chimera.GmsIntentOperationService$PersistentTrustedReceiver
08-25 14:41:36.050  2296  2587 D IccSmsInterfaceManager: [IccSmsInterfaceManager] Calling setGsmBroadcastConfig with 1 configurations
08-25 14:41:36.055  2296  2587 D IccSmsInterfaceManager: [IccSmsInterfaceManager] Failed to add GSM cell broadcast channels range 4352 to 4354
08-25 14:41:36.055  1657  1657 D vold    : Waiting for FUSE to spin up...
08-25 14:41:36.061  2296  2587 D IccSmsInterfaceManager: [IccSmsInterfaceManager] Calling setGsmBroadcastConfig with 1 configurations
08-25 14:41:36.066  2296  2587 D IccSmsInterfaceManager: [IccSmsInterfaceManager] Failed to add GSM cell broadcast channels range 4356 to 4356
08-25 14:41:36.080  2000  2038 E memtrack: Couldn't load memtrack module
08-25 14:41:36.080  2000  2038 W android.os.Debug: failed to get memory consumption info: -1
08-25 14:41:36.081  2000  2038 I system_server: Using smaps_rollup for pss collection
08-25 14:41:36.081  2000  2038 E memtrack: Couldn't load memtrack module
08-25 14:41:36.081  2000  2038 W android.os.Debug: failed to get memory consumption info: -1
08-25 14:41:36.081  2000  2038 E memtrack: Couldn't load memtrack module
08-25 14:41:36.081  2000  2038 W android.os.Debug: failed to get memory consumption info: -1
08-25 14:41:36.081  2000  2038 E memtrack: Couldn't load memtrack module
08-25 14:41:36.081  2000  2038 W android.os.Debug: failed to get memory consumption info: -1
08-25 14:41:36.081  2000  2038 E memtrack: Couldn't load memtrack module
08-25 14:41:36.081  2000  2038 W android.os.Debug: failed to get memory consumption info: -1
08-25 14:41:36.082  2000  2038 E memtrack: Couldn't load memtrack module
08-25 14:41:36.082  2000  2038 W android.os.Debug: failed to get memory consumption info: -1
08-25 14:41:36.082  2000  2038 E memtrack: Couldn't load memtrack module
08-25 14:41:36.082  2000  2038 W android.os.Debug: failed to get memory consumption info: -1
08-25 14:41:36.082  2000  2038 E memtrack: Couldn't load memtrack module
08-25 14:41:36.082  2000  2038 W android.os.Debug: failed to get memory consumption info: -1
08-25 14:41:36.082  2000  2038 E memtrack: Couldn't load memtrack module
08-25 14:41:36.082  2000  2038 W android.os.Debug: failed to get memory consumption info: -1
08-25 14:41:36.082  2000  2038 E memtrack: Couldn't load memtrack module
08-25 14:41:36.082  2000  2038 W android.os.Debug: failed to get memory consumption info: -1
08-25 14:41:36.082  2000  2038 E memtrack: Couldn't load memtrack module
08-25 14:41:36.082  2000  2038 W android.os.Debug: failed to get memory consumption info: -1
08-25 14:41:36.083  2000  2038 E memtrack: Couldn't load memtrack module
08-25 14:41:36.083  2000  2038 W android.os.Debug: failed to get memory consumption info: -1
08-25 14:41:36.083  2000  2038 E memtrack: Couldn't load memtrack module
08-25 14:41:36.083  2000  2038 W android.os.Debug: failed to get memory consumption info: -1
08-25 14:41:36.088  2000  2038 E memtrack: Couldn't load memtrack module
08-25 14:41:36.088  2000  2038 W android.os.Debug: failed to get memory consumption info: -1
08-25 14:41:36.089  2000  2038 E memtrack: Couldn't load memtrack module
08-25 14:41:36.089  2000  2038 W android.os.Debug: failed to get memory consumption info: -1
08-25 14:41:36.089  2000  2038 E memtrack: Couldn't load memtrack module
08-25 14:41:36.089  2000  2038 W android.os.Debug: failed to get memory consumption info: -1
08-25 14:41:36.089  2000  2038 E memtrack: Couldn't load memtrack module
08-25 14:41:36.089  2000  2038 W android.os.Debug: failed to get memory consumption info: -1
08-25 14:41:36.089  2000  2038 E memtrack: Couldn't load memtrack module
08-25 14:41:36.089  2000  2038 W android.os.Debug: failed to get memory consumption info: -1
08-25 14:41:36.090  2000  2038 E memtrack: Couldn't load memtrack module
08-25 14:41:36.090  2000  2038 W android.os.Debug: failed to get memory consumption info: -1
08-25 14:41:36.090  2000  2038 E memtrack: Couldn't load memtrack module
08-25 14:41:36.090  2000  2038 W android.os.Debug: failed to get memory consumption info: -1
08-25 14:41:36.090  2000  2038 E memtrack: Couldn't load memtrack module
08-25 14:41:36.090  2000  2038 W android.os.Debug: failed to get memory consumption info: -1
08-25 14:41:36.090  2000  2038 E memtrack: Couldn't load memtrack module
08-25 14:41:36.090  2000  2038 W android.os.Debug: failed to get memory consumption info: -1
08-25 14:41:36.090  2000  2038 E memtrack: Couldn't load memtrack module
08-25 14:41:36.090  2000  2038 W android.os.Debug: failed to get memory consumption info: -1
08-25 14:41:36.090  2000  2038 E memtrack: Couldn't load memtrack module
08-25 14:41:36.090  2000  2038 W android.os.Debug: failed to get memory consumption info: -1
08-25 14:41:36.091  1744  1744 D Zygote  : Forked child process 2840
08-25 14:41:36.091  2000  2038 E memtrack: Couldn't load memtrack module
08-25 14:41:36.092  2000  2038 W android.os.Debug: failed to get memory consumption info: -1
08-25 14:41:36.092  2000  2038 E memtrack: Couldn't load memtrack module
08-25 14:41:36.092  2000  2038 W android.os.Debug: failed to get memory consumption info: -1
08-25 14:41:36.093  2000  2038 E memtrack: Couldn't load memtrack module
08-25 14:41:36.093  2000  2038 W android.os.Debug: failed to get memory consumption info: -1
08-25 14:41:36.093  2000  2040 I ActivityManager: Start proc 2840:com.google.android.gms/u0a116 for service {com.google.android.gms/com.google.android.gms.chimera.GmsIntentOperationService}
08-25 14:41:36.093  2000  2038 E memtrack: Couldn't load memtrack module
08-25 14:41:36.098  2840  2840 W gle.android.gm: Unexpected CPU variant for X86 using defaults: x86
08-25 14:41:36.098  2000  2038 W android.os.Debug: failed to get memory consumption info: -1
08-25 14:41:36.103  2000  2038 E memtrack: Couldn't load memtrack module
08-25 14:41:36.103  2000  2038 W android.os.Debug: failed to get memory consumption info: -1
08-25 14:41:36.103  2000  2038 E memtrack: Couldn't load memtrack module
08-25 14:41:36.104  2000  2038 W android.os.Debug: failed to get memory consumption info: -1
08-25 14:41:36.104  2000  2038 E memtrack: Couldn't load memtrack module
08-25 14:41:36.104  2000  2038 W android.os.Debug: failed to get memory consumption info: -1
08-25 14:41:36.104  2000  2038 E memtrack: Couldn't load memtrack module
08-25 14:41:36.104  2000  2038 W android.os.Debug: failed to get memory consumption info: -1
08-25 14:41:36.104  2000  2038 E memtrack: Couldn't load memtrack module
08-25 14:41:36.104  2000  2038 W android.os.Debug: failed to get memory consumption info: -1
08-25 14:41:36.104  2000  2038 E memtrack: Couldn't load memtrack module
08-25 14:41:36.105  2000  2038 W android.os.Debug: failed to get memory consumption info: -1
08-25 14:41:36.105  2000  2038 E memtrack: Couldn't load memtrack module
08-25 14:41:36.105  2000  2038 W android.os.Debug: failed to get memory consumption info: -1
