08-25 14:41:28.397  2296  2296 D CarrierProvider: onCreate
08-25 14:41:28.403  2000  2400 I Telecom : BluetoothRouteManager: getBluetoothAudioConnectedDevice: no service available.
08-25 14:41:28.416  2296  2296 D CarrierIdProvider: onCreate
08-25 14:41:28.417  2296  2296 D CarrierIdDatabaseHelper: CarrierIdDatabaseHelper: 5
08-25 14:41:28.419  2000  2000 I Telecom : SystemStateHelper: Registering car mode receiver: android.content.IntentFilter@cfceae6: TS.init@AAA
08-25 14:41:28.439  2296  2296 D CarrierIdProvider: update database from pb file
08-25 14:41:28.454  2000  2405 I Telecom : Logging.Events: Non-call EVENT: AUDIO_ROUTE, Entering state QuiescentSpeakerRoute
08-25 14:41:28.455  2000  2405 I Telecom : BluetoothRouteManager: getBluetoothAudioConnectedDevice: no service available.
08-25 14:41:28.462  1782  1864 E SurfaceFlinger: ro.sf.lcd_density must be defined as a build property
08-25 14:41:28.471  2000  2406 I Telecom : CallAudioModeStateMachine: Message received: null.: TS.init->CAMSM.pM_1@AAA
08-25 14:41:28.462  1782  1864 E SurfaceFlinger: ro.sf.lcd_density must be defined as a build property
08-25 14:41:28.472  2363  2407 D libEGL  : Emulator has host GPU support, qemu.gles is set to 1.
08-25 14:41:28.469  2296  2296 E CarrierIdProvider: read carrier list from ota pb failure: java.io.FileNotFoundException: /data/misc/carrierid/carrier_list.pb: open failed: ENOENT (No such file or directory)
08-25 14:41:28.478  2363  2363 E ndroid.setting: Invalid ID 0x00000000.
08-25 14:41:28.481  2141  2141 V SystemUIService: Starting SystemUI services for user 0.
08-25 14:41:28.483  2296  2296 D CarrierIdProvider: latest version: 16777227 need update: false
08-25 14:41:28.490  2141  2141 D SystemUIBootTiming: StartServicescom.android.systemui.Dependency$DependencyCreator took to complete: 8ms
08-25 14:41:28.490  2363  2407 W libc    : Unable to set property "qemu.gles" to "1": error code: 0x18
08-25 14:41:28.493  2000  2000 I Telecom : MissedCallNotifierImpl: reloadFromDatabase: Boot not yet complete -- call log db may not be available. Deferring loading until boot complete for user 0: TS.init@AAA
08-25 14:41:28.498  2000  2000 E BluetoothAdapter: Bluetooth binder is null
08-25 14:41:28.501  2000  2000 I Telecom : Class: TelecomSystem.INSTANCE being set
08-25 14:41:28.501  2000  2000 W Looper  : Slow dispatch took 170ms main h=android.app.ActivityThread$H c=null m=121
08-25 14:41:28.501  2000  2000 E BluetoothAdapter: Bluetooth binder is null
08-25 14:41:28.502  2000  2000 D WifiP2pService: Wifi enabled=false, P2P Interface availability=true
08-25 14:41:28.503  2000  2000 D PackageWatchdog: Getting all observed packages pending health checks
08-25 14:41:28.503  2000  2000 I PackageWatchdog: Syncing health check requests for packages: {}
08-25 14:41:28.503  2000  2000 I ExplicitHealthCheckController: Service not ready to get health check supported packages. Binding...
08-25 14:41:28.506  2363  2407 D libEGL  : loaded /vendor/lib/egl/libEGL_emulation.so
08-25 14:41:28.507  2000  2000 I ExplicitHealthCheckController: Explicit health check service is bound
08-25 14:41:28.508  2363  2407 D libEGL  : loaded /vendor/lib/egl/libGLESv1_CM_emulation.so
08-25 14:41:28.508  2000  2000 V SettingsProvider: Notifying for 0: content://settings/global/boot_count
08-25 14:41:28.508  2000  2000 V SettingsProvider: Notifying for 0: content://settings/secure/location_providers_allowed
08-25 14:41:28.509  2363  2407 D libEGL  : loaded /vendor/lib/egl/libGLESv2_emulation.so
08-25 14:41:28.511  2000  2000 E WiredAccessoryManager: No state change.
08-25 14:41:28.532  1744  1744 D Zygote  : Forked child process 2414
08-25 14:41:28.509  2000  2000 I chatty  : uid=1000 system_server identical 1 line
08-25 14:41:28.510  2000  2000 V SettingsProvider: Notifying for 0: content://settings/secure/location_providers_allowed
08-25 14:41:28.538  2000  2040 I ActivityManager: Start proc 2414:com.google.android.ext.services/u0a65 for service {com.google.android.ext.services/android.ext.services.watchdog.ExplicitHealthCheckServiceImpl}
08-25 14:41:28.539  2141  2141 D SystemUIBootTiming: StartServicescom.android.systemui.util.NotificationChannels took to complete: 49ms
08-25 14:41:28.549  2141  2141 D SystemUIBootTiming: StartServicescom.android.systemui.statusbar.CommandQueue$CommandQueueStart took to complete: 9ms
08-25 14:41:28.549  2414  2414 W id.ext.service: Unexpected CPU variant for X86 using defaults: x86
08-25 14:41:28.552  2000  2000 I system_server: The ClassLoaderContext is a special shared library.
08-25 14:41:28.566  2141  2141 V MediaRouter: Selecting route: RouteInfo{ name=Phone, description=null, status=null, category=RouteCategory{ name=System types=ROUTE_TYPE_LIVE_AUDIO ROUTE_TYPE_LIVE_VIDEO  groupable=false }, supportedTypes=ROUTE_TYPE_LIVE_AUDIO ROUTE_TYPE_LIVE_VIDEO , presentationDisplay=null }
08-25 14:41:28.572  2000  2000 I system_server: The ClassLoaderContext is a special shared library.
08-25 14:41:28.606  2363  2402 D HostConnection: HostConnection::get() New Host Connection established 0xdbc31eb0, tid 2402
08-25 14:41:28.614  2363  2402 D HostConnection: HostComposition ext ANDROID_EMU_CHECKSUM_HELPER_v1 ANDROID_EMU_dma_v1 ANDROID_EMU_direct_mem ANDROID_EMU_host_composition_v1 ANDROID_EMU_host_composition_v2 ANDROID_EMU_vulkan ANDROID_EMU_deferred_vulkan_commands ANDROID_EMU_vulkan_null_optional_strings ANDROID_EMU_vulkan_create_resources_with_requirements ANDROID_EMU_YUV_Cache ANDROID_EMU_vulkan_ignored_handles ANDROID_EMU_vulkan_free_memory_sync ANDROID_EMU_vulkan_shader_float16_int8 ANDROID_EMU_vulkan_async_queue_submit ANDROID_EMU_sync_buffer_data GL_OES_vertex_array_object GL_KHR_texture_compression_astc_ldr ANDROID_EMU_host_side_tracing ANDROID_EMU_gles_max_version_2 
08-25 14:41:28.620  2000  2432 I OMXClient: IOmx service obtained
08-25 14:41:28.620  1851  2193 I OMXMaster: makeComponentInstance(OMX.google.vorbis.decoder) in android.hardwar process
08-25 14:41:28.625  1851  1851 E OMXNodeInstance: getConfig(0xef3190e0:google.vorbis.decoder, ConfigAndroidVendorExtension(0x6f100004)) ERROR: Undefined(0x80001001)
08-25 14:41:28.625  1912  1912 E hostapd : Using interface wlan1 with hwaddr 02:15:b2:00:01:00 and ssid "AndroidWifi"
08-25 14:41:28.626  1912  1912 I hostapd : wlan1: interface state HT_SCAN->ENABLED
08-25 14:41:28.626  1912  1912 I hostapd : wlan1: AP-ENABLED 
08-25 14:41:28.626  2363  2402 W OpenGLRenderer: Failed to choose config with EGL_SWAP_BEHAVIOR_PRESERVED, retrying without...
08-25 14:41:28.649  2363  2402 D EGL_emulation: eglCreateContext: 0xf257fdc0: maj 2 min 0 rcv 2
08-25 14:41:28.658  2363  2402 D EGL_emulation: eglMakeCurrent: 0xf257fdc0: ver 2 0 (tinfo 0xebbe5930)
08-25 14:41:28.678  1762  1808 D gralloc_ranchu: gralloc_alloc: Creating ashmem region of size 17514496
08-25 14:41:28.696  2414  2414 I id.ext.service: The ClassLoaderContext is a special shared library.
08-25 14:41:28.724  1648  1648 I hwservicemanager: getTransport: Cannot find entry android.hardware.graphics.mapper@3.0::IMapper/default in either framework or device manifest.
08-25 14:41:28.726  2363  2402 W Gralloc3: mapper 3.x is not supported
08-25 14:41:28.726  1648  1648 I hwservicemanager: getTransport: Cannot find entry android.hardware.radio@1.4::IRadio/slot1 in either framework or device manifest.
08-25 14:41:28.729  2363  2402 D HostConnection: createUnique: call
08-25 14:41:28.730  2363  2402 D HostConnection: HostConnection::get() New Host Connection established 0xdbc33120, tid 2402
08-25 14:41:28.730  1648  1648 I hwservicemanager: getTransport: Cannot find entry android.hardware.radio@1.3::IRadio/slot1 in either framework or device manifest.
08-25 14:41:28.730  2363  2402 D HostConnection: HostComposition ext ANDROID_EMU_CHECKSUM_HELPER_v1 ANDROID_EMU_dma_v1 ANDROID_EMU_direct_mem ANDROID_EMU_host_composition_v1 ANDROID_EMU_host_composition_v2 ANDROID_EMU_vulkan ANDROID_EMU_deferred_vulkan_commands ANDROID_EMU_vulkan_null_optional_strings ANDROID_EMU_vulkan_create_resources_with_requirements ANDROID_EMU_YUV_Cache ANDROID_EMU_vulkan_ignored_handles ANDROID_EMU_vulkan_free_memory_sync ANDROID_EMU_vulkan_shader_float16_int8 ANDROID_EMU_vulkan_async_queue_submit ANDROID_EMU_sync_buffer_data GL_OES_vertex_array_object GL_KHR_texture_compression_astc_ldr ANDROID_EMU_host_side_tracing ANDROID_EMU_gles_max_version_2 
08-25 14:41:28.731  2363  2402 D eglCodecCommon: allocate: Ask for block of size 0x1000
08-25 14:41:28.731  2363  2402 D eglCodecCommon: allocate: ioctl allocate returned offset 0x3ffff6000 size 0x2000
08-25 14:41:28.733  2141  2141 D SystemUIBootTiming: StartServicescom.android.systemui.keyguard.KeyguardViewMediator took to complete: 184ms
08-25 14:41:28.733  1648  1648 I hwservicemanager: getTransport: Cannot find entry android.hardware.radio@1.2::IRadio/slot1 in either framework or device manifest.
08-25 14:41:28.733  1762  1808 D gralloc_ranchu: gralloc_alloc: Creating ashmem region of size 17514496
08-25 14:41:28.736  1648  1648 I hwservicemanager: getTransport: Cannot find entry android.hardware.radio@1.1::IRadio/slot1 in either framework or device manifest.
08-25 14:41:28.762  1762  1762 D gralloc_ranchu: gralloc_alloc: Creating ashmem region of size 17514496
08-25 14:41:28.791  2363  2402 D EGL_emulation: eglMakeCurrent: 0xf257fdc0: ver 2 0 (tinfo 0xebbe5930)
08-25 14:41:28.794  1837  1837 D incidentd: WorkDirectory::getReports
08-25 14:41:28.797  2296  2296 I android_os_HwBinder: HwBinder: Starting thread pool for getting: android.hardware.radio@1.0::IRadio/slot1
08-25 14:41:28.801  2141  2141 D SystemUIBootTiming: StartServicescom.android.systemui.recents.Recents took to complete: 68ms
08-25 14:41:28.805  2141  2141 I vol.Events: writeEvent collection_started
08-25 14:41:28.842  2141  2459 I OMXClient: IOmx service obtained
08-25 14:41:28.842  1851  2207 I OMXMaster: makeComponentInstance(OMX.google.vorbis.decoder) in android.hardwar process
08-25 14:41:28.852  1851  1851 E OMXNodeInstance: getConfig(0xef318e40:google.vorbis.decoder, ConfigAndroidVendorExtension(0x6f100004)) ERROR: Undefined(0x80001001)
08-25 14:41:28.864  1744  1744 D Zygote  : Forked child process 2464
08-25 14:41:28.869  2000  2040 W ActivityManager: Slow operation: 66ms so far, now at startProcess: returned from zygote!
08-25 14:41:28.870  2000  2040 W ActivityManager: Slow operation: 70ms so far, now at startProcess: done updating battery stats
08-25 14:41:28.870  2000  2040 W ActivityManager: Slow operation: 70ms so far, now at startProcess: building log message
08-25 14:41:28.870  2000  2040 I ActivityManager: Start proc 2464:com.google.android.apps.nexuslauncher/u0a110 for service {com.google.android.apps.nexuslauncher/com.android.quickstep.TouchInteractionService}
08-25 14:41:28.870  2000  2040 W ActivityManager: Slow operation: 70ms so far, now at startProcess: starting to update pids map
08-25 14:41:28.870  2000  2040 W ActivityManager: Slow operation: 71ms so far, now at startProcess: done updating pids map
08-25 14:41:28.872  1782  2102 D HostConnection: HostConnection::get() New Host Connection established 0xe7a7be40, tid 2102
08-25 14:41:28.873  1782  2102 D HostConnection: HostComposition ext ANDROID_EMU_CHECKSUM_HELPER_v1 ANDROID_EMU_dma_v1 ANDROID_EMU_direct_mem ANDROID_EMU_host_composition_v1 ANDROID_EMU_host_composition_v2 ANDROID_EMU_vulkan ANDROID_EMU_deferred_vulkan_commands ANDROID_EMU_vulkan_null_optional_strings ANDROID_EMU_vulkan_create_resources_with_requirements ANDROID_EMU_YUV_Cache ANDROID_EMU_vulkan_ignored_handles ANDROID_EMU_vulkan_free_memory_sync ANDROID_EMU_vulkan_shader_float16_int8 ANDROID_EMU_vulkan_async_queue_submit ANDROID_EMU_sync_buffer_data GL_OES_vertex_array_object GL_KHR_texture_compression_astc_ldr ANDROID_EMU_host_side_tracing ANDROID_EMU_gles_max_version_2 
08-25 14:41:28.873  1648  1648 I hwservicemanager: getTransport: Cannot find entry android.hardware.radio.deprecated@1.0::IOemHook/slot1 in either framework or device manifest.
08-25 14:41:28.884  2296  2456 W System.err: java.lang.RuntimeException: RIL_REQUEST_GET_HARDWARE_CONFIG invalid hardward type:-1
08-25 14:41:28.886  2296  2456 W System.err: 	at com.android.internal.telephony.RIL.convertHalHwConfigList(RIL.java:5797)
08-25 14:41:28.887  2296  2456 W System.err: 	at com.android.internal.telephony.RadioResponse.responseHardwareConfig(RadioResponse.java:2206)
08-25 14:41:28.887  2296  2456 W System.err: 	at com.android.internal.telephony.RadioResponse.getHardwareConfigResponse(RadioResponse.java:1254)
08-25 14:41:28.887  2296  2456 W System.err: 	at android.hardware.radio.V1_4.IRadioResponse$Stub.onTransact(IRadioResponse.java:5010)
08-25 14:41:28.887  2296  2456 E android_os_HwBinder: Uncaught exception!
08-25 14:41:28.902  2296  2296 D TelephonyProvider: dbh.onOpen: ok, queried table=siminfo
08-25 14:41:28.902  2296  2296 D TelephonyProvider: dbh.onOpen: ok, queried table=carriers
08-25 14:41:28.908  2464  2464 W s.nexuslaunche: Unexpected CPU variant for X86 using defaults: x86
08-25 14:41:28.914  1744  1744 D Zygote  : Forked child process 2479
08-25 14:41:28.917  2000  2040 I ActivityManager: Start proc 2479:com.google.android.inputmethod.latin/u0a143 for service {com.google.android.inputmethod.latin/com.android.inputmethod.latin.LatinIME}
08-25 14:41:28.919  1782  1998 D HostConnection: HostConnection::get() New Host Connection established 0xe7539980, tid 1998
08-25 14:41:28.922  1782  1998 D HostConnection: HostComposition ext ANDROID_EMU_CHECKSUM_HELPER_v1 ANDROID_EMU_dma_v1 ANDROID_EMU_direct_mem ANDROID_EMU_host_composition_v1 ANDROID_EMU_host_composition_v2 ANDROID_EMU_vulkan ANDROID_EMU_deferred_vulkan_commands ANDROID_EMU_vulkan_null_optional_strings ANDROID_EMU_vulkan_create_resources_with_requirements ANDROID_EMU_YUV_Cache ANDROID_EMU_vulkan_ignored_handles ANDROID_EMU_vulkan_free_memory_sync ANDROID_EMU_vulkan_shader_float16_int8 ANDROID_EMU_vulkan_async_queue_submit ANDROID_EMU_sync_buffer_data GL_OES_vertex_array_object GL_KHR_texture_compression_astc_ldr ANDROID_EMU_host_side_tracing ANDROID_EMU_gles_max_version_2 
08-25 14:41:28.931  2479  2479 W putmethod.lati: Unexpected CPU variant for X86 using defaults: x86
08-25 14:41:28.966  2141  2141 E ndroid.systemu: Invalid ID 0x00000000.
08-25 14:41:28.969  2000  2000 W system_server: Long monitor contention with owner android.bg (2038) at android.content.res.Resources android.app.ResourcesManager.getOrCreateResources(android.os.IBinder, android.content.res.ResourcesKey, java.lang.ClassLoader)(ResourcesManager.java:762) waiters=0 in android.content.res.Resources android.app.ResourcesManager.getOrCreateResources(android.os.IBinder, android.content.res.ResourcesKey, java.lang.ClassLoader) for 388ms
08-25 14:41:28.987  2000  2000 W Looper  : Slow dispatch took 474ms main h=android.app.ActivityThread$H c=null m=114
08-25 14:41:28.990  2000  2033 W KeyguardServiceDelegate: onScreenTurningOn(): no keyguard service!
08-25 14:41:29.022  2464  2464 I s.nexuslaunche: The ClassLoaderContext is a special shared library.
08-25 14:41:29.086  2000  2514 I OMXClient: IOmx service obtained
08-25 14:41:29.087  1851  1851 I OMXMaster: makeComponentInstance(OMX.google.vorbis.decoder) in android.hardwar process
08-25 14:41:29.090  2000  2357 W ActivityManager: Slow operation: 54ms so far, now at attachApplicationLocked: after mServices.attachApplicationLocked
08-25 14:41:29.096  1851  2193 E OMXNodeInstance: getConfig(0xef3194a0:google.vorbis.decoder, ConfigAndroidVendorExtension(0x6f100004)) ERROR: Undefined(0x80001001)
08-25 14:41:29.114  2479  2479 D ApplicationLoaders: Returning zygote-cached class loader: /system/framework/android.hidl.base-V1.0-java.jar
08-25 14:41:29.114  2479  2479 D ApplicationLoaders: Returning zygote-cached class loader: /system/framework/android.hidl.manager-V1.0-java.jar
08-25 14:41:29.114  2479  2479 D ApplicationLoaders: Returning zygote-cached class loader: /system/framework/android.hidl.base-V1.0-java.jar
08-25 14:41:29.157  2000  2000 W NotificationListeners: Not binding notification listener service ComponentInfo{com.google.android.apps.restore/com.google.android.apps.pixelmigrate.component.NotificationConsolidatorService}: service not found
08-25 14:41:29.159  2000  2000 V NotificationListeners: enabling notification listener for 0: ComponentInfo{com.google.android.apps.nexuslauncher/com.android.launcher3.notification.NotificationListener}
08-25 14:41:29.164  2000  2000 V NotificationListeners: binding: Intent { act=android.service.notification.NotificationListenerService cmp=com.google.android.apps.nexuslauncher/com.android.launcher3.notification.NotificationListener (has extras) }
08-25 14:41:29.164  2000  2000 W ActivityManager: Unable to start service Intent { act=android.service.notification.NotificationListenerService cmp=com.google.android.apps.nexuslauncher/com.android.launcher3.notification.NotificationListener } U=0: not found
08-25 14:41:29.164  2000  2000 W NotificationListeners: Unable to bind notification listener service: Intent { act=android.service.notification.NotificationListenerService cmp=com.google.android.apps.nexuslauncher/com.android.launcher3.notification.NotificationListener (has extras) } in user 0
08-25 14:41:29.164  2000  2000 V NotificationAssistants: enabling notification assistant for 0: ComponentInfo{com.google.android.ext.services/android.ext.services.notification.Assistant}
08-25 14:41:29.164  2000  2000 V NotificationAssistants: binding: Intent { act=android.service.notification.NotificationAssistantService cmp=com.google.android.ext.services/android.ext.services.notification.Assistant (has extras) }
08-25 14:41:29.165  2479  2479 I putmethod.lati: The ClassLoaderContext is a special shared library.
08-25 14:41:29.179  2479  2479 W ContextImpl: Failed to ensure /data/user/0/com.google.android.inputmethod.latin/cache: mkdir failed: ENOENT (No such file or directory)
08-25 14:41:29.179  2479  2479 W ContextImpl: Failed to update user.inode_cache: stat failed: ENOENT (No such file or directory)
08-25 14:41:29.186  2000  2013 I system_server: NativeAlloc concurrent copying GC freed 58063(4440KB) AllocSpace objects, 38(1852KB) LOS objects, 41% free, 8604KB/14MB, paused 2.100ms total 363.765ms
08-25 14:41:29.186  2000  2014 W JHwRemoteBinder: BinderProxy is being destroyed but the application did not call unlinkToDeath to unlink all of its death recipients beforehand.  Releasing leaked death recipient: com.android.server.wifi.-$$Lambda$HalDeviceManager$jNAzj5YlVhwJm5NjZ6HiKskQStI
08-25 14:41:29.189  2464  2464 W ContextImpl: Failed to ensure /data/user/0/com.google.android.apps.nexuslauncher/cache: mkdir failed: ENOENT (No such file or directory)
08-25 14:41:29.189  2464  2464 W ContextImpl: Failed to update user.inode_cache: stat failed: ENOENT (No such file or directory)
08-25 14:41:29.230  1750  1750 W DeviceHAL: Error from HAL Device in function set_mic_mute: Function not implemented
08-25 14:41:29.233  2000  2000 E AudioSystem-JNI: Command failed for android_media_AudioSystem_muteMicrophone: -38
08-25 14:41:29.271  2000  2532 I OMXClient: IOmx service obtained
08-25 14:41:29.275  1851  2207 I OMXMaster: makeComponentInstance(OMX.google.vorbis.decoder) in android.hardwar process
08-25 14:41:29.280  2141  2457 E vol.VolumeDialogControl: isCaptionsServiceEnabled failed to check for captions component
08-25 14:41:29.280  2141  2457 E vol.VolumeDialogControl: java.lang.IllegalArgumentException: Unknown component: ComponentInfo{com.google.android.as/com.google.android.apps.miphone.aiai.captions.CaptionsService}
08-25 14:41:29.280  2141  2457 E vol.VolumeDialogControl: 	at android.os.Parcel.createException(Parcel.java:2075)
08-25 14:41:29.280  2141  2457 E vol.VolumeDialogControl: 	at android.os.Parcel.readException(Parcel.java:2039)
08-25 14:41:29.280  2141  2457 E vol.VolumeDialogControl: 	at android.os.Parcel.readException(Parcel.java:1987)
08-25 14:41:29.280  2141  2457 E vol.VolumeDialogControl: 	at android.content.pm.IPackageManager$Stub$Proxy.getComponentEnabledSetting(IPackageManager.java:7365)
08-25 14:41:29.280  2141  2457 E vol.VolumeDialogControl: 	at android.app.ApplicationPackageManager.getComponentEnabledSetting(ApplicationPackageManager.java:2563)
08-25 14:41:29.280  2141  2457 E vol.VolumeDialogControl: 	at com.android.systemui.volume.VolumeDialogControllerImpl.onGetCaptionsComponentStateW(VolumeDialogControllerImpl.java:414)
08-25 14:41:29.280  2141  2457 E vol.VolumeDialogControl: 	at com.android.systemui.volume.VolumeDialogControllerImpl.access$1800(VolumeDialogControllerImpl.java:83)
08-25 14:41:29.280  2141  2457 E vol.VolumeDialogControl: 	at com.android.systemui.volume.VolumeDialogControllerImpl$W.handleMessage(VolumeDialogControllerImpl.java:800)
08-25 14:41:29.280  2141  2457 E vol.VolumeDialogControl: 	at android.os.Handler.dispatchMessage(Handler.java:107)
08-25 14:41:29.280  2141  2457 E vol.VolumeDialogControl: 	at android.os.Looper.loop(Looper.java:214)
08-25 14:41:29.280  2141  2457 E vol.VolumeDialogControl: 	at android.os.HandlerThread.run(HandlerThread.java:67)
08-25 14:41:29.280  2141  2457 E vol.VolumeDialogControl: Caused by: android.os.RemoteException: Remote stack trace:
08-25 14:41:29.280  2141  2457 E vol.VolumeDialogControl: 	at com.android.server.pm.Settings.getComponentEnabledSettingLPr(Settings.java:4258)
08-25 14:41:29.280  2141  2457 E vol.VolumeDialogControl: 	at com.android.server.pm.PackageManagerService.getComponentEnabledSetting(PackageManagerService.java:21520)
08-25 14:41:29.280  2141  2457 E vol.VolumeDialogControl: 	at android.content.pm.IPackageManager$Stub.onTransact(IPackageManager.java:3489)
08-25 14:41:29.280  2141  2457 E vol.VolumeDialogControl: 	at com.android.server.pm.PackageManagerService.onTransact(PackageManagerService.java:4014)
08-25 14:41:29.280  2141  2457 E vol.VolumeDialogControl: 	at android.os.Binder.execTransactInternal(Binder.java:1021)
08-25 14:41:29.280  2141  2457 E vol.VolumeDialogControl: 
08-25 14:41:29.281  1851  2193 E OMXNodeInstance: getConfig(0xef3194a0:google.vorbis.decoder, ConfigAndroidVendorExtension(0x6f100004)) ERROR: Undefined(0x80001001)
08-25 14:41:29.292  2141  2533 I OMXClient: IOmx service obtained
08-25 14:41:29.293  1851  2193 I OMXMaster: makeComponentInstance(OMX.google.vorbis.decoder) in android.hardwar process
08-25 14:41:29.296  1851  2193 E OMXNodeInstance: getConfig(0xed13b0c0:google.vorbis.decoder, ConfigAndroidVendorExtension(0x6f100004)) ERROR: Undefined(0x80001001)
08-25 14:41:29.298  2141  2141 D SystemUIBootTiming: StartServicescom.android.systemui.volume.VolumeUI took to complete: 497ms
08-25 14:41:29.350  2000  2000 W Looper  : Slow dispatch took 163ms main h=android.app.ActivityThread$H c=android.app.-$$Lambda$LoadedApk$ReceiverDispatcher$Args$_BumDX2UKsnxLVrE6UJsJZkotuA@e9f4a53 m=0
08-25 14:41:29.351  2000  2000 D WifiP2pService: Wifi enabled=true, P2P Interface availability=true, Number of clients=0
08-25 14:41:29.351  2000  2000 D WifiP2pService: Wifi enabled=true, P2P Interface availability=true
08-25 14:41:29.352  2141  2457 I vol.Events: writeEvent level_changed STREAM_VOICE_CALL 1
08-25 14:41:29.354  2000  2000 W BroadcastQueue: Background execution not allowed: receiving Intent { act=android.intent.action.ACTION_POWER_DISCONNECTED flg=0x4000010 (has extras) } to com.google.android.gms/.chimera.GmsIntentOperationService$PersistentTrustedReceiver
08-25 14:41:29.356  2141  2457 I vol.Events: writeEvent level_changed STREAM_SYSTEM 5
08-25 14:41:29.357  2000  2030 D UsbDeviceManager: push notification:Charging this device via USB
08-25 14:41:29.359  2141  2457 I vol.Events: writeEvent level_changed STREAM_RING 5
08-25 14:41:29.362  2141  2457 I vol.Events: writeEvent level_changed STREAM_MUSIC 15
08-25 14:41:29.366  2000  2039 W BroadcastQueue: Background execution not allowed: receiving Intent { act=android.location.PROVIDERS_CHANGED flg=0x10 (has extras) } to com.google.android.gms/.chimera.GmsIntentOperationService$PersistentTrustedReceiver
08-25 14:41:29.371  2141  2457 I vol.Events: writeEvent level_changed STREAM_ALARM 6
08-25 14:41:29.376  2000  2039 W BroadcastQueue: Background execution not allowed: receiving Intent { act=android.location.PROVIDERS_CHANGED flg=0x10 (has extras) } to com.google.android.gms/.chimera.GmsIntentOperationService$PersistentTrustedReceiver
08-25 14:41:29.379  2000  2039 W BroadcastQueue: Background execution not allowed: receiving Intent { act=android.location.MODE_CHANGED flg=0x10 } to com.google.android.gms/.chimera.GmsIntentOperationService$PersistentTrustedReceiver
08-25 14:41:29.380  2000  2039 W BroadcastQueue: Background execution not allowed: receiving Intent { act=android.location.PROVIDERS_CHANGED flg=0x10 (has extras) } to com.google.android.gms/.chimera.GmsIntentOperationService$PersistentTrustedReceiver
08-25 14:41:29.380  2000  2000 D ConditionProviders.SCP: onSubscribe condition://android/schedule?days=1.2.3.4.5.6.7&start=22.0&end=7.0&exitAtAlarm=true
08-25 14:41:29.381  2464  2464 D TouchInteractionService: Touch service connected
08-25 14:41:29.382  2000  2000 D ConditionProviders.SCP: setRegistered true
08-25 14:41:29.395  2141  2457 I vol.Events: writeEvent level_changed STREAM_BLUETOOTH_SCO 7
08-25 14:41:29.401  1782  1998 E SurfaceFlinger: ro.sf.lcd_density must be defined as a build property
08-25 14:41:29.406  1782  2436 E SurfaceFlinger: ro.sf.lcd_density must be defined as a build property
08-25 14:41:29.417  2000  2117 E ActivityThread: Failed to find provider info for com.android.calendar
08-25 14:41:29.418  2000  2117 E ActivityThread: Failed to find provider info for com.android.calendar
08-25 14:41:29.425  2000  2000 D ConditionProviders.SCP: evaluateSubscriptionLocked cal=ScheduleCalendar[mDays={1, 2, 3, 4, 5, 6, 7}, mSchedule=ScheduleInfo{days=[1, 2, 3, 4, 5, 6, 7], startHour=22, startMinute=0, endHour=7, endMinute=0, exitAtAlarm=true, nextAlarm=Thu Jan 01 05:30:00 GMT+05:30 1970 (0)}], now=Thu Aug 25 14:41:29 GMT+05:30 2022 (1661418689381), nextUserAlarmTime=Thu Jan 01 05:30:00 GMT+05:30 1970 (0)
08-25 14:41:29.426  2000  2000 D ConditionProviders.SCP: notifyCondition condition://android/schedule?days=1.2.3.4.5.6.7&start=22.0&end=7.0&exitAtAlarm=true STATE_FALSE reason=!meetsSchedule
08-25 14:41:29.430  2000  2000 D ConditionProviders.SCP: Scheduling evaluate for Thu Aug 25 22:00:00 GMT+05:30 2022 (1661445000000), in +7h18m30s619ms, now=Thu Aug 25 14:41:29 GMT+05:30 2022 (1661418689381)
08-25 14:41:29.434  2000  2000 V FingerprintService: handleEnumeratedTemplate: 0
08-25 14:41:29.434  2000  2000 V FingerprintService: Matched: false
08-25 14:41:29.434  2000  2000 V FingerprintService: Done with client: android
08-25 14:41:29.434  2000  2000 V FingerprintService: clearEnumerateState()
08-25 14:41:29.435  2000  2000 I NetworkStackClient: Network stack service connected
08-25 14:41:29.439  2141  2158 I ndroid.systemu: Background young concurrent copying GC freed 16709(1352KB) AllocSpace objects, 4(80KB) LOS objects, 77% free, 1787KB/7931KB, paused 1.583ms total 103.531ms
08-25 14:41:29.448  2000  2000 I Telecom : WiredHeadsetManager: ACTION_HEADSET_PLUG event, plugged in: false, : WHC.oADA@AAE
08-25 14:41:29.449  2141  2457 I vol.Events: writeEvent zen_mode_config_changed [disallowAlarms=false disallowMedia=false disallowSystem=true disallowRinger=false]
08-25 14:41:29.463  2141  2141 D SystemUIBootTiming: StartServicescom.android.systemui.stackdivider.Divider took to complete: 165ms
08-25 14:41:29.468  2000  2000 D MediaSessionService: Global priority session is changed from null to com.android.server.telecom/HeadsetMediaButton (userId=0)
08-25 14:41:29.474  2000  2000 I ExplicitHealthCheckController: Explicit health check service is connected ComponentInfo{com.google.android.ext.services/android.ext.services.watchdog.ExplicitHealthCheckServiceImpl}
08-25 14:41:29.482  1657  1657 D vold    : Recognized experimental block major ID 253 as virtio-blk (emulator's virtual SD card device)
08-25 14:41:29.483  1657  1657 D vold    : /system/bin/sgdisk
08-25 14:41:29.483  1657  1657 D vold    :     --android-dump
08-25 14:41:29.483  1657  1657 D vold    :     /dev/block/vold/disk:253,80
08-25 14:41:29.485  1743  1743 W ServiceManager: Permission failure: android.permission.NETWORK_STACK from uid=1073 pid=2240
08-25 14:41:29.485  1743  1743 I netd    : interfaceSetEnableIPv6("wlan0", "false") <0.64ms>
08-25 14:41:29.486  2000  2000 I ExplicitHealthCheckController: Service initialized, syncing requests
08-25 14:41:29.486  1743  1743 W ServiceManager: Permission failure: android.permission.NETWORK_STACK from uid=1073 pid=2240
08-25 14:41:29.488  1743  1743 I netd    : interfaceClearAddrs("wlan0") <1.48ms>
08-25 14:41:29.488  2000  2108 D WifiClientModeImpl: Setting OUI to DA-A1-19
08-25 14:41:29.489  2000  2000 I ContentSuggestionsManagerService: Updating for user 0: disabled=false
08-25 14:41:29.489  2000  2108 D WifiCountryCode: updateCountryCode to null
08-25 14:41:29.489  2000  2000 E ContentSuggestionsPerUserService: Bad service name: com.google.android.as/com.google.android.apps.miphone.aiai.app.AiAiContentSuggestionsService
08-25 14:41:29.489  2000  2000 D AutofillManagerService: Restriction did not change for user 0
08-25 14:41:29.489  2000  2108 I WifiVendorHal: Driver: 1.0 Firmware: 1.0
08-25 14:41:29.491  2141  2141 I FalsingManagerPlugin: xdpi, ydpi: 480.0, 480.0
08-25 14:41:29.491  2141  2141 I FalsingManagerPlugin: width, height: 1440, 2896
08-25 14:41:29.503  2000  2000 V NotificationAssistants: 0 notification assistant service connected: ComponentInfo{com.google.android.ext.services/android.ext.services.notification.Assistant}
08-25 14:41:29.508  2000  2108 E SupplicantStaIfaceHal: ISupplicantStaIface.setPowerSave failed: {.code = FAILURE_UNKNOWN, .debugMessage = }
08-25 14:41:29.509  2414  2555 D ExtAssistant: File doesn't exist or isn't readable yet
08-25 14:41:29.514  2000  2000 V SettingsProvider: Notifying for 0: content://settings/global/network_recommendations_enabled
08-25 14:41:29.515  2000  2000 D PackageWatchdog: Getting all observed packages pending health checks
08-25 14:41:29.515  2000  2000 I PackageWatchdog: Syncing health check requests for packages: {}
08-25 14:41:29.515  2000  2000 D ExplicitHealthCheckController: Getting health check supported packages
08-25 14:41:29.517  2000  2000 W Looper  : Drained
08-25 14:41:29.532  2000  2183 I ExplicitHealthCheckController: Explicit health check supported packages [PackageConfig{com.google.android.networkstack, 3600000}]
08-25 14:41:29.532  2000  2183 D PackageWatchdog: Received supported packages [PackageConfig{com.google.android.networkstack, 3600000}]
08-25 14:41:29.532  2000  2183 D ExplicitHealthCheckController: Getting health check requested packages
08-25 14:41:29.534  2000  2018 I ExplicitHealthCheckController: Explicit health check requested packages []
08-25 14:41:29.535  2000  2018 I ExplicitHealthCheckController: No more health check requests, unbinding...
08-25 14:41:29.540  2000  2108 D WakeupController: reset()
08-25 14:41:29.541  2000  2108 D WakeupController: Setting active to false
08-25 14:41:29.541  2000  2108 E WifiConfigManager: Cannot save to store before store is read!
08-25 14:41:29.541  2000  2018 I ExplicitHealthCheckController: Explicit health check service is unbound
08-25 14:41:29.542  2000  2108 I WifiClientModeImpl: disconnectedstate enter
08-25 14:41:29.548  2000  2044 E KernelCpuUidFreqTimeReader: Failed to read /proc/uid_time_in_state: java.nio.file.NoSuchFileException: /proc/uid_time_in_state
08-25 14:41:29.549  2000  2044 W KernelCpuProcStringReader: File not found. It's normal if not implemented: /proc/uid_time_in_state
08-25 14:41:29.550  2000  2044 W KernelCpuProcStringReader: File not found. It's normal if not implemented: /proc/uid_concurrent_active_time
08-25 14:41:29.550  2000  2044 W KernelCpuProcStringReader: File not found. It's normal if not implemented: /proc/uid_concurrent_policy_time
08-25 14:41:29.558  2141  2141 V WifiManager: registerTrafficStateCallback: callback=com.android.systemui.statusbar.policy.WifiSignalController$WifiTrafficStateCallback@7db9f16, handler=null
08-25 14:41:29.561  1657  1657 D vold    : DISK mbr
08-25 14:41:29.561  1657  1657 D vold    : 
08-25 14:41:29.561  1657  1657 W vold    : disk:253,80 has unknown partition table; trying entire device
08-25 14:41:29.561  1657  1657 D vold    : /system/bin/blkid
08-25 14:41:29.561  1657  1657 D vold    :     -c
08-25 14:41:29.561  1657  1657 D vold    :     /dev/null
08-25 14:41:29.561  1657  1657 D vold    :     -s
08-25 14:41:29.561  1657  1657 D vold    :     TYPE
08-25 14:41:29.561  1657  1657 D vold    :     -s
08-25 14:41:29.561  1657  1657 D vold    :     UUID
08-25 14:41:29.561  1657  1657 D vold    :     -s
08-25 14:41:29.561  1657  1657 D vold    :     LABEL
08-25 14:41:29.561  1657  1657 D vold    :     /dev/block/vold/disk:253,80
08-25 14:41:29.563  2141  2562 I OMXClient: IOmx service obtained
08-25 14:41:29.565  1851  2193 I OMXMaster: makeComponentInstance(OMX.google.vorbis.decoder) in android.hardwar process
08-25 14:41:29.568  1851  2193 E OMXNodeInstance: getConfig(0xef3194a0:google.vorbis.decoder, ConfigAndroidVendorExtension(0x6f100004)) ERROR: Undefined(0x80001001)
08-25 14:41:29.580  2000  2018 D ConnectivityService: requestNetwork for uid/pid:10108/2141 NetworkRequest [ TRACK_DEFAULT id=13, [ Capabilities: INTERNET&NOT_RESTRICTED&TRUSTED Uid: 10108] ]
08-25 14:41:29.582  1657  1657 D vold    : /dev/block/vold/disk:253,80: LABEL="SDCARD" UUID="1001-2F16" TYPE="vfat" 
08-25 14:41:29.582  1657  1657 D vold    : 
08-25 14:41:29.586  1657  1657 D vold    : /system/bin/blkid
08-25 14:41:29.586  1657  1657 D vold    :     -c
08-25 14:41:29.586  1657  1657 D vold    :     /dev/null
08-25 14:41:29.586  1657  1657 D vold    :     -s
08-25 14:41:29.586  1657  1657 D vold    :     TYPE
08-25 14:41:29.586  1657  1657 D vold    :     -s
08-25 14:41:29.586  1657  1657 D vold    :     UUID
08-25 14:41:29.586  1657  1657 D vold    :     -s
08-25 14:41:29.586  1657  1657 D vold    :     LABEL
08-25 14:41:29.586  1657  1657 D vold    :     /dev/block/vold/public:253,80
08-25 14:41:29.649  1657  1657 D vold    : /dev/block/vold/public:253,80: LABEL="SDCARD" UUID="1001-2F16" TYPE="vfat" 
08-25 14:41:29.649  1657  1657 D vold    : 
08-25 14:41:29.649  1657  1657 D vold    : /system/bin/fsck_msdos
08-25 14:41:29.650  1657  1657 D vold    :     -p
08-25 14:41:29.650  1657  1657 D vold    :     -f
08-25 14:41:29.650  1657  1657 D vold    :     -y
08-25 14:41:29.650  1657  1657 D vold    :     /dev/block/vold/public:253,80
08-25 14:41:29.679  2141  2141 E ActivityThread: Failed to find provider info for com.google.android.apps.turbo.estimated_time_remaining
08-25 14:41:29.715  2240  2255 I id.networkstac: Background young concurrent copying GC freed 1948(408KB) AllocSpace objects, 0(0B) LOS objects, 85% free, 1020KB/7164KB, paused 20.425ms total 67.830ms
08-25 14:41:29.746  2296  2296 I SystemConfig: Adding association: com.google.android.as <- com.android.providers.contacts
08-25 14:41:29.746  2296  2296 I SystemConfig: Adding association: com.google.android.as <- com.android.providers.media
08-25 14:41:29.746  2296  2296 I SystemConfig: Adding association: com.google.android.as <- com.android.providers.telephony
08-25 14:41:29.746  2296  2296 I SystemConfig: Adding association: com.google.android.as <- com.android.systemui
08-25 14:41:29.746  2296  2296 I SystemConfig: Adding association: com.google.android.as <- com.google.android.gms
08-25 14:41:29.746  2296  2296 I SystemConfig: Adding association: com.google.android.as <- com.google.android.gsf
08-25 14:41:29.752  1657  1657 D vold    : /dev/block/vold/public:253,80: 39 files, 522152 free (261076 clusters)
08-25 14:41:29.752  1657  1657 D vold    : 
08-25 14:41:29.752  1657  1657 I vold    : Filesystem check completed OK
08-25 14:41:29.759  1657  1657 D vold    : Waiting for FUSE to spin up...
08-25 14:41:29.767  2296  2296 W SystemConfig: No directory /product_services/etc/sysconfig, skipping
08-25 14:41:29.768  2296  2296 W SystemConfig: No directory /product_services/etc/permissions, skipping
08-25 14:41:29.778  2570  2570 W sdcard  : Device explicitly enabled sdcardfs
08-25 14:41:29.784  2000  2115 D NotificationSQLiteLog: Pruned event entries: 0
08-25 14:41:29.793  2296  2296 D PhoneSwitcherNetworkRequstListener: Registering NetworkFactory
08-25 14:41:29.795  2000  2111 D ConnectivityService: Got NetworkFactory Messenger for PhoneSwitcherNetworkRequstListener
08-25 14:41:29.810  1657  1657 D vold    : Waiting for FUSE to spin up...
08-25 14:41:29.817  2000  2111 D ConnectivityService: Got NetworkFactory Messenger for TelephonyNetworkFactory[0]
08-25 14:41:29.818  2296  2324 W m.android.phon: Long monitor contention with owner main (2296) at boolean libcore.io.Linux.access(java.lang.String, int)(Linux.java:-2) waiters=0 in com.android.internal.telephony.Phone com.android.internal.telephony.PhoneFactory.getPhone(int) for 133ms
08-25 14:41:29.864  2296  2573 E ActivityThread: Failed to find provider info for com.android.contacts
08-25 14:41:29.865  2296  2573 W CallerInfoCache: cursor is null
08-25 14:41:29.869  1838  1838 D installd: Found quota mount /dev/block/vdc at /data
08-25 14:41:29.869  1838  1838 D installd: Found storage mount /mnt/media_rw/1001-2F16 at /mnt/runtime/default/1001-2F16
08-25 14:41:29.870  2296  2296 D CarrierConfigLoader: CarrierConfigLoader has started
08-25 14:41:29.872  2296  2296 E BluetoothAdapter: Bluetooth binder is null
08-25 14:41:29.905  2000  2038 I ActivityTaskManager: Displayed com.android.settings/.FallbackHome: +1s74ms
08-25 14:41:29.915  2296  2317 W System  : A resource failed to call end. 
08-25 14:41:29.917  1648  1648 I hwservicemanager: getTransport: Cannot find entry android.hardware.radio.config@1.1::IRadioConfig/default in either framework or device manifest.
08-25 14:41:29.919  1648  1648 I hwservicemanager: getTransport: Cannot find entry android.hardware.radio.config@1.0::IRadioConfig/default in either framework or device manifest.
08-25 14:41:29.930  2141  2141 D StatusBar: disable<e i a s b h r c s > disable2<q i n >
08-25 14:41:29.930  2000  2183 I StatusBarManagerService: registerStatusBar bar=com.android.internal.statusbar.IStatusBar$Stub$Proxy@b8fb83f
08-25 14:41:29.950  2000  2183 D AlarmManagerService: Kernel timezone updated to -330 minutes west of GMT
08-25 14:41:29.958  2000  2183 D timedetector.SimpleTimeDetectorStrategy: adjustAndSetDeviceSystemClock: Not setting system clock. New time and system clock are close enough. elapsedRealtimeMillis=16553 newTime=TimestampedValue{mReferenceTimeMillis=8876, mValue=1661418683000} reason=New time signal systemClockUpdateThreshold=2000 absTimeDifference=719
08-25 14:41:29.963  2479  2479 W native  : cpu_feature_guard.cc:35 The TensorFlow library was compiled to use SSE instructions, but these aren't available on your machine.
08-25 14:41:29.963  2479  2479 W native  : cpu_feature_guard.cc:35 The TensorFlow library was compiled to use SSE2 instructions, but these aren't available on your machine.
08-25 14:41:29.963  2479  2479 W native  : cpu_feature_guard.cc:35 The TensorFlow library was compiled to use SSE3 instructions, but these aren't available on your machine.
08-25 14:41:29.963  2479  2479 W native  : commandlineflags.cc:972 Ignoring RegisterValidateFunction() for flag pointer 0xc6a58e3c: no flag found at that address
08-25 14:41:29.973  2000  2358 I DefaultPermGrantPolicy: Revoking permissions from disabled data services for user:0
08-25 14:41:29.975  2000  2358 I DefaultPermGrantPolicy: Granting permissions to enabled data services for user:0
08-25 14:41:30.056  2479  2479 I TransientFileCleaner: Deleting 0 files
08-25 14:41:30.069  2141  2141 E ndroid.systemu: Invalid ID 0x00000000.
08-25 14:41:30.072  2141  2141 I CameraManagerGlobal: Connecting to camera service
08-25 14:41:30.073  2479  2479 I TransientFileCleaner: Deleting 0 files
08-25 14:41:30.084  2479  2479 I LatinApp: initialize()
08-25 14:41:30.118  2479  2479 I ConfigNotification: Get device mode by ui mode:1 and smallestScreenWidthDp:480
08-25 14:41:30.151  2141  2141 E ndroid.systemu: Invalid ID 0x00000000.
08-25 14:41:30.161  2479  2579 I ModuleManager: Unexpected key 'preloaded_fonts' does not match 'module:'
08-25 14:41:30.162  2479  2579 I ModuleManager: Unexpected key 'com.google.android.partnersetup.RLZ_BOUNTY_ACCESS_POINT' does not match 'module:'
08-25 14:41:30.163  1648  1648 I hwservicemanager: getTransport: Cannot find entry android.hardware.radio.config@1.1::IRadioConfig/default in either framework or device manifest.
08-25 14:41:30.164  1648  1648 I hwservicemanager: getTransport: Cannot find entry android.hardware.radio.config@1.0::IRadioConfig/default in either framework or device manifest.
08-25 14:41:30.168  2000  2183 D ConnectivityService: requestNetwork for uid/pid:1001/2296 NetworkRequest [ TRACK_DEFAULT id=14, [ Capabilities: INTERNET&NOT_RESTRICTED&TRUSTED Uid: 1001] ]
08-25 14:41:30.169  1648  1648 I hwservicemanager: getTransport: Cannot find entry android.hardware.radio.config@1.1::IRadioConfig/default in either framework or device manifest.
08-25 14:41:30.169  1648  1648 I hwservicemanager: getTransport: Cannot find entry android.hardware.radio.config@1.0::IRadioConfig/default in either framework or device manifest.
08-25 14:41:30.170  2296  2296 D PhoneSwitcherNetworkRequstListener: got request NetworkRequest [ REQUEST id=7, [ Capabilities: INTERNET&NOT_RESTRICTED&TRUSTED&NOT_VPN] ] with score 0 and serial -1
08-25 14:41:30.170  2296  2296 D PhoneSwitcherNetworkRequstListener: got request NetworkRequest [ BACKGROUND_REQUEST id=2, [ Transports: CELLULAR Capabilities: INTERNET&NOT_RESTRICTED&TRUSTED&NOT_VPN] ] with score 0 and serial -1
08-25 14:41:30.170  2296  2296 D PhoneSwitcherNetworkRequstListener: got request NetworkRequest [ REQUEST id=1, [ Capabilities: INTERNET&NOT_RESTRICTED&TRUSTED&NOT_VPN] ] with score 0 and serial -1
08-25 14:41:30.170  2296  2296 D PhoneSwitcherNetworkRequstListener: got request NetworkRequest [ TRACK_DEFAULT id=10, [ Capabilities: INTERNET&NOT_RESTRICTED&TRUSTED Uid: 1000] ] with score 0 and serial -1
08-25 14:41:30.170  2296  2296 D PhoneSwitcherNetworkRequstListener: got request NetworkRequest [ TRACK_DEFAULT id=13, [ Capabilities: INTERNET&NOT_RESTRICTED&TRUSTED Uid: 10108] ] with score 0 and serial -1
08-25 14:41:30.171  2296  2296 D TelephonyDebugService: TelephonyDebugService()
08-25 14:41:30.174  2296  2296 D CarrierConfigLoader: mHandler: 12 phoneId: 0
08-25 14:41:30.213  2296  2296 D PhoneSwitcherNetworkRequstListener: got request NetworkRequest [ TRACK_DEFAULT id=14, [ Capabilities: INTERNET&NOT_RESTRICTED&TRUSTED Uid: 1001] ] with score 0 and serial 0
08-25 14:41:30.223  2479  2479 E putmethod.lati: Invalid ID 0x00000000.
08-25 14:41:30.249  2000  2105 W BestClock: java.time.DateTimeException: Missing NTP fix
08-25 14:41:30.250  2000  2105 W BestClock: java.time.DateTimeException: Missing NTP fix
08-25 14:41:30.250  1743  1743 I netd    : bandwidthSetGlobalAlert(2097152) <0.11ms>
08-25 14:41:30.270  2141  2141 D StatusBar: mUserSetupObserver - DeviceProvisionedListener called for user 0
08-25 14:41:30.277  2141  2141 D StatusBar: updateQsExpansionEnabled - QS Expand enabled: true
08-25 14:41:30.280  2000  2018 I WifiService: WifiService trying to set country code to us
08-25 14:41:30.280  2000  2018 I WifiService: setCountryCode uid=1001
08-25 14:41:30.280  2000  2018 D WifiCountryCode: Receive set country code request: us
08-25 14:41:30.280  2000  2018 D WifiCountryCode: updateCountryCode to US
08-25 14:41:30.281  2000  2018 D WifiCountryCode: Succeeded to set country code to: US
08-25 14:41:30.283  2000  2105 W BestClock: java.time.DateTimeException: Missing NTP fix
08-25 14:41:30.284  2000  2105 W BestClock: java.time.DateTimeException: Missing NTP fix
08-25 14:41:30.277  2141  2141 D StatusBar: mUserSetupObserver - DeviceProvisionedListener called for user 0
08-25 14:41:30.284  2141  2548 D OpenGLRenderer: profile bars disabled
08-25 14:41:30.285  2141  2548 D OpenGLRenderer: ambientRatio = 1.50
08-25 14:41:30.285  1743  1743 I netd    : bandwidthSetGlobalAlert(2097152) <0.08ms>
08-25 14:41:30.286  2000  2358 D AlarmManagerService: Kernel timezone updated to -330 minutes west of GMT
08-25 14:41:30.303  2296  2296 D ServiceStateProvider: subId=-1
08-25 14:41:30.306  2479  2579 I ModuleManager: Unexpected key 'com.google.android.backup.api_key' does not match 'module:'
08-25 14:41:30.316  2141  2141 E BluetoothAdapter: Bluetooth binder is null
08-25 14:41:30.322  1744  1744 D Zygote  : Forked child process 2591
08-25 14:41:30.323  2296  2296 I TelecomFramework: : onSubscriptionsChanged - update accounts
08-25 14:41:30.323  2296  2296 I TelecomFramework: TelecomAccountRegistry: setupAccounts: Found 1 phones.  Attempting to register.
08-25 14:41:30.323  2296  2296 I TelecomFramework: TelecomAccountRegistry: setupAccounts: Phone with subscription id -1
08-25 14:41:30.323  2296  2296 I TelecomFramework: TelecomAccountRegistry: setupAccounts: adding default
08-25 14:41:30.330  2141  2141 V WifiManager: registerSoftApCallback: callback=com.android.systemui.statusbar.policy.HotspotControllerImpl@edea765, handler=Handler (android.os.Handler) {8ec3c3a}
08-25 14:41:30.338  2296  2296 E PhoneInterfaceManager: [PhoneIntfMgr] getIccId: No UICC
08-25 14:41:30.339  2000  2040 I ActivityManager: Start proc 2591:com.android.cellbroadcastreceiver/u0a70 for broadcast {com.android.cellbroadcastreceiver/com.android.cellbroadcastreceiver.CellBroadcastReceiver}
08-25 14:41:30.341  2591  2591 W oadcastreceive: Unexpected CPU variant for X86 using defaults: x86
08-25 14:41:30.342  2296  2296 E PhoneInterfaceManager: [PhoneIntfMgr] isRttSupported: no Phone found. Invalid subId:-1
08-25 14:41:30.342  2141  2569 I SecurityController: failed to get CA certs
08-25 14:41:30.342  2141  2569 I SecurityController: java.lang.AssertionError: could not bind to KeyChainService
08-25 14:41:30.342  2141  2569 I SecurityController: 	at android.security.KeyChain.bindAsUser(KeyChain.java:814)
08-25 14:41:30.342  2141  2569 I SecurityController: 	at com.android.systemui.statusbar.policy.SecurityControllerImpl$CACertLoader.doInBackground(SecurityControllerImpl.java:415)
08-25 14:41:30.342  2141  2569 I SecurityController: 	at com.android.systemui.statusbar.policy.SecurityControllerImpl$CACertLoader.doInBackground(SecurityControllerImpl.java:411)
08-25 14:41:30.342  2141  2569 I SecurityController: 	at android.os.AsyncTask$3.call(AsyncTask.java:378)
08-25 14:41:30.342  2141  2569 I SecurityController: 	at java.util.concurrent.FutureTask.run(FutureTask.java:266)
08-25 14:41:30.342  2141  2569 I SecurityController: 	at android.os.AsyncTask$SerialExecutor$1.run(AsyncTask.java:289)
08-25 14:41:30.342  2141  2569 I SecurityController: 	at java.util.concurrent.ThreadPoolExecutor.runWorker(ThreadPoolExecutor.java:1167)
08-25 14:41:30.342  2141  2569 I SecurityController: 	at java.util.concurrent.ThreadPoolExecutor$Worker.run(ThreadPoolExecutor.java:641)
08-25 14:41:30.342  2141  2569 I SecurityController: 	at java.lang.Thread.run(Thread.java:919)
08-25 14:41:30.349  2479  2597 I ConfigNotification: Get device mode by ui mode:1 and smallestScreenWidthDp:480
08-25 14:41:30.356  2479  2479 I KeyboardViewUtil: systemKeyboardHeightRatio:1.000000; userKeyboardHeightRatio:1.000000.
08-25 14:41:30.357  2141  2141 E libc    : Access denied finding property "ro.vendor.aware_available"
08-25 14:41:30.357  2141  2141 D SystemUIBootTiming: StartServicescom.android.systemui.SystemBars took to complete: 894ms
08-25 14:41:30.374  2141  2141 D StorageNotification: Notifying about private volume: VolumeInfo{private}:
08-25 14:41:30.374  2141  2141 D StorageNotification:     type=PRIVATE diskId=null partGuid=null mountFlags=0 mountUserId=-10000 
08-25 14:41:30.374  2141  2141 D StorageNotification:     state=MOUNTED 
08-25 14:41:30.374  2141  2141 D StorageNotification:     fsType=null fsUuid=null fsLabel=null 
08-25 14:41:30.374  2141  2141 D StorageNotification:     path=/data internalPath=null 
08-25 14:41:30.374  2141  2141 D StorageNotification: Notifying about public volume: VolumeInfo{public:253,80}:
08-25 14:41:30.374  2141  2141 D StorageNotification:     type=PUBLIC diskId=disk:253,80 partGuid= mountFlags=VISIBLE mountUserId=0 
08-25 14:41:30.374  2141  2141 D StorageNotification:     state=MOUNTED 
08-25 14:41:30.374  2141  2141 D StorageNotification:     fsType=vfat fsUuid=1001-2F16 fsLabel=SDCARD 
08-25 14:41:30.374  2141  2141 D StorageNotification:     path=/storage/1001-2F16 internalPath=/mnt/media_rw/1001-2F16 
08-25 14:41:30.377  2000  2358 I Telecom : PhoneAccountRegistrar: New phone account registered: [[ ] PhoneAccount: ComponentInfo{com.android.phone/com.android.services.telephony.TelephonyConnectionService}, ***, UserHandle{0} Capabilities: CallProvider MultiUser PlaceEmerg SimSub  Audio Routes: BESW Schemes: tel voicemail  Extras: Bundle[{android.telecom.extra.SUPPORTS_VIDEO_CALLING_FALLBACK=true}] GroupId: ***]: TSI.rPA@AAY
08-25 14:41:30.381  2000  2358 I Telecom : CallsManager: Sending phone-account ComponentInfo{com.android.phone/com.android.services.telephony.TelephonyConnectionService}, ***, UserHandle{0} registered intent as user: TSI.rPA@AAY
08-25 14:41:30.382  2000  2358 I Telecom : CallsManager: Sending phone-account registered intent to default dialer: TSI.rPA@AAY
