08-26 09:32:48.083  4303  4507 E BufferQueueProducer: [com.google.android.apps.nexuslauncher/com.google.android.apps.nexuslauncher.NexusLauncherActivity#1] allocateBuffers: failed to allocate buffer (0 x 0, format 1, usage 0)
08-26 09:32:48.096  1763  1763 D gralloc_ranchu: gralloc_alloc: Creating ashmem region of size 17514496
08-26 09:32:48.100  4835  5537 D EGL_emulation: eglMakeCurrent: 0xe081a8a0: ver 2 0 (tinfo 0xe080f960)
08-26 09:32:48.147  1763  1763 D gralloc_ranchu: gralloc_alloc: Creating ashmem region of size 17514496
08-26 09:32:48.169  4348  4390 W InputReader: Device has associated, but no associated display id.
08-26 09:32:48.171  4348  4390 I chatty  : uid=1000(system) android.anim identical 8 lines
08-26 09:32:48.171  4348  4390 W InputReader: Device has associated, but no associated display id.
08-26 09:32:48.176  5256  5718 W ThreadPoolDumper: Queue length for executor EventBus is now 11. Perhaps some tasks are too long, or the pool is too small.
08-26 09:32:48.187  1763  1822 D gralloc_ranchu: gralloc_alloc: Creating ashmem region of size 17514496
08-26 09:32:48.194  1763  1763 D gralloc_ranchu: gralloc_alloc: Creating ashmem region of size 11210752
08-26 09:32:48.255  5256  5718 W SessionLifecycleManager: Handover failed. Creating new session controller.
08-26 09:32:48.280  4348  4348 W ActivityManager: Unable to start service Intent { act=android.service.appprediction.AppPredictionService cmp=com.google.android.as/com.google.android.apps.miphone.aiai.app.AiAiPredictionService } U=0: not found
08-26 09:32:48.280  4348  4348 W RemoteAppPredictionService: could not bind to Intent { act=android.service.appprediction.AppPredictionService cmp=com.google.android.as/com.google.android.apps.miphone.aiai.app.AiAiPredictionService } using flags 67108865
08-26 09:32:48.293  4511  4909 D EGL_emulation: eglMakeCurrent: 0xe87c5c40: ver 2 0 (tinfo 0xc83ddbb0)
08-26 09:32:48.322  4348  5377 E memtrack: Couldn't load memtrack module
08-26 09:32:48.322  4348  5377 W android.os.Debug: failed to get memory consumption info: -1
08-26 09:32:48.327  4511  4909 D EGL_emulation: eglMakeCurrent: 0xe87c5c40: ver 2 0 (tinfo 0xc83ddbb0)
08-26 09:32:48.360  5256  5718 I StreamController: registerScope: nowcards-15-e6a1-1a96
08-26 09:32:48.369  4511  4909 D EGL_emulation: eglMakeCurrent: 0xe87c5c40: ver 2 0 (tinfo 0xc83ddbb0)
08-26 09:32:48.404  4511  4909 I chatty  : uid=10108(com.android.systemui) RenderThread identical 1 line
08-26 09:32:48.435  4511  4909 D EGL_emulation: eglMakeCurrent: 0xe87c5c40: ver 2 0 (tinfo 0xc83ddbb0)
08-26 09:32:48.455  5256  5905 W GmsLocationProvider: Error removing location updates: 16
08-26 09:32:48.465  4511  4909 D EGL_emulation: eglMakeCurrent: 0xe87c5c40: ver 2 0 (tinfo 0xc83ddbb0)
08-26 09:32:48.508  4511  4909 I chatty  : uid=10108(com.android.systemui) RenderThread identical 1 line
08-26 09:32:48.514  4511  4909 D EGL_emulation: eglMakeCurrent: 0xe87c5c40: ver 2 0 (tinfo 0xc83ddbb0)
08-26 09:32:48.544  1763  1763 D gralloc_ranchu: gralloc_alloc: Creating ashmem region of size 17514496
08-26 09:32:48.564  5256  5881 W LocationOracle: No location history returned by ContextManager
08-26 09:32:48.612  5256  5273 I earchbox:searc: Background young concurrent copying GC freed 32504(1387KB) AllocSpace objects, 0(0B) LOS objects, 8% free, 10MB/11MB, paused 2.722ms total 129.895ms
08-26 09:32:48.629  4992  5034 I LogUtils: [Places]: ?: Couldn't find platform key file. [CONTEXT service_id=253 ]
08-26 09:32:48.667  4992  5832 W GCoreFlp: No location to return for getLastLocation()
08-26 09:32:48.709  4992  4992 I GeofencerStateMachine: removeGeofences: removeRequest=RemoveGeofencingRequest[REMOVE_BY_PENDING_INTENT pendingIntent=PendingIntent[creatorPackage=com.google.android.gms], packageName=com.google.android.gms]
08-26 09:32:48.728  4992  4992 I GeofencerStateMachine: removeGeofences: removeRequest=RemoveGeofencingRequest[REMOVE_BY_PENDING_INTENT pendingIntent=PendingIntent[creatorPackage=com.google.android.gms], packageName=com.google.android.gms]
08-26 09:32:48.735  4303  4313 E SurfaceFlinger: ro.sf.lcd_density must be defined as a build property
08-26 09:32:48.737  4303  4313 E SurfaceFlinger: ro.sf.lcd_density must be defined as a build property
08-26 09:32:48.739  4992  4992 I GeofencerStateMachine: removeGeofences: removeRequest=RemoveGeofencingRequest[REMOVE_BY_PENDING_INTENT pendingIntent=PendingIntent[creatorPackage=com.google.android.gms], packageName=com.google.android.gms]
08-26 09:32:48.741  4348  8492 D libEGL  : Emulator has host GPU support, qemu.gles is set to 1.
08-26 09:32:48.750  8380  8420 D EGL_emulation: eglMakeCurrent: 0xe081a1e0: ver 2 0 (tinfo 0xe080fab0)
08-26 09:32:48.757  4348  8492 W libc    : Unable to set property "qemu.gles" to "1": error code: 0x18
08-26 09:32:48.763  4348  8492 D libEGL  : loaded /vendor/lib/egl/libEGL_emulation.so
08-26 09:32:48.766  4348  8492 D libEGL  : loaded /vendor/lib/egl/libGLESv1_CM_emulation.so
08-26 09:32:48.771  8380  8380 I AppLifecycleTracker: onActivityStopped: 
08-26 09:32:48.772  8380  8380 I AppLifecycleTracker: App transition to background
08-26 09:32:48.777  4348  8492 D libEGL  : loaded /vendor/lib/egl/libGLESv2_emulation.so
08-26 09:32:48.791  8380  8380 I AppLifecycleTracker: onActivitySaveInstanceState: 
08-26 09:32:48.824  4348  8492 D HostConnection: HostConnection::get() New Host Connection established 0xdd30ab80, tid 8492
08-26 09:32:48.825  4348  8492 D HostConnection: HostComposition ext ANDROID_EMU_CHECKSUM_HELPER_v1 ANDROID_EMU_dma_v1 ANDROID_EMU_direct_mem ANDROID_EMU_host_composition_v1 ANDROID_EMU_host_composition_v2 ANDROID_EMU_vulkan ANDROID_EMU_deferred_vulkan_commands ANDROID_EMU_vulkan_null_optional_strings ANDROID_EMU_vulkan_create_resources_with_requirements ANDROID_EMU_YUV_Cache ANDROID_EMU_vulkan_ignored_handles ANDROID_EMU_vulkan_free_memory_sync ANDROID_EMU_vulkan_shader_float16_int8 ANDROID_EMU_vulkan_async_queue_submit ANDROID_EMU_sync_buffer_data GL_OES_vertex_array_object GL_KHR_texture_compression_astc_ldr ANDROID_EMU_host_side_tracing ANDROID_EMU_gles_max_version_2 
08-26 09:32:48.831  4348  8492 W OpenGLRenderer: Failed to choose config with EGL_SWAP_BEHAVIOR_PRESERVED, retrying without...
08-26 09:32:48.841  4348  8492 D EGL_emulation: eglCreateContext: 0xe87f6a00: maj 2 min 0 rcv 2
08-26 09:32:48.853  4348  8492 D EGL_emulation: eglMakeCurrent: 0xe87f6a00: ver 2 0 (tinfo 0xc47e8c30)
08-26 09:32:48.875  4992  8472 W ctxmgr  : [AclManager] No 3 for (accnt=account#1178712851#, com.google.android.gms(10116):UserVelocityProducer, vrsn=202414022, 0, 3pPkg = null ,  3pMdlId = null ,  pid = 4992). Was: 2 for 1, account#1178712851# [CONTEXT service_id=47 ]
08-26 09:32:48.906  4992  5034 I LogUtils: [Places]: ?: Couldn't find platform key file. [CONTEXT service_id=253 ]
08-26 09:32:48.905  4992  5832 W GCoreFlp: No location to return for getLastLocation()
08-26 09:32:49.021  4992  5034 I ctxmgr  : [ProducerStatusImpl] updateStateForNewContextData: inactive, contextName=7 [CONTEXT service_id=47 ]
08-26 09:32:49.055  4992  5846 I LogUtils: [Places]: ?: Couldn't find platform key file. [CONTEXT service_id=253 ]
08-26 09:32:49.081  4348  4367 I system_server: NativeAlloc concurrent copying GC freed 66140(2969KB) AllocSpace objects, 8(400KB) LOS objects, 34% free, 11MB/17MB, paused 507us total 154.555ms
08-26 09:32:49.109  4992  4992 I GeofencerStateMachine: removeGeofences: removeRequest=RemoveGeofencingRequest[REMOVE_BY_PENDING_INTENT pendingIntent=PendingIntent[creatorPackage=com.google.android.gms], packageName=com.google.android.gms]
08-26 09:32:49.120  4992  4992 I GeofencerStateMachine: removeGeofences: removeRequest=RemoveGeofencingRequest[REMOVE_BY_PENDING_INTENT pendingIntent=PendingIntent[creatorPackage=com.google.android.gms], packageName=com.google.android.gms]
08-26 09:32:49.142  4992  8497 I LogUtils: [Places]: ?: Couldn't find platform key file. [CONTEXT service_id=253 ]
08-26 09:32:49.142  4992  8495 I PlacesLogger: [PlaceInferenceEngine]: [anon] Changed inference mode: 0 [CONTEXT service_id=253 ]
08-26 09:32:49.142  4992  8497 I LogUtils: [Places]: ?: Couldn't find platform key file. [CONTEXT service_id=253 ]
08-26 09:32:49.145  4992  8497 I LogUtils: [Places]: ?: Couldn't find platform key file. [CONTEXT service_id=253 ]
08-26 09:32:49.148  4992  8495 I PlacesLogger: [PlaceInferenceEngine]: [account#1178712851] Changed inference mode: 0 [CONTEXT service_id=253 ]
08-26 09:32:49.157  4992  5832 W GCoreFlp: No location to return for getLastLocation()
08-26 09:32:49.182  4992  8497 I LogUtils: [Places]: ?: Couldn't find platform key file. [CONTEXT service_id=253 ]
08-26 09:32:49.221  4992  5832 W GCoreFlp: No location to return for getLastLocation()
08-26 09:32:49.318  1649  1649 E SELinux : avc:  denied  { find } for interface=android.hardware.memtrack::IMemtrack sid=u:r:priv_app:s0:c512,c768 pid=4992 scontext=u:r:priv_app:s0:c512,c768 tcontext=u:object_r:hal_memtrack_hwservice:s0 tclass=hwservice_manager permissive=0
08-26 09:32:49.320  4992  8501 E memtrack: Couldn't load memtrack module
08-26 09:32:49.320  4992  8501 W android.os.Debug: failed to get memory consumption info: -1
08-26 09:32:49.323  4992  8498 I LogUtils: [Places]: ?: Couldn't find platform key file. [CONTEXT service_id=253 ]
08-26 09:32:49.358  4992  6388 I LogUtils: [Places]: ?: Couldn't find platform key file. [CONTEXT service_id=253 ]
08-26 09:32:49.389  4992  5005 I .gms.persisten: Background young concurrent copying GC freed 66333(3578KB) AllocSpace objects, 20(784KB) LOS objects, 25% free, 10MB/14MB, paused 662us total 108.090ms
08-26 09:32:49.426  4992  8495 I LogUtils: [Places]: ?: PlacesBleScanner start() with priority 2 [CONTEXT service_id=253 ]
08-26 09:32:49.440  4992  4992 E BeaconBle: Missing BluetoothAdapter [CONTEXT service_id=111 ]
08-26 09:32:49.441  4992  4992 I BeaconBle: BLE 'KK+' software access layer enabled [CONTEXT service_id=111 ]
08-26 09:32:49.486  4992  8495 I PlacesLogger: [PlaceInferenceEngine]: [anon] Changed inference mode: 1 [CONTEXT service_id=253 ]
08-26 09:32:49.486  4992  8495 I PlacesLogger: [PlaceInferenceEngine]: [account#1178712851] Changed inference mode: 1 [CONTEXT service_id=253 ]
08-26 09:32:49.536  4992  5832 W GCoreFlp: No location to return for getLastLocation()
08-26 09:32:49.553  4992  4992 I BeaconBle: Client requested scan, settings=BleSettings [scanMode=ZERO_POWER, callbackType=ALL_MATCHES, reportDelayMillis=0, 1 filters, 0 clients, callingClientName=Places] [CONTEXT service_id=111 ]
08-26 09:32:49.574  4992  4992 I BeaconBle: Scan : No clients left, canceling alarm. [CONTEXT service_id=111 ]
08-26 09:32:49.576  4992  4992 E BeaconBle: Scan couldn't start for Places [CONTEXT service_id=111 ]
08-26 09:32:49.577  4992  4992 W Places  : BLE failure while scanning - code 5
08-26 09:32:49.874  4348  4372 D WificondControl: Scan result ready event
08-26 09:32:50.867  4305  4305 W audio_hw_generic: Not supplying enough data to HAL, expected position 1238293 , only wrote 1101887
08-26 09:32:52.938  4348  4413 D KernelCpuUidUserSysTimeReader: Removing uids 1037-1037
08-26 09:32:54.672  4348  4404 E memtrack: Couldn't load memtrack module
08-26 09:32:54.672  4348  4404 W android.os.Debug: failed to get memory consumption info: -1
08-26 09:32:56.161  1649  1649 E SELinux : avc:  denied  { find } for interface=android.hardware.memtrack::IMemtrack sid=u:r:priv_app:s0:c512,c768 pid=5184 scontext=u:r:priv_app:s0:c512,c768 tcontext=u:object_r:hal_memtrack_hwservice:s0 tclass=hwservice_manager permissive=0
08-26 09:32:56.161  5184  8508 E memtrack: Couldn't load memtrack module
08-26 09:32:56.161  5184  8508 W android.os.Debug: failed to get memory consumption info: -1
08-26 09:32:57.589  5184  8510 I Vision  : Requesting optional module download of ocr.
08-26 09:32:57.598  5184  8510 I Vision  : Checking for download completion for 369066 -- ocr
08-26 09:32:57.600  5184  8511 I ChimeraConfigurator: Starting update, reason: 4 urgentFeatures: vision.ocr:-1
08-26 09:32:57.601  5184  8511 E ConfigFileUtils: Failed to read config file: /data/user_de/0/com.google.android.gms/app_chimera/next_container.pb: open failed: ENOENT (No such file or directory)
08-26 09:32:57.621  5184  8511 I ChmraDebugLogger: [73] 1801
08-26 09:32:57.624  5184  8511 I ChmraDebugLogger: [30] [VisionOcr.optional:202414000700] permitMetered=true,
08-26 09:32:57.629  5184  8511 W ChimeraConfigService: Retry attempt was throttled.
08-26 09:33:00.012  8380  8380 I AlarmClock: Periodic: Executing periodic callback for MINUTE because the period ended
08-26 09:33:00.013  4511  4511 D KeyguardClockSwitch: Updating clock: 9î¸33
08-26 09:33:00.014  8380  8380 I AlarmClock: Periodic: Executing periodic callback for MINUTE because the period ended
08-26 09:33:00.016  8380  8380 I chatty  : uid=10131(com.google.android.deskclock) identical 5 lines
08-26 09:33:00.017  8380  8380 I AlarmClock: Periodic: Executing periodic callback for MINUTE because the period ended
08-26 09:33:00.020  4511  4909 D EGL_emulation: eglMakeCurrent: 0xe87c5c40: ver 2 0 (tinfo 0xc83ddbb0)
08-26 09:33:00.020  8380  8380 I AlarmClock: Periodic: Executing periodic callback for MINUTE because the period ended
08-26 09:33:00.020  8380  8380 I AlarmClock: Periodic: Executing periodic callback for MINUTE because the period ended
08-26 09:33:03.498  1649  1649 E SELinux : avc:  denied  { find } for interface=android.hardware.memtrack::IMemtrack sid=u:r:priv_app:s0:c512,c768 pid=6881 scontext=u:r:priv_app:s0:c512,c768 tcontext=u:object_r:hal_memtrack_hwservice:s0 tclass=hwservice_manager permissive=0
08-26 09:33:03.498  6881  8519 E memtrack: Couldn't load memtrack module
08-26 09:33:03.498  6881  8519 W android.os.Debug: failed to get memory consumption info: -1
08-26 09:33:06.408  7368  7500 D NetworkSecurityConfig: No Network Security Config specified, using platform default
08-26 09:33:06.835  4992  4992 W SystemServiceRegistry: No service published for: persistent_data_block
08-26 09:33:07.447  1880  1880 E netmgr  : Failed to open QEMU pipe 'qemud:network': Invalid argument
08-26 09:33:07.496  1890  1890 E wifi_forwarder: RemoteConnection failed to initialize: RemoteConnection failed to open pipe
08-26 09:33:07.622  5184  8534 I Vision  : Requesting optional module download of ocr.
08-26 09:33:07.622  5184  8534 I Vision  : Checking for download completion for 379090 -- ocr
08-26 09:33:11.121  4348  4404 E memtrack: Couldn't load memtrack module
08-26 09:33:11.121  4348  4404 W android.os.Debug: failed to get memory consumption info: -1
08-26 09:33:17.627  4348  4405 I ActivityManager: Killing 6881:com.google.android.gms.unstable/u0a116 (adj 985): empty #17
08-26 09:33:17.632  4348  4404 E memtrack: Couldn't load memtrack module
08-26 09:33:17.633  4348  4404 W android.os.Debug: failed to get memory consumption info: -1
08-26 09:33:17.646  5184  8536 I Vision  : Requesting optional module download of ocr.
08-26 09:33:17.679  4298  4298 I Zygote  : Process 6881 exited due to signal 9 (Killed)
08-26 09:33:17.712  4348  4407 I libprocessgroup: Successfully killed process cgroup uid 10116 pid 6881 in 83ms
08-26 09:33:26.252  1649  1649 E SELinux : avc:  denied  { find } for interface=android.hardware.memtrack::IMemtrack sid=u:r:priv_app:s0:c512,c768 pid=8194 scontext=u:r:priv_app:s0:c512,c768 tcontext=u:object_r:hal_memtrack_hwservice:s0 tclass=hwservice_manager permissive=0
08-26 09:33:26.252  8194  8540 E memtrack: Couldn't load memtrack module
08-26 09:33:26.252  8194  8540 W android.os.Debug: failed to get memory consumption info: -1
08-26 09:33:34.299  7963  8000 I Dialer  : OmtpVvmCarrierCfgHlpr - OmtpEvent:CONFIG_STATUS_SMS_TIME_OUT
08-26 09:33:34.299  7963  7963 I Dialer  : RetryPolicy - Retry limit for com.android.voicemail.impl.ActivationTask@69eb35c reached
08-26 09:33:34.300  7963  7963 I Dialer  : RetryPolicy - committing deferred status: configuration_state=4
08-26 09:33:34.305  4348  4404 E memtrack: Couldn't load memtrack module
08-26 09:33:34.305  4348  4404 W android.os.Debug: failed to get memory consumption info: -1
08-26 09:33:34.327  5158  8475 I VoicemailNotifier: receivers for android.intent.action.PROVIDER_CHANGED :[]
08-26 09:33:34.329  7963  7963 I Dialer  : VvmTaskExecutor - no more tasks, stopping service if no task are added in 5000 millis
08-26 09:33:39.371  7963  7963 I Dialer  : VvmTaskExecutor - Stopping service
08-26 09:33:39.372  7963  7963 I Dialer  : VvmTaskExecutor - finishing Job
08-26 09:33:39.372  7963  7963 I Dialer  : TaskSchedulerJobService - finishing job
08-26 09:33:39.390  7963  7963 I Dialer  : JobFinishedPoller.run - Job finished
08-26 09:33:39.390  7963  7963 I Dialer  : VvmTaskExecutor - terminated
