08-25 17:56:50.461  1849  1849 I MediaCodecsXmlParser: limit: size-range = 16x16-1920x1088
08-25 17:56:50.461  1849  1849 I MediaCodecsXmlParser: limit: alignment = 2x2
08-25 17:56:50.461  1849  1849 I MediaCodecsXmlParser: limit: block-size = 16x16
08-25 17:56:50.461  1849  1849 I MediaCodecsXmlParser: limit: blocks-per-second-range = 1-244800
08-25 17:56:50.461  1849  1849 I MediaCodecsXmlParser: limit: bitrate-range = 1-20000000
08-25 17:56:50.461  1849  1849 I MediaCodecsXmlParser: limit: feature-intra-refresh = 0
08-25 17:56:50.461  1849  1849 I MediaCodecsXmlParser: limit: size-range = 16x16-176x144
08-25 17:56:50.461  1849  1849 I MediaCodecsXmlParser: limit: alignment = 16x16
08-25 17:56:50.461  1849  1849 I MediaCodecsXmlParser: limit: block-size = 16x16
08-25 17:56:50.461  1849  1849 I MediaCodecsXmlParser: limit: blocks-per-second-range = 12-1485
08-25 17:56:50.461  1849  1849 I MediaCodecsXmlParser: limit: bitrate-range = 1-64000
08-25 17:56:50.461  1849  1849 I MediaCodecsXmlParser: limit: size-range = 2x2-2048x2048
08-25 17:56:50.461  1849  1849 I MediaCodecsXmlParser: limit: alignment = 2x2
08-25 17:56:50.461  1849  1849 I MediaCodecsXmlParser: limit: bitrate-range = 1-40000000
08-25 17:56:50.461  1849  1849 I MediaCodecsXmlParser: limit: feature-bitrate-modes = VBR,CBR
08-25 17:56:50.461  1849  1849 D MediaCodecsXmlParser: parsing /vendor/etc/media_codecs_performance.xml...
08-25 17:56:50.461  1849  1849 I MediaCodecsXmlParser: limit: measured-frame-rate-176x144-range = 849-1008
08-25 17:56:50.461  1849  1849 I MediaCodecsXmlParser: limit: measured-frame-rate-320x240-range = 496-629
08-25 17:56:50.461  1849  1849 I MediaCodecsXmlParser: limit: measured-frame-rate-720x480-range = 197-203
08-25 17:56:50.461  1849  1849 I MediaCodecsXmlParser: limit: measured-frame-rate-1280x720-range = 93-97
08-25 17:56:50.461  1849  1849 I MediaCodecsXmlParser: limit: measured-frame-rate-1920x1080-range = 45-47
08-25 17:56:50.461  1849  1849 I MediaCodecsXmlParser: limit: measured-frame-rate-176x144-range = 881-1142
08-25 17:56:50.461  1849  1849 I MediaCodecsXmlParser: limit: measured-frame-rate-320x180-range = 249-285
08-25 17:56:50.461  1849  1849 I MediaCodecsXmlParser: limit: measured-frame-rate-640x360-range = 104-115
08-25 17:56:50.461  1849  1849 I MediaCodecsXmlParser: limit: measured-frame-rate-1280x720-range = 34-35
08-25 17:56:50.461  1849  1849 I MediaCodecsXmlParser: limit: measured-frame-rate-1920x1080-range = 26-29
08-25 17:56:50.461  1849  1849 I MediaCodecsXmlParser: limit: measured-frame-rate-176x144-range = 1246-1390
08-25 17:56:50.461  1849  1849 I MediaCodecsXmlParser: limit: measured-frame-rate-352x288-range = 1121-1128
08-25 17:56:50.461  1849  1849 I MediaCodecsXmlParser: limit: measured-frame-rate-320x240-range = 299-629
08-25 17:56:50.461  1849  1849 I MediaCodecsXmlParser: limit: measured-frame-rate-720x480-range = 215-250
08-25 17:56:50.461  1849  1849 I MediaCodecsXmlParser: limit: measured-frame-rate-1280x720-range = 75-85
08-25 17:56:50.461  1849  1849 I MediaCodecsXmlParser: limit: measured-frame-rate-1920x1080-range = 31-34
08-25 17:56:50.461  1849  1849 I MediaCodecsXmlParser: limit: measured-frame-rate-352x288-range = 754-817
08-25 17:56:50.461  1849  1849 I MediaCodecsXmlParser: limit: measured-frame-rate-640x360-range = 323-394
08-25 17:56:50.461  1849  1849 I MediaCodecsXmlParser: limit: measured-frame-rate-720x480-range = 349-372
08-25 17:56:50.461  1849  1849 I MediaCodecsXmlParser: limit: measured-frame-rate-1280x720-range = 144-157
08-25 17:56:50.461  1849  1849 I MediaCodecsXmlParser: limit: measured-frame-rate-1920x1080-range = 74-85
08-25 17:56:50.462  1849  1849 I MediaCodecsXmlParser: limit: measured-frame-rate-176x144-range = 1439-1625
08-25 17:56:50.462  1849  1849 I MediaCodecsXmlParser: limit: measured-frame-rate-320x180-range = 1129-1261
08-25 17:56:50.462  1849  1849 I MediaCodecsXmlParser: limit: measured-frame-rate-640x360-range = 471-525
08-25 17:56:50.462  1849  1849 I MediaCodecsXmlParser: limit: measured-frame-rate-1280x720-range = 126-145
08-25 17:56:50.462  1849  1849 I MediaCodecsXmlParser: limit: measured-frame-rate-1920x1080-range = 48-51
08-25 17:56:50.462  1849  1849 I MediaCodecsXmlParser: limit: measured-frame-rate-2160x2160-range = 31-34
08-25 17:56:50.462  1849  1849 I MediaCodecsXmlParser: limit: measured-frame-rate-320x180-range = 968-1101
08-25 17:56:50.462  1849  1849 I MediaCodecsXmlParser: limit: measured-frame-rate-640x360-range = 291-338
08-25 17:56:50.462  1849  1849 I MediaCodecsXmlParser: limit: measured-frame-rate-1280x720-range = 280-400
08-25 17:56:50.462  1849  1849 I MediaCodecsXmlParser: limit: measured-frame-rate-1920x1080-range = 178-240
08-25 17:56:50.462  1849  1849 I MediaCodecsXmlParser: limit: measured-frame-rate-2560x1440-range = 31-34
08-25 17:56:50.462  1849  1849 D MediaCodecsXmlParser: Cannot find /data/misc/media/media_codecs_profiling_results.xml
08-25 17:56:50.463  1849  1849 I ServiceManagement: Registered android.hardware.media.omx@1.0::IOmxStore/default (start delay of 278ms)
08-25 17:56:50.463  1849  1849 I ServiceManagement: Removing namespace from process name android.hardware.media.omx@1.0-service to omx@1.0-service.
08-25 17:56:50.463  1647  1647 I hwservicemanager: getTransport: Cannot find entry android.hardware.graphics.allocator@3.0::IAllocator/default in either framework or device manifest.
08-25 17:56:50.463  1779  1779 W Gralloc3: allocator 3.x is not supported
08-25 17:56:50.464  1761  1817 D gralloc_ranchu: gralloc_alloc: Creating ashmem region of size 17514496
08-25 17:56:50.473  1779  1779 D HostConnection: createUnique: call
08-25 17:56:50.473  1779  1779 D HostConnection: HostConnection::get() New Host Connection established 0xea517e50, tid 1779
08-25 17:56:50.473  1779  1779 D HostConnection: HostComposition ext ANDROID_EMU_CHECKSUM_HELPER_v1 ANDROID_EMU_dma_v1 ANDROID_EMU_direct_mem ANDROID_EMU_host_composition_v1 ANDROID_EMU_host_composition_v2 ANDROID_EMU_vulkan ANDROID_EMU_deferred_vulkan_commands ANDROID_EMU_vulkan_null_optional_strings ANDROID_EMU_vulkan_create_resources_with_requirements ANDROID_EMU_YUV_Cache ANDROID_EMU_vulkan_ignored_handles ANDROID_EMU_vulkan_free_memory_sync ANDROID_EMU_vulkan_shader_float16_int8 ANDROID_EMU_vulkan_async_queue_submit ANDROID_EMU_sync_buffer_data GL_OES_vertex_array_object GL_KHR_texture_compression_astc_ldr ANDROID_EMU_host_side_tracing ANDROID_EMU_gles_max_version_2 
08-25 17:56:50.474  1779  1779 D eglCodecCommon: allocate: Ask for block of size 0x1000
08-25 17:56:50.474  1779  1779 D eglCodecCommon: allocate: ioctl allocate returned offset 0x3ffffa000 size 0x2000
08-25 17:56:50.474  1761  1761 D gralloc_ranchu: gralloc_alloc: Creating ashmem region of size 17514496
08-25 17:56:50.480  1845  1861 I ServiceManager: Waiting for service 'package_native' on '/dev/binder'...
08-25 17:56:50.482  1743  1743 I AndroidRuntime: Using default boot image
08-25 17:56:50.482  1743  1743 I AndroidRuntime: Leaving lock profiling enabled
08-25 17:56:50.482  1761  1761 D gralloc_ranchu: gralloc_alloc: Creating ashmem region of size 17514496
08-25 17:56:50.483  1842  1842 W BatteryNotifier: batterystats service unavailable!
08-25 17:56:50.487  1820  1820 I cameraserver: ServiceManager: 0xf2506b80
08-25 17:56:50.488  1820  1820 I CameraService: CameraService started (pid=1820)
08-25 17:56:50.488  1820  1820 I CameraService: CameraService process starting
08-25 17:56:50.490  1743  1743 I zygote  : option[0]=-Xzygote
08-25 17:56:50.490  1743  1743 I zygote  : option[1]=exit
08-25 17:56:50.490  1743  1743 I zygote  : option[2]=vfprintf
08-25 17:56:50.490  1743  1743 I zygote  : option[3]=sensitiveThread
08-25 17:56:50.490  1743  1743 I zygote  : option[4]=-verbose:gc
08-25 17:56:50.490  1743  1743 I zygote  : option[5]=-Xms4m
08-25 17:56:50.490  1743  1743 I zygote  : option[6]=-Xmx512m
08-25 17:56:50.490  1743  1743 I zygote  : option[7]=-Xusejit:true
08-25 17:56:50.490  1743  1743 I zygote  : option[8]=-Xjitsaveprofilinginfo
08-25 17:56:50.490  1743  1743 I zygote  : option[9]=-XjdwpOptions:suspend=n,server=y
08-25 17:56:50.490  1743  1743 I zygote  : option[10]=-XjdwpProvider:default
08-25 17:56:50.490  1743  1743 I zygote  : option[11]=-Xlockprofthreshold:500
08-25 17:56:50.490  1743  1743 I zygote  : option[12]=-Ximage-compiler-option
08-25 17:56:50.490  1743  1743 I zygote  : option[13]=--runtime-arg
08-25 17:56:50.490  1743  1743 I zygote  : option[14]=-Ximage-compiler-option
08-25 17:56:50.490  1743  1743 I zygote  : option[15]=-Xms64m
08-25 17:56:50.490  1743  1743 I zygote  : option[16]=-Ximage-compiler-option
08-25 17:56:50.490  1743  1743 I zygote  : option[17]=--runtime-arg
08-25 17:56:50.490  1743  1743 I zygote  : option[18]=-Ximage-compiler-option
08-25 17:56:50.490  1743  1743 I zygote  : option[19]=-Xmx64m
08-25 17:56:50.490  1743  1743 I zygote  : option[20]=-Ximage-compiler-option
08-25 17:56:50.490  1743  1743 I zygote  : option[21]=--profile-file=/system/etc/boot-image.prof
08-25 17:56:50.490  1743  1743 I zygote  : option[22]=-Ximage-compiler-option
08-25 17:56:50.490  1743  1743 I zygote  : option[23]=--compiler-filter=speed-profile
08-25 17:56:50.490  1743  1743 I zygote  : option[24]=-Xcompiler-option
08-25 17:56:50.490  1743  1743 I zygote  : option[25]=--runtime-arg
08-25 17:56:50.490  1743  1743 I zygote  : option[26]=-Xcompiler-option
08-25 17:56:50.490  1743  1743 I zygote  : option[27]=-Xms64m
08-25 17:56:50.490  1743  1743 I zygote  : option[28]=-Xcompiler-option
08-25 17:56:50.490  1743  1743 I zygote  : option[29]=--runtime-arg
08-25 17:56:50.490  1743  1743 I zygote  : option[30]=-Xcompiler-option
08-25 17:56:50.490  1743  1743 I zygote  : option[31]=-Xmx512m
08-25 17:56:50.490  1743  1743 I zygote  : option[32]=-Ximage-compiler-option
08-25 17:56:50.491  1743  1743 I zygote  : option[33]=--instruction-set-variant=x86
08-25 17:56:50.491  1743  1743 I zygote  : option[34]=-Xcompiler-option
08-25 17:56:50.491  1743  1743 I zygote  : option[35]=--instruction-set-variant=x86
08-25 17:56:50.491  1743  1743 I zygote  : option[36]=-Ximage-compiler-option
08-25 17:56:50.491  1743  1743 I zygote  : option[37]=--instruction-set-features=default
08-25 17:56:50.491  1743  1743 I zygote  : option[38]=-Xcompiler-option
08-25 17:56:50.491  1743  1743 I zygote  : option[39]=--instruction-set-features=default
08-25 17:56:50.491  1743  1743 I zygote  : option[40]=-Duser.locale=en-US
08-25 17:56:50.491  1743  1743 I zygote  : option[41]=--cpu-abilist=x86
08-25 17:56:50.491  1743  1743 I zygote  : option[42]=-Xcompiler-option
08-25 17:56:50.491  1743  1743 I zygote  : option[43]=--generate-mini-debug-info
08-25 17:56:50.491  1743  1743 I zygote  : option[44]=-Xcore-platform-api-policy:just-warn
08-25 17:56:50.491  1743  1743 I zygote  : option[45]=-Xfingerprint:google/sdk_gphone_x86/generic_x86:10/QSR1.210802.001/7603624:userdebug/dev-keys
08-25 17:56:50.491  1820  1820 W BatteryNotifier: batterystats service unavailable!
08-25 17:56:50.491  1820  1820 W BatteryNotifier: batterystats service unavailable!
08-25 17:56:50.492  1820  1820 I CameraProviderManager: Connecting to new camera provider: legacy/0, isRemote? 1
08-25 17:56:50.493  1820  1820 I CameraProviderManager: Enumerating new camera device: device@3.3/legacy/0
08-25 17:56:50.493  1820  1820 E CameraProviderManager: DeviceInfo3: Converted ICameraDevice instance to nullptr
08-25 17:56:50.493  1820  1820 I CameraProviderManager: Enumerating new camera device: device@3.3/legacy/1
08-25 17:56:50.493  1820  1820 E CameraProviderManager: DeviceInfo3: Converted ICameraDevice instance to nullptr
08-25 17:56:50.493  1820  1820 I CameraProviderManager: Camera provider legacy/0 ready with 2 camera devices
08-25 17:56:50.494  1647  1647 I hwservicemanager: getTransport: Cannot find entry android.hardware.camera.provider@2.4::ICameraProvider/external/0 in either framework or device manifest.
08-25 17:56:50.494  1820  1907 W CameraProviderManager: addProviderLocked: Camera provider HAL with name 'legacy/0' already registered
08-25 17:56:50.498  1820  1820 I CameraHardwareInterface: Opening camera 1
08-25 17:56:50.498  1820  1820 E CameraHardwareInterface: initialize: openSession failed! No such file or directory (-2)
08-25 17:56:50.498  1820  1820 E CameraFlashlight: connectCameraDevice: initializing camera 1 failed
08-25 17:56:50.498  1820  1820 I CameraHardwareInterface: Destroying camera 1
08-25 17:56:50.498  1820  1820 E CameraFlashlight: findFlashUnits: failed to check if camera 1 has a flash unit. No such file or directory (-2)
08-25 17:56:50.498  1820  1820 I CameraHardwareInterface: Opening camera 0
08-25 17:56:50.498  1820  1820 E CameraHardwareInterface: initialize: openSession failed! No such file or directory (-2)
08-25 17:56:50.498  1820  1820 E CameraFlashlight: connectCameraDevice: initializing camera 0 failed
08-25 17:56:50.498  1820  1820 I CameraHardwareInterface: Destroying camera 0
08-25 17:56:50.498  1820  1820 E CameraFlashlight: findFlashUnits: failed to check if camera 0 has a flash unit. No such file or directory (-2)
08-25 17:56:50.498  1820  1907 I CameraService: onDeviceStatusChanged: Status changed for cameraId=1, newStatus=1
08-25 17:56:50.499  1820  1907 I CameraService: onDeviceStatusChanged: Unknown camera ID 1, a new camera is added
08-25 17:56:50.499  1820  1907 I CameraService: onDeviceStatusChanged: Status changed for cameraId=0, newStatus=1
08-25 17:56:50.499  1820  1907 I CameraService: onDeviceStatusChanged: Unknown camera ID 0, a new camera is added
08-25 17:56:50.499  1820  1820 I CameraService: onDeviceStatusChanged: Status changed for cameraId=0, newStatus=1
08-25 17:56:50.499  1820  1820 I         : Waiting for activity service
08-25 17:56:50.517  1743  1743 I zygote  : Core platform API reporting enabled, enforcing=false
08-25 17:56:50.585  1845  1861 I ServiceManager: Waiting for service 'package_native' on '/dev/binder'...
08-25 17:56:50.589  1840  1840 E MediaExtractorFactory: couldn't opendir(/system/lib/extractors)
08-25 17:56:50.589  1912  1912 E netmgr  : Failed to open QEMU pipe 'qemud:network': Invalid argument
08-25 17:56:50.601  1917  1917 E wifi_forwarder: RemoteConnection failed to initialize: RemoteConnection failed to open pipe
08-25 17:56:50.609  1852  1852 I /apex/com.android.media.swcodec/bin/mediaswcodec: media swcodec service starting
08-25 17:56:50.610  1852  1852 W /apex/com.android.media.swcodec/bin/mediaswcodec: Could not read additional policy file '/vendor/etc/seccomp_policy/mediaswcodec.policy'
08-25 17:56:50.610  1852  1852 W /apex/com.android.media.swcodec/bin/mediaswcodec: libminijail[1852]: failed to get path of fd 4: No such file or directory
08-25 17:56:50.610  1852  1852 W /apex/com.android.media.swcodec/bin/mediaswcodec: libminijail[1852]: allowing syscall: socketcall
08-25 17:56:50.611  1852  1852 W /apex/com.android.media.swcodec/bin/mediaswcodec: libminijail[1852]: allowing syscall: writev
08-25 17:56:50.611  1852  1852 W /apex/com.android.media.swcodec/bin/mediaswcodec: libminijail[1852]: allowing syscall: fcntl64
08-25 17:56:50.611  1852  1852 W /apex/com.android.media.swcodec/bin/mediaswcodec: libminijail[1852]: allowing syscall: clock_gettime
08-25 17:56:50.611  1852  1852 W /apex/com.android.media.swcodec/bin/mediaswcodec: libminijail[1852]: compile_file: <fd>(34): nonexistent syscall 'newfstatat'
08-25 17:56:50.611  1852  1852 W /apex/com.android.media.swcodec/bin/mediaswcodec: libminijail[1852]: logging seccomp filter failures
08-25 17:56:50.612  1852  1852 I CodecServiceRegistrant: Creating software Codec2 service...
08-25 17:56:50.616  1921  1921 E hostapd : Configuration file: /data/vendor/wifi/hostapd/hostapd.conf
08-25 17:56:50.618  1852  1852 I ServiceManagement: Registered android.hardware.media.c2@1.0::IComponentStore/software (start delay of 422ms)
08-25 17:56:50.618  1852  1852 I CodecServiceRegistrant: Software Codec2 service created.
08-25 17:56:50.619  1921  1921 I hostapd : rfkill: Cannot get wiphy information
08-25 17:56:50.621  1921  1921 I hostapd : wlan1: interface state UNINITIALIZED->COUNTRY_UPDATE
08-25 17:56:50.656  1773  1773 I FastMixerState: sMaxFastTracks = 8
08-25 17:56:50.658  1773  1773 V MediaUtils: physMem: 2089164800
08-25 17:56:50.658  1773  1773 V MediaUtils: requested limit: 417832960
08-25 17:56:50.658  1773  1773 I libc    : malloc_limit: Allocation limit enabled, max size 417832960 bytes
08-25 17:56:50.659  1773  1773 I audioserver: ServiceManager: 0xe9406b80
08-25 17:56:50.659  1773  1773 W BatteryNotifier: batterystats service unavailable!
08-25 17:56:50.659  1647  1647 I hwservicemanager: getTransport: Cannot find entry android.hardware.audio@5.0::IDevicesFactory/default in either framework or device manifest.
08-25 17:56:50.661  1647  1647 I hwservicemanager: getTransport: Cannot find entry android.hardware.audio@4.0::IDevicesFactory/msd in either framework or device manifest.
08-25 17:56:50.661  1647  1647 I hwservicemanager: getTransport: Cannot find entry android.hardware.audio.effect@5.0::IEffectsFactory/default in either framework or device manifest.
08-25 17:56:50.663  1773  1773 I AudioFlinger: Using default 3000 mSec as standby time.
08-25 17:56:50.674  1773  1773 E APM::Serializer: deserialize: Could not parse /odm/etc/audio_policy_configuration.xml document.
08-25 17:56:50.678  1773  1773 E APM::AudioPolicyEngine/Config: parse: Could not parse document /vendor/etc/audio_policy_engine_configuration.xml
08-25 17:56:50.678  1773  1773 W APM::AudioPolicyEngine/Base: loadAudioPolicyEngineConfig: No configuration found, using default matching phone experience.
08-25 17:56:50.678  1773  1773 E APM::AudioPolicyEngine/Config: parseLegacyVolumeFile: Could not parse document /odm/etc/audio_policy_configuration.xml
08-25 17:56:50.684  1749  1749 D audio_hw_generic: Emulator host-side ALSA audio emulation detected.
08-25 17:56:50.684  1749  1749 D audio_hw_generic: mixer 0 name Master Playback Volume
08-25 17:56:50.684  1749  1749 D audio_hw_generic: set ctl 0 to 100
08-25 17:56:50.684  1749  1749 D audio_hw_generic: set ctl 1 to 100
08-25 17:56:50.684  1749  1749 D audio_hw_generic: mixer 1 name Master Playback Switch
08-25 17:56:50.684  1749  1749 D audio_hw_generic: set ctl 0 to 1
08-25 17:56:50.684  1749  1749 D audio_hw_generic: set ctl 1 to 1
08-25 17:56:50.684  1749  1749 D audio_hw_generic: mixer 2 name Capture Volume
08-25 17:56:50.684  1749  1749 D audio_hw_generic: set ctl 0 to 100
08-25 17:56:50.684  1749  1749 D audio_hw_generic: set ctl 1 to 100
08-25 17:56:50.684  1749  1749 D audio_hw_generic: mixer 3 name Capture Switch
08-25 17:56:50.685  1749  1749 D audio_hw_generic: set ctl 0 to 1
08-25 17:56:50.685  1749  1749 D audio_hw_generic: set ctl 1 to 1
08-25 17:56:50.685  1749  1749 D audio_hw_generic: mixer 4 name Line Phantom Jack
08-25 17:56:50.685  1749  1749 D audio_hw_generic: mixer 5 name Line Out Phantom Jack
08-25 17:56:50.685  1749  1749 D audio_hw_generic: mixer 6 name Playback Channel Map
08-25 17:56:50.685  1749  1749 D audio_hw_generic: mixer 7 name Capture Channel Map
08-25 17:56:50.686  1749  1749 W DeviceHAL: Error from HAL Device in function get_master_volume: Function not implemented
08-25 17:56:50.686  1845  1861 I ServiceManager: Waiting for service 'package_native' on '/dev/binder'...
08-25 17:56:50.686  1749  1749 W DeviceHAL: Error from HAL Device in function get_master_mute: Function not implemented
08-25 17:56:50.686  1749  1749 W DeviceHAL: Error from HAL Device in function set_master_volume: Function not implemented
08-25 17:56:50.686  1749  1749 W DeviceHAL: Error from HAL Device in function set_master_mute: Function not implemented
08-25 17:56:50.686  1773  1773 I AudioFlinger: loadHwModule() Loaded primary audio interface, handle 10
08-25 17:56:50.687  1773  1773 I AudioFlinger: openOutput() this 0xe943c000, module 10 Device 0x2, SamplingRate 44100, Format 0x000001, Channels 0x3, flags 0x2
08-25 17:56:50.691  1773  1773 W AudioFlinger: HAL output buffer size is 661 frames but AudioMixer requires multiples of 16 frames
08-25 17:56:50.691  1773  1773 I AudioFlinger: HAL output buffer size 661 frames, normal sink buffer size 1056 frames
08-25 17:56:50.692  1647  1647 I hwservicemanager: getTransport: Cannot find entry android.hardware.audio.effect@5.0::IEffectsFactory/default in either framework or device manifest.
08-25 17:56:50.703  1773  1773 I BufferProvider: found effect "Multichannel Downmix To Stereo" from The Android Open Source Project
08-25 17:56:50.704  1773  1938 I AudioFlinger: AudioFlinger's thread 0xe949f280 tid=1938 ready to run
08-25 17:56:50.705  1773  1773 I AudioFlinger: Using module 10 as the primary audio interface
08-25 17:56:50.705  1773  1938 W AudioFlinger: no wake lock to update, system not ready yet
08-25 17:56:50.708  1773  1938 W AudioFlinger: no wake lock to update, system not ready yet
08-25 17:56:50.709  1773  1773 V APM_AudioPolicyManager: checkAndSetVolume cannot set volume group 3 volume with force use = 0 for comm
08-25 17:56:50.716  1773  1773 W AudioFlinger: moveEffects() bad srcOutput 0
08-25 17:56:50.716  1773  1773 V APM_AudioPolicyManager: selectOutputForMusicEffects selected output 13
08-25 17:56:50.716  1773  1773 V APM_AudioPolicyManager: setOutputDevices device {type:0x2,@:} delayMs 0
08-25 17:56:50.716  1773  1773 V APM_AudioPolicyManager: setOutputDevices() prevDevice {type:0x2,@:}
08-25 17:56:50.716  1773  1773 V APM_AudioPolicyManager: setOutputDevices changing device to {type:0x2,@:}
08-25 17:56:50.718  1773  1773 V APM_AudioPolicyManager: setOutputDevices() AF::createAudioPatch returned 0 patchHandle 12 num_sources 1 num_sinks 1
08-25 17:56:50.720  1773  1773 V APM_AudioPolicyManager: checkAndSetVolume cannot set volume group 3 volume with force use = 0 for comm
08-25 17:56:50.730  1773  1940 I AudioFlinger: AudioFlinger's thread 0xe514eec0 tid=1940 ready to run
08-25 17:56:50.731  1773  1940 W AudioFlinger: no wake lock to update, system not ready yet
08-25 17:56:50.732  1773  1940 W AudioFlinger: no wake lock to update, system not ready yet
08-25 17:56:50.735  1749  1895 I r_submix: adev_open(name=audio_hw_if)
08-25 17:56:50.735  1749  1895 I r_submix: adev_init_check()
08-25 17:56:50.736  1749  1895 W DeviceHAL: Error from HAL Device in function set_master_volume: Function not implemented
08-25 17:56:50.736  1749  1895 W DeviceHAL: Error from HAL Device in function set_master_mute: Function not implemented
08-25 17:56:50.736  1773  1773 I AudioFlinger: loadHwModule() Loaded r_submix audio interface, handle 18
08-25 17:56:50.736  1749  1895 D r_submix: adev_open_input_stream(addr=0)
08-25 17:56:50.736  1749  1895 D r_submix: submix_audio_device_create_pipe_l(addr=0, idx=9)
08-25 17:56:50.736  1749  1895 D r_submix:   now using address 0 for route 9
08-25 17:56:50.739  1773  1942 I AudioFlinger: AudioFlinger's thread 0xe514e800 tid=1942 ready to run
08-25 17:56:50.739  1749  1749 I r_submix: in_standby()
08-25 17:56:50.742  1773  1942 W AudioFlinger: no wake lock to update, system not ready yet
08-25 17:56:50.742  1749  1749 I r_submix: in_standby()
08-25 17:56:50.743  1773  1942 W AudioFlinger: no wake lock to update, system not ready yet
08-25 17:56:50.744  1749  1749 D r_submix: adev_close_input_stream()
08-25 17:56:50.744  1749  1749 D r_submix: submix_audio_device_release_pipe_l(idx=9) addr=0
08-25 17:56:50.744  1749  1749 D r_submix: submix_audio_device_destroy_pipe_l(): pipe destroyed
08-25 17:56:50.746  1773  1773 I         : Waiting for activity service
08-25 17:56:50.786  1845  1861 I ServiceManager: Waiting for service 'package_native' on '/dev/binder'...
08-25 17:56:50.876  1742  1742 I netd    : Setting up StrictController hooks: 480.2ms
08-25 17:56:50.876  1742  1742 I ClatdController: 4.9+ kernel and device shipped with P - clat ebpf might work.
08-25 17:56:50.876  1742  1742 I netd    : Initializing ClatdController: 0.1ms
08-25 17:56:50.885  1742  1742 I netd    : Initializing traffic control: 8.9ms
08-25 17:56:50.887  1742  1742 I netd    : Enabling bandwidth control: 2.5ms
08-25 17:56:50.887  1845  1861 I ServiceManager: Waiting for service 'package_native' on '/dev/binder'...
08-25 17:56:50.887  1742  1742 E Netd    : cannot find interface dummy0
08-25 17:56:50.888  1742  1742 I netd    : Initializing RouteController: 0.8ms
08-25 17:56:50.888  1742  1742 D XfrmController: XfrmController::ipSecAddXfrmInterface, line=1379
08-25 17:56:50.888  1742  1742 D XfrmController: XfrmController::ipSecRemoveTunnelInterface, line=1592
08-25 17:56:50.888  1742  1742 D XfrmController: deviceName=ipsec_test
08-25 17:56:50.904  1743  1743 D ICU     : Time zone APEX file found: /apex/com.android.tzdata/etc/icu/icu_tzdata.dat
08-25 17:56:50.936  1742  1742 D XfrmController: Sending Netlink XFRM Message: XFRM_MSG_FLUSHSA
08-25 17:56:50.936  1742  1742 D XfrmController: Sending Netlink XFRM Message: XFRM_MSG_FLUSHPOLICY
08-25 17:56:50.936  1742  1742 I netd    : Initializing XfrmController: 48.0ms
08-25 17:56:50.936  1742  1742 E Netd    : Unable to create netlink socket for family 5: Protocol not supported
08-25 17:56:50.936  1742  1742 W Netd    : Unable to open qlog quota socket, check if xt_quota2 can send via UeventHandler
08-25 17:56:50.940  1742  1742 I libnetd_resolv: resolv_init: Initializing resolver
08-25 17:56:50.942  1742  1742 D MDnsDS  : MDnsSdListener::Hander starting up
08-25 17:56:50.942  1742  1962 D MDnsDS  : MDnsSdListener starting to monitor
08-25 17:56:50.942  1742  1962 D MDnsDS  : Going to poll with pollCount 1
08-25 17:56:50.943  1742  1742 I netd    : Registering NetdNativeService: 0.3ms
08-25 17:56:50.945  1742  1742 I ServiceManagement: Registered android.system.net.netd@1.1::INetd/default (start delay of 1099ms)
08-25 17:56:50.945  1742  1742 I netd    : Registering NetdHwService: 2.1ms
08-25 17:56:50.945  1742  1742 I netd    : Netd started in 1045ms
08-25 17:56:50.966  1743  1743 W zygote  : Unexpected CPU variant for X86 using defaults: x86
08-25 17:56:50.988  1845  1861 I ServiceManager: Waiting for service 'package_native' on '/dev/binder'...
08-25 17:56:51.022  1779  1779 D RenderEngine: shader cache generated - 48 shaders in 531.844482 ms
08-25 17:56:51.025  1779  1779 I ServiceManagement: Registered android.frameworks.displayservice@1.0::IDisplayService/default (start delay of 1050ms)
08-25 17:56:51.025  1779  1779 D SurfaceFlinger: Setting power mode 2 on display 0
08-25 17:56:51.029  1779  1779 D SurfaceFlinger: Finished setting power mode 2 on display 0
08-25 17:56:51.088  1845  1861 I ServiceManager: Waiting for service 'package_native' on '/dev/binder'...
08-25 17:56:51.093  1743  1743 W zygote  : JNI RegisterNativeMethods: attempt to register 0 native methods for android.media.AudioAttributes
08-25 17:56:51.107  1973  1973 D BootAnimation: BootAnimationStartTiming start time: 8861ms
08-25 17:56:51.107  1973  1973 D BootAnimation: BootAnimationPreloadTiming start time: 8862ms
08-25 17:56:51.114  1743  1743 D Zygote  : begin preload
08-25 17:56:51.115  1743  1743 I Zygote  : Calling ZygoteHooks.beginPreload()
08-25 17:56:51.147  1743  1743 D Zygote32Timing: BeginPreload took to complete: 34ms
08-25 17:56:51.147  1743  1743 I Zygote  : Preloading classes...
08-25 17:56:51.149  1743  1743 W Zygote  : Class not found for preloading: android.app.-$$Lambda$ActivityThread$ZXDWm3IBeFmLnFVblhB-IOZCr9o
08-25 17:56:51.158  1808  1808 I adbd    : adbd listening on port 5555
08-25 17:56:51.159  1808  1979 I adbd    : USB event: FUNCTIONFS_ENABLE
08-25 17:56:51.159  1808  1979 W adbd    : received FUNCTIONFS_ENABLE while not bound?
08-25 17:56:51.159  1808  1979 I adbd    : UsbFfs: connection terminated: monitor thread finished
08-25 17:56:51.164  1808  1808 I adbd    : UsbFfs: already offline
08-25 17:56:51.164  1808  1808 I adbd    : destroying transport UsbFfs
08-25 17:56:51.164  1808  1980 I adbd    : host-11: read thread spawning
08-25 17:56:51.164  1808  1981 I adbd    : host-11: write thread spawning
08-25 17:56:51.164  1808  1808 I adbd    : UsbFfsConnection being destroyed
08-25 17:56:51.189  1845  1861 I ServiceManager: Waiting for service 'package_native' on '/dev/binder'...
08-25 17:56:51.202  1743  1743 W Zygote  : Class not found for preloading: android.bluetooth.BluetoothA2dp$2
08-25 17:56:51.214  1743  1743 I PackageBackwardCompatibility: Could not find android.content.pm.AndroidTestBaseUpdater, ignoring
08-25 17:56:51.255  1808  1808 I adbd    : host-11: already offline
08-25 17:56:51.255  1808  1838 I adbd    : opening control endpoint /dev/usb-ffs/adb/ep0
08-25 17:56:51.263  1808  1838 I adbd    : UsbFfsConnection constructed
08-25 17:56:51.264  1808  1986 I adbd    : USB event: FUNCTIONFS_BIND
08-25 17:56:51.289  1973  1973 D BootAnimation: BootAnimationPreloadStopTiming start time: 9043ms
08-25 17:56:51.289  1845  1861 I ServiceManager: Waiting for service 'package_native' on '/dev/binder'...
08-25 17:56:51.290  1779  1876 E SurfaceFlinger: ro.sf.lcd_density must be defined as a build property
08-25 17:56:51.292  1973  1992 D libEGL  : Emulator has host GPU support, qemu.gles is set to 1.
08-25 17:56:51.296  1973  1992 D libEGL  : loaded /vendor/lib/egl/libEGL_emulation.so
08-25 17:56:51.297  1973  1992 D libEGL  : loaded /vendor/lib/egl/libGLESv1_CM_emulation.so
08-25 17:56:51.298  1973  1992 D libEGL  : loaded /vendor/lib/egl/libGLESv2_emulation.so
08-25 17:56:51.308  1973  1992 D HostConnection: HostConnection::get() New Host Connection established 0xec4f84a0, tid 1992
08-25 17:56:51.311  1973  1992 D HostConnection: HostComposition ext ANDROID_EMU_CHECKSUM_HELPER_v1 ANDROID_EMU_dma_v1 ANDROID_EMU_direct_mem ANDROID_EMU_host_composition_v1 ANDROID_EMU_host_composition_v2 ANDROID_EMU_vulkan ANDROID_EMU_deferred_vulkan_commands ANDROID_EMU_vulkan_null_optional_strings ANDROID_EMU_vulkan_create_resources_with_requirements ANDROID_EMU_YUV_Cache ANDROID_EMU_vulkan_ignored_handles ANDROID_EMU_vulkan_free_memory_sync ANDROID_EMU_vulkan_shader_float16_int8 ANDROID_EMU_vulkan_async_queue_submit ANDROID_EMU_sync_buffer_data GL_OES_vertex_array_object GL_KHR_texture_compression_astc_ldr ANDROID_EMU_host_side_tracing ANDROID_EMU_gles_max_version_2 
08-25 17:56:51.316  1761  1761 D gralloc_ranchu: gralloc_alloc: Creating ashmem region of size 17514496
08-25 17:56:51.328  1647  1647 I hwservicemanager: getTransport: Cannot find entry android.hardware.graphics.mapper@3.0::IMapper/default in either framework or device manifest.
08-25 17:56:51.328  1973  1992 W Gralloc3: mapper 3.x is not supported
08-25 17:56:51.331  1973  1992 D HostConnection: createUnique: call
08-25 17:56:51.331  1973  1992 D HostConnection: HostConnection::get() New Host Connection established 0xec4f84f0, tid 1992
08-25 17:56:51.332  1973  1992 D HostConnection: HostComposition ext ANDROID_EMU_CHECKSUM_HELPER_v1 ANDROID_EMU_dma_v1 ANDROID_EMU_direct_mem ANDROID_EMU_host_composition_v1 ANDROID_EMU_host_composition_v2 ANDROID_EMU_vulkan ANDROID_EMU_deferred_vulkan_commands ANDROID_EMU_vulkan_null_optional_strings ANDROID_EMU_vulkan_create_resources_with_requirements ANDROID_EMU_YUV_Cache ANDROID_EMU_vulkan_ignored_handles ANDROID_EMU_vulkan_free_memory_sync ANDROID_EMU_vulkan_shader_float16_int8 ANDROID_EMU_vulkan_async_queue_submit ANDROID_EMU_sync_buffer_data GL_OES_vertex_array_object GL_KHR_texture_compression_astc_ldr ANDROID_EMU_host_side_tracing ANDROID_EMU_gles_max_version_2 
08-25 17:56:51.332  1973  1992 D eglCodecCommon: allocate: Ask for block of size 0x1000
08-25 17:56:51.332  1973  1992 D eglCodecCommon: allocate: ioctl allocate returned offset 0x3ffff8000 size 0x2000
08-25 17:56:51.341  1973  1992 D EGL_emulation: eglCreateContext: 0xec5265a0: maj 1 min 0 rcv 1
08-25 17:56:51.389  1845  1861 I ServiceManager: Waiting for service 'package_native' on '/dev/binder'...
08-25 17:56:51.490  1845  1861 I chatty  : uid=0(root) /system/bin/storaged identical 1 line
08-25 17:56:51.592  1845  1861 I ServiceManager: Waiting for service 'package_native' on '/dev/binder'...
08-25 17:56:51.603  1973  1992 D EGL_emulation: eglMakeCurrent: 0xec5265a0: ver 1 0 (tinfo 0xec4bb0c0)
08-25 17:56:51.640  1973  1992 D BootAnimation: BootAnimationShownTiming start time: 9394ms
08-25 17:56:51.640  1973  2025 E BootAnimation: Could not add watch for /data/system
08-25 17:56:51.670  1779  1876 D HostConnection: HostConnection::get() New Host Connection established 0xe832e460, tid 1876
08-25 17:56:51.671  1779  1876 D HostConnection: HostComposition ext ANDROID_EMU_CHECKSUM_HELPER_v1 ANDROID_EMU_dma_v1 ANDROID_EMU_direct_mem ANDROID_EMU_host_composition_v1 ANDROID_EMU_host_composition_v2 ANDROID_EMU_vulkan ANDROID_EMU_deferred_vulkan_commands ANDROID_EMU_vulkan_null_optional_strings ANDROID_EMU_vulkan_create_resources_with_requirements ANDROID_EMU_YUV_Cache ANDROID_EMU_vulkan_ignored_handles ANDROID_EMU_vulkan_free_memory_sync ANDROID_EMU_vulkan_shader_float16_int8 ANDROID_EMU_vulkan_async_queue_submit ANDROID_EMU_sync_buffer_data GL_OES_vertex_array_object GL_KHR_texture_compression_astc_ldr ANDROID_EMU_host_side_tracing ANDROID_EMU_gles_max_version_2 
08-25 17:56:51.671  1761  1761 D gralloc_ranchu: gralloc_alloc: Creating ashmem region of size 17514496
08-25 17:56:51.682  1779  1779 I SurfaceFlinger: Enter boot animation
08-25 17:56:51.693  1845  1861 I ServiceManager: Waiting for service 'package_native' on '/dev/binder'...
08-25 17:56:51.757  1743  1743 E ActivityRecognitionHardware: activity_recognition HAL is deprecated. class_init is effectively a no-op
08-25 17:56:51.794  1845  1861 I ServiceManager: Waiting for service 'package_native' on '/dev/binder'...
08-25 17:56:51.822  1743  1743 I zygote  : Thread[1,tid=1743,Native,Thread*=0xf1dab800,peer=0x12c02200,"main"] recursive attempt to load library "libmedia_jni.so"
08-25 17:56:51.822  1743  1743 D MtpDeviceJNI: register_android_mtp_MtpDevice
08-25 17:56:51.822  1743  1743 I zygote  : Thread[1,tid=1743,Native,Thread*=0xf1dab800,peer=0x12c02200,"main"] recursive attempt to load library "libmedia_jni.so"
08-25 17:56:51.823  1743  1743 I zygote  : Thread[1,tid=1743,Native,Thread*=0xf1dab800,peer=0x12c02200,"main"] recursive attempt to load library "libmedia_jni.so"
08-25 17:56:51.835  1743  1743 W Zygote  : Class not found for preloading: android.media.audiopolicy.AudioProductStrategies
08-25 17:56:51.835  1743  1743 W Zygote  : Class not found for preloading: android.media.audiopolicy.AudioVolumeGroups
08-25 17:56:51.895  1845  1861 I ServiceManager: Waiting for service 'package_native' on '/dev/binder'...
08-25 17:56:51.947  1808  1986 I adbd    : USB event: FUNCTIONFS_ENABLE
08-25 17:56:51.993  1743  1743 W Zygote  : Class not found for preloading: android.view.textclassifier.-$$Lambda$TextClassificationManager$JIaezIJbMig_-kVzN6oArzkTsJE
08-25 17:56:51.996  1845  1861 I ServiceManager: Waiting for service 'package_native' on '/dev/binder'...
08-25 17:56:52.012  1743  1743 W Zygote  : Class not found for preloading: com.android.internal.net.NetworkStatsFactory
08-25 17:56:52.028  1743  1743 W Zygote  : Class not found for preloading: com.android.internal.telephony.-$$Lambda$PhoneSubInfoController$8HFbCDJDN1mrLJG980qYH5MGqMk
08-25 17:56:52.028  1743  1743 W Zygote  : Class not found for preloading: com.android.internal.telephony.-$$Lambda$PhoneSubInfoController$U28a_EGx2cvmQhDfRRgonMt5Zrc
08-25 17:56:52.029  1743  1743 W Zygote  : Class not found for preloading: com.android.internal.telephony.-$$Lambda$SubscriptionInfoUpdater$-zZXM9oMRZ3vZz7dJOG19J00Bmw
08-25 17:56:52.029  1743  1743 W Zygote  : Class not found for preloading: com.android.internal.telephony.-$$Lambda$SubscriptionInfoUpdater$D5yF1HbS4cvCyoAj3FESkPtA_0g
08-25 17:56:52.029  1743  1743 W Zygote  : Class not found for preloading: com.android.internal.telephony.-$$Lambda$SubscriptionInfoUpdater$MMx9iQX0JVqqMPLTUZhdBubFSzU
08-25 17:56:52.055  1743  1743 W Zygote  : Class not found for preloading: com.android.internal.telephony.PhoneConfigurationModels
08-25 17:56:52.063  1743  1743 W Zygote  : Class not found for preloading: com.android.internal.telephony.SubscriptionController$ScLocalLog
08-25 17:56:52.067  1743  1743 W Zygote  : Class not found for preloading: com.android.internal.telephony.UiccSmsController
08-25 17:56:52.097  1845  1861 I ServiceManager: Waiting for service 'package_native' on '/dev/binder'...
08-25 17:56:52.108  1743  1743 I Zygote  : ...preloaded 7590 classes in 961ms.
08-25 17:56:52.108  1743  1743 I zygote  : VMRuntime.preloadDexCaches starting
08-25 17:56:52.125  1743  1743 I zygote  : VMRuntime.preloadDexCaches strings total=378948 before=9925 after=9925
08-25 17:56:52.125  1743  1743 I zygote  : VMRuntime.preloadDexCaches types total=35812 before=7199 after=7467
08-25 17:56:52.125  1743  1743 I zygote  : VMRuntime.preloadDexCaches fields total=160603 before=8020 after=8221
08-25 17:56:52.125  1743  1743 I zygote  : VMRuntime.preloadDexCaches methods total=281511 before=10884 after=11316
08-25 17:56:52.125  1743  1743 I zygote  : VMRuntime.preloadDexCaches finished
08-25 17:56:52.125  1743  1743 D Zygote32Timing: PreloadClasses took to complete: 978ms
08-25 17:56:52.129  1743  1743 I zygote  : The ClassLoaderContext is a special shared library.
08-25 17:56:52.130  1743  1743 D ApplicationLoaders: Created zygote-cached class loader: /system/framework/android.hidl.base-V1.0-java.jar
08-25 17:56:52.133  1743  1743 I zygote  : The ClassLoaderContext is a special shared library.
08-25 17:56:52.133  1743  1743 D ApplicationLoaders: Created zygote-cached class loader: /system/framework/android.hidl.manager-V1.0-java.jar
08-25 17:56:52.133  1743  1743 D Zygote32Timing: CacheNonBootClasspathClassLoaders took to complete: 8ms
08-25 17:56:52.198  1845  1861 I ServiceManager: Waiting for service 'package_native' on '/dev/binder'...
08-25 17:56:52.300  1845  1861 I ServiceManager: Waiting for service 'package_native' on '/dev/binder'...
08-25 17:56:52.392  1743  1743 I Zygote  : Preloading resources...
08-25 17:56:52.400  1845  1861 I ServiceManager: Waiting for service 'package_native' on '/dev/binder'...
08-25 17:56:52.412  1743  1743 W Resources: Preloaded drawable resource #0x108027c (android:drawable/dialog_background_material) that varies with configuration!!
08-25 17:56:52.422  1743  1743 I Zygote  : ...preloaded 64 resources in 31ms.
08-25 17:56:52.425  1743  1743 I Zygote  : ...preloaded 41 resources in 2ms.
08-25 17:56:52.425  1743  1743 D Zygote32Timing: PreloadResources took to complete: 291ms
08-25 17:56:52.429  1743  1743 I Zygote  : Preloading shared libraries...
08-25 17:56:52.437  1743  1743 I Zygote  : Called ZygoteHooks.endPreload()
08-25 17:56:52.437  1743  1743 I Zygote  : Installed AndroidKeyStoreProvider in 0ms.
08-25 17:56:52.440  1743  1743 I Zygote  : Warmed up JCA providers in 3ms.
08-25 17:56:52.440  1743  1743 D Zygote  : end preload
08-25 17:56:52.440  1743  1743 D Zygote32Timing: ZygotePreload took to complete: 1327ms
08-25 17:56:52.441  1743  1743 I zygote  : Waiting for a blocking GC Explicit
08-25 17:56:52.453  1743  1743 I zygote  : Explicit concurrent copying GC freed 7728(288KB) AllocSpace objects, 0(0B) LOS objects, 72% free, 2353KB/8497KB, paused 280us total 8.539ms
08-25 17:56:52.461  1743  1743 I zygote  : Explicit concurrent copying GC freed 13(32KB) AllocSpace objects, 0(0B) LOS objects, 72% free, 2353KB/8497KB, paused 546us total 7.292ms
08-25 17:56:52.461  1743  1743 D Zygote32Timing: PostZygoteInitGC took to complete: 21ms
08-25 17:56:52.461  1743  1743 D Zygote32Timing: ZygoteInit took to complete: 1348ms
08-25 17:56:52.501  1845  1861 I ServiceManager: Waiting for service 'package_native' on '/dev/binder'...
08-25 17:56:52.531  1743  1743 D Zygote  : Forked child process 2051
08-25 17:56:52.531  1743  1743 I Zygote  : System server process 2051 has been created
08-25 17:56:52.542  1743  1743 I Zygote  : Accepting command socket connections
08-25 17:56:52.554  2051  2051 I system_server: The ClassLoaderContext is a special shared library.
08-25 17:56:52.586  2051  2051 I chatty  : uid=1000 system_server identical 2 lines
08-25 17:56:52.595  2051  2051 I system_server: The ClassLoaderContext is a special shared library.
08-25 17:56:52.596  2051  2051 W system_server: Unexpected CPU variant for X86 using defaults: x86
08-25 17:56:52.602  1845  1861 I ServiceManager: Waiting for service 'package_native' on '/dev/binder'...
08-25 17:56:52.641  2051  2051 I SystemServer: InitBeforeStartServices
08-25 17:56:52.642  2074  2074 W cmd     : Can't find service package
08-25 17:56:52.645  2051  2051 I SystemServer: Entered the Android system server!
08-25 17:56:52.656  2077  2077 W cmd     : Can't find service package
08-25 17:56:52.704  1845  1861 I ServiceManager: Waiting for service 'package_native' on '/dev/binder'...
08-25 17:56:52.805  1845  1861 I ServiceManager: Waiting for service 'package_native' on '/dev/binder'...
08-25 17:56:52.838  2051  2051 E UsbAlsaJackDetectorJNI: Can't register UsbAlsaJackDetector native methods
08-25 17:56:52.862  2051  2051 D SystemServerTiming: InitBeforeStartServices took to complete: 221ms
08-25 17:56:52.862  2051  2051 I SystemServer: StartServices
08-25 17:56:52.862  2051  2051 I SystemServer: StartWatchdog
08-25 17:56:52.878  2051  2051 D SystemServerTiming: StartWatchdog took to complete: 16ms
08-25 17:56:52.879  2051  2051 I SystemServer: Reading configuration...
08-25 17:56:52.879  2051  2051 I SystemServer: ReadingSystemConfig
08-25 17:56:52.879  2051  2051 D SystemServerTiming: ReadingSystemConfig took to complete: 1ms
08-25 17:56:52.879  2051  2051 I SystemServer: StartInstaller
08-25 17:56:52.880  2051  2051 I SystemServiceManager: Starting com.android.server.pm.Installer
08-25 17:56:52.880  2051  2087 D SystemServerInitThreadPool: Started executing ReadingSystemConfig
08-25 17:56:52.887  1828  1847 D installd: Found quota mount /dev/block/vdc at /data
08-25 17:56:52.889  2051  2051 D SystemServerTiming: StartInstaller took to complete: 10ms
08-25 17:56:52.889  2051  2051 I SystemServer: DeviceIdentifiersPolicyService
08-25 17:56:52.889  2051  2051 I SystemServiceManager: Starting com.android.server.os.DeviceIdentifiersPolicyService
08-25 17:56:52.889  2051  2051 D SystemServerTiming: DeviceIdentifiersPolicyService took to complete: 0ms
08-25 17:56:52.890  2051  2051 I SystemServer: UriGrantsManagerService
08-25 17:56:52.890  2051  2051 I SystemServiceManager: Starting com.android.server.uri.UriGrantsManagerService$Lifecycle
08-25 17:56:52.898  2051  2051 D SystemServerTiming: UriGrantsManagerService took to complete: 8ms
08-25 17:56:52.898  2051  2051 I SystemServer: StartActivityManager
08-25 17:56:52.898  2051  2051 I SystemServiceManager: Starting com.android.server.wm.ActivityTaskManagerService$Lifecycle
08-25 17:56:52.905  1845  1861 I ServiceManager: Waiting for service 'package_native' on '/dev/binder'...
08-25 17:56:52.909  2051  2051 I SystemServiceManager: Starting com.android.server.am.ActivityManagerService$Lifecycle
08-25 17:56:52.917  2051  2087 I SystemConfig: Adding association: com.google.android.as <- com.android.providers.contacts
08-25 17:56:52.917  2051  2087 I SystemConfig: Adding association: com.google.android.as <- com.android.providers.media
08-25 17:56:52.917  2051  2087 I SystemConfig: Adding association: com.google.android.as <- com.android.providers.telephony
08-25 17:56:52.917  2051  2087 I SystemConfig: Adding association: com.google.android.as <- com.android.systemui
08-25 17:56:52.917  2051  2087 I SystemConfig: Adding association: com.google.android.as <- com.google.android.gms
08-25 17:56:52.917  2051  2087 I SystemConfig: Adding association: com.google.android.as <- com.google.android.gsf
08-25 17:56:52.934  2051  2051 I ActivityManager: Memory class: 512
08-25 17:56:52.937  2051  2087 W SystemConfig: No directory /product_services/etc/sysconfig, skipping
08-25 17:56:52.937  2051  2087 W SystemConfig: No directory /product_services/etc/permissions, skipping
08-25 17:56:52.937  2051  2087 D SystemServerInitThreadPool: Finished executing ReadingSystemConfig
08-25 17:56:52.952  2051  2051 D BatteryStatsImpl: Reading daily items from /data/system/batterystats-daily.xml
08-25 17:56:52.964  1647  1647 I hwservicemanager: getTransport: Cannot find entry android.hardware.power.stats@1.0::IPowerStats/default in either framework or device manifest.
08-25 17:56:52.965  2051  2094 I BatteryStatsService: Using power HAL
08-25 17:56:52.965  2051  2094 E BatteryStatsService: Unable to load Power.Stats.HAL. Setting rail availability to false
08-25 17:56:52.965  2051  2094 E BluetoothAdapter: Bluetooth binder is null
08-25 17:56:52.966  2051  2094 E BatteryExternalStatsWorker: no controller energy info supplied for telephony
08-25 17:56:52.979  2051  2094 E KernelCpuUidFreqTimeReader: Failed to read /proc/uid_time_in_state: java.nio.file.NoSuchFileException: /proc/uid_time_in_state
08-25 17:56:52.983  1647  1647 I hwservicemanager: getTransport: Cannot find entry android.hardware.memtrack@1.0::IMemtrack/default in either framework or device manifest.
08-25 17:56:52.984  2051  2051 E memtrack: Couldn't load memtrack module
08-25 17:56:52.984  2051  2051 W android.os.Debug: failed to get memory consumption info: -1
08-25 17:56:52.984  2051  2094 W KernelCpuProcStringReader: File not found. It's normal if not implemented: /proc/uid_time_in_state
08-25 17:56:52.985  2051  2094 W KernelCpuProcStringReader: File not found. It's normal if not implemented: /proc/uid_concurrent_active_time
08-25 17:56:52.985  2051  2094 W KernelCpuProcStringReader: File not found. It's normal if not implemented: /proc/uid_concurrent_policy_time
08-25 17:56:52.986  2051  2094 W KernelMemoryBandwidthStats: No kernel memory bandwidth stats available
08-25 17:56:52.988  2051  2094 I PowerManagerService-JNI: Loaded power HAL 1.0 service
08-25 17:56:52.988  2051  2094 I PowerManagerService-JNI: Loaded power HAL 1.1 service
08-25 17:56:52.999  2051  2051 I IntentFirewall: Read new rules (A:0 B:0 S:0)
08-25 17:56:53.005  1845  1861 I ServiceManager: Waiting for service 'package_native' on '/dev/binder'...
08-25 17:56:53.031  2051  2051 D AppOps  : AppOpsService published
08-25 17:56:53.040  2051  2051 D SystemServerTiming: StartActivityManager took to complete: 142ms
08-25 17:56:53.040  2051  2051 I SystemServer: StartPowerManager
08-25 17:56:53.040  2051  2051 I SystemServiceManager: Starting com.android.server.power.PowerManagerService
08-25 17:56:53.052  2051  2051 D SystemServerTiming: StartPowerManager took to complete: 13ms
08-25 17:56:53.052  2051  2051 I SystemServer: StartThermalManager
08-25 17:56:53.052  2051  2051 I SystemServiceManager: Starting com.android.server.power.ThermalManagerService
08-25 17:56:53.053  2051  2051 D SystemServerTiming: StartThermalManager took to complete: 0ms
08-25 17:56:53.053  2051  2051 I SystemServer: InitPowerManagement
08-25 17:56:53.054  2051  2051 D SystemServerTiming: InitPowerManagement took to complete: 1ms
08-25 17:56:53.054  2051  2051 I SystemServer: StartRecoverySystemService
08-25 17:56:53.054  2051  2051 I SystemServiceManager: Starting com.android.server.RecoverySystemService
08-25 17:56:53.055  2051  2051 D SystemServerTiming: StartRecoverySystemService took to complete: 1ms
08-25 17:56:53.056  2051  2051 V RescueParty: Disabled because of active USB connection
08-25 17:56:53.056  2051  2051 I SystemServer: StartLightsService
08-25 17:56:53.056  2051  2051 I SystemServiceManager: Starting com.android.server.lights.LightsService
08-25 17:56:53.063  2051  2051 D SystemServerTiming: StartLightsService took to complete: 8ms
08-25 17:56:53.063  2051  2051 I SystemServer: StartSidekickService
08-25 17:56:53.063  2051  2051 D SystemServerTiming: StartSidekickService took to complete: 0ms
08-25 17:56:53.063  2051  2051 I SystemServer: StartDisplayManager
08-25 17:56:53.063  2051  2051 I SystemServiceManager: Starting com.android.server.display.DisplayManagerService
08-25 17:56:53.069  2051  2051 D SystemServerTiming: StartDisplayManager took to complete: 5ms
08-25 17:56:53.069  2051  2051 I SystemServer: WaitForDisplay
08-25 17:56:53.069  2051  2051 I SystemServiceManager: Starting phase 100
08-25 17:56:53.072  1779  2100 E SurfaceFlinger: ro.sf.lcd_density must be defined as a build property
08-25 17:56:53.079  2051  2083 I DisplayManagerService: Display device added: DisplayDeviceInfo{"Built-in Screen": uniqueId="local:0", 1440 x 3040, modeId 1, defaultModeId 1, supportedModes [{id=1, width=1440, height=3040, fps=60.000004}], colorMode 0, supportedColorModes [0], HdrCapabilities android.view.Display$HdrCapabilities@40f16308, density 480, 480.0 x 480.0 dpi, appVsyncOff 1000000, presDeadline 16666666, touch INTERNAL, rotation 0, type BUILT_IN, address {port=0}, state UNKNOWN, FLAG_DEFAULT_DISPLAY, FLAG_ROTATES_WITH_CONTENT, FLAG_SECURE, FLAG_SUPPORTS_PROTECTED_BUFFERS}
08-25 17:56:53.080  1779  1779 D SurfaceFlinger: Setting power mode 2 on display 0
08-25 17:56:53.082  1647  1647 I hwservicemanager: getTransport: Cannot find entry android.hardware.light@2.0::ILight/default in either framework or device manifest.
08-25 17:56:53.082  2051  2051 D SystemServerTiming: WaitForDisplay took to complete: 14ms
08-25 17:56:53.082  2051  2083 I DisplayManagerService: Display device changed state: "Built-in Screen", ON
08-25 17:56:53.082  2051  2051 I SystemServer: StartPackageManagerService
08-25 17:56:53.082  2051  2051 I Watchdog: Pausing HandlerChecker: main thread for reason: packagemanagermain. Pause count: 1
08-25 17:56:53.106  1845  1861 I ServiceManager: Waiting for service 'package_native' on '/dev/binder'...
08-25 17:56:53.120  2051  2051 D SELinuxMMAC: Using policy file /system/etc/selinux/plat_mac_permissions.xml
08-25 17:56:53.121  2051  2051 D SELinuxMMAC: Using policy file /vendor/etc/selinux/vendor_mac_permissions.xml
08-25 17:56:53.123  2051  2051 D FallbackCategoryProvider: Found 387 fallback categories
