08-25 17:56:57.472  1849  1904 I SoftMPEG4Encoder: Construct SoftMPEG4Encoder
08-25 17:56:57.473  1842  1906 W OMXUtils: do not know color format 0x7f000789 = 2130708361
08-25 17:56:57.473  1849  1904 E OMXNodeInstance: getConfig(0xf4e42300:google.mpeg4.encoder, ConfigAndroidIntraRefresh(0x6f60000a)) ERROR: Undefined(0x80001001)
08-25 17:56:57.473  1849  1904 E OMXNodeInstance: getParameter(0xf4e42300:google.mpeg4.encoder, ParamVideoIntraRefresh(0x6000006)) ERROR: UnsupportedIndex(0x8000101a)
08-25 17:56:57.473  1842  1906 D MediaCodecInfo: detail feature-frame-parsing wasn't present to remove
08-25 17:56:57.476  1842  1906 I OMXClient: IOmx service obtained
08-25 17:56:57.477  1849  1904 I OMXMaster: makeComponentInstance(OMX.google.vp8.encoder) in android.hardwar process
08-25 17:56:57.480  1647  1647 I hwservicemanager: getTransport: Cannot find entry android.hardware.wifi.supplicant@1.2::ISupplicant/default in either framework or device manifest.
08-25 17:56:57.482  1647  1647 I hwservicemanager: getTransport: Cannot find entry android.hardware.wifi.supplicant@1.1::ISupplicant/default in either framework or device manifest.
08-25 17:56:57.482  1842  1906 W OMXUtils: do not know color format 0x7f000789 = 2130708361
08-25 17:56:57.482  1849  1904 E OMXNodeInstance: getConfig(0xf4e42300:google.vp8.encoder, ConfigAndroidIntraRefresh(0x6f60000a)) ERROR: Undefined(0x80001001)
08-25 17:56:57.482  1849  1904 E OMXNodeInstance: getParameter(0xf4e42300:google.vp8.encoder, ParamVideoIntraRefresh(0x6000006)) ERROR: UnsupportedIndex(0x8000101a)
08-25 17:56:57.482  1842  1906 D MediaCodecInfo: detail feature-frame-parsing wasn't present to remove
08-25 17:56:57.487  1842  1906 D MediaCodecList: ignored a null builder
08-25 17:56:57.491  1742  1966 I netd    : interfaceGetCfg("wlan0") <0.25ms>
08-25 17:56:57.492  2051  2160 I WifiNative: Interface state changed on Iface:{Name=wlan0,Id=1,Type=STA_CONNECTIVITY}, isUp=true
08-25 17:56:57.493  1742  1966 I netd    : interfaceClearAddrs("wlan0") <0.20ms>
08-25 17:56:57.494  1742  1966 I netd    : interfaceSetIPv6PrivacyExtensions("wlan0", "true") <0.07ms>
08-25 17:56:57.495  1742  1966 I netd    : interfaceSetEnableIPv6("wlan0", "false") <0.16ms>
08-25 17:56:57.495  2051  2231 I OMXClient: IOmx service obtained
08-25 17:56:57.495  1849  1904 I OMXMaster: makeComponentInstance(OMX.google.vorbis.decoder) in android.hardwar process
08-25 17:56:57.496  2051  2160 I WifiNative: Successfully setup Iface:{Name=wlan0,Id=1,Type=STA_CONNECTIVITY}
08-25 17:56:57.496  1647  1647 I hwservicemanager: getTransport: Cannot find entry android.hardware.wifi.supplicant@1.2::ISupplicant/default in either framework or device manifest.
08-25 17:56:57.498  2051  2160 E SupplicantStaIfaceHal: Method getKeyMgmtCapabilities is not supported in existing HAL
08-25 17:56:57.500  1849  1904 E OMXNodeInstance: getConfig(0xf7018c00:google.vorbis.decoder, ConfigAndroidVendorExtension(0x6f100004)) ERROR: Undefined(0x80001001)
08-25 17:56:57.507  2051  2160 D WifiClientModeManager: entering StartedState
08-25 17:56:57.513  1742  1966 I netd    : interfaceGetCfg("wlan0") <0.19ms>
08-25 17:56:57.516  2051  2160 D WifiClientModeManager: Wifi is ready to use for client mode
08-25 17:56:57.516  2051  2160 D WifiActiveModeWarden: State changed from client mode. state = 3
08-25 17:56:57.521  2051  2160 D WifiActiveModeWarden: client mode active
08-25 17:56:57.522  2051  2160 D WifiScanRequestProxy: Sending scan available broadcast: true
08-25 17:56:57.522  2051  2162 E WifiVendorHal: getBgScanCapabilities(l.630) failed {.code = ERROR_NOT_SUPPORTED, .description = }
08-25 17:56:57.527  2051  2162 I WifiScanningService: wifi driver loaded with scan capabilities: max buckets=16
08-25 17:56:57.598  2051  2051 I ActivityTaskManager: Loaded persisted task ids for user 0
08-25 17:56:57.677  2051  2409 I OMXClient: IOmx service obtained
08-25 17:56:57.677  1849  1904 I OMXMaster: makeComponentInstance(OMX.google.vorbis.decoder) in android.hardwar process
08-25 17:56:57.684  1849  1904 E OMXNodeInstance: getConfig(0xf7018c00:google.vorbis.decoder, ConfigAndroidVendorExtension(0x6f100004)) ERROR: Undefined(0x80001001)
08-25 17:56:57.689  2051  2051 D SystemServerTiming: ActivityManagerStartApps took to complete: 525ms
08-25 17:56:57.689  2051  2051 D SystemServerTiming: PhaseActivityManagerReady took to complete: 1219ms
08-25 17:56:57.689  2051  2131 W system_server: Long monitor contention with owner main (2051) at void com.android.server.am.ActivityManagerService.systemReady(java.lang.Runnable, android.util.TimingsTraceLog)(ActivityManagerService.java:9054) waiters=0 in void com.android.server.am.ActivityManagerService.serviceDoneExecuting(android.os.IBinder, int, int, int) for 464ms
08-25 17:56:57.695  2051  2051 D SystemServerInitThreadPool: Shutdown successful
08-25 17:56:57.695  2051  2051 D SystemServerTiming: StartServices took to complete: 4833ms
08-25 17:56:57.698  2051  2080 W LocationProviderProxy: Odd, no component found for service com.android.location.service.v3.NetworkLocationProvider
08-25 17:56:57.699  2051  2080 W GeocoderProxy: Odd, no component found for service com.android.location.service.GeocodeProvider
08-25 17:56:57.699  2051  2080 W GeofenceProxy: Odd, no component found for service com.android.location.service.GeofenceProvider
08-25 17:56:57.699  2051  2080 W ActivityRecognitionProxy: Odd, no component found for service com.android.location.service.ActivityRecognitionProvider
08-25 17:56:57.710  2051  2051 W Looper  : Slow delivery took 3422ms main h=android.app.ActivityThread$H c=null m=156
08-25 17:56:57.711  2051  2081 W system_server: Long monitor contention with owner main (2051) at void com.android.server.am.ActivityManagerService.systemReady(java.lang.Runnable, android.util.TimingsTraceLog)(ActivityManagerService.java:9054) waiters=2 in void com.android.server.am.ActivityManagerService.dispatchUidsChanged() for 482ms
08-25 17:56:57.711  2051  2069 W system_server: Long monitor contention with owner main (2051) at void com.android.server.am.ActivityManagerService.systemReady(java.lang.Runnable, android.util.TimingsTraceLog)(ActivityManagerService.java:9054) waiters=3 in void com.android.server.am.ActivityManagerService$AppDeathRecipient.binderDied() for 475ms
08-25 17:56:57.712  2051  2069 I ActivityManager: Process WebViewLoader-x86 (pid 2212) has died: psvc PER 
08-25 17:56:57.712  2051  2091 I libprocessgroup: Successfully killed process cgroup uid 1037 pid 2212 in 0ms
08-25 17:56:57.714  2051  2090 W system_server: Long monitor contention with owner main (2051) at void com.android.server.am.ActivityManagerService.systemReady(java.lang.Runnable, android.util.TimingsTraceLog)(ActivityManagerService.java:9054) waiters=4 in void com.android.server.am.ProcessList.lambda$startProcessLocked$0$ProcessList(com.android.server.am.ProcessRecord, java.lang.String, int[], int, int, java.lang.String, java.lang.String, java.lang.String, long) for 457ms
08-25 17:56:57.715  2051  2090 W ActivityManager: Slow operation: 486ms so far, now at startProcess: done updating battery stats
08-25 17:56:57.715  2051  2090 W ActivityManager: Slow operation: 486ms so far, now at startProcess: building log message
08-25 17:56:57.715  2051  2090 I ActivityManager: Start proc 2339:com.android.phone/1001 for added application com.android.phone
08-25 17:56:57.715  2051  2090 W ActivityManager: Slow operation: 487ms so far, now at startProcess: starting to update pids map
08-25 17:56:57.715  2051  2090 W ActivityManager: Slow operation: 487ms so far, now at startProcess: done updating pids map
08-25 17:56:57.716  2051  2348 W system_server: Long monitor contention with owner main (2051) at void com.android.server.am.ActivityManagerService.systemReady(java.lang.Runnable, android.util.TimingsTraceLog)(ActivityManagerService.java:9054) waiters=5 in void com.android.server.am.ActivityManagerService.attachApplication(android.app.IApplicationThread, long) for 387ms
08-25 17:56:57.734  2051  2083 W system_server: Long monitor contention with owner main (2051) at void com.android.server.am.ActivityManagerService.systemReady(java.lang.Runnable, android.util.TimingsTraceLog)(ActivityManagerService.java:9054) waiters=8 in void com.android.server.am.ActivityManagerService$LocalService.startProcess(java.lang.String, android.content.pm.ApplicationInfo, boolean, java.lang.String, android.content.ComponentName) for 118ms
08-25 17:56:57.736  2051  2160 W system_server: Long monitor contention with owner main (2051) at void com.android.server.am.ActivityManagerService.systemReady(java.lang.Runnable, android.util.TimingsTraceLog)(ActivityManagerService.java:9054) waiters=7 in int com.android.server.am.ActivityManagerService.broadcastIntent(android.app.IApplicationThread, android.content.Intent, java.lang.String, android.content.IIntentReceiver, int, java.lang.String, android.os.Bundle, java.lang.String[], int, android.os.Bundle, boolean, boolean, int) for 214ms
08-25 17:56:57.739  2051  2160 I WifiScanRequestProxy: Scanning is enabled
08-25 17:56:57.739  2051  2160 I WifiScanRequestProxy: Scanning for hidden networks is enabled
08-25 17:56:57.740  2194  2194 W AlarmManager: Unrecognized alarm listener com.android.systemui.keyguard.-$$Lambda$KeyguardSliceProvider$IhzByd8TsqFuOrSyuGurVskyPLo@373b07b
08-25 17:56:57.740  2051  2160 D WifiClientModeImpl: entering ConnectModeState: ifaceName = wlan0
08-25 17:56:57.740  2051  2160 D WifiClientModeImpl: setupClientMode() ifacename = wlan0
08-25 17:56:57.740  2051  2081 W Looper  : Slow dispatch took 512ms android.ui h=com.android.server.am.ActivityManagerService$UiHandler c=null m=53
08-25 17:56:57.748  2051  2051 D ConditionProviders.SCP: onConnected
08-25 17:56:57.753  1743  1743 D Zygote  : Forked child process 2413
08-25 17:56:57.755  2051  2090 I ActivityManager: Start proc 2413:com.android.settings/1000 for activity {com.android.settings/com.android.settings.FallbackHome}
08-25 17:56:57.758  2051  2051 D ConditionProviders: Subscribing to condition://android/event?userId=-10000&calendar=&reply=1 with ComponentInfo{android/com.android.server.notification.EventConditionProvider}
08-25 17:56:57.758  2051  2051 D ConditionProviders: Subscribing to condition://android/schedule?days=1.2.3.4.5.6.7&start=22.0&end=7.0&exitAtAlarm=true with ComponentInfo{android/com.android.server.notification.ScheduleConditionProvider}
08-25 17:56:57.759  2413  2413 W ndroid.setting: Unexpected CPU variant for X86 using defaults: x86
08-25 17:56:57.759  2051  2051 V FingerprintService: starting client EnumerateClient(android) cookie: 0/0
08-25 17:56:57.759  1856  1856 D FingerprintHal: ----------------> fingerprint_enumerate ----------------->
08-25 17:56:57.759  1856  1856 D android.hardware.biometrics.fingerprint@2.1-service: onEnumerate(fid=0, gid=0, rem=0)
08-25 17:56:57.774  2051  2051 V SettingsProvider: Notifying for 0: content://settings/secure/location_mode
08-25 17:56:57.774  2051  2051 V SettingsProvider: Notifying for 0: content://settings/global/location_global_kill_switch
08-25 17:56:57.775  2339  2339 I m.android.phon: The ClassLoaderContext is a special shared library.
08-25 17:56:57.776  1742  1966 W ServiceManager: Permission failure: android.permission.NETWORK_STACK from uid=1073 pid=2277
08-25 17:56:57.777  1742  1966 I netd    : registerUnsolicitedEventListener() <11.62ms>
08-25 17:56:57.804  2339  2339 I m.android.phon: The ClassLoaderContext is a special shared library.
08-25 17:56:57.847  2051  2051 I system_server: The ClassLoaderContext is a special shared library.
08-25 17:56:57.849  2051  2434 I OMXClient: IOmx service obtained
08-25 17:56:57.850  1849  1904 I OMXMaster: makeComponentInstance(OMX.google.vorbis.decoder) in android.hardwar process
08-25 17:56:57.866  1849  1904 E OMXNodeInstance: getConfig(0xf7018c00:google.vorbis.decoder, ConfigAndroidVendorExtension(0x6f100004)) ERROR: Undefined(0x80001001)
08-25 17:56:57.875  2051  2068 W InputReader: Device has associated, but no associated display id.
08-25 17:56:57.891  2051  2068 W ActivityManager: Slow operation: 62ms so far, now at attachApplicationLocked: after mServices.attachApplicationLocked
08-25 17:56:57.876  2051  2068 I chatty  : uid=1000(system) Binder:2051_1 identical 8 lines
08-25 17:56:57.876  2051  2068 W InputReader: Device has associated, but no associated display id.
08-25 17:56:57.924  2413  2413 I ndroid.setting: The ClassLoaderContext is a special shared library.
08-25 17:56:57.992  2051  2051 W Looper  : Slow dispatch took 216ms main h=android.app.ActivityThread$H c=null m=114
08-25 17:56:57.938  2413  2413 I ndroid.setting: The ClassLoaderContext is a special shared library.
08-25 17:56:58.027  2194  2194 D skia    : --- Failed to create image decoder with message 'unimplemented'
08-25 17:56:58.028  2051  2449 I OMXClient: IOmx service obtained
08-25 17:56:58.028  1849  1903 I OMXMaster: makeComponentInstance(OMX.google.vorbis.decoder) in android.hardwar process
08-25 17:56:58.033  1849  1904 E OMXNodeInstance: getConfig(0xf4e42780:google.vorbis.decoder, ConfigAndroidVendorExtension(0x6f100004)) ERROR: Undefined(0x80001001)
08-25 17:56:58.077  2051  2051 E BluetoothAdapter: Bluetooth binder is null
08-25 17:56:58.094  2051  2452 I Telecom : BluetoothRouteManager: getBluetoothAudioConnectedDevice: no service available.
08-25 17:56:58.110  2051  2051 I Telecom : SystemStateHelper: Registering car mode receiver: android.content.IntentFilter@9fb32a5: TS.init@AAA
08-25 17:56:58.116  1779  2100 E SurfaceFlinger: ro.sf.lcd_density must be defined as a build property
08-25 17:56:58.129  1779  1878 E SurfaceFlinger: ro.sf.lcd_density must be defined as a build property
08-25 17:56:58.130  2339  2339 I m.android.phon: The ClassLoaderContext is a special shared library.
08-25 17:56:58.138  2413  2413 E ndroid.setting: Invalid ID 0x00000000.
08-25 17:56:58.137  2413  2458 D libEGL  : Emulator has host GPU support, qemu.gles is set to 1.
08-25 17:56:58.144  2051  2459 I Telecom : Logging.Events: Non-call EVENT: AUDIO_ROUTE, Entering state QuiescentSpeakerRoute
08-25 17:56:58.144  2051  2459 I Telecom : BluetoothRouteManager: getBluetoothAudioConnectedDevice: no service available.
08-25 17:56:58.156  2413  2458 W libc    : Unable to set property "qemu.gles" to "1": error code: 0x18
08-25 17:56:58.158  2339  2339 D CarrierProvider: onCreate
08-25 17:56:58.161  2413  2458 D libEGL  : loaded /vendor/lib/egl/libEGL_emulation.so
08-25 17:56:58.162  2413  2458 D libEGL  : loaded /vendor/lib/egl/libGLESv1_CM_emulation.so
08-25 17:56:58.163  2413  2458 D libEGL  : loaded /vendor/lib/egl/libGLESv2_emulation.so
08-25 17:56:58.170  1827  1827 D incidentd: WorkDirectory::getReports
08-25 17:56:58.177  2051  2460 I Telecom : CallAudioModeStateMachine: Message received: null.: TS.init->CAMSM.pM_1@AAA
08-25 17:56:58.190  2339  2339 D CarrierIdProvider: onCreate
08-25 17:56:58.191  2339  2339 D CarrierIdDatabaseHelper: CarrierIdDatabaseHelper: 5
08-25 17:56:58.196  2051  2051 I Telecom : MissedCallNotifierImpl: reloadFromDatabase: Boot not yet complete -- call log db may not be available. Deferring loading until boot complete for user 0: TS.init@AAA
08-25 17:56:58.200  2194  2194 V SystemUIService: Starting SystemUI services for user 0.
08-25 17:56:58.205  2194  2194 D SystemUIBootTiming: StartServicescom.android.systemui.Dependency$DependencyCreator took to complete: 5ms
08-25 17:56:58.212  2194  2194 D SystemUIBootTiming: StartServicescom.android.systemui.util.NotificationChannels took to complete: 6ms
08-25 17:56:58.214  2051  2051 E BluetoothAdapter: Bluetooth binder is null
08-25 17:56:58.217  2194  2194 D SystemUIBootTiming: StartServicescom.android.systemui.statusbar.CommandQueue$CommandQueueStart took to complete: 4ms
08-25 17:56:58.217  2339  2339 D CarrierIdProvider: update database from pb file
08-25 17:56:58.227  2339  2339 E CarrierIdProvider: read carrier list from ota pb failure: java.io.FileNotFoundException: /data/misc/carrierid/carrier_list.pb: open failed: ENOENT (No such file or directory)
08-25 17:56:58.227  2339  2339 D CarrierIdProvider: latest version: 16777227 need update: false
08-25 17:56:58.234  2051  2051 I Telecom : Class: TelecomSystem.INSTANCE being set
08-25 17:56:58.241  2051  2051 E BluetoothAdapter: Bluetooth binder is null
08-25 17:56:58.242  2051  2051 W Looper  : Slow dispatch took 250ms main h=android.app.ActivityThread$H c=null m=121
08-25 17:56:58.242  2051  2051 D PackageWatchdog: Getting all observed packages pending health checks
08-25 17:56:58.243  2051  2051 I PackageWatchdog: Syncing health check requests for packages: {}
08-25 17:56:58.243  2051  2051 I ExplicitHealthCheckController: Service not ready to get health check supported packages. Binding...
08-25 17:56:58.243  2051  2464 I OMXClient: IOmx service obtained
08-25 17:56:58.246  2051  2051 I ExplicitHealthCheckController: Explicit health check service is bound
08-25 17:56:58.246  2051  2051 D WifiP2pService: Wifi enabled=false, P2P Interface availability=true
08-25 17:56:58.248  1849  1903 I OMXMaster: makeComponentInstance(OMX.google.vorbis.decoder) in android.hardwar process
08-25 17:56:58.252  1849  1903 E OMXNodeInstance: getConfig(0xf4e42780:google.vorbis.decoder, ConfigAndroidVendorExtension(0x6f100004)) ERROR: Undefined(0x80001001)
08-25 17:56:58.255  2051  2051 V SettingsProvider: Notifying for 0: content://settings/global/boot_count
08-25 17:56:58.260  2051  2051 V SettingsProvider: Notifying for 0: content://settings/secure/location_providers_allowed
08-25 17:56:58.263  1743  1743 D Zygote  : Forked child process 2468
08-25 17:56:58.268  2051  2051 V SettingsProvider: Notifying for 0: content://settings/secure/location_providers_allowed
08-25 17:56:58.272  2051  2090 I ActivityManager: Start proc 2468:com.google.android.ext.services/u0a65 for service {com.google.android.ext.services/android.ext.services.watchdog.ExplicitHealthCheckServiceImpl}
08-25 17:56:58.273  2468  2468 W id.ext.service: Unexpected CPU variant for X86 using defaults: x86
08-25 17:56:58.277  2194  2194 V MediaRouter: Selecting route: RouteInfo{ name=Phone, description=null, status=null, category=RouteCategory{ name=System types=ROUTE_TYPE_LIVE_AUDIO ROUTE_TYPE_LIVE_VIDEO  groupable=false }, supportedTypes=ROUTE_TYPE_LIVE_AUDIO ROUTE_TYPE_LIVE_VIDEO , presentationDisplay=null }
08-25 17:56:58.293  2051  2051 E WiredAccessoryManager: No state change.
08-25 17:56:58.294  2413  2455 D HostConnection: HostConnection::get() New Host Connection established 0xdb514eb0, tid 2455
08-25 17:56:58.298  2413  2455 D HostConnection: HostComposition ext ANDROID_EMU_CHECKSUM_HELPER_v1 ANDROID_EMU_dma_v1 ANDROID_EMU_direct_mem ANDROID_EMU_host_composition_v1 ANDROID_EMU_host_composition_v2 ANDROID_EMU_vulkan ANDROID_EMU_deferred_vulkan_commands ANDROID_EMU_vulkan_null_optional_strings ANDROID_EMU_vulkan_create_resources_with_requirements ANDROID_EMU_YUV_Cache ANDROID_EMU_vulkan_ignored_handles ANDROID_EMU_vulkan_free_memory_sync ANDROID_EMU_vulkan_shader_float16_int8 ANDROID_EMU_vulkan_async_queue_submit ANDROID_EMU_sync_buffer_data GL_OES_vertex_array_object GL_KHR_texture_compression_astc_ldr ANDROID_EMU_host_side_tracing ANDROID_EMU_gles_max_version_2 
08-25 17:56:58.311  2051  2051 V SettingsProvider: Notifying for 0: content://settings/secure/location_providers_allowed
08-25 17:56:58.315  2413  2455 W OpenGLRenderer: Failed to choose config with EGL_SWAP_BEHAVIOR_PRESERVED, retrying without...
08-25 17:56:58.327  2413  2455 D EGL_emulation: eglCreateContext: 0xf1df3b80: maj 2 min 0 rcv 2
08-25 17:56:58.342  2413  2455 D EGL_emulation: eglMakeCurrent: 0xf1df3b80: ver 2 0 (tinfo 0xe6a3c4f0)
08-25 17:56:58.363  1761  1761 D gralloc_ranchu: gralloc_alloc: Creating ashmem region of size 17514496
08-25 17:56:58.380  1647  1647 I hwservicemanager: getTransport: Cannot find entry android.hardware.graphics.mapper@3.0::IMapper/default in either framework or device manifest.
08-25 17:56:58.380  2413  2455 W Gralloc3: mapper 3.x is not supported
08-25 17:56:58.382  2413  2455 D HostConnection: createUnique: call
08-25 17:56:58.383  2413  2455 D HostConnection: HostConnection::get() New Host Connection established 0xdb516120, tid 2455
08-25 17:56:58.384  2413  2455 D HostConnection: HostComposition ext ANDROID_EMU_CHECKSUM_HELPER_v1 ANDROID_EMU_dma_v1 ANDROID_EMU_direct_mem ANDROID_EMU_host_composition_v1 ANDROID_EMU_host_composition_v2 ANDROID_EMU_vulkan ANDROID_EMU_deferred_vulkan_commands ANDROID_EMU_vulkan_null_optional_strings ANDROID_EMU_vulkan_create_resources_with_requirements ANDROID_EMU_YUV_Cache ANDROID_EMU_vulkan_ignored_handles ANDROID_EMU_vulkan_free_memory_sync ANDROID_EMU_vulkan_shader_float16_int8 ANDROID_EMU_vulkan_async_queue_submit ANDROID_EMU_sync_buffer_data GL_OES_vertex_array_object GL_KHR_texture_compression_astc_ldr ANDROID_EMU_host_side_tracing ANDROID_EMU_gles_max_version_2 
08-25 17:56:58.384  2413  2455 D eglCodecCommon: allocate: Ask for block of size 0x1000
08-25 17:56:58.384  2413  2455 D eglCodecCommon: allocate: ioctl allocate returned offset 0x3ffff6000 size 0x2000
08-25 17:56:58.390  2468  2468 I id.ext.service: The ClassLoaderContext is a special shared library.
08-25 17:56:58.402  1761  1761 D gralloc_ranchu: gralloc_alloc: Creating ashmem region of size 17514496
08-25 17:56:58.427  2413  2455 D EGL_emulation: eglMakeCurrent: 0xf1df3b80: ver 2 0 (tinfo 0xe6a3c4f0)
08-25 17:56:58.429  1761  1761 D gralloc_ranchu: gralloc_alloc: Creating ashmem region of size 17514496
08-25 17:56:58.498  1779  1878 D HostConnection: HostConnection::get() New Host Connection established 0xea51afb0, tid 1878
08-25 17:56:58.499  1779  1878 D HostConnection: HostComposition ext ANDROID_EMU_CHECKSUM_HELPER_v1 ANDROID_EMU_dma_v1 ANDROID_EMU_direct_mem ANDROID_EMU_host_composition_v1 ANDROID_EMU_host_composition_v2 ANDROID_EMU_vulkan ANDROID_EMU_deferred_vulkan_commands ANDROID_EMU_vulkan_null_optional_strings ANDROID_EMU_vulkan_create_resources_with_requirements ANDROID_EMU_YUV_Cache ANDROID_EMU_vulkan_ignored_handles ANDROID_EMU_vulkan_free_memory_sync ANDROID_EMU_vulkan_shader_float16_int8 ANDROID_EMU_vulkan_async_queue_submit ANDROID_EMU_sync_buffer_data GL_OES_vertex_array_object GL_KHR_texture_compression_astc_ldr ANDROID_EMU_host_side_tracing ANDROID_EMU_gles_max_version_2 
08-25 17:56:58.545  1647  1647 I hwservicemanager: getTransport: Cannot find entry android.hardware.radio@1.4::IRadio/slot1 in either framework or device manifest.
08-25 17:56:58.552  1647  1647 I hwservicemanager: getTransport: Cannot find entry android.hardware.radio@1.3::IRadio/slot1 in either framework or device manifest.
08-25 17:56:58.570  1647  1647 I hwservicemanager: getTransport: Cannot find entry android.hardware.radio@1.2::IRadio/slot1 in either framework or device manifest.
08-25 17:56:58.576  1647  1647 I hwservicemanager: getTransport: Cannot find entry android.hardware.radio@1.1::IRadio/slot1 in either framework or device manifest.
08-25 17:56:58.579  1743  1743 D Zygote  : Forked child process 2505
08-25 17:56:58.592  2505  2505 W putmethod.lati: Unexpected CPU variant for X86 using defaults: x86
08-25 17:56:58.593  2051  2090 W ActivityManager: Slow operation: 52ms so far, now at startProcess: returned from zygote!
08-25 17:56:58.593  2051  2090 W ActivityManager: Slow operation: 53ms so far, now at startProcess: done updating battery stats
08-25 17:56:58.593  2051  2090 W ActivityManager: Slow operation: 53ms so far, now at startProcess: building log message
08-25 17:56:58.593  2051  2090 I ActivityManager: Start proc 2505:com.google.android.inputmethod.latin/u0a143 for service {com.google.android.inputmethod.latin/com.android.inputmethod.latin.LatinIME}
08-25 17:56:58.593  2051  2090 W ActivityManager: Slow operation: 53ms so far, now at startProcess: starting to update pids map
08-25 17:56:58.594  2051  2090 W ActivityManager: Slow operation: 54ms so far, now at startProcess: done updating pids map
08-25 17:56:58.598  2339  2339 I android_os_HwBinder: HwBinder: Starting thread pool for getting: android.hardware.radio@1.0::IRadio/slot1
08-25 17:56:58.609  2051  2051 I system_server: The ClassLoaderContext is a special shared library.
08-25 17:56:58.615  2194  2194 D SystemUIBootTiming: StartServicescom.android.systemui.keyguard.KeyguardViewMediator took to complete: 398ms
08-25 17:56:58.642  2051  2083 W KeyguardServiceDelegate: onScreenTurningOn(): no keyguard service!
08-25 17:56:58.644  2194  2527 I OMXClient: IOmx service obtained
08-25 17:56:58.647  1849  1904 I OMXMaster: makeComponentInstance(OMX.google.vorbis.decoder) in android.hardwar process
08-25 17:56:58.650  1849  1904 E OMXNodeInstance: getConfig(0xf7018c00:google.vorbis.decoder, ConfigAndroidVendorExtension(0x6f100004)) ERROR: Undefined(0x80001001)
08-25 17:56:58.671  1647  1647 I hwservicemanager: getTransport: Cannot find entry android.hardware.radio.deprecated@1.0::IOemHook/slot1 in either framework or device manifest.
08-25 17:56:58.695  2505  2505 D ApplicationLoaders: Returning zygote-cached class loader: /system/framework/android.hidl.base-V1.0-java.jar
08-25 17:56:58.695  2505  2505 D ApplicationLoaders: Returning zygote-cached class loader: /system/framework/android.hidl.manager-V1.0-java.jar
08-25 17:56:58.695  2505  2505 D ApplicationLoaders: Returning zygote-cached class loader: /system/framework/android.hidl.base-V1.0-java.jar
08-25 17:56:58.702  2339  2523 W System.err: java.lang.RuntimeException: RIL_REQUEST_GET_HARDWARE_CONFIG invalid hardward type:-1
08-25 17:56:58.704  2339  2339 D TelephonyProvider: dbh.onOpen: ok, queried table=siminfo
08-25 17:56:58.704  2339  2339 D TelephonyProvider: dbh.onOpen: ok, queried table=carriers
08-25 17:56:58.707  2339  2523 W System.err: 	at com.android.internal.telephony.RIL.convertHalHwConfigList(RIL.java:5797)
08-25 17:56:58.707  2339  2523 W System.err: 	at com.android.internal.telephony.RadioResponse.responseHardwareConfig(RadioResponse.java:2206)
08-25 17:56:58.708  2339  2523 W System.err: 	at com.android.internal.telephony.RadioResponse.getHardwareConfigResponse(RadioResponse.java:1254)
08-25 17:56:58.708  2339  2523 W System.err: 	at android.hardware.radio.V1_4.IRadioResponse$Stub.onTransact(IRadioResponse.java:5010)
08-25 17:56:58.708  2339  2523 E android_os_HwBinder: Uncaught exception!
08-25 17:56:58.713  2194  2194 D SystemUIBootTiming: StartServicescom.android.systemui.recents.Recents took to complete: 97ms
08-25 17:56:58.729  2194  2194 I vol.Events: writeEvent collection_started
08-25 17:56:58.734  2505  2505 I putmethod.lati: The ClassLoaderContext is a special shared library.
08-25 17:56:58.738  1743  1743 D Zygote  : Forked child process 2542
08-25 17:56:58.742  2051  2090 W ActivityManager: Slow operation: 61ms so far, now at startProcess: returned from zygote!
08-25 17:56:58.743  2051  2090 W ActivityManager: Slow operation: 61ms so far, now at startProcess: done updating battery stats
08-25 17:56:58.743  2051  2090 W ActivityManager: Slow operation: 61ms so far, now at startProcess: building log message
08-25 17:56:58.743  2051  2090 I ActivityManager: Start proc 2542:com.google.android.apps.nexuslauncher/u0a110 for service {com.google.android.apps.nexuslauncher/com.android.quickstep.TouchInteractionService}
08-25 17:56:58.743  2051  2090 W ActivityManager: Slow operation: 61ms so far, now at startProcess: starting to update pids map
08-25 17:56:58.745  2051  2090 W ActivityManager: Slow operation: 62ms so far, now at startProcess: done updating pids map
08-25 17:56:58.748  2051  2535 I OMXClient: IOmx service obtained
08-25 17:56:58.748  2505  2505 W ContextImpl: Failed to ensure /data/user/0/com.google.android.inputmethod.latin/cache: mkdir failed: ENOENT (No such file or directory)
08-25 17:56:58.749  2505  2505 W ContextImpl: Failed to update user.inode_cache: stat failed: ENOENT (No such file or directory)
08-25 17:56:58.749  1849  2257 I OMXMaster: makeComponentInstance(OMX.google.vorbis.decoder) in android.hardwar process
08-25 17:56:58.751  2542  2542 W s.nexuslaunche: Unexpected CPU variant for X86 using defaults: x86
08-25 17:56:58.760  1849  2257 E OMXNodeInstance: getConfig(0xf4e420c0:google.vorbis.decoder, ConfigAndroidVendorExtension(0x6f100004)) ERROR: Undefined(0x80001001)
08-25 17:56:58.824  2051  2051 I system_server: The ClassLoaderContext is a special shared library.
08-25 17:56:58.825  2051  2051 I system_server: Waiting for a blocking GC ClassLinker
08-25 17:56:58.875  2542  2542 I s.nexuslaunche: The ClassLoaderContext is a special shared library.
08-25 17:56:58.893  2194  2580 I OMXClient: IOmx service obtained
08-25 17:56:58.894  1849  2301 I OMXMaster: makeComponentInstance(OMX.google.vorbis.decoder) in android.hardwar process
08-25 17:56:58.898  2194  2194 E ndroid.systemu: Invalid ID 0x00000000.
08-25 17:56:58.899  1849  2301 E OMXNodeInstance: getConfig(0xf7018ea0:google.vorbis.decoder, ConfigAndroidVendorExtension(0x6f100004)) ERROR: Undefined(0x80001001)
08-25 17:56:58.983  2542  2542 W ContextImpl: Failed to ensure /data/user/0/com.google.android.apps.nexuslauncher/cache: mkdir failed: ENOENT (No such file or directory)
08-25 17:56:58.983  2542  2542 W ContextImpl: Failed to update user.inode_cache: stat failed: ENOENT (No such file or directory)
08-25 17:56:59.026  2051  2064 I system_server: Background young concurrent copying GC freed 39563(3568KB) AllocSpace objects, 39(1688KB) LOS objects, 19% free, 11MB/13MB, paused 552us total 821.274ms
08-25 17:56:59.028  2051  2051 I system_server: WaitForGcToComplete blocked ClassLinker on ClassLinker for 203.126ms
08-25 17:56:59.099  2542  2542 D TouchInteractionService: Touch service connected
08-25 17:56:59.118  2194  2599 I OMXClient: IOmx service obtained
08-25 17:56:59.118  1849  2301 I OMXMaster: makeComponentInstance(OMX.google.vorbis.decoder) in android.hardwar process
08-25 17:56:59.121  1849  2301 E OMXNodeInstance: getConfig(0xf7018f60:google.vorbis.decoder, ConfigAndroidVendorExtension(0x6f100004)) ERROR: Undefined(0x80001001)
08-25 17:56:59.125  2051  2051 W Looper  : Slow dispatch took 813ms main h=android.app.ActivityThread$H c=null m=114
08-25 17:56:59.140  2051  2051 W NotificationListeners: Not binding notification listener service ComponentInfo{com.google.android.apps.restore/com.google.android.apps.pixelmigrate.component.NotificationConsolidatorService}: service not found
08-25 17:56:59.140  2051  2051 V NotificationListeners: enabling notification listener for 0: ComponentInfo{com.google.android.apps.nexuslauncher/com.android.launcher3.notification.NotificationListener}
08-25 17:56:59.141  2051  2051 V NotificationListeners: binding: Intent { act=android.service.notification.NotificationListenerService cmp=com.google.android.apps.nexuslauncher/com.android.launcher3.notification.NotificationListener (has extras) }
08-25 17:56:59.141  2051  2051 W ActivityManager: Unable to start service Intent { act=android.service.notification.NotificationListenerService cmp=com.google.android.apps.nexuslauncher/com.android.launcher3.notification.NotificationListener } U=0: not found
08-25 17:56:59.141  2051  2051 W NotificationListeners: Unable to bind notification listener service: Intent { act=android.service.notification.NotificationListenerService cmp=com.google.android.apps.nexuslauncher/com.android.launcher3.notification.NotificationListener (has extras) } in user 0
08-25 17:56:59.142  2194  2539 E vol.VolumeDialogControl: isCaptionsServiceEnabled failed to check for captions component
08-25 17:56:59.142  2194  2539 E vol.VolumeDialogControl: java.lang.IllegalArgumentException: Unknown component: ComponentInfo{com.google.android.as/com.google.android.apps.miphone.aiai.captions.CaptionsService}
08-25 17:56:59.142  2194  2539 E vol.VolumeDialogControl: 	at android.os.Parcel.createException(Parcel.java:2075)
08-25 17:56:59.142  2194  2539 E vol.VolumeDialogControl: 	at android.os.Parcel.readException(Parcel.java:2039)
08-25 17:56:59.142  2194  2539 E vol.VolumeDialogControl: 	at android.os.Parcel.readException(Parcel.java:1987)
08-25 17:56:59.142  2194  2539 E vol.VolumeDialogControl: 	at android.content.pm.IPackageManager$Stub$Proxy.getComponentEnabledSetting(IPackageManager.java:7365)
08-25 17:56:59.142  2194  2539 E vol.VolumeDialogControl: 	at android.app.ApplicationPackageManager.getComponentEnabledSetting(ApplicationPackageManager.java:2563)
08-25 17:56:59.142  2194  2539 E vol.VolumeDialogControl: 	at com.android.systemui.volume.VolumeDialogControllerImpl.onGetCaptionsComponentStateW(VolumeDialogControllerImpl.java:414)
08-25 17:56:59.142  2194  2539 E vol.VolumeDialogControl: 	at com.android.systemui.volume.VolumeDialogControllerImpl.access$1800(VolumeDialogControllerImpl.java:83)
08-25 17:56:59.142  2194  2539 E vol.VolumeDialogControl: 	at com.android.systemui.volume.VolumeDialogControllerImpl$W.handleMessage(VolumeDialogControllerImpl.java:800)
08-25 17:56:59.142  2194  2539 E vol.VolumeDialogControl: 	at android.os.Handler.dispatchMessage(Handler.java:107)
08-25 17:56:59.142  2194  2539 E vol.VolumeDialogControl: 	at android.os.Looper.loop(Looper.java:214)
08-25 17:56:59.142  2194  2539 E vol.VolumeDialogControl: 	at android.os.HandlerThread.run(HandlerThread.java:67)
08-25 17:56:59.142  2194  2539 E vol.VolumeDialogControl: Caused by: android.os.RemoteException: Remote stack trace:
08-25 17:56:59.142  2194  2539 E vol.VolumeDialogControl: 	at com.android.server.pm.Settings.getComponentEnabledSettingLPr(Settings.java:4258)
08-25 17:56:59.142  2194  2539 E vol.VolumeDialogControl: 	at com.android.server.pm.PackageManagerService.getComponentEnabledSetting(PackageManagerService.java:21520)
08-25 17:56:59.142  2194  2539 E vol.VolumeDialogControl: 	at android.content.pm.IPackageManager$Stub.onTransact(IPackageManager.java:3489)
08-25 17:56:59.142  2194  2539 E vol.VolumeDialogControl: 	at com.android.server.pm.PackageManagerService.onTransact(PackageManagerService.java:4014)
08-25 17:56:59.142  2194  2539 E vol.VolumeDialogControl: 	at android.os.Binder.execTransactInternal(Binder.java:1021)
08-25 17:56:59.142  2194  2539 E vol.VolumeDialogControl: 
08-25 17:56:59.141  2051  2051 V NotificationAssistants: enabling notification assistant for 0: ComponentInfo{com.google.android.ext.services/android.ext.services.notification.Assistant}
08-25 17:56:59.143  2194  2539 I vol.Events: writeEvent level_changed STREAM_VOICE_CALL 1
08-25 17:56:59.142  2051  2051 V NotificationAssistants: binding: Intent { act=android.service.notification.NotificationAssistantService cmp=com.google.android.ext.services/android.ext.services.notification.Assistant (has extras) }
08-25 17:56:59.144  2194  2539 I vol.Events: writeEvent level_changed STREAM_SYSTEM 5
08-25 17:56:59.145  2194  2539 I vol.Events: writeEvent level_changed STREAM_RING 5
08-25 17:56:59.147  2194  2539 I vol.Events: writeEvent level_changed STREAM_MUSIC 15
08-25 17:56:59.156  1749  1895 W DeviceHAL: Error from HAL Device in function set_mic_mute: Function not implemented
08-25 17:56:59.156  2194  2539 I vol.Events: writeEvent level_changed STREAM_ALARM 6
08-25 17:56:59.157  2051  2051 E AudioSystem-JNI: Command failed for android_media_AudioSystem_muteMicrophone: -38
08-25 17:56:59.192  2194  2194 D SystemUIBootTiming: StartServicescom.android.systemui.volume.VolumeUI took to complete: 479ms
08-25 17:56:59.206  2339  2339 W TelecomManager: Telecom Service not found.
08-25 17:56:59.237  2051  2051 W BroadcastQueue: Background execution not allowed: receiving Intent { act=android.intent.action.ACTION_POWER_DISCONNECTED flg=0x4000010 (has extras) } to com.google.android.gms/.chimera.GmsIntentOperationService$PersistentTrustedReceiver
08-25 17:56:59.238  2051  2089 W BroadcastQueue: Background execution not allowed: receiving Intent { act=android.location.PROVIDERS_CHANGED flg=0x10 (has extras) } to com.google.android.gms/.chimera.GmsIntentOperationService$PersistentTrustedReceiver
08-25 17:56:59.238  2051  2089 W BroadcastQueue: Background execution not allowed: receiving Intent { act=android.location.PROVIDERS_CHANGED flg=0x10 (has extras) } to com.google.android.gms/.chimera.GmsIntentOperationService$PersistentTrustedReceiver
08-25 17:56:59.239  2051  2089 W BroadcastQueue: Background execution not allowed: receiving Intent { act=android.location.MODE_CHANGED flg=0x10 } to com.google.android.gms/.chimera.GmsIntentOperationService$PersistentTrustedReceiver
08-25 17:56:59.239  2051  2089 W BroadcastQueue: Background execution not allowed: receiving Intent { act=android.location.PROVIDERS_CHANGED flg=0x10 (has extras) } to com.google.android.gms/.chimera.GmsIntentOperationService$PersistentTrustedReceiver
08-25 17:56:59.239  2051  2080 D UsbDeviceManager: push notification:Charging this device via USB
08-25 17:56:59.240  2051  2051 D WifiP2pService: Wifi enabled=true, P2P Interface availability=true, Number of clients=0
08-25 17:56:59.240  2051  2051 D WifiP2pService: Wifi enabled=true, P2P Interface availability=true
08-25 17:56:59.240  2051  2051 D ConditionProviders.SCP: onSubscribe condition://android/schedule?days=1.2.3.4.5.6.7&start=22.0&end=7.0&exitAtAlarm=true
08-25 17:56:59.241  2051  2051 D ConditionProviders.SCP: setRegistered true
08-25 17:56:59.250  2194  2539 I vol.Events: writeEvent level_changed STREAM_BLUETOOTH_SCO 7
08-25 17:56:59.250  2051  2051 D ConditionProviders.SCP: evaluateSubscriptionLocked cal=ScheduleCalendar[mDays={1, 2, 3, 4, 5, 6, 7}, mSchedule=ScheduleInfo{days=[1, 2, 3, 4, 5, 6, 7], startHour=22, startMinute=0, endHour=7, endMinute=0, exitAtAlarm=true, nextAlarm=Thu Jan 01 05:30:00 GMT+05:30 1970 (0)}], now=Thu Aug 25 17:56:59 GMT+05:30 2022 (1661430419240), nextUserAlarmTime=Thu Jan 01 05:30:00 GMT+05:30 1970 (0)
08-25 17:56:59.250  2051  2051 D ConditionProviders.SCP: notifyCondition condition://android/schedule?days=1.2.3.4.5.6.7&start=22.0&end=7.0&exitAtAlarm=true STATE_FALSE reason=!meetsSchedule
08-25 17:56:59.253  2051  2051 D ConditionProviders.SCP: Scheduling evaluate for Thu Aug 25 22:00:00 GMT+05:30 2022 (1661445000000), in +4h3m0s760ms, now=Thu Aug 25 17:56:59 GMT+05:30 2022 (1661430419240)
08-25 17:56:59.256  2194  2539 I vol.Events: writeEvent zen_mode_config_changed [disallowAlarms=false disallowMedia=false disallowSystem=true disallowRinger=false]
08-25 17:56:59.261  2051  2051 V FingerprintService: handleEnumeratedTemplate: 0
08-25 17:56:59.261  2051  2051 V FingerprintService: Matched: false
08-25 17:56:59.261  2051  2051 V FingerprintService: Done with client: android
08-25 17:56:59.261  2051  2051 V FingerprintService: clearEnumerateState()
08-25 17:56:59.261  2051  2169 E ActivityThread: Failed to find provider info for com.android.calendar
08-25 17:56:59.262  2051  2051 I NetworkStackClient: Network stack service connected
08-25 17:56:59.261  2051  2169 E ActivityThread: Failed to find provider info for com.android.calendar
08-25 17:56:59.266  2051  2051 I Telecom : WiredHeadsetManager: ACTION_HEADSET_PLUG event, plugged in: false, : WHC.oADA@AAE
08-25 17:56:59.269  1779  2188 E SurfaceFlinger: ro.sf.lcd_density must be defined as a build property
08-25 17:56:59.272  1779  2188 E SurfaceFlinger: ro.sf.lcd_density must be defined as a build property
08-25 17:56:59.274  2051  2051 D MediaSessionService: Global priority session is changed from null to com.android.server.telecom/HeadsetMediaButton (userId=0)
08-25 17:56:59.286  1742  1966 W ServiceManager: Permission failure: android.permission.NETWORK_STACK from uid=1073 pid=2277
08-25 17:56:59.287  1742  1966 I netd    : interfaceSetEnableIPv6("wlan0", "false") <0.87ms>
08-25 17:56:59.288  2051  2160 D WifiClientModeImpl: Setting OUI to DA-A1-19
08-25 17:56:59.289  2051  2160 D WifiCountryCode: updateCountryCode to null
08-25 17:56:59.291  1742  1966 W ServiceManager: Permission failure: android.permission.NETWORK_STACK from uid=1073 pid=2277
08-25 17:56:59.291  2051  2160 I WifiVendorHal: Driver: 1.0 Firmware: 1.0
08-25 17:56:59.293  1742  1966 I netd    : interfaceClearAddrs("wlan0") <4.40ms>
08-25 17:56:59.295  2051  2051 I ExplicitHealthCheckController: Explicit health check service is connected ComponentInfo{com.google.android.ext.services/android.ext.services.watchdog.ExplicitHealthCheckServiceImpl}
08-25 17:56:59.296  2051  2051 I ExplicitHealthCheckController: Service initialized, syncing requests
08-25 17:56:59.297  1656  1656 D vold    : Recognized experimental block major ID 253 as virtio-blk (emulator's virtual SD card device)
08-25 17:56:59.297  1656  1656 D vold    : /system/bin/sgdisk
08-25 17:56:59.297  1656  1656 D vold    :     --android-dump
08-25 17:56:59.297  1656  1656 D vold    :     /dev/block/vold/disk:253,80
08-25 17:56:59.298  2051  2051 I ContentSuggestionsManagerService: Updating for user 0: disabled=false
08-25 17:56:59.299  2051  2051 E ContentSuggestionsPerUserService: Bad service name: com.google.android.as/com.google.android.apps.miphone.aiai.app.AiAiContentSuggestionsService
08-25 17:56:59.299  2051  2051 D AutofillManagerService: Restriction did not change for user 0
08-25 17:56:59.299  2194  2194 D SystemUIBootTiming: StartServicescom.android.systemui.stackdivider.Divider took to complete: 107ms
08-25 17:56:59.316  2051  2160 E SupplicantStaIfaceHal: ISupplicantStaIface.setPowerSave failed: {.code = FAILURE_UNKNOWN, .debugMessage = }
08-25 17:56:59.318  2051  2160 D WakeupController: reset()
08-25 17:56:59.318  2051  2160 D WakeupController: Setting active to false
08-25 17:56:59.318  2051  2160 E WifiConfigManager: Cannot save to store before store is read!
08-25 17:56:59.318  2051  2160 I WifiClientModeImpl: disconnectedstate enter
08-25 17:56:59.321  2051  2051 V NotificationAssistants: 0 notification assistant service connected: ComponentInfo{com.google.android.ext.services/android.ext.services.notification.Assistant}
08-25 17:56:59.322  2339  2366 W System  : A resource failed to call end. 
08-25 17:56:59.324  2468  2610 D ExtAssistant: File doesn't exist or isn't readable yet
08-25 17:56:59.335  2051  2094 E KernelCpuUidFreqTimeReader: Failed to read /proc/uid_time_in_state: java.nio.file.NoSuchFileException: /proc/uid_time_in_state
08-25 17:56:59.338  2194  2194 I FalsingManagerPlugin: xdpi, ydpi: 480.0, 480.0
08-25 17:56:59.338  2194  2194 I FalsingManagerPlugin: width, height: 1440, 2896
08-25 17:56:59.339  2051  2094 W KernelCpuProcStringReader: File not found. It's normal if not implemented: /proc/uid_time_in_state
08-25 17:56:59.339  2051  2094 W KernelCpuProcStringReader: File not found. It's normal if not implemented: /proc/uid_concurrent_active_time
08-25 17:56:59.339  2051  2094 W KernelCpuProcStringReader: File not found. It's normal if not implemented: /proc/uid_concurrent_policy_time
08-25 17:56:59.339  2051  2051 V SettingsProvider: Notifying for 0: content://settings/global/network_recommendations_enabled
08-25 17:56:59.341  1656  1656 D vold    : DISK mbr
08-25 17:56:59.341  1656  1656 D vold    : 
08-25 17:56:59.341  1656  1656 W vold    : disk:253,80 has unknown partition table; trying entire device
08-25 17:56:59.342  1656  1656 D vold    : /system/bin/blkid
08-25 17:56:59.342  1656  1656 D vold    :     -c
08-25 17:56:59.342  1656  1656 D vold    :     /dev/null
08-25 17:56:59.342  1656  1656 D vold    :     -s
08-25 17:56:59.342  1656  1656 D vold    :     TYPE
08-25 17:56:59.342  1656  1656 D vold    :     -s
08-25 17:56:59.342  1656  1656 D vold    :     UUID
08-25 17:56:59.342  1656  1656 D vold    :     -s
08-25 17:56:59.342  1656  1656 D vold    :     LABEL
08-25 17:56:59.342  1656  1656 D vold    :     /dev/block/vold/disk:253,80
08-25 17:56:59.342  2051  2051 D PackageWatchdog: Getting all observed packages pending health checks
08-25 17:56:59.342  2051  2051 I PackageWatchdog: Syncing health check requests for packages: {}
08-25 17:56:59.350  2051  2051 D ExplicitHealthCheckController: Getting health check supported packages
08-25 17:56:59.357  2051  2051 W Looper  : Drained
08-25 17:56:59.361  1656  1656 D vold    : /dev/block/vold/disk:253,80: LABEL="SDCARD" UUID="1001-2F16" TYPE="vfat" 
08-25 17:56:59.361  1656  1656 D vold    : 
08-25 17:56:59.363  2051  2069 I ExplicitHealthCheckController: Explicit health check supported packages [PackageConfig{com.google.android.networkstack, 3600000}]
08-25 17:56:59.363  2051  2069 D PackageWatchdog: Received supported packages [PackageConfig{com.google.android.networkstack, 3600000}]
08-25 17:56:59.364  1656  1656 D vold    : /system/bin/blkid
08-25 17:56:59.365  2051  2069 D ExplicitHealthCheckController: Getting health check requested packages
08-25 17:56:59.365  1656  1656 D vold    :     -c
08-25 17:56:59.365  1656  1656 D vold    :     /dev/null
08-25 17:56:59.365  1656  1656 D vold    :     -s
08-25 17:56:59.366  1656  1656 D vold    :     TYPE
08-25 17:56:59.366  1656  1656 D vold    :     -s
08-25 17:56:59.366  1656  1656 D vold    :     UUID
08-25 17:56:59.366  1656  1656 D vold    :     -s
08-25 17:56:59.366  1656  1656 D vold    :     LABEL
08-25 17:56:59.366  1656  1656 D vold    :     /dev/block/vold/public:253,80
08-25 17:56:59.376  2051  2131 I ExplicitHealthCheckController: Explicit health check requested packages []
08-25 17:56:59.376  2051  2131 I ExplicitHealthCheckController: No more health check requests, unbinding...
08-25 17:56:59.377  2339  2339 I SystemConfig: Adding association: com.google.android.as <- com.android.providers.contacts
08-25 17:56:59.378  2339  2339 I SystemConfig: Adding association: com.google.android.as <- com.android.providers.media
08-25 17:56:59.378  2339  2339 I SystemConfig: Adding association: com.google.android.as <- com.android.providers.telephony
08-25 17:56:59.378  2339  2339 I SystemConfig: Adding association: com.google.android.as <- com.android.systemui
08-25 17:56:59.378  2339  2339 I SystemConfig: Adding association: com.google.android.as <- com.google.android.gms
08-25 17:56:59.378  2339  2339 I SystemConfig: Adding association: com.google.android.as <- com.google.android.gsf
08-25 17:56:59.378  2051  2131 I ExplicitHealthCheckController: Explicit health check service is unbound
08-25 17:56:59.393  1656  1656 D vold    : /dev/block/vold/public:253,80: LABEL="SDCARD" UUID="1001-2F16" TYPE="vfat" 
08-25 17:56:59.393  1656  1656 D vold    : 
08-25 17:56:59.393  1656  1656 D vold    : /system/bin/fsck_msdos
08-25 17:56:59.393  1656  1656 D vold    :     -p
08-25 17:56:59.393  1656  1656 D vold    :     -f
08-25 17:56:59.393  1656  1656 D vold    :     -y
08-25 17:56:59.393  1656  1656 D vold    :     /dev/block/vold/public:253,80
08-25 17:56:59.395  2194  2194 V WifiManager: registerTrafficStateCallback: callback=com.android.systemui.statusbar.policy.WifiSignalController$WifiTrafficStateCallback@e9b0f26, handler=null
08-25 17:56:59.394  2339  2339 W SystemConfig: No directory /product_services/etc/sysconfig, skipping
08-25 17:56:59.395  2339  2339 W SystemConfig: No directory /product_services/etc/permissions, skipping
08-25 17:56:59.404  2051  2395 D ConnectivityService: requestNetwork for uid/pid:10108/2194 NetworkRequest [ TRACK_DEFAULT id=13, [ Capabilities: INTERNET&NOT_RESTRICTED&TRUSTED Uid: 10108] ]
08-25 17:56:59.412  2339  2339 D PhoneSwitcherNetworkRequstListener: Registering NetworkFactory
08-25 17:56:59.414  2051  2163 D ConnectivityService: Got NetworkFactory Messenger for PhoneSwitcherNetworkRequstListener
08-25 17:56:59.446  2194  2194 E ActivityThread: Failed to find provider info for com.google.android.apps.turbo.estimated_time_remaining
08-25 17:56:59.451  2051  2163 D ConnectivityService: Got NetworkFactory Messenger for TelephonyNetworkFactory[0]
08-25 17:56:59.452  2051  2167 D NotificationSQLiteLog: Pruned event entries: 0
08-25 17:56:59.453  2505  2505 W native  : cpu_feature_guard.cc:35 The TensorFlow library was compiled to use SSE instructions, but these aren't available on your machine.
08-25 17:56:59.453  2505  2505 W native  : cpu_feature_guard.cc:35 The TensorFlow library was compiled to use SSE2 instructions, but these aren't available on your machine.
08-25 17:56:59.454  2505  2505 W native  : cpu_feature_guard.cc:35 The TensorFlow library was compiled to use SSE3 instructions, but these aren't available on your machine.
08-25 17:56:59.454  2505  2505 W native  : commandlineflags.cc:972 Ignoring RegisterValidateFunction() for flag pointer 0xc6422e3c: no flag found at that address
08-25 17:56:59.458  1656  1656 D vold    : /dev/block/vold/public:253,80: 39 files, 522152 free (261076 clusters)
08-25 17:56:59.458  1656  1656 D vold    : 
08-25 17:56:59.458  1656  1656 I vold    : Filesystem check completed OK
08-25 17:56:59.465  1656  1656 D vold    : Waiting for FUSE to spin up...
08-25 17:56:59.480  2623  2623 W sdcard  : Device explicitly enabled sdcardfs
08-25 17:56:59.481  2339  2624 E ActivityThread: Failed to find provider info for com.android.contacts
08-25 17:56:59.481  2339  2624 W CallerInfoCache: cursor is null
08-25 17:56:59.491  2339  2339 D CarrierConfigLoader: CarrierConfigLoader has started
08-25 17:56:59.495  2339  2339 E BluetoothAdapter: Bluetooth binder is null
08-25 17:56:59.528  1647  1647 I hwservicemanager: getTransport: Cannot find entry android.hardware.radio.config@1.1::IRadioConfig/default in either framework or device manifest.
08-25 17:56:59.529  1647  1647 I hwservicemanager: getTransport: Cannot find entry android.hardware.radio.config@1.0::IRadioConfig/default in either framework or device manifest.
08-25 17:56:59.530  1828  1828 D installd: Found quota mount /dev/block/vdc at /data
08-25 17:56:59.530  1828  1828 D installd: Found storage mount /mnt/media_rw/1001-2F16 at /mnt/runtime/default/1001-2F16
08-25 17:56:59.563  2505  2505 I TransientFileCleaner: Deleting 0 files
08-25 17:56:59.574  2051  2131 D AlarmManagerService: Kernel timezone updated to -330 minutes west of GMT
