08-25 17:56:56.410  2051  2051 I PackageManager: Un-granting permission com.google.android.googleapps.permission.GOOGLE_AUTH from package com.android.providers.calendar (protectionLevel=2 flags=0x30883e45)
08-25 17:56:56.411  2051  2051 I PackageManager: Un-granting permission com.google.android.googleapps.permission.GOOGLE_AUTH.cl from package com.android.providers.calendar (protectionLevel=2 flags=0x30883e45)
08-25 17:56:56.411  2051  2094 E KernelCpuUidFreqTimeReader: Failed to read /proc/uid_time_in_state: java.nio.file.NoSuchFileException: /proc/uid_time_in_state
08-25 17:56:56.411  2051  2051 I PackageManager: Un-granting permission android.permission.WRITE_SECURE_SETTINGS from package com.google.android.apps.enterprise.dmagent (protectionLevel=50 flags=0x30083e05)
08-25 17:56:56.412  2051  2051 I PackageManager: Un-granting permission android.permission.CONNECTIVITY_INTERNAL from package com.google.android.apps.enterprise.dmagent (protectionLevel=18 flags=0x30083e05)
08-25 17:56:56.412  2051  2051 I PackageManager: Un-granting permission android.permission.MANAGE_USB from package com.google.android.apps.enterprise.dmagent (protectionLevel=18 flags=0x30083e05)
08-25 17:56:56.412  2051  2051 I PackageManager: Un-granting permission android.permission.CHANGE_COMPONENT_ENABLED_STATE from package com.google.android.apps.enterprise.dmagent (protectionLevel=18 flags=0x30083e05)
08-25 17:56:56.412  2051  2051 I PackageManager: Un-granting permission android.permission.MANAGE_CA_CERTIFICATES from package com.google.android.apps.enterprise.dmagent (protectionLevel=18 flags=0x30083e05)
08-25 17:56:56.412  2051  2051 I PackageManager: Un-granting permission android.permission.MANAGE_USERS from package com.google.android.apps.enterprise.dmagent (protectionLevel=18 flags=0x30083e05)
08-25 17:56:56.412  2051  2051 I PackageManager: Un-granting permission com.google.android.setupwizard.READ_DEVICE_ORIGIN from package com.google.android.apps.messaging (protectionLevel=18 flags=0x38cbbe45)
08-25 17:56:56.413  2051  2051 I PackageManager: Un-granting permission android.permission.BIND_WALLPAPER from package com.android.camera2 (protectionLevel=18 flags=0x20d8bc45)
08-25 17:56:56.413  2051  2094 W KernelCpuProcStringReader: File not found. It's normal if not implemented: /proc/uid_time_in_state
08-25 17:56:56.413  2051  2094 W KernelCpuProcStringReader: File not found. It's normal if not implemented: /proc/uid_concurrent_active_time
08-25 17:56:56.414  2051  2051 I PackageManager: Un-granting permission android.permission.REQUEST_INSTALL_PACKAGES from package com.google.android.gm (protectionLevel=66 flags=0x38cbbe45)
08-25 17:56:56.414  2051  2094 W KernelCpuProcStringReader: File not found. It's normal if not implemented: /proc/uid_concurrent_policy_time
08-25 17:56:56.414  2051  2051 I PackageManager: Un-granting permission android.permission.BIND_JOB_SERVICE from package com.google.android.music (protectionLevel=2 flags=0x38cbbe65)
08-25 17:56:56.414  2051  2051 I PackageManager: Un-granting permission android.permission.CONNECTIVITY_USE_RESTRICTED_NETWORKS from package com.google.android.captiveportallogin (protectionLevel=18 flags=0x38c8be45)
08-25 17:56:56.414  2051  2051 I PackageManager: Un-granting permission android.permission.NETWORK_BYPASS_PRIVATE_DNS from package com.google.android.captiveportallogin (protectionLevel=2 flags=0x38c8be45)
08-25 17:56:56.414  2051  2051 I PackageManager: Un-granting permission android.permission.REQUEST_INSTALL_PACKAGES from package com.google.android.apps.docs (protectionLevel=66 flags=0x38cbbe45)
08-25 17:56:56.415  2051  2051 I PackageManager: Un-granting permission android.permission.INTERACT_ACROSS_USERS from package com.google.android.syncadapters.contacts (protectionLevel=50 flags=0x20883e45)
08-25 17:56:56.416  2051  2051 I PackageManager: Un-granting permission android.permission.REQUEST_INSTALL_PACKAGES from package com.android.chrome (protectionLevel=66 flags=0xa0cbbe45)
08-25 17:56:56.416  2051  2051 I PackageManager: Un-granting permission com.google.android.apps.now.CURRENT_ACCOUNT_ACCESS from package com.android.chrome (protectionLevel=2 flags=0xa0cbbe45)
08-25 17:56:56.417  2051  2051 I PackageManager: Un-granting permission android.permission.CAPTURE_VIDEO_OUTPUT from package com.google.android.gms (protectionLevel=2 flags=0xb0cabe45)
08-25 17:56:56.418  2051  2051 I PackageManager: Un-granting permission android.permission.MANAGE_DEVICE_ADMINS from package com.google.android.gms (protectionLevel=2 flags=0xb0cabe45)
08-25 17:56:56.418  2051  2051 I PackageManager: Un-granting permission android.permission.MANAGE_ACTIVITY_STACKS from package com.google.android.gms (protectionLevel=2 flags=0xb0cabe45)
08-25 17:56:56.422  2051  2051 I PackageManager: Un-granting permission android.permission.CAPTURE_SECURE_VIDEO_OUTPUT from package com.google.android.gms (protectionLevel=2 flags=0xb0cabe45)
08-25 17:56:56.422  2051  2051 I PackageManager: Un-granting permission android.permission.MANAGE_ROLLBACKS from package com.google.android.gms (protectionLevel=514 flags=0xb0cabe45)
08-25 17:56:56.423  2051  2051 I PackageManager: Un-granting permission com.google.android.googleapps.permission.GOOGLE_AUTH from package com.google.android.videos (protectionLevel=2 flags=0x30dbbe45)
08-25 17:56:56.423  2051  2051 I PackageManager: Un-granting permission android.permission.WRITE_MEDIA_STORAGE from package com.google.android.apps.photos (protectionLevel=18 flags=0x38d9be45)
08-25 17:56:56.396  2051  2051 I chatty  : uid=1000 system_server identical 8 lines
08-25 17:56:56.396  2051  2051 W InputReader: Device has associated, but no associated display id.
08-25 17:56:56.426  2051  2159 D WifiController: WifiController msg { when=-80ms what=155656 target=com.android.internal.util.StateMachine$SmHandler } deferred for 500ms
08-25 17:56:56.426  2051  2097 W KeyguardServiceDelegate: onScreenTurningOn(): no keyguard service!
08-25 17:56:56.427  2051  2160 D WifiActiveModeWarden: received a message in WifiDisabledState: { when=0 what=1 target=com.android.internal.util.StateMachine$SmHandler }
08-25 17:56:56.427  2051  2160 D WifiActiveModeWarden: Switching from WifiDisabledState to ScanOnlyMode
08-25 17:56:56.427  2051  2160 D WifiActiveModeWarden: Entering ScanOnlyModeActiveState
08-25 17:56:56.427  2051  2097 V DisplayPowerController: Brightness [102] reason changing to: 'override', previous reason: '0'.
08-25 17:56:56.428  2051  2160 D WifiScanOnlyModeManager: entering IdleState
08-25 17:56:56.430  1768  1768 I android.hardware.wifi@1.0-service: Wifi HAL started
08-25 17:56:56.430  2051  2161 I WifiP2pNative: Registering for interface available listener
08-25 17:56:56.430  2051  2160 I WifiVendorHal: Vendor Hal started successfully
08-25 17:56:56.437  2051  2161 D WifiP2pNative: P2P InterfaceAvailableListener true
08-25 17:56:56.437  2051  2161 D WifiP2pService: Wifi enabled=false, P2P Interface availability=true, Number of clients=0
08-25 17:56:56.437  2051  2161 D WifiP2pService: Wifi enabled=false, P2P Interface availability=true
08-25 17:56:56.445  1768  1768 I android.hardware.wifi@1.0-service: Adding interface handle for wlan0
08-25 17:56:56.445  1768  1768 W android.hardware.wifi@1.0-service: No active wlan interfaces in use! Using default
08-25 17:56:56.445  1768  1768 E android.hardware.wifi@1.0-service: Failed to register radio mode change callback
08-25 17:56:56.445  1768  1768 W android.hardware.wifi@1.0-service: No active wlan interfaces in use! Using default
08-25 17:56:56.447  2051  2051 V UserDataPreparer: Found /data/user_de/0 with serial number 0
08-25 17:56:56.447  2051  2051 V UserDataPreparer: Found /data/user/0 with serial number 0
08-25 17:56:56.447  2051  2051 V UserDataPreparer: Found /data/system_de/0 with serial number 0
08-25 17:56:56.447  2051  2051 V UserDataPreparer: Found /data/system_ce/0 with serial number 0
08-25 17:56:56.447  2051  2051 V UserDataPreparer: Found /data/misc_ce/0 with serial number 0
08-25 17:56:56.451  2051  2051 D SystemServerTiming: MakePackageManagerServiceReady took to complete: 44ms
08-25 17:56:56.451  2051  2051 I SystemServer: MakeDisplayManagerServiceReady
08-25 17:56:56.452  2051  2051 D SystemServerTiming: MakeDisplayManagerServiceReady took to complete: 0ms
08-25 17:56:56.452  2051  2051 I SystemServer: StartDeviceSpecificServices
08-25 17:56:56.455  2051  2051 D SystemServerTiming: StartDeviceSpecificServices took to complete: 0ms
08-25 17:56:56.455  2051  2051 I SystemServer: StartBootPhaseDeviceSpecificServicesReady
08-25 17:56:56.455  2051  2051 I SystemServiceManager: Starting phase 520
08-25 17:56:56.459  1768  1768 W libc    : Unable to set property "vendor.wlan.firmware.version" to "1.0": error code: 0x18
08-25 17:56:56.461  2051  2051 D SystemServerTiming: StartBootPhaseDeviceSpecificServicesReady took to complete: 5ms
08-25 17:56:56.461  2051  2051 I SystemServer: StartPermissionPolicyService
08-25 17:56:56.461  2051  2051 I SystemServiceManager: Starting com.android.server.policy.PermissionPolicyService
08-25 17:56:56.470  2051  2051 D SystemServerTiming: StartPermissionPolicyService took to complete: 10ms
08-25 17:56:56.472  1768  1768 W libc    : Unable to set property "vendor.wlan.driver.version" to "1.0": error code: 0x18
08-25 17:56:56.472  2051  2051 W UsageStatsService: Event reported without a package name, eventType:15
08-25 17:56:56.472  1768  1768 I android.hardware.wifi@1.0-service: Configured chip in mode 0
08-25 17:56:56.472  1768  1768 W android.hardware.wifi@1.0-service: No active wlan interfaces in use! Using default
08-25 17:56:56.473  2051  2051 I AppOps  : Pruning old package system/com.android.server.appop.AppOpsService$UidState@a8e4c86: new uid=-1
08-25 17:56:56.474  2051  2160 D HalDevMgr: updateRttController: no one is interested in RTT controllers
08-25 17:56:56.474  1768  1768 E android.hardware.wifi@1.0-service: Failed to set DFS flag; DFS channels may be unavailable.
08-25 17:56:56.475  2051  2051 I ActivityManager: System now ready
08-25 17:56:56.497  2051  2160 D WificondControl: Setting up interface for client mode
08-25 17:56:56.502  1846  1846 I wificond: create scanner for interface with index: 3
08-25 17:56:56.502  1846  1846 I wificond: subscribe scan result for interface with index: 3
08-25 17:56:56.504  1647  1647 I hwservicemanager: getTransport: Cannot find entry android.hardware.wifi.offload@1.0::IOffload/default in either framework or device manifest.
08-25 17:56:56.504  1846  1846 E wificond: No Offload Service available
08-25 17:56:56.505  1846  1846 I wificond: Offload HAL not supported 
08-25 17:56:56.513  2051  2051 I SystemServer: Making services ready
08-25 17:56:56.513  2051  2051 I SystemServer: StartActivityManagerReadyPhase
08-25 17:56:56.513  2051  2051 I SystemServiceManager: Starting phase 550
08-25 17:56:56.513  1742  1742 I netd    : interfaceGetCfg("wlan0") <0.17ms>
08-25 17:56:56.513  2051  2160 I WifiNative: Interface state changed on Iface:{Name=wlan0,Id=0,Type=STA_SCAN}, isUp=true
08-25 17:56:56.513  2051  2160 I WifiNative: Successfully setup Iface:{Name=wlan0,Id=0,Type=STA_SCAN}
08-25 17:56:56.513  2051  2160 E SupplicantStaIfaceHal: checkHalVersionByInterfaceName: called but mServiceManager is null
08-25 17:56:56.513  2051  2160 E SupplicantStaIfaceHal: Method getKeyMgmtCapabilities is not supported in existing HAL
08-25 17:56:56.519  2051  2160 D WifiScanOnlyModeManager: entering StartedState
08-25 17:56:56.530  1742  1742 I netd    : interfaceGetCfg("wlan0") <0.21ms>
08-25 17:56:56.530  2051  2051 I android_os_HwBinder: HwBinder: Starting thread pool for getting: android.hardware.thermal@2.0::IThermal/default
08-25 17:56:56.531  2051  2160 D WifiScanOnlyModeManager: Wifi is ready to use for scanning
08-25 17:56:56.531  2051  2160 D WakeupController: start()
08-25 17:56:56.531  1767  1767 I android.hardware.thermal@2.0-service-mock: A callback has been registered to ThermalHAL, isFilter: 0 Type: CPU
08-25 17:56:56.538  2051  2051 W ActivityManager: Too early to start/bind service in system_server: Phase=550 ComponentInfo{com.android.server.telecom/com.android.server.telecom.components.TelecomService}
08-25 17:56:56.540  2051  2160 D WakeupController: Setting active to true
08-25 17:56:56.540  2051  2160 E WifiConfigManager: Cannot save to store before store is read!
08-25 17:56:56.540  2051  2160 D WifiActiveModeWarden: scan mode active
08-25 17:56:56.540  2051  2160 D WifiScanRequestProxy: Sending scan available broadcast: true
08-25 17:56:56.540  2051  2160 I WifiScanRequestProxy: Scanning is enabled
08-25 17:56:56.540  2051  2160 I WifiScanRequestProxy: Scanning for hidden networks is disabled
08-25 17:56:56.540  2051  2160 E WifiNative: Could not get Iface object for interface null
08-25 17:56:56.550  2051  2162 E WifiVendorHal: getBgScanCapabilities(l.630) failed {.code = ERROR_NOT_SUPPORTED, .description = }
08-25 17:56:56.557  2051  2162 I WifiScanningService: wifi driver loaded with scan capabilities: max buckets=16
08-25 17:56:56.539  2051  2051 W ActivityManager: Too early to start/bind service in system_server: Phase=550 ComponentInfo{com.android.server.telecom/com.android.server.telecom.components.TelecomService}
08-25 17:56:56.679  2051  2051 W SyncManager: Failure adding authority: auth=com.google.android.location.reporting enabled=false syncable=-1
08-25 17:56:56.689  2051  2051 W SystemServiceManager: Service com.android.server.content.ContentService$Lifecycle took 150 ms in onBootPhase
08-25 17:56:56.845  2051  2051 W SystemServiceManager: Service com.android.server.inputmethod.InputMethodManagerService$Lifecycle took 155 ms in onBootPhase
08-25 17:56:56.848  2051  2154 D StorageManagerService: Isolated storage local flag 0 and remote flag 0 resolved to true
08-25 17:56:56.848  2051  2051 I WallpaperManagerService: No static wallpaper imagery; defaults will be shown
08-25 17:56:56.848  2051  2051 V WallpaperManagerService: bindWallpaperComponentLocked: componentName=ComponentInfo{com.android.systemui/com.android.systemui.ImageWallpaper}
08-25 17:56:56.856  2051  2051 E BitmapFactory: Unable to decode stream: java.io.FileNotFoundException: /data/system/users/0/wallpaper_orig: open failed: ENOENT (No such file or directory)
08-25 17:56:56.856  2051  2051 W WallpaperManagerService: Invalid wallpaper data
08-25 17:56:56.857  2051  2051 E WallpaperManagerService: Unable to apply new wallpaper
08-25 17:56:56.862  2051  2172 E BluetoothAdapter: Bluetooth binder is null
08-25 17:56:56.862  2051  2172 E BluetoothAdapter: Bluetooth binder is null
08-25 17:56:56.864  1773  1935 I AudioFlinger: systemReady
08-25 17:56:56.871  2051  2051 I AppBindingService: Updating constants with: null
08-25 17:56:56.871  1743  1743 D Zygote  : Forked child process 2194
08-25 17:56:56.878  2194  2194 W ndroid.systemu: Unexpected CPU variant for X86 using defaults: x86
08-25 17:56:56.886  2051  2051 D SystemServerTiming: StartActivityManagerReadyPhase took to complete: 374ms
08-25 17:56:56.886  2051  2051 I SystemServer: StartObservingNativeCrashes
08-25 17:56:56.887  2051  2051 D SystemServerTiming: StartObservingNativeCrashes took to complete: 0ms
08-25 17:56:56.887  2051  2051 I SystemServer: StartSystemUI
08-25 17:56:56.888  2051  2090 I ActivityManager: Start proc 2194:com.android.systemui/u0a108 for service {com.android.systemui/com.android.systemui.ImageWallpaper}
08-25 17:56:56.888  2051  2137 D SystemServerInitThreadPool: Started executing WebViewFactoryPreparation
08-25 17:56:56.888  2051  2137 I SystemServer: WebViewFactoryPreparation
08-25 17:56:56.889  2051  2051 D SystemServerTiming: StartSystemUI took to complete: 2ms
08-25 17:56:56.889  2051  2051 I SystemServer: MakeNetworkManagementServiceReady
08-25 17:56:56.892  2051  2051 W NetworkManagement: setDataSaverMode(): already false
08-25 17:56:56.893  1742  1742 I netd    : firewallSetFirewallType(1) <0.03ms>
08-25 17:56:56.894  2051  2051 D SystemServerTiming: MakeNetworkManagementServiceReady took to complete: 5ms
08-25 17:56:56.894  2051  2051 I SystemServer: MakeIpSecServiceReady
08-25 17:56:56.895  1742  1966 I netd    : isAlive() -> {"true"} <0.02ms>
08-25 17:56:56.895  2051  2051 D IpSecService: IpSecService is ready
08-25 17:56:56.895  2051  2051 D SystemServerTiming: MakeIpSecServiceReady took to complete: 1ms
08-25 17:56:56.895  2051  2160 E WifiNative: Could not get Iface object for interface null
08-25 17:56:56.895  2051  2051 I SystemServer: MakeNetworkStatsServiceReady
08-25 17:56:56.896  2051  2094 E BatteryExternalStatsWorker: no controller energy info supplied for telephony
08-25 17:56:56.900  2051  2051 W BestClock: java.time.DateTimeException: Missing NTP fix
08-25 17:56:56.902  2051  2137 D SystemServerTimingAsync: WebViewFactoryPreparation took to complete: 15ms
08-25 17:56:56.902  2051  2137 D SystemServerInitThreadPool: Finished executing WebViewFactoryPreparation
08-25 17:56:56.905  1743  1743 D Zygote  : Forked child process 2212
08-25 17:56:56.908  2051  2090 I ActivityManager: Start proc 2212:WebViewLoader-x86/1037 [android.webkit.WebViewLibraryLoader$RelroFileCreator] for null
08-25 17:56:56.915  2212  2212 W WebViewLoader-: Unexpected CPU variant for X86 using defaults: x86
08-25 17:56:56.923  2051  2157 W NetworkPolicy: setRestrictBackgroundUL: already false
08-25 17:56:56.935  1842  1906 D StagefrightPluginLoader: CCodec is disabled.
08-25 17:56:56.935  1842  1906 D StagefrightPluginLoader: Handle or CreateInputSurface symbol is null
08-25 17:56:56.935  1842  1906 D MediaCodecList: Allowing all OMX codecs
08-25 17:56:56.935  1842  1906 D StagefrightPluginLoader: Handle or CreateBuilder symbol is null
08-25 17:56:56.937  2051  2159 D WifiController: DEFERRED_TOGGLE handled
08-25 17:56:56.938  2051  2159 D WifiController: StaEnabledState.enter()
08-25 17:56:56.939  2051  2160 D WifiActiveModeWarden: Switching from ScanOnlyModeActiveState to ClientMode
08-25 17:56:56.939  2051  2160 D WifiScanOnlyModeManager:  currentstate: StartedState
08-25 17:56:56.939  2051  2160 D WifiScanRequestProxy: Sending scan available broadcast: false
08-25 17:56:56.940  2051  2162 I WifiScanningService: wifi driver unloaded
08-25 17:56:56.941  1846  1846 W wificond: No pno scan started
08-25 17:56:56.941  1846  1846 E wificond: Receive ERROR message in response to 'stop scheduled scan' request: Operation not supported on transport endpoint
08-25 17:56:56.945  1842  1906 I OMXClient: IOmx service obtained
08-25 17:56:56.945  1742  1966 I netd    : trafficSwapActiveStatsMap() <44.27ms>
08-25 17:56:56.946  1849  1849 I OMXMaster: makeComponentInstance(OMX.google.aac.decoder) in android.hardwar process
08-25 17:56:56.946  1742  1742 I netd    : firewallReplaceUidChain("fw_standby", "false", []) -> {"true"} <19.57ms>
08-25 17:56:56.948  1742  1966 I netd    : tetherGetStats() <1.46ms>
08-25 17:56:56.962  2051  2157 W BestClock: java.time.DateTimeException: Missing NTP fix
08-25 17:56:56.968  2051  2160 I WifiScanRequestProxy: Scanning is disabled
08-25 17:56:56.968  2051  2160 D WifiActiveModeWarden: Entering ClientModeActiveState
08-25 17:56:56.970  2051  2160 D WifiClientModeManager: entering IdleState
08-25 17:56:56.970  2051  2160 D WakeupController: stop()
08-25 17:56:56.970  1742  1966 I netd    : firewallEnableChildChain(2, "true") <0.02ms>
08-25 17:56:56.971  1742  1742 I netd    : socketDestroy([]) <0.13ms>
08-25 17:56:56.973  1742  1966 I netd    : bandwidthSetGlobalAlert(2097152) <2.36ms>
08-25 17:56:56.974  2051  2051 D SystemServerTiming: MakeNetworkStatsServiceReady took to complete: 78ms
08-25 17:56:56.974  2051  2051 I SystemServer: MakeConnectivityServiceReady
08-25 17:56:56.976  2051  2051 D ConnectivityService: requestNetwork for uid/pid:1000/2051 NetworkRequest [ REQUEST id=7, [ Capabilities: INTERNET&NOT_RESTRICTED&TRUSTED&NOT_VPN] ]
08-25 17:56:56.977  1842  1906 I OMXClient: IOmx service obtained
08-25 17:56:56.977  1849  1849 I OMXMaster: makeComponentInstance(OMX.google.amrnb.decoder) in android.hardwar process
08-25 17:56:56.978  1768  1768 W android.hardware.wifi@1.0-service: No active wlan interfaces in use! Using default
08-25 17:56:56.978  2051  2051 D PermissionMonitor: Monitoring
08-25 17:56:56.982  1846  1846 I wificond: Unsubscribe scan result for interface with index: 3
08-25 17:56:56.991  2051  2051 D PermissionMonitor: Users: 1, Apps: 35
08-25 17:56:56.992  2051  2160 D WificondControl: tearing down interfaces in wificond
08-25 17:56:56.992  1742  1966 I netd    : networkSetPermissionForUser(1, [10137]) <0.03ms>
08-25 17:56:56.993  1742  1966 I netd    : networkSetPermissionForUser(2, [10112,1027,10115,10116,10117,10118,10119,10120,10057,10121,10122,10123,10125,10126,2000,10129,10130,10131,10069,10135,10136,10072,10138,10140,10076,10142,10143,1000,10088,1001,1002,1073,10107,10108]) <0.01ms>
08-25 17:56:56.994  2212  2212 V WebViewLibraryLoader: RelroFileCreator (64bit = false), package: com.google.android.webview library: libmonochrome.so
08-25 17:56:56.997  1742  1966 I netd    : trafficSetNetPermForUids(12, [1001,1002,1013,10069,10116,10121]) <0.04ms>
08-25 17:56:56.998  1768  1768 I android.hardware.wifi@1.0-service: Legacy HAL stop complete callback received
08-25 17:56:56.999  1842  1906 I OMXClient: IOmx service obtained
08-25 17:56:57.000  1849  1849 I OMXMaster: makeComponentInstance(OMX.google.amrwb.decoder) in android.hardwar process
08-25 17:56:57.002  1742  1966 I netd    : trafficSetNetPermForUids(4, [1000,1027,1073,2000,10056,10057,10062,10063,10064,10076,10080,10082,10085,10086,10088,10093,10097,10099,10100,10101,10105,10107,10111,10112,10114,10115,10117,10118,10119,10120,10122,10125,10126,10127,10128,10129,10130,10131,10134,10135,10136,10137,10138,10139,10140,10141,10142,10143,10144,10145]) <0.24ms>
08-25 17:56:57.004  1742  1966 I netd    : trafficSetNetPermForUids(8, [1041,1047]) <0.13ms>
08-25 17:56:57.006  1768  1768 I android.hardware.wifi@1.0-service: Wifi HAL stopped
08-25 17:56:57.006  1742  1966 I netd    : trafficSetNetPermForUids(0, [1003,1063,1066,1067,1068,10000,10001,10002,10003,10004,10005,10006,10007,10008,10009,10010,10011,10012,10013,10014,10015,10016,10017,10018,10019,10020,10021,10022,10023,10024,10025,10026,10027,10028,10029,10030,10031,10032,10033,10034,10035,10036,10037,10038,10039,10040,10041,10042,10043,10044,10045,10046,10047,10048,10049,10050,10051,10052,10053,10054,10055,10058,10059,10060,10061,10065,10066,10067,10068,10070,10071,10072,10073,10074,10075,10077,10078,10079,10081,10083,10084,10087,10089,10090,10091,10092,10094,10095,10096,10098,10102,10103,10104,10106,10108,10109,10110,10113,10123,10132,10133,10146]) <0.12ms>
08-25 17:56:57.006  2051  2051 D SystemServerTiming: MakeConnectivityServiceReady took to complete: 31ms
08-25 17:56:57.006  2051  2051 I SystemServer: MakeNetworkPolicyServiceReady
08-25 17:56:57.006  2051  2051 D SystemServerTiming: MakeNetworkPolicyServiceReady took to complete: 0ms
08-25 17:56:57.006  2051  2051 I SystemServer: PhaseThirdPartyAppsCanStart
08-25 17:56:57.006  2051  2051 I SystemServiceManager: Starting phase 600
08-25 17:56:57.007  2051  2051 I ExplicitHealthCheckController: Explicit health checks enabled.
08-25 17:56:57.007  2051  2051 I PackageWatchdog: Syncing state, reason: health check state enabled
08-25 17:56:57.007  2051  2051 I PackageWatchdog: Not pruning observers, elapsed time: 0ms
08-25 17:56:57.011  2051  2160 I WifiVendorHal: Vendor Hal stopped
08-25 17:56:57.011  2051  2160 I WifiNative: Successfully torn down Iface:{Name=wlan0,Id=0,Type=STA_SCAN}
08-25 17:56:57.011  2051  2160 E HalDevMgr: getAllChipInfo: called but mWifi is null!?
08-25 17:56:57.011  2051  2160 E HalDevMgr: dispatchAvailableForRequestListeners: no chip info found
08-25 17:56:57.011  2051  2160 W HalDevMgr: stopWifi called but mWifi is null!?
08-25 17:56:57.011  2051  2160 I WifiNative: Successfully initiated teardown for iface=wlan0
08-25 17:56:57.011  2051  2160 D WifiScanOnlyModeManager: expected stop, not triggering callbacks: state = 1
08-25 17:56:57.011  2051  2160 E WifiNative: Could not get Iface object for interface null
08-25 17:56:57.012  2051  2160 D WifiActiveModeWarden: State changed from client mode. state = 2
08-25 17:56:57.012  2051  2161 W HalDevMgr: isWifiStarted called but mWifi is null!?
08-25 17:56:57.014  2051  2051 I PackageWatchdog: Cancelling state sync, nothing to sync
08-25 17:56:57.017  2051  2160 I android_os_HwBinder: HwBinder: Starting thread pool for getting: android.hardware.wifi@1.0::IWifi/default
08-25 17:56:57.020  2051  2051 V WallpaperManagerService: bindWallpaperComponentLocked: componentName=ComponentInfo{com.android.systemui/com.android.systemui.ImageWallpaper}
08-25 17:56:57.021  2194  2194 I ndroid.systemu: The ClassLoaderContext is a special shared library.
08-25 17:56:57.022  1842  1906 I OMXClient: IOmx service obtained
08-25 17:56:57.023  1849  1849 I OMXMaster: makeComponentInstance(OMX.google.flac.decoder) in android.hardwar process
08-25 17:56:57.024  1768  1768 I android.hardware.wifi@1.0-service: Wifi HAL started
08-25 17:56:57.025  2051  2160 I WifiVendorHal: Vendor Hal started successfully
08-25 17:56:57.025  2051  2161 I WifiP2pNative: Registering for interface available listener
08-25 17:56:57.029  2051  2160 I android_os_HwBinder: HwBinder: Starting thread pool for getting: android.hidl.manager@1.0::IServiceManager/default
08-25 17:56:57.036  2051  2161 I WifiP2pNative: Registering for interface available listener
08-25 17:56:57.036  2051  2161 D WifiP2pNative: P2P InterfaceAvailableListener true
08-25 17:56:57.036  2051  2161 D WifiP2pService: Wifi enabled=false, P2P Interface availability=true, Number of clients=0
08-25 17:56:57.036  2051  2161 D WifiP2pService: Wifi enabled=false, P2P Interface availability=true
08-25 17:56:57.036  1647  1647 I hwservicemanager: getTransport: Cannot find entry android.hardware.wifi.supplicant@1.1::ISupplicant/default in either framework or device manifest.
08-25 17:56:57.036  2051  2160 I SupplicantStaIfaceHal: Starting supplicant using init
08-25 17:56:57.037  2212  2212 I WebViewLoader-: The ClassLoaderContext is a special shared library.
08-25 17:56:57.037  2051  2088 I PackageWatchdog: Saving observer state to file
08-25 17:56:57.050  1842  1906 I OMXClient: IOmx service obtained
08-25 17:56:57.051  1849  2257 I OMXMaster: makeComponentInstance(OMX.google.g711.alaw.decoder) in android.hardwar process
08-25 17:56:57.056  2212  2212 I WebViewLoader-: The ClassLoaderContext is a special shared library.
08-25 17:56:57.059  2051  2051 I StatsCompanionService: Told statsd that StatsCompanionService is alive.
08-25 17:56:57.062  2051  2051 D SystemServerTiming: PhaseThirdPartyAppsCanStart took to complete: 56ms
08-25 17:56:57.062  2051  2051 I SystemServer: StartNetworkStack
08-25 17:56:57.068  1842  1906 I OMXClient: IOmx service obtained
08-25 17:56:57.068  1921  1921 E hostapd : Using interface wlan1 with hwaddr 02:15:b2:00:01:00 and ssid "AndroidWifi"
08-25 17:56:57.069  1849  1849 I OMXMaster: makeComponentInstance(OMX.google.g711.mlaw.decoder) in android.hardwar process
08-25 17:56:57.069  1921  1921 I hostapd : wlan1: interface state HT_SCAN->ENABLED
08-25 17:56:57.069  1921  1921 I hostapd : wlan1: AP-ENABLED 
08-25 17:56:57.077  2051  2051 D SystemServerTiming: StartNetworkStack took to complete: 15ms
08-25 17:56:57.077  2051  2051 I SystemServer: MakeLocationServiceReady
08-25 17:56:57.078  1842  1906 I OMXClient: IOmx service obtained
08-25 17:56:57.078  1849  1849 I OMXMaster: makeComponentInstance(OMX.google.gsm.decoder) in android.hardwar process
08-25 17:56:57.082  1743  1743 D Zygote  : Forked child process 2277
08-25 17:56:57.083  1647  1647 I hwservicemanager: getTransport: Cannot find entry android.hardware.gnss@2.0::IGnss/default in either framework or device manifest.
08-25 17:56:57.090  2051  2051 D GnssLocationProvider: gnssHal 2.0 was null, trying 1.1
08-25 17:56:57.090  1647  1647 I hwservicemanager: getTransport: Cannot find entry android.hardware.gnss@1.1::IGnss/default in either framework or device manifest.
08-25 17:56:57.091  2051  2051 D GnssLocationProvider: gnssHal 1.1 was null, trying 1.0
08-25 17:56:57.103  2277  2277 W id.networkstac: Unexpected CPU variant for X86 using defaults: x86
08-25 17:56:57.105  1842  1906 I OMXClient: IOmx service obtained
08-25 17:56:57.106  1849  2257 I OMXMaster: makeComponentInstance(OMX.google.mp3.decoder) in android.hardwar process
08-25 17:56:57.106  2051  2090 I ActivityManager: Start proc 2277:com.google.android.networkstack/1073 for service {com.google.android.networkstack/com.android.server.NetworkStackService}
08-25 17:56:57.113  2051  2089 W BroadcastQueue: Background execution not allowed: receiving Intent { act=android.location.PROVIDERS_CHANGED flg=0x10 (has extras) } to com.google.android.gms/.chimera.GmsIntentOperationService$PersistentTrustedReceiver
08-25 17:56:57.121  1842  1906 I OMXClient: IOmx service obtained
08-25 17:56:57.122  1849  1904 I OMXMaster: makeComponentInstance(OMX.google.opus.decoder) in android.hardwar process
08-25 17:56:57.141  1842  1906 I OMXClient: IOmx service obtained
08-25 17:56:57.142  1849  1903 I OMXMaster: makeComponentInstance(OMX.google.raw.decoder) in android.hardwar process
08-25 17:56:57.145  2051  2051 E ActivityRecognitionHardware: activity_recognition HAL is deprecated. is_supported is effectively a no-op
08-25 17:56:57.145  2051  2051 D LocationManagerService: Hardware Activity-Recognition not supported.
08-25 17:56:57.148  2051  2089 W BroadcastQueue: Background execution not allowed: receiving Intent { act=android.location.PROVIDERS_CHANGED flg=0x10 (has extras) } to com.google.android.gms/.chimera.GmsIntentOperationService$PersistentTrustedReceiver
08-25 17:56:57.151  1842  1906 I OMXClient: IOmx service obtained
08-25 17:56:57.154  1849  1903 I OMXMaster: makeComponentInstance(OMX.google.vorbis.decoder) in android.hardwar process
08-25 17:56:57.159  2051  2089 I chatty  : uid=1000(system) ActivityManager identical 5 lines
08-25 17:56:57.160  2051  2089 W BroadcastQueue: Background execution not allowed: receiving Intent { act=android.location.PROVIDERS_CHANGED flg=0x10 (has extras) } to com.google.android.gms/.chimera.GmsIntentOperationService$PersistentTrustedReceiver
08-25 17:56:57.160  2051  2051 D SystemServerTiming: MakeLocationServiceReady took to complete: 83ms
08-25 17:56:57.160  2051  2051 I SystemServer: MakeCountryDetectionServiceReady
08-25 17:56:57.160  2051  2051 D SystemServerTiming: MakeCountryDetectionServiceReady took to complete: 0ms
08-25 17:56:57.160  2051  2051 I SystemServer: MakeNetworkTimeUpdateReady
08-25 17:56:57.161  2051  2080 D GnssLocationProvider: Link to death notification successful
08-25 17:56:57.161  1760  1760 I GnssHAL_GnssInterface: getExtensionXtra: GnssXtra interface not implemented by HAL
08-25 17:56:57.162  1760  1760 I GnssHAL_GnssInterface: getExtensionAGnssRil: GnssRil interface not implemented by HAL
08-25 17:56:57.162  2051  2051 D ConnectivityService: requestNetwork for uid/pid:1000/2051 NetworkRequest [ TRACK_DEFAULT id=9, [ Capabilities: INTERNET&NOT_RESTRICTED&TRUSTED Uid: 1000] ]
08-25 17:56:57.163  2051  2051 D SystemServerTiming: MakeNetworkTimeUpdateReady took to complete: 2ms
08-25 17:56:57.163  2051  2051 I SystemServer: MakeInputManagerServiceReady
08-25 17:56:57.163  1760  1760 E GnssHAL_GnssInterface: getExtensionAGnss: AGnss interface not implemented by HAL
08-25 17:56:57.163  1760  1760 I GnssHAL_GnssInterface: getExtensionGnssNavigationMessage: GnssNavigationMessage interface not implemented by HAL
08-25 17:56:57.163  1842  1906 I OMXClient: IOmx service obtained
08-25 17:56:57.163  1760  1760 E GnssHAL_GnssInterface: getExtensionGnssMeasurement: GnssMeasurement interface not implemented by HAL
08-25 17:56:57.163  2051  2051 D SystemServerTiming: MakeInputManagerServiceReady took to complete: 1ms
08-25 17:56:57.163  2051  2051 I SystemServer: MakeTelephonyRegistryReady
08-25 17:56:57.163  1760  1760 I GnssHAL_GnssInterface: getExtensionGnssDebug: GnssDebug interface not implemented by HAL
08-25 17:56:57.163  1760  1760 I GnssHAL_GnssInterface: getExtensionGnssNi: GnssNi interface not implemented by HAL
08-25 17:56:57.163  2051  2051 D SystemServerTiming: MakeTelephonyRegistryReady took to complete: 0ms
08-25 17:56:57.163  2051  2051 I SystemServer: MakeMediaRouterServiceReady
08-25 17:56:57.163  1760  1760 E GnssHAL_GnssInterface: getExtensionGnssConfiguration: GnssConfiguration interface not implemented by HAL
08-25 17:56:57.163  1760  1760 E GnssHAL_GnssInterface: getExtensionGnssGeofencing: GnssGeofencing interface not implemented by HAL
08-25 17:56:57.163  2051  2051 D SystemServerTiming: MakeMediaRouterServiceReady took to complete: 0ms
08-25 17:56:57.163  1760  1760 E GnssHAL_GnssInterface: gnss flp hw_get_module failed: -2
08-25 17:56:57.163  2051  2051 I SystemServer: MakeMmsServiceReady
08-25 17:56:57.163  1760  1760 E GnssHAL_GnssInterface: getExtensionGnssBatching: GnssBatching interface is not implemented by HAL
08-25 17:56:57.163  2051  2051 I MmsServiceBroker: Delay connecting to MmsService until an API is called
08-25 17:56:57.163  2051  2051 D SystemServerTiming: MakeMmsServiceReady took to complete: 0ms
08-25 17:56:57.164  2051  2051 I SystemServer: IncidentDaemonReady
08-25 17:56:57.164  1760  1760 E GnssHAL_GnssInterface: calling setCallback
08-25 17:56:57.164  2051  2080 D GnssLocationProvider: gnssSetCapabilitesCb: 0u
08-25 17:56:57.164  2051  2051 D SystemServerTiming: IncidentDaemonReady took to complete: 1ms
08-25 17:56:57.164  2051  2051 I ActivityManager: Current user:0
08-25 17:56:57.164  2051  2051 I SystemServiceManager: Calling onStartUser u0
08-25 17:56:57.165  2051  2080 D GnssLocationProvider: gnssSetSystemInfoCb: yearOfHw=2015
08-25 17:56:57.165  1849  1903 I OMXMaster: makeComponentInstance(OMX.google.aac.encoder) in android.hardwar process
08-25 17:56:57.165  2051  2080 I GnssLocationProvider: Unable to initialize IGnssXtra interface.
08-25 17:56:57.165  2051  2080 I GnssLocationProvider: Unable to initialize IAGnss interface.
08-25 17:56:57.165  2051  2080 I GnssLocationProvider: Unable to initialize IGnssGeofencing interface.
08-25 17:56:57.165  2051  2080 I GnssLocationProvider: Unable to initialize IGnssNi interface.
08-25 17:56:57.165  2051  2080 I GnssLocationProvider: Unable to initialize IAGnssRil interface.
08-25 17:56:57.165  2051  2152 I InputReader: Reconfiguring input devices.  changes=0x00000030
08-25 17:56:57.172  2051  2080 E GnssLocationProvider: android_location_GnssLocationProvider_set_agps_server: AGPS interface not supported
08-25 17:56:57.173  1760  1760 E GnssHAL_GnssInterface: calling setCallback
08-25 17:56:57.173  1760  1760 W GnssHAL_GnssInterface: setCallback called more than once. Unexpected unless test.
08-25 17:56:57.174  2051  2080 D GnssLocationProvider: gnssSetSystemInfoCb: yearOfHw=2015
08-25 17:56:57.175  2051  2080 D GnssLocationProvider: gnssSetCapabilitesCb: 0u
08-25 17:56:57.175  2051  2080 D GnssLocationProvider: gnssSetSystemInfoCb: yearOfHw=2015
08-25 17:56:57.176  2051  2080 I GnssLocationProvider: Unable to initialize IGnssXtra interface.
08-25 17:56:57.176  2051  2080 I GnssLocationProvider: Unable to initialize IAGnss interface.
08-25 17:56:57.176  2051  2080 I GnssLocationProvider: Unable to initialize IGnssGeofencing interface.
08-25 17:56:57.176  2051  2080 I GnssLocationProvider: Unable to initialize IGnssNi interface.
08-25 17:56:57.176  2051  2080 I GnssLocationProvider: Unable to initialize IAGnssRil interface.
08-25 17:56:57.176  2051  2080 E GnssLocationProvider: android_location_GnssLocationProvider_set_agps_server: AGPS interface not supported
08-25 17:56:57.179  2051  2080 E GnssBatchingProvider: Failed to initialize GNSS batching
08-25 17:56:57.180  2051  2080 I GnssBlacklistHelper: Update GNSS satellite blacklist: 
08-25 17:56:57.189  2277  2277 I id.networkstac: The ClassLoaderContext is a special shared library.
08-25 17:56:57.189  1842  1906 I OMXClient: IOmx service obtained
08-25 17:56:57.189  1849  1904 I OMXMaster: makeComponentInstance(OMX.google.amrnb.encoder) in android.hardwar process
08-25 17:56:57.194  2051  2080 W LocationProviderProxy: Odd, no component found for service com.android.location.service.v3.NetworkLocationProvider
08-25 17:56:57.195  2051  2089 W BroadcastQueue: Background execution not allowed: receiving Intent { act=android.location.PROVIDERS_CHANGED flg=0x10 (has extras) } to com.google.android.gms/.chimera.GmsIntentOperationService$PersistentTrustedReceiver
08-25 17:56:57.198  2051  2080 W GeocoderProxy: Odd, no component found for service com.android.location.service.GeocodeProvider
08-25 17:56:57.198  2051  2080 W GeofenceProxy: Odd, no component found for service com.android.location.service.GeofenceProvider
08-25 17:56:57.198  2051  2080 W ActivityRecognitionProxy: Odd, no component found for service com.android.location.service.ActivityRecognitionProvider
08-25 17:56:57.199  1842  1906 I OMXClient: IOmx service obtained
08-25 17:56:57.199  1849  1904 I OMXMaster: makeComponentInstance(OMX.google.amrwb.encoder) in android.hardwar process
08-25 17:56:57.202  2051  2080 I GnssLocationProvider: restartRequests
08-25 17:56:57.205  2051  2080 I GnssLocationProvider: restartRequests
08-25 17:56:57.205  2051  2080 I GnssLocationProvider: No GNSS Satellite Blacklist interface available
08-25 17:56:57.206  1842  1906 I OMXClient: IOmx service obtained
08-25 17:56:57.207  1849  1904 I OMXMaster: makeComponentInstance(OMX.google.flac.encoder) in android.hardwar process
08-25 17:56:57.212  1842  1906 I OMXClient: IOmx service obtained
08-25 17:56:57.212  1849  1904 I OMXMaster: makeComponentInstance(OMX.android.goldfish.h264.decoder) in android.hardwar process
08-25 17:56:57.212  1849  1904 I GoldfishOMXPlugin: makeComponentInstance 'OMX.android.goldfish.h264.decoder'
08-25 17:56:57.212  1849  1904 I GoldfishOMXPlugin: Using goldfish codec for 'avcdec'
08-25 17:56:57.222  1849  1904 I goldfish_avcdec: created GoldfishAVCDec 98 object 0xf4ebb000
08-25 17:56:57.225  2212  2212 I WebViewLoader-: System.exit called, status: 0
08-25 17:56:57.225  2212  2212 I AndroidRuntime: VM exiting with result code 0, cleanup skipped.
08-25 17:56:57.230  2051  2051 I ActivityTaskManager: START u0 {act=android.intent.action.MAIN cat=[android.intent.category.HOME] flg=0x10000100 cmp=com.android.settings/.FallbackHome} from uid 0
08-25 17:56:57.232  1743  1743 D Zygote  : Forked child process 2330
08-25 17:56:57.233  1849  1903 E OMXNodeInstance: getExtensionIndex(0xf4e42300:android.goldfish.h264.decoder, OMX.google.android.index.configureVideoTunnelMode) ERROR: UnsupportedIndex(0x8000101a)
08-25 17:56:57.233  1842  1906 D MediaCodecInfo: detail feature-tunneled-playback wasn't present to remove
08-25 17:56:57.234  1849  1903 W OMXNodeInstance: [0xf4e42300:android.goldfish.h264.decoder] component does not support metadata mode; using fallback
08-25 17:56:57.239  1743  1743 I Zygote  : Process 2212 exited cleanly (0)
08-25 17:56:57.241  2051  2209 W ZygoteProcess: Got error connecting to zygote, retrying. msg= Connection refused
08-25 17:56:57.244  1842  1906 I OMXClient: IOmx service obtained
08-25 17:56:57.244  1849  1903 I OMXMaster: makeComponentInstance(OMX.google.h264.decoder) in android.hardwar process
08-25 17:56:57.253  1849  1903 E OMXNodeInstance: getExtensionIndex(0xf4e42300:google.h264.decoder, OMX.google.android.index.configureVideoTunnelMode) ERROR: UnsupportedIndex(0x8000101a)
08-25 17:56:57.253  1842  1906 D MediaCodecInfo: detail feature-tunneled-playback wasn't present to remove
08-25 17:56:57.254  1849  1903 E OMXNodeInstance: getExtensionIndex(0xf4e42300:google.h264.decoder, OMX.google.android.index.enableAndroidNativeBuffers) ERROR: UnsupportedIndex(0x8000101a)
08-25 17:56:57.255  1743  1743 D Zygote  : Forked child process 2339
08-25 17:56:57.255  2268  2268 I wpa_supplicant: Processing hidl events on FD 3
08-25 17:56:57.256  2268  2268 I ServiceManagement: Registered android.hardware.wifi.supplicant@1.2::ISupplicant/default (start delay of 211ms)
08-25 17:56:57.256  2268  2268 I wpa_supplicant: Successfully initialized wpa_supplicant
08-25 17:56:57.258  2268  2268 I wpa_supplicant: rfkill: Cannot open RFKILL control device
08-25 17:56:57.264  1842  1906 I OMXClient: IOmx service obtained
08-25 17:56:57.265  1849  1904 I OMXMaster: makeComponentInstance(OMX.google.h263.decoder) in android.hardwar process
08-25 17:56:57.277  2330  2330 I WebViewZygoteInit: Starting WebViewZygoteInit
08-25 17:56:57.286  2339  2339 W m.android.phon: Unexpected CPU variant for X86 using defaults: x86
08-25 17:56:57.288  1849  1904 E OMXNodeInstance: getExtensionIndex(0xf4e42300:google.h263.decoder, OMX.google.android.index.configureVideoTunnelMode) ERROR: UnsupportedIndex(0x8000101a)
08-25 17:56:57.289  1842  1906 D MediaCodecInfo: detail feature-tunneled-playback wasn't present to remove
08-25 17:56:57.290  1849  1904 E OMXNodeInstance: getExtensionIndex(0xf4e42300:google.h263.decoder, OMX.google.android.index.enableAndroidNativeBuffers) ERROR: UnsupportedIndex(0x8000101a)
08-25 17:56:57.305  1842  1906 I OMXClient: IOmx service obtained
08-25 17:56:57.308  1849  1904 I OMXMaster: makeComponentInstance(OMX.google.hevc.decoder) in android.hardwar process
08-25 17:56:57.335  1849  1904 E OMXNodeInstance: getExtensionIndex(0xf4e42300:google.hevc.decoder, OMX.google.android.index.configureVideoTunnelMode) ERROR: UnsupportedIndex(0x8000101a)
08-25 17:56:57.336  1842  1906 D MediaCodecInfo: detail feature-tunneled-playback wasn't present to remove
08-25 17:56:57.336  1849  1904 E OMXNodeInstance: getExtensionIndex(0xf4e42300:google.hevc.decoder, OMX.google.android.index.enableAndroidNativeBuffers) ERROR: UnsupportedIndex(0x8000101a)
08-25 17:56:57.339  1842  1906 I OMXClient: IOmx service obtained
08-25 17:56:57.339  1849  1904 I OMXMaster: makeComponentInstance(OMX.google.mpeg4.decoder) in android.hardwar process
08-25 17:56:57.340  1849  1904 E OMXNodeInstance: getExtensionIndex(0xf4e42300:google.mpeg4.decoder, OMX.google.android.index.configureVideoTunnelMode) ERROR: UnsupportedIndex(0x8000101a)
08-25 17:56:57.340  1842  1906 D MediaCodecInfo: detail feature-tunneled-playback wasn't present to remove
08-25 17:56:57.340  1849  1904 E OMXNodeInstance: getExtensionIndex(0xf4e42300:google.mpeg4.decoder, OMX.google.android.index.enableAndroidNativeBuffers) ERROR: UnsupportedIndex(0x8000101a)
08-25 17:56:57.341  1842  1906 I OMXClient: IOmx service obtained
08-25 17:56:57.341  1849  1904 I OMXMaster: makeComponentInstance(OMX.android.goldfish.vp8.decoder) in android.hardwar process
08-25 17:56:57.341  1849  1904 I GoldfishOMXPlugin: makeComponentInstance 'OMX.android.goldfish.vp8.decoder'
08-25 17:56:57.341  1849  1904 I GoldfishOMXPlugin: Using goldfish codec for 'vpxdec'
08-25 17:56:57.344  1849  1904 I goldfish_vpxdec: calling constructor of GoldfishVPX
08-25 17:56:57.347  2051  2354 W StorageManagerService: No primary storage defined yet; hacking together a stub
08-25 17:56:57.355  2330  2330 I WebViewZygoteInit: Beginning application preload for com.google.android.webview
08-25 17:56:57.356  2330  2330 I webview_zygote: The ClassLoaderContext is a special shared library.
08-25 17:56:57.358  2330  2330 I webview_zygote: The ClassLoaderContext is a special shared library.
08-25 17:56:57.368  1849  1904 E OMXNodeInstance: getExtensionIndex(0xf4e42300:android.goldfish.vp8.decoder, OMX.google.android.index.configureVideoTunnelMode) ERROR: UnsupportedIndex(0x8000101a)
08-25 17:56:57.369  1842  1906 D MediaCodecInfo: detail feature-tunneled-playback wasn't present to remove
08-25 17:56:57.369  1849  1904 W OMXNodeInstance: [0xf4e42300:android.goldfish.vp8.decoder] component does not support metadata mode; using fallback
08-25 17:56:57.374  1849  1904 I goldfish_vpxdec: calling destructor of GoldfishVPX
08-25 17:56:57.378  2268  2268 I wpa_supplicant: rfkill: Cannot get wiphy information
08-25 17:56:57.379  1842  1906 I OMXClient: IOmx service obtained
08-25 17:56:57.382  1849  1904 I OMXMaster: makeComponentInstance(OMX.google.vp8.decoder) in android.hardwar process
08-25 17:56:57.384  2051  2185 I android_os_HwBinder: HwBinder: Starting thread pool for getting: android.hardware.wifi.supplicant@1.0::ISupplicant/default
08-25 17:56:57.388  2051  2185 I SupplicantStaIfaceHal: Completed initialization of ISupplicant.
08-25 17:56:57.405  1768  1768 I android.hardware.wifi@1.0-service: Adding interface handle for wlan0
08-25 17:56:57.405  1768  1768 W android.hardware.wifi@1.0-service: No active wlan interfaces in use! Using default
08-25 17:56:57.405  1768  1768 E android.hardware.wifi@1.0-service: Failed to register radio mode change callback
08-25 17:56:57.405  1768  1768 W android.hardware.wifi@1.0-service: No active wlan interfaces in use! Using default
08-25 17:56:57.417  1849  1904 E OMXNodeInstance: getExtensionIndex(0xf4e42300:google.vp8.decoder, OMX.google.android.index.configureVideoTunnelMode) ERROR: UnsupportedIndex(0x8000101a)
08-25 17:56:57.417  1842  1906 D MediaCodecInfo: detail feature-tunneled-playback wasn't present to remove
08-25 17:56:57.418  1849  1904 E OMXNodeInstance: getExtensionIndex(0xf4e42300:google.vp8.decoder, OMX.google.android.index.enableAndroidNativeBuffers) ERROR: UnsupportedIndex(0x8000101a)
08-25 17:56:57.421  1768  1768 W libc    : Unable to set property "vendor.wlan.firmware.version" to "1.0": error code: 0x18
08-25 17:56:57.423  2330  2330 I WebViewZygoteInit: Application preload done
08-25 17:56:57.424  1842  1906 I OMXClient: IOmx service obtained
08-25 17:56:57.425  1849  1904 I OMXMaster: makeComponentInstance(OMX.android.goldfish.vp9.decoder) in android.hardwar process
08-25 17:56:57.425  1849  1904 I GoldfishOMXPlugin: makeComponentInstance 'OMX.android.goldfish.vp9.decoder'
08-25 17:56:57.425  1849  1904 I GoldfishOMXPlugin: Using goldfish codec for 'vpxdec'
08-25 17:56:57.425  1849  1904 I goldfish_vpxdec: calling constructor of GoldfishVPX
08-25 17:56:57.427  1849  1904 E OMXNodeInstance: getExtensionIndex(0xf4e42300:android.goldfish.vp9.decoder, OMX.google.android.index.configureVideoTunnelMode) ERROR: UnsupportedIndex(0x8000101a)
08-25 17:56:57.427  1842  1906 D MediaCodecInfo: detail feature-tunneled-playback wasn't present to remove
08-25 17:56:57.427  1849  1904 W OMXNodeInstance: [0xf4e42300:android.goldfish.vp9.decoder] component does not support metadata mode; using fallback
08-25 17:56:57.429  1849  1904 I goldfish_vpxdec: calling destructor of GoldfishVPX
08-25 17:56:57.439  1768  1768 W libc    : Unable to set property "vendor.wlan.driver.version" to "1.0": error code: 0x18
08-25 17:56:57.440  1768  1768 I android.hardware.wifi@1.0-service: Configured chip in mode 0
08-25 17:56:57.440  1768  1768 W android.hardware.wifi@1.0-service: No active wlan interfaces in use! Using default
08-25 17:56:57.440  1842  1906 I OMXClient: IOmx service obtained
08-25 17:56:57.440  1849  1904 I OMXMaster: makeComponentInstance(OMX.google.vp9.decoder) in android.hardwar process
08-25 17:56:57.441  1849  1904 E OMXNodeInstance: getExtensionIndex(0xf4e42300:google.vp9.decoder, OMX.google.android.index.configureVideoTunnelMode) ERROR: UnsupportedIndex(0x8000101a)
08-25 17:56:57.441  2051  2160 D HalDevMgr: updateRttController: no one is interested in RTT controllers
08-25 17:56:57.442  1842  1906 D MediaCodecInfo: detail feature-tunneled-playback wasn't present to remove
08-25 17:56:57.442  1849  1904 E OMXNodeInstance: getExtensionIndex(0xf4e42300:google.vp9.decoder, OMX.google.android.index.enableAndroidNativeBuffers) ERROR: UnsupportedIndex(0x8000101a)
08-25 17:56:57.442  1768  1768 E android.hardware.wifi@1.0-service: Failed to set DFS flag; DFS channels may be unavailable.
08-25 17:56:57.447  1842  1906 I OMXClient: IOmx service obtained
08-25 17:56:57.447  1849  1904 I OMXMaster: makeComponentInstance(OMX.google.h264.encoder) in android.hardwar process
08-25 17:56:57.448  2051  2160 D WificondControl: Setting up interface for client mode
08-25 17:56:57.450  1846  1846 I wificond: create scanner for interface with index: 3
08-25 17:56:57.450  1846  1846 I wificond: subscribe scan result for interface with index: 3
08-25 17:56:57.450  1647  1647 I hwservicemanager: getTransport: Cannot find entry android.hardware.wifi.offload@1.0::IOffload/default in either framework or device manifest.
08-25 17:56:57.450  1846  1846 E wificond: No Offload Service available
08-25 17:56:57.450  1846  1846 I wificond: Offload HAL not supported 
08-25 17:56:57.457  1842  1906 W OMXUtils: do not know color format 0x7f000789 = 2130708361
08-25 17:56:57.460  1842  1906 I OMXClient: IOmx service obtained
08-25 17:56:57.460  1849  1904 I OMXMaster: makeComponentInstance(OMX.google.h263.encoder) in android.hardwar process
08-25 17:56:57.462  1849  1904 I SoftMPEG4Encoder: Construct SoftMPEG4Encoder
08-25 17:56:57.463  2051  2160 E SupplicantStaIfaceHal: Can't call setupIface, ISupplicantStaIface is null
08-25 17:56:57.463  1647  1647 I hwservicemanager: getTransport: Cannot find entry android.hardware.wifi.supplicant@1.1::ISupplicant/default in either framework or device manifest.
08-25 17:56:57.463  1842  1906 W OMXUtils: do not know color format 0x7f000789 = 2130708361
08-25 17:56:57.464  1849  1904 E OMXNodeInstance: getConfig(0xf4e42300:google.h263.encoder, ConfigAndroidIntraRefresh(0x6f60000a)) ERROR: Undefined(0x80001001)
08-25 17:56:57.464  1849  1904 E OMXNodeInstance: getParameter(0xf4e42300:google.h263.encoder, ParamVideoIntraRefresh(0x6000006)) ERROR: UnsupportedIndex(0x8000101a)
08-25 17:56:57.464  1842  1906 D MediaCodecInfo: detail feature-frame-parsing wasn't present to remove
08-25 17:56:57.471  1842  1906 I OMXClient: IOmx service obtained
08-25 17:56:57.471  1849  1904 I OMXMaster: makeComponentInstance(OMX.google.mpeg4.encoder) in android.hardwar process
