08-25 17:57:03.689  2682  2738 E ActivityThread: Failed to find provider info for com.google.android.gsf.gservices
08-25 17:57:03.710  2339  2339 I TelecomFramework: AccountEntry: reRegisterPstnPhoneAccount: subId: 1 - no change
08-25 17:57:03.716  1743  1743 D Zygote  : Forked child process 2794
08-25 17:57:03.717  2051  2090 W ActivityManager: Slow operation: 75ms so far, now at startProcess: returned from zygote!
08-25 17:57:03.718  2051  2090 W ActivityManager: Slow operation: 76ms so far, now at startProcess: done updating battery stats
08-25 17:57:03.718  2051  2090 W ActivityManager: Slow operation: 76ms so far, now at startProcess: building log message
08-25 17:57:03.718  2051  2090 I ActivityManager: Start proc 2794:android.process.acore/u0a55 for content provider {com.android.providers.blockednumber/com.android.providers.blockednumber.BlockedNumberProvider}
08-25 17:57:03.718  2051  2090 W ActivityManager: Slow operation: 76ms so far, now at startProcess: starting to update pids map
08-25 17:57:03.719  2051  2090 W ActivityManager: Slow operation: 76ms so far, now at startProcess: done updating pids map
08-25 17:57:03.719  2339  2339 D CarrierKeyDownloadManager: Carrier not enabled or invalid values
08-25 17:57:03.719  2339  2339 D CarrierKeyDownloadManager: Cleaning up existing renewal alarms
08-25 17:57:03.733  2682  2730 W OptedInLoggerCreator: Could not retrieve Usage & Diagnostics setting. Giving up.
08-25 17:57:03.744  2277  2786 D NetworkMonitor/100: PROBE_DNS connectivitycheck.gstatic.com 146ms OK 2404:6800:4009:821::2003,142.250.183.35
08-25 17:57:03.751  2748  2792 I Dialer  : BlockedNumbersAutoMigrator - not attempting auto-migrate: device is locked
08-25 17:57:03.751  2748  2748 I Dialer  : DialerApplication.initializeAnnotatedCallLog - framework not enabled
08-25 17:57:03.755  2748  2748 I Dialer  : LegacyVoicemailNotificationReceiver.onReceive - received legacy voicemail notification
08-25 17:57:03.756  2748  2748 I Dialer  : LegacyVoicemailNotificationReceiver.onReceive - isRefresh: false
08-25 17:57:03.757  2748  2801 W ContextImpl: Failed to ensure /data/user/0/com.android.dialer/cache: mkdir failed: ENOENT (No such file or directory)
08-25 17:57:03.757  2748  2801 W ContextImpl: Failed to update user.inode_cache: stat failed: ENOENT (No such file or directory)
08-25 17:57:03.758  2194  2194 V KeyguardUpdateMonitor: action android.intent.action.SIM_STATE_CHANGED state: LOADED slotId: 0 subid: 1
08-25 17:57:03.759  2051  2163 W BestClock: java.time.DateTimeException: Missing NTP fix
08-25 17:57:03.760  2794  2794 W d.process.acor: Unexpected CPU variant for X86 using defaults: x86
08-25 17:57:03.766  2748  2748 I Dialer  : LegacyVoicemailNotificationReceiver.onReceive - clearing notification
08-25 17:57:03.766  2748  2748 I Dialer  : LegacyVoicemailNotifier.cancelNotification - enter
08-25 17:57:03.778  2748  2748 I Dialer  : LegacyVoicemailNotificationReceiver.onReceive - received legacy voicemail notification
08-25 17:57:03.779  2339  2640 D IccSmsInterfaceManager: [IccSmsInterfaceManager] Failed to add GSM cell broadcast channels range 4371 to 4372
08-25 17:57:03.779  2748  2748 I Dialer  : LegacyVoicemailNotificationReceiver.onReceive - isRefresh: true
08-25 17:57:03.779  2748  2748 I Dialer  : LegacyVoicemailNotificationReceiver.onReceive - clearing notification
08-25 17:57:03.779  2748  2748 I Dialer  : LegacyVoicemailNotifier.cancelNotification - enter
08-25 17:57:03.783  2051  2064 I system_server: Background young concurrent copying GC freed 65066(3589KB) AllocSpace objects, 41(1972KB) LOS objects, 37% free, 9427KB/14MB, paused 666us total 160.405ms
08-25 17:57:03.790  2051  2157 W BestClock: java.time.DateTimeException: Missing NTP fix
08-25 17:57:03.793  2339  2640 D IccSmsInterfaceManager: [IccSmsInterfaceManager] Calling setCdmaBroadcastConfig with 1 configurations
08-25 17:57:03.803  2051  2310 D NetworkTimeUpdateService: New default network 100; checking time.
08-25 17:57:03.816  2339  2640 D IccSmsInterfaceManager: [IccSmsInterfaceManager] Failed to add cdma broadcast channels range 4097 to 4097
08-25 17:57:03.817  2051  2163 D ConnectivityService: Sending CONNECTED broadcast for type 0 NetworkAgentInfo [MOBILE (LTE) - 100] isDefaultNetwork=true
08-25 17:57:03.823  1742  1966 I netd    : bandwidthRemoveInterfaceQuota("radio0") <5.26ms>
08-25 17:57:03.826  2645  2645 D CellBroadcastReceiver: onReceive Intent { act=android.telephony.action.CARRIER_CONFIG_CHANGED flg=0x15000010 cmp=com.android.cellbroadcastreceiver/.CellBroadcastReceiver (has extras) }
08-25 17:57:03.827  2645  2645 D CellBroadcastReceiver: initializeSharedPreference
08-25 17:57:03.828  2339  2368 D IccSmsInterfaceManager: [IccSmsInterfaceManager] Calling setGsmBroadcastConfig with 1 configurations
08-25 17:57:03.831  2339  2603 W ConnectivityManager.CallbackHandler: callback not found for CALLBACK_PRECHECK message
08-25 17:57:03.832  1742  1966 I netd    : bandwidthSetInterfaceQuota("radio0", 9223372036854775807) <8.77ms>
08-25 17:57:03.833  2339  2368 D IccSmsInterfaceManager: [IccSmsInterfaceManager] Failed to add GSM cell broadcast channels range 4384 to 4385
08-25 17:57:03.841  2277  2786 D NetworkSecurityConfig: No Network Security Config specified, using platform default
08-25 17:57:03.841  2051  2157 W BestClock: java.time.DateTimeException: Missing NTP fix
08-25 17:57:03.842  1742  1966 I netd    : bandwidthSetGlobalAlert(2097152) <0.16ms>
08-25 17:57:03.866  2051  2163 W BestClock: java.time.DateTimeException: Missing NTP fix
08-25 17:57:03.879  2051  2163 D ConnectivityService: releasing NetworkRequest [ TRACK_DEFAULT id=14, [ Capabilities: INTERNET&NOT_RESTRICTED&TRUSTED Uid: 1001] ] (release request)
08-25 17:57:03.869  2051  2163 W BestClock: java.time.DateTimeException: Missing NTP fix
08-25 17:57:03.887  2277  2785 D NetworkMonitor/100: PROBE_DNS www.google.com 287ms OK 2404:6800:4007:805::2004,142.250.67.68
08-25 17:57:03.889  2051  2156 W BestClock: java.time.DateTimeException: Missing NTP fix
08-25 17:57:03.894  2194  2194 V KeyguardUpdateMonitor: onSubscriptionInfoChanged()
08-25 17:57:03.899  2645  2645 D CellBroadcastReceiver: Default interval 0 did not change.
08-25 17:57:03.899  2645  2645 D CellBroadcastReceiver: Start Cell Broadcast configuration.
08-25 17:57:03.900  2194  2194 V KeyguardUpdateMonitor: SubInfo:{id=1, iccId=89014103211118510720 simSlotIndex=0 carrierId=1 displayName=T-Mobile carrierName=Android nameSource=3 iconTint=-16746133 mNumber=+15555215554 dataRoaming=1 iconBitmap=android.graphics.Bitmap@aab78c9 mcc 310 mnc 260mCountryIso=us isEmbedded false accessRules null cardString=89014103211118510720 cardId=-1 isOpportunistic false mGroupUUID=null mIsGroupDisabled=false profileClass=-1 ehplmns = null hplmns = null subscriptionType=0 mGroupOwner=null}
08-25 17:57:03.906  2339  2339 D OtaspSimStateReceiver: Received intent: android.telephony.action.CARRIER_CONFIG_CHANGED
08-25 17:57:03.908  2339  2339 D OtaspSimStateReceiver: otasp activation not needed: no supported carrier
08-25 17:57:03.915  2194  2194 D KeyguardViewMediator: onSimStateChanged(subId=1, slotId=0,state=READY)
08-25 17:57:03.916  2339  2339 I VvmSimStateTracker: android.telephony.action.CARRIER_CONFIG_CHANGED
08-25 17:57:03.920  2194  2194 D KeyguardViewMediator: READY, reset state? false
08-25 17:57:03.922  2194  2194 V KeyguardUpdateMonitor: onSubscriptionInfoChanged()
08-25 17:57:03.927  2194  2194 V KeyguardUpdateMonitor: SubInfo:{id=1, iccId=89014103211118510720 simSlotIndex=0 carrierId=1 displayName=T-Mobile carrierName=Android nameSource=3 iconTint=-16746133 mNumber=+15555215554 dataRoaming=1 iconBitmap=android.graphics.Bitmap@9f3e8e7 mcc 310 mnc 260mCountryIso=us isEmbedded false accessRules null cardString=89014103211118510720 cardId=-1 isOpportunistic false mGroupUUID=null mIsGroupDisabled=false profileClass=-1 ehplmns = null hplmns = null subscriptionType=0 mGroupOwner=null}
08-25 17:57:03.928  2339  2368 D IccSmsInterfaceManager: [IccSmsInterfaceManager] Calling setGsmBroadcastConfig with 1 configurations
08-25 17:57:03.930  2339  2368 D IccSmsInterfaceManager: [IccSmsInterfaceManager] Failed to add GSM cell broadcast channels range 4373 to 4378
08-25 17:57:03.931  2794  2794 I d.process.acor: The ClassLoaderContext is a special shared library.
08-25 17:57:03.940  2194  2194 W KeyguardUpdateMonitor: invalid subId in handleServiceStateChange()
08-25 17:57:03.944  2339  2640 D IccSmsInterfaceManager: [IccSmsInterfaceManager] Calling setCdmaBroadcastConfig with 1 configurations
08-25 17:57:03.945  1742  1966 I netd    : trafficSwapActiveStatsMap() <54.83ms>
08-25 17:57:03.949  2277  2786 D NetworkMonitor/100: PROBE_HTTP http://connectivitycheck.gstatic.com/generate_204 time=92ms ret=204 request={Connection=[close], User-Agent=[Mozilla/5.0 (X11; Linux x86_64) AppleWebKit/537.36 (KHTML, like Gecko) Chrome/60.0.3112.32 Safari/537.36]} headers={null=[HTTP/1.1 204 No Content], Connection=[close], Content-Length=[0], Cross-Origin-Resource-Policy=[cross-origin], Date=[Thu, 25 Aug 2022 12:27:05 GMT], X-Android-Received-Millis=[1661430423947], X-Android-Response-Source=[NETWORK 204], X-Android-Selected-Protocol=[http/1.1], X-Android-Sent-Millis=[1661430423916]}
08-25 17:57:03.950  2051  2157 W BestClock: java.time.DateTimeException: Missing NTP fix
08-25 17:57:03.954  2339  2640 D IccSmsInterfaceManager: [IccSmsInterfaceManager] Failed to add cdma broadcast channels range 4098 to 4098
08-25 17:57:03.950  2051  2083 W WindowManager: Timeout waiting for drawn: undrawn=[Window{dd09048 u0 StatusBar}]
08-25 17:57:03.967  2339  2640 D IccSmsInterfaceManager: [IccSmsInterfaceManager] Calling setGsmBroadcastConfig with 1 configurations
08-25 17:57:03.968  1742  1966 I netd    : tetherGetStats() <21.79ms>
08-25 17:57:03.971  2051  2156 W BestClock: java.time.DateTimeException: Missing NTP fix
08-25 17:57:03.972  2051  2163 W BestClock: java.time.DateTimeException: Missing NTP fix
08-25 17:57:03.981  2339  2640 D IccSmsInterfaceManager: [IccSmsInterfaceManager] Failed to add GSM cell broadcast channels range 4386 to 4391
08-25 17:57:03.995  1742  1966 I netd    : bandwidthRemoveInterfaceQuota("radio0") <4.61ms>
08-25 17:57:04.005  1742  1966 I netd    : bandwidthSetInterfaceQuota("radio0", 9223372036854775807) <3.35ms>
08-25 17:57:04.013  2051  2163 W BestClock: java.time.DateTimeException: Missing NTP fix
08-25 17:57:04.015  2194  2194 D KeyguardUpdateMonitor: handleSimStateChange(subId=-1, slotId=0, state=READY)
08-25 17:57:04.015  2194  2194 W KeyguardUpdateMonitor: invalid subId in handleSimStateChange()
08-25 17:57:04.028  2051  2157 W BestClock: java.time.DateTimeException: Missing NTP fix
08-25 17:57:04.029  1742  1966 I netd    : bandwidthSetGlobalAlert(2097152) <0.22ms>
08-25 17:57:04.030  2051  2157 W BestClock: java.time.DateTimeException: Missing NTP fix
08-25 17:57:04.037  2339  2640 D IccSmsInterfaceManager: [IccSmsInterfaceManager] Calling setGsmBroadcastConfig with 1 configurations
08-25 17:57:04.037  2194  2194 V KeyguardUpdateMonitor: onSubscriptionInfoChanged()
08-25 17:57:04.045  2194  2194 V KeyguardUpdateMonitor: SubInfo:{id=1, iccId=89014103211118510720 simSlotIndex=0 carrierId=1 displayName=T-Mobile carrierName=Android nameSource=3 iconTint=-16746133 mNumber=+15555215554 dataRoaming=1 iconBitmap=android.graphics.Bitmap@59ef556 mcc 310 mnc 260mCountryIso=us isEmbedded false accessRules null cardString=89014103211118510720 cardId=-1 isOpportunistic false mGroupUUID=null mIsGroupDisabled=false profileClass=-1 ehplmns = null hplmns = null subscriptionType=0 mGroupOwner=null}
08-25 17:57:04.051  2194  2194 W KeyguardUpdateMonitor: invalid subId in handleServiceStateChange()
08-25 17:57:04.069  2339  2640 D IccSmsInterfaceManager: [IccSmsInterfaceManager] Failed to add GSM cell broadcast channels range 4379 to 4379
08-25 17:57:04.075  2339  2640 D IccSmsInterfaceManager: [IccSmsInterfaceManager] Calling setCdmaBroadcastConfig with 1 configurations
08-25 17:57:04.084  2339  2640 D IccSmsInterfaceManager: [IccSmsInterfaceManager] Failed to add cdma broadcast channels range 4099 to 4099
08-25 17:57:04.096  2339  2640 D IccSmsInterfaceManager: [IccSmsInterfaceManager] Calling setGsmBroadcastConfig with 1 configurations
08-25 17:57:04.096  2794  2794 I d.process.acor: The ClassLoaderContext is a special shared library.
08-25 17:57:04.109  2339  2640 D IccSmsInterfaceManager: [IccSmsInterfaceManager] Failed to add GSM cell broadcast channels range 4392 to 4392
08-25 17:57:04.108  2194  2194 D KeyguardClockSwitch: Updating clock: 557
08-25 17:57:04.114  2051  2310 D SntpClient: round trip: 45ms, clock offset: 2015ms
08-25 17:57:04.163  2339  2621 D IccSmsInterfaceManager: [IccSmsInterfaceManager] Failed to remove GSM cell broadcast channels range 4380 to 4380
08-25 17:57:04.164  2339  2621 D IccSmsInterfaceManager: [IccSmsInterfaceManager] Failed to remove cdma broadcast channels range 4100 to 4100
08-25 17:57:04.173  2339  2621 D IccSmsInterfaceManager: [IccSmsInterfaceManager] Failed to remove GSM cell broadcast channels range 4393 to 4393
08-25 17:57:04.186  2194  2194 V KeyguardUpdateMonitor: onSubscriptionInfoChanged()
08-25 17:57:04.187  2051  2051 W Looper  : Slow dispatch took 571ms main h=android.app.ActivityThread$H c=android.app.-$$Lambda$LoadedApk$ReceiverDispatcher$Args$_BumDX2UKsnxLVrE6UJsJZkotuA@1c62b4a m=0
08-25 17:57:04.187  2051  2051 W Looper  : Slow delivery took 688ms main h=android.os.Handler c=android.telephony.-$$Lambda$PhoneStateListener$IPhoneStateListenerStub$dUc3j82sK9P9Zpaq-91n9bk_Rpc@7cd2abb m=0
08-25 17:57:04.188  2194  2194 V KeyguardUpdateMonitor: SubInfo:{id=1, iccId=89014103211118510720 simSlotIndex=0 carrierId=1 displayName=T-Mobile carrierName=Android nameSource=3 iconTint=-16746133 mNumber=+15555215554 dataRoaming=1 iconBitmap=android.graphics.Bitmap@eccfd9a mcc 310 mnc 260mCountryIso=us isEmbedded false accessRules null cardString=89014103211118510720 cardId=-1 isOpportunistic false mGroupUUID=null mIsGroupDisabled=false profileClass=-1 ehplmns = null hplmns = null subscriptionType=0 mGroupOwner=null}
08-25 17:57:04.189  2051  2051 I SyncManager: Loaded persisted syncs: 17 periodic syncs, 0 oneshot syncs, 28 total system server jobs, JobStats: FirstLoad: 61/19/17 LastSave: -1/-1/-1
08-25 17:57:04.190  2194  2194 I Choreographer: Skipped 68 frames!  The application may be doing too much work on its main thread.
08-25 17:57:04.193  2051  2051 W Looper  : Drained
08-25 17:57:04.229  2339  2640 D IccSmsInterfaceManager: [IccSmsInterfaceManager] Failed to remove GSM cell broadcast channels range 4381 to 4381
08-25 17:57:04.233  2339  2640 D IccSmsInterfaceManager: [IccSmsInterfaceManager] Failed to remove GSM cell broadcast channels range 4394 to 4394
08-25 17:57:04.259  2339  2640 D IccSmsInterfaceManager: [IccSmsInterfaceManager] Failed to remove GSM cell broadcast channels range 4382 to 4382
08-25 17:57:04.261  2339  2640 D IccSmsInterfaceManager: [IccSmsInterfaceManager] Failed to remove GSM cell broadcast channels range 4395 to 4395
08-25 17:57:04.265  2277  2785 D NetworkMonitor/100: PROBE_HTTPS https://www.google.com/generate_204 time=364ms ret=204 request={Connection=[close], User-Agent=[Mozilla/5.0 (X11; Linux x86_64) AppleWebKit/537.36 (KHTML, like Gecko) Chrome/60.0.3112.32 Safari/537.36]} headers={null=[HTTP/1.1 204 No Content], Alt-Svc=[h3=":443"; ma=2592000,h3-29=":443"; ma=2592000,h3-Q050=":443"; ma=2592000,h3-Q046=":443"; ma=2592000,h3-Q043=":443"; ma=2592000,quic=":443"; ma=2592000; v="46,43"], Connection=[close], Content-Length=[0], Cross-Origin-Resource-Policy=[cross-origin], Date=[Thu, 25 Aug 2022 12:27:06 GMT], X-Android-Received-Millis=[1661430424256], X-Android-Response-Source=[NETWORK 204], X-Android-Selected-Protocol=[http/1.1], X-Android-Sent-Millis=[1661430424222]}
08-25 17:57:04.272  2339  2640 D IccSmsInterfaceManager: [IccSmsInterfaceManager] Calling setGsmBroadcastConfig with 1 configurations
08-25 17:57:04.278  2339  2640 D IccSmsInterfaceManager: [IccSmsInterfaceManager] Failed to add GSM cell broadcast channels range 4352 to 4354
08-25 17:57:04.285  2339  2640 D IccSmsInterfaceManager: [IccSmsInterfaceManager] Calling setGsmBroadcastConfig with 1 configurations
08-25 17:57:04.287  2194  2605 I OpenGLRenderer: Davey! duration=1237ms; Flags=0, IntendedVsync=20801467143, Vsync=21934800431, OldestInputEvent=9223372036854775807, NewestInputEvent=0, HandleInputStart=21945522500, AnimationStart=21946500400, PerformTraversalsStart=21954273300, DrawStart=21968238100, SyncQueued=21969105900, SyncStart=21972152900, IssueDrawCommandsStart=21973896400, SwapBuffers=22033814200, FrameCompleted=22042496200, DequeueBufferDuration=651000, QueueBufferDuration=618000, 
08-25 17:57:04.293  2339  2640 D IccSmsInterfaceManager: [IccSmsInterfaceManager] Failed to add GSM cell broadcast channels range 4356 to 4356
08-25 17:57:04.293  2277  2784 D NetworkMonitor/100: isCaptivePortal: isSuccessful()=true isPortal()=false RedirectUrl=null isPartialConnectivity()=false Time=682ms
08-25 17:57:04.294  2051  2089 W BroadcastQueue: Background execution not allowed: receiving Intent { act=android.net.conn.NETWORK_CONDITIONS_MEASURED flg=0x10 (has extras) } to com.google.android.gms/.chimera.GmsIntentOperationService$PersistentTrustedReceiver
08-25 17:57:04.298  2051  2163 D ConnectivityService: NetworkAgentInfo [MOBILE (LTE) - 100] validation passed
08-25 17:57:04.306  1647  1647 I hwservicemanager: getTransport: Cannot find entry android.hardware.graphics.allocator@3.0::IAllocator/default in either framework or device manifest.
08-25 17:57:04.306  2194  2194 W Gralloc3: allocator 3.x is not supported
08-25 17:57:04.307  1761  1761 D gralloc_ranchu: gralloc_alloc: Creating ashmem region of size 36864
08-25 17:57:04.308  2051  2163 D ConnectivityService: Setting DNS servers for network 100 to [/10.0.2.3]
08-25 17:57:04.309  2051  2163 D DnsManager: setDnsConfigurationForNetwork(100, [10.0.2.3], [], 1800, 25, 8, 64, 0, 0, , [10.0.2.3])
08-25 17:57:04.309  1742  1966 I netd    : DnsResolverService::setResolverConfiguration(100, [10.0.2.3], [], 1800, 25, 8, 64, 0, 0, [10.0.2.3], []) -> (0) (0.07ms)
08-25 17:57:04.309  1742  1966 I netd    : setResolverConfiguration() <0.25ms>
08-25 17:57:04.310  2051  2080 I GnssNetworkConnectivityHandler: updateNetworkState, state=CLOSED, connected=true, network=100, capabilities=[ Transports: CELLULAR Capabilities: MMS&SUPL&DUN&FOTA&IMS&CBS&INTERNET&NOT_RESTRICTED&TRUSTED&NOT_VPN&VALIDATED&NOT_ROAMING&FOREGROUND&NOT_CONGESTED&NOT_SUSPENDED LinkUpBandwidth>=51200Kbps LinkDnBandwidth>=102400Kbps Specifier: <1>], apn: epc.tmobile.com, availableNetworkCount: 1
08-25 17:57:04.318  2194  2838 D HostConnection: HostConnection::get() New Host Connection established 0xc261a500, tid 2838
08-25 17:57:04.320  2194  2838 D HostConnection: HostComposition ext ANDROID_EMU_CHECKSUM_HELPER_v1 ANDROID_EMU_dma_v1 ANDROID_EMU_direct_mem ANDROID_EMU_host_composition_v1 ANDROID_EMU_host_composition_v2 ANDROID_EMU_vulkan ANDROID_EMU_deferred_vulkan_commands ANDROID_EMU_vulkan_null_optional_strings ANDROID_EMU_vulkan_create_resources_with_requirements ANDROID_EMU_YUV_Cache ANDROID_EMU_vulkan_ignored_handles ANDROID_EMU_vulkan_free_memory_sync ANDROID_EMU_vulkan_shader_float16_int8 ANDROID_EMU_vulkan_async_queue_submit ANDROID_EMU_sync_buffer_data GL_OES_vertex_array_object GL_KHR_texture_compression_astc_ldr ANDROID_EMU_host_side_tracing ANDROID_EMU_gles_max_version_2 
08-25 17:57:04.321  2339  2721 D IccSmsInterfaceManager: [IccSmsInterfaceManager] Failed to remove GSM cell broadcast channels range 4355 to 4355
08-25 17:57:04.321  2194  2838 W OpenGLRenderer: Failed to choose config with EGL_SWAP_BEHAVIOR_PRESERVED, retrying without...
08-25 17:57:04.332  2339  2721 D IccSmsInterfaceManager: [IccSmsInterfaceManager] Calling setGsmBroadcastConfig with 1 configurations
08-25 17:57:04.335  2339  2721 D IccSmsInterfaceManager: [IccSmsInterfaceManager] Failed to add GSM cell broadcast channels range 4396 to 4396
08-25 17:57:04.338  2339  2721 D IccSmsInterfaceManager: [IccSmsInterfaceManager] Calling setGsmBroadcastConfig with 1 configurations
08-25 17:57:04.339  2339  2721 D IccSmsInterfaceManager: [IccSmsInterfaceManager] Failed to add GSM cell broadcast channels range 4397 to 4397
08-25 17:57:04.344  2339  2640 D IccSmsInterfaceManager: [IccSmsInterfaceManager] Failed to remove GSM cell broadcast channels range 4398 to 4398
08-25 17:57:04.346  2339  2640 D IccSmsInterfaceManager: [IccSmsInterfaceManager] Failed to remove GSM cell broadcast channels range 4399 to 4399
08-25 17:57:04.350  2645  2741 D CellBroadcastConfigService: Enable CellBroadcast on sub 1
08-25 17:57:04.352  2194  2838 D EGL_emulation: eglCreateContext: 0xc26208c0: maj 2 min 0 rcv 2
08-25 17:57:04.362  2339  2640 D IccSmsInterfaceManager: [IccSmsInterfaceManager] Calling setGsmBroadcastConfig with 1 configurations
08-25 17:57:04.366  2339  2640 D IccSmsInterfaceManager: [IccSmsInterfaceManager] Failed to add GSM cell broadcast channels range 4370 to 4370
08-25 17:57:04.368  2339  2640 D IccSmsInterfaceManager: [IccSmsInterfaceManager] Calling setCdmaBroadcastConfig with 1 configurations
08-25 17:57:04.370  2339  2640 D IccSmsInterfaceManager: [IccSmsInterfaceManager] Failed to add cdma broadcast channels range 4096 to 4096
08-25 17:57:04.372  2339  2640 D IccSmsInterfaceManager: [IccSmsInterfaceManager] Calling setGsmBroadcastConfig with 1 configurations
08-25 17:57:04.373  2339  2640 D IccSmsInterfaceManager: [IccSmsInterfaceManager] Failed to add GSM cell broadcast channels range 4383 to 4383
08-25 17:57:04.382  2339  2721 D IccSmsInterfaceManager: [IccSmsInterfaceManager] Calling setGsmBroadcastConfig with 1 configurations
08-25 17:57:04.387  2339  2721 D IccSmsInterfaceManager: [IccSmsInterfaceManager] Failed to add GSM cell broadcast channels range 4371 to 4372
08-25 17:57:04.388  2339  2721 D IccSmsInterfaceManager: [IccSmsInterfaceManager] Calling setCdmaBroadcastConfig with 1 configurations
08-25 17:57:04.389  2339  2721 D IccSmsInterfaceManager: [IccSmsInterfaceManager] Failed to add cdma broadcast channels range 4097 to 4097
08-25 17:57:04.390  2339  2721 D IccSmsInterfaceManager: [IccSmsInterfaceManager] Calling setGsmBroadcastConfig with 1 configurations
08-25 17:57:04.391  2339  2721 D IccSmsInterfaceManager: [IccSmsInterfaceManager] Failed to add GSM cell broadcast channels range 4384 to 4385
08-25 17:57:04.398  2339  2721 D IccSmsInterfaceManager: [IccSmsInterfaceManager] Calling setGsmBroadcastConfig with 1 configurations
08-25 17:57:04.399  2339  2721 D IccSmsInterfaceManager: [IccSmsInterfaceManager] Failed to add GSM cell broadcast channels range 4373 to 4378
08-25 17:57:04.400  2339  2721 D IccSmsInterfaceManager: [IccSmsInterfaceManager] Calling setCdmaBroadcastConfig with 1 configurations
08-25 17:57:04.407  2339  2721 D IccSmsInterfaceManager: [IccSmsInterfaceManager] Failed to add cdma broadcast channels range 4098 to 4098
08-25 17:57:04.408  2339  2640 D IccSmsInterfaceManager: [IccSmsInterfaceManager] Calling setGsmBroadcastConfig with 1 configurations
08-25 17:57:04.410  2339  2640 D IccSmsInterfaceManager: [IccSmsInterfaceManager] Failed to add GSM cell broadcast channels range 4386 to 4391
08-25 17:57:04.417  2339  2640 D IccSmsInterfaceManager: [IccSmsInterfaceManager] Calling setGsmBroadcastConfig with 1 configurations
08-25 17:57:04.418  2339  2640 D IccSmsInterfaceManager: [IccSmsInterfaceManager] Failed to add GSM cell broadcast channels range 4379 to 4379
08-25 17:57:04.420  2339  2640 D IccSmsInterfaceManager: [IccSmsInterfaceManager] Calling setCdmaBroadcastConfig with 1 configurations
08-25 17:57:04.421  2339  2640 D IccSmsInterfaceManager: [IccSmsInterfaceManager] Failed to add cdma broadcast channels range 4099 to 4099
08-25 17:57:04.422  2339  2721 D IccSmsInterfaceManager: [IccSmsInterfaceManager] Calling setGsmBroadcastConfig with 1 configurations
08-25 17:57:04.423  2339  2721 D IccSmsInterfaceManager: [IccSmsInterfaceManager] Failed to add GSM cell broadcast channels range 4392 to 4392
08-25 17:57:04.429  2339  2721 D IccSmsInterfaceManager: [IccSmsInterfaceManager] Failed to remove GSM cell broadcast channels range 4380 to 4380
08-25 17:57:04.430  2339  2721 D IccSmsInterfaceManager: [IccSmsInterfaceManager] Failed to remove cdma broadcast channels range 4100 to 4100
08-25 17:57:04.431  2339  2721 D IccSmsInterfaceManager: [IccSmsInterfaceManager] Failed to remove GSM cell broadcast channels range 4393 to 4393
08-25 17:57:04.435  2339  2721 D IccSmsInterfaceManager: [IccSmsInterfaceManager] Failed to remove GSM cell broadcast channels range 4381 to 4381
08-25 17:57:04.436  2339  2721 D IccSmsInterfaceManager: [IccSmsInterfaceManager] Failed to remove GSM cell broadcast channels range 4394 to 4394
08-25 17:57:04.440  2339  2721 D IccSmsInterfaceManager: [IccSmsInterfaceManager] Failed to remove GSM cell broadcast channels range 4382 to 4382
08-25 17:57:04.441  2339  2721 D IccSmsInterfaceManager: [IccSmsInterfaceManager] Failed to remove GSM cell broadcast channels range 4395 to 4395
08-25 17:57:04.445  2339  2640 D IccSmsInterfaceManager: [IccSmsInterfaceManager] Calling setGsmBroadcastConfig with 1 configurations
08-25 17:57:04.481  2339  2640 D IccSmsInterfaceManager: [IccSmsInterfaceManager] Failed to add GSM cell broadcast channels range 4352 to 4354
08-25 17:57:04.485  2339  2640 D IccSmsInterfaceManager: [IccSmsInterfaceManager] Calling setGsmBroadcastConfig with 1 configurations
08-25 17:57:04.500  2339  2640 D IccSmsInterfaceManager: [IccSmsInterfaceManager] Failed to add GSM cell broadcast channels range 4356 to 4356
08-25 17:57:04.504  2194  2838 D EGL_emulation: eglMakeCurrent: 0xc26208c0: ver 2 0 (tinfo 0xc260a4e0)
08-25 17:57:04.510  2194  2194 D HostConnection: HostConnection::get() New Host Connection established 0xc261a460, tid 2194
08-25 17:57:04.511  2194  2194 D HostConnection: HostComposition ext ANDROID_EMU_CHECKSUM_HELPER_v1 ANDROID_EMU_dma_v1 ANDROID_EMU_direct_mem ANDROID_EMU_host_composition_v1 ANDROID_EMU_host_composition_v2 ANDROID_EMU_vulkan ANDROID_EMU_deferred_vulkan_commands ANDROID_EMU_vulkan_null_optional_strings ANDROID_EMU_vulkan_create_resources_with_requirements ANDROID_EMU_YUV_Cache ANDROID_EMU_vulkan_ignored_handles ANDROID_EMU_vulkan_free_memory_sync ANDROID_EMU_vulkan_shader_float16_int8 ANDROID_EMU_vulkan_async_queue_submit ANDROID_EMU_sync_buffer_data GL_OES_vertex_array_object GL_KHR_texture_compression_astc_ldr ANDROID_EMU_host_side_tracing ANDROID_EMU_gles_max_version_2 
08-25 17:57:04.513  2339  2640 D IccSmsInterfaceManager: [IccSmsInterfaceManager] Failed to remove GSM cell broadcast channels range 4355 to 4355
08-25 17:57:04.527  2339  2640 D IccSmsInterfaceManager: [IccSmsInterfaceManager] Calling setGsmBroadcastConfig with 1 configurations
08-25 17:57:04.535  1761  1761 D gralloc_ranchu: gralloc_alloc: Creating ashmem region of size 36864
08-25 17:57:04.537  2339  2640 D IccSmsInterfaceManager: [IccSmsInterfaceManager] Failed to add GSM cell broadcast channels range 4396 to 4396
08-25 17:57:04.540  2339  2640 D IccSmsInterfaceManager: [IccSmsInterfaceManager] Calling setGsmBroadcastConfig with 1 configurations
08-25 17:57:04.543  2339  2640 D IccSmsInterfaceManager: [IccSmsInterfaceManager] Failed to add GSM cell broadcast channels range 4397 to 4397
08-25 17:57:04.548  2339  2640 D IccSmsInterfaceManager: [IccSmsInterfaceManager] Failed to remove GSM cell broadcast channels range 4398 to 4398
08-25 17:57:04.552  2339  2640 D IccSmsInterfaceManager: [IccSmsInterfaceManager] Failed to remove GSM cell broadcast channels range 4399 to 4399
08-25 17:57:04.567  1761  1761 D gralloc_ranchu: gralloc_alloc: Creating ashmem region of size 36864
08-25 17:57:04.603  1761  1761 I chatty  : uid=1000(system) allocator@2.0-s identical 2 lines
08-25 17:57:04.624  1761  1761 D gralloc_ranchu: gralloc_alloc: Creating ashmem region of size 36864
08-25 17:57:04.705  2194  2605 D EGL_emulation: eglMakeCurrent: 0xde91a360: ver 2 0 (tinfo 0xde90f750)
08-25 17:57:04.808  1761  1761 D gralloc_ranchu: gralloc_alloc: Creating ashmem region of size 831488
08-25 17:57:04.824  2194  2605 I OpenGLRenderer: Davey! duration=1774ms; Flags=1, IntendedVsync=20801467143, Vsync=21934800431, OldestInputEvent=9223372036854775807, NewestInputEvent=0, HandleInputStart=21945522500, AnimationStart=21946500400, PerformTraversalsStart=21954273300, DrawStart=22059441500, SyncQueued=22458620500, SyncStart=22461434700, IssueDrawCommandsStart=22462547200, SwapBuffers=22558234000, FrameCompleted=22578361000, DequeueBufferDuration=14816000, QueueBufferDuration=435000, 
08-25 17:57:04.833  2194  2194 I OpaEnabledReceiver: Dispatching OPA eligble = false; AGSA = true; OPA enabled = false
08-25 17:57:04.834  2194  2194 I OpaLayout: Setting opa enabled to false
08-25 17:57:04.834  2194  2194 I OpaLayout: Setting opa enabled to false
08-25 17:57:04.834  2194  2194 V KeyguardUpdateMonitor: onSubscriptionInfoChanged()
08-25 17:57:04.837  2194  2194 V KeyguardUpdateMonitor: SubInfo:{id=1, iccId=89014103211118510720 simSlotIndex=0 carrierId=1 displayName=T-Mobile carrierName=Android nameSource=3 iconTint=-16746133 mNumber=+15555215554 dataRoaming=1 iconBitmap=android.graphics.Bitmap@d28b26f mcc 310 mnc 260mCountryIso=us isEmbedded false accessRules null cardString=89014103211118510720 cardId=-1 isOpportunistic false mGroupUUID=null mIsGroupDisabled=false profileClass=-1 ehplmns = null hplmns = null subscriptionType=0 mGroupOwner=null}
08-25 17:57:04.841  2194  2194 V KeyguardUpdateMonitor: onSubscriptionInfoChanged()
08-25 17:57:04.846  2194  2194 V KeyguardUpdateMonitor: SubInfo:{id=1, iccId=89014103211118510720 simSlotIndex=0 carrierId=1 displayName=T-Mobile carrierName=Android nameSource=3 iconTint=-16746133 mNumber=+15555215554 dataRoaming=1 iconBitmap=android.graphics.Bitmap@18bfb7c mcc 310 mnc 260mCountryIso=us isEmbedded false accessRules null cardString=89014103211118510720 cardId=-1 isOpportunistic false mGroupUUID=null mIsGroupDisabled=false profileClass=-1 ehplmns = null hplmns = null subscriptionType=0 mGroupOwner=null}
08-25 17:57:04.848  2194  2194 V KeyguardUpdateMonitor: onSubscriptionInfoChanged()
08-25 17:57:04.851  2194  2194 V KeyguardUpdateMonitor: SubInfo:{id=1, iccId=89014103211118510720 simSlotIndex=0 carrierId=1 displayName=T-Mobile carrierName=Android nameSource=3 iconTint=-16746133 mNumber=+15555215554 dataRoaming=1 iconBitmap=android.graphics.Bitmap@d220c05 mcc 310 mnc 260mCountryIso=us isEmbedded false accessRules null cardString=89014103211118510720 cardId=-1 isOpportunistic false mGroupUUID=null mIsGroupDisabled=false profileClass=-1 ehplmns = null hplmns = null subscriptionType=0 mGroupOwner=null}
08-25 17:57:04.858  2194  2194 V KeyguardUpdateMonitor: onSubscriptionInfoChanged()
08-25 17:57:04.862  2194  2194 V KeyguardUpdateMonitor: SubInfo:{id=1, iccId=89014103211118510720 simSlotIndex=0 carrierId=1 displayName=T-Mobile carrierName=Android nameSource=3 iconTint=-16746133 mNumber=+15555215554 dataRoaming=1 iconBitmap=android.graphics.Bitmap@806d45a mcc 310 mnc 260mCountryIso=us isEmbedded false accessRules null cardString=89014103211118510720 cardId=-1 isOpportunistic false mGroupUUID=null mIsGroupDisabled=false profileClass=-1 ehplmns = null hplmns = null subscriptionType=0 mGroupOwner=null}
08-25 17:57:04.864  2194  2194 V KeyguardUpdateMonitor: onSubscriptionInfoChanged()
08-25 17:57:04.869  2194  2194 V KeyguardUpdateMonitor: SubInfo:{id=1, iccId=89014103211118510720 simSlotIndex=0 carrierId=1 displayName=T-Mobile carrierName=Android nameSource=3 iconTint=-16746133 mNumber=+15555215554 dataRoaming=1 iconBitmap=android.graphics.Bitmap@738068b mcc 310 mnc 260mCountryIso=us isEmbedded false accessRules null cardString=89014103211118510720 cardId=-1 isOpportunistic false mGroupUUID=null mIsGroupDisabled=false profileClass=-1 ehplmns = null hplmns = null subscriptionType=0 mGroupOwner=null}
08-25 17:57:04.874  2194  2194 D KeyguardUpdateMonitor: handleSimStateChange(subId=1, slotId=0, state=READY)
08-25 17:57:04.887  2194  2194 V KeyguardUpdateMonitor: onSubscriptionInfoChanged()
08-25 17:57:04.892  2194  2194 V KeyguardUpdateMonitor: SubInfo:{id=1, iccId=89014103211118510720 simSlotIndex=0 carrierId=1 displayName=T-Mobile carrierName=Android nameSource=3 iconTint=-16746133 mNumber=+15555215554 dataRoaming=1 iconBitmap=android.graphics.Bitmap@ab94b2 mcc 310 mnc 260mCountryIso=us isEmbedded false accessRules null cardString=89014103211118510720 cardId=-1 isOpportunistic false mGroupUUID=null mIsGroupDisabled=false profileClass=-1 ehplmns = null hplmns = null subscriptionType=0 mGroupOwner=null}
08-25 17:57:04.895  2194  2194 V KeyguardUpdateMonitor: onSubscriptionInfoChanged()
08-25 17:57:04.902  2194  2194 V KeyguardUpdateMonitor: SubInfo:{id=1, iccId=89014103211118510720 simSlotIndex=0 carrierId=1 displayName=T-Mobile carrierName=Android nameSource=3 iconTint=-16746133 mNumber=+15555215554 dataRoaming=1 iconBitmap=android.graphics.Bitmap@408bc03 mcc 310 mnc 260mCountryIso=us isEmbedded false accessRules null cardString=89014103211118510720 cardId=-1 isOpportunistic false mGroupUUID=null mIsGroupDisabled=false profileClass=-1 ehplmns = null hplmns = null subscriptionType=0 mGroupOwner=null}
08-25 17:57:04.906  2194  2194 V KeyguardUpdateMonitor: onSubscriptionInfoChanged()
08-25 17:57:04.908  2194  2194 V KeyguardUpdateMonitor: SubInfo:{id=1, iccId=89014103211118510720 simSlotIndex=0 carrierId=1 displayName=T-Mobile carrierName=Android nameSource=3 iconTint=-16746133 mNumber=+15555215554 dataRoaming=1 iconBitmap=android.graphics.Bitmap@e532780 mcc 310 mnc 260mCountryIso=us isEmbedded false accessRules null cardString=89014103211118510720 cardId=-1 isOpportunistic false mGroupUUID=null mIsGroupDisabled=false profileClass=-1 ehplmns = null hplmns = null subscriptionType=0 mGroupOwner=null}
08-25 17:57:04.912  1973  1992 D BootAnimation: BootAnimationStopTiming start time: 22666ms
08-25 17:57:04.913  2194  2194 W System  : ClassLoader referenced unknown path: 
08-25 17:57:04.923  2194  2194 I Choreographer: Skipped 43 frames!  The application may be doing too much work on its main thread.
08-25 17:57:04.939  2194  2605 D EGL_emulation: eglMakeCurrent: 0xde91a360: ver 2 0 (tinfo 0xde90f750)
08-25 17:57:04.994  2194  2605 I OpenGLRenderer: Davey! duration=793ms; Flags=0, IntendedVsync=21951440369, Vsync=22668107007, OldestInputEvent=9223372036854775807, NewestInputEvent=0, HandleInputStart=22678227700, AnimationStart=22678273200, PerformTraversalsStart=22678977100, DrawStart=22691059700, SyncQueued=22691245600, SyncStart=22695672200, IssueDrawCommandsStart=22697701700, SwapBuffers=22746092600, FrameCompleted=22749189300, DequeueBufferDuration=43000, QueueBufferDuration=248000, 
08-25 17:57:04.995  2194  2605 D EGL_emulation: eglMakeCurrent: 0xde91a360: ver 2 0 (tinfo 0xde90f750)
08-25 17:57:05.004  2194  2605 I OpenGLRenderer: Davey! duration=763ms; Flags=0, IntendedVsync=21951440369, Vsync=22668107007, OldestInputEvent=9223372036854775807, NewestInputEvent=0, HandleInputStart=22678227700, AnimationStart=22678273200, PerformTraversalsStart=22678977100, DrawStart=22704707700, SyncQueued=22705330700, SyncStart=22750309400, IssueDrawCommandsStart=22752596500, SwapBuffers=22754932700, FrameCompleted=22759447900, DequeueBufferDuration=294000, QueueBufferDuration=2700000, 
08-25 17:57:05.011  2194  2605 D EGL_emulation: eglMakeCurrent: 0xde91a360: ver 2 0 (tinfo 0xde90f750)
08-25 17:57:05.030  2194  2622 E ndroid.systemu: Invalid ID 0x00000000.
08-25 17:57:05.057  2051  2083 I WindowManager: ******* TELLING SURFACE FLINGER WE ARE BOOTED!
08-25 17:57:05.057  1779  2677 I SurfaceFlinger: Boot is finished (14708 ms)
08-25 17:57:05.062  2051  2083 I SystemServiceManager: Starting phase 1000
08-25 17:57:05.063  2051  2097 V DisplayPowerController: Brightness [102] reason changing to: 'manual', previous reason: 'override'.
08-25 17:57:05.069  2051  2083 D TestHarnessModeService: Completing Test Harness Mode setup.
08-25 17:57:05.069  2051  2083 D TestHarnessModeService: Getting PersistentDataBlockManagerInternal from LocalServices
08-25 17:57:05.069  2051  2083 E TestHarnessModeService: Failed to start Test Harness Mode; no implementation of PersistentDataBlockManagerInternal was bound!
08-25 17:57:05.070  2051  2083 D WifiService: Handle boot completed
08-25 17:57:05.071  2051  2154 D StorageManagerService: Thinking about init, mBootCompleted=true, mDaemonConnected=true
08-25 17:57:05.071  2051  2154 D StorageManagerService: Thinking about reset, mBootCompleted=true, mDaemonConnected=true
08-25 17:57:05.071  2051  2089 I ActivityManager: Force stopping com.android.providers.media appid=10069 user=-1: vold reset
08-25 17:57:05.073  2051  2069 V StorageManagerService: Found primary storage at VolumeInfo{emulated}:
08-25 17:57:05.073  2051  2069 V StorageManagerService:     type=EMULATED diskId=null partGuid= mountFlags=0 mountUserId=-10000 
08-25 17:57:05.073  2051  2069 V StorageManagerService:     state=UNMOUNTED 
08-25 17:57:05.073  2051  2069 V StorageManagerService:     fsType=null fsUuid=null fsLabel=null 
08-25 17:57:05.073  2051  2069 V StorageManagerService:     path=null internalPath=null 
08-25 17:57:05.085  2051  2160 I WifiScoreCard: Installing MemoryStore
08-25 17:57:05.098  2051  2083 D ActivityManager: Finishing user boot 0
08-25 17:57:05.099  2051  2083 I ActivityManager: User 0 state changed from BOOTING to RUNNING_LOCKED
08-25 17:57:05.102  2051  2083 D StorageManagerService: unlockUserKey: 0
08-25 17:57:05.103  1656  1660 D vold    : fscrypt_unlock_user_key 0 serial=0 token_present=0
08-25 17:57:05.112  1656  1660 D vold    : Skipping non-key .
08-25 17:57:05.112  1656  1660 D vold    : Skipping non-key ..
08-25 17:57:05.112  1656  1660 D vold    : Trying user CE key /data/misc/vold/user_keys/ce/0/current
08-25 17:57:05.135  1647  1647 I hwservicemanager: getTransport: Cannot find entry android.hardware.keymaster@4.0::IKeymasterDevice/default in either framework or device manifest.
08-25 17:57:05.139  2051  2160 D WifiConfigStore: Reading from all stores completed in 52 ms.
08-25 17:57:05.155  1656  1660 I vold    : List of Keymaster HALs found:
08-25 17:57:05.157  1656  1660 I vold    : Keymaster HAL #1: SoftwareKeymasterDevice from Google SecurityLevel: SOFTWARE HAL: android.hardware.keymaster@3.0::IKeymasterDevice/default
08-25 17:57:05.161  1656  1660 I vold    : Using SoftwareKeymasterDevice from Google for encryption.  Security level: SOFTWARE, HAL: android.hardware.keymaster@3.0::IKeymasterDevice/default
08-25 17:57:05.163  1656  1660 D RefBase : RefBase: Explicit destruction, weak count = 0 (in 0xe764f05c)
08-25 17:57:05.164  1656  1660 W RefBase : CallStack::getCurrentInternal not linked, returning null
08-25 17:57:05.164  1656  1660 W RefBase : CallStack::logStackInternal not linked
08-25 17:57:05.164  1656  1660 D vold    : Successfully retrieved key
08-25 17:57:05.170  2841  2841 I bootstat: Service started: /system/bin/bootstat --record_boot_complete --record_boot_reason --record_time_since_factory_reset -l 
08-25 17:57:05.170  2841  2841 E bootstat: Failed to read /data/misc/bootstat/post_decrypt_time_elapsed: No such file or directory
08-25 17:57:05.170  2841  2841 E bootstat: Failed to parse boot time record: /data/misc/bootstat/post_decrypt_time_elapsed
08-25 17:57:05.171  1656  1660 D vold    : Added key 788061461 (ext4:206435d6936b837c) to keyring 534333253 in process 1656
08-25 17:57:05.171  1656  1660 D vold    : Added key 145360196 (f2fs:206435d6936b837c) to keyring 534333253 in process 1656
08-25 17:57:05.171  1656  1660 D vold    : Added key 768013520 (fscrypt:206435d6936b837c) to keyring 534333253 in process 1656
08-25 17:57:05.171  1656  1660 D vold    : Installed ce key for user 0
08-25 17:57:05.171  2051  2083 D ActivityManager: Started unlocking user 0
08-25 17:57:05.172  2051  2083 D ActivityManager: Unlocking user 0 progress 0
08-25 17:57:05.172  2051  2083 D ActivityManager: Unlocking user 0 progress 5
08-25 17:57:05.175  1656  1660 D vold    : fscrypt_prepare_user_storage for volume null, user 0, serial 0, flags 2
08-25 17:57:05.175  1656  1660 D vold    : Preparing: /data/system_ce/0
08-25 17:57:05.175  1656  1660 D vold    : Preparing: /data/misc_ce/0
08-25 17:57:05.175  1656  1660 D vold    : Preparing: /data/vendor_ce/0
08-25 17:57:05.176  1656  1660 D vold    : Preparing: /data/media/0
08-25 17:57:05.176  1656  1660 D vold    : Preparing: /data/data
08-25 17:57:05.177  2051  2083 D ColorDisplayService: setUp: currentUser=0
08-25 17:57:05.177  1656  1660 I vold    : Found policy 206435d6936b837c at /data/system_ce/0 which matches expected value
08-25 17:57:05.178  1656  1660 I vold    : Found policy 206435d6936b837c at /data/misc_ce/0 which matches expected value
08-25 17:57:05.179  1656  1660 I vold    : Found policy 206435d6936b837c at /data/vendor_ce/0 which matches expected value
08-25 17:57:05.179  1656  1660 I vold    : Found policy 206435d6936b837c at /data/media/0 which matches expected value
08-25 17:57:05.179  1656  1660 I vold    : Found policy 206435d6936b837c at /data/data which matches expected value
08-25 17:57:05.179  1656  1660 D vold    : Starting restorecon of /data/system_ce/0
08-25 17:57:05.181  2051  2083 I WindowManager: Using new display size: 1440x3040
08-25 17:57:05.181  2051  2083 W InputReader: Device has associated, but no associated display id.
08-25 17:57:05.181  2051  2083 I chatty  : uid=1000(system) android.display identical 8 lines
08-25 17:57:05.181  2051  2083 W InputReader: Device has associated, but no associated display id.
08-25 17:57:05.185  2051  2160 D WifiNetworkFactory: Registering NetworkFactory
08-25 17:57:05.185  2051  2160 D UntrustedWifiNetworkFactory: Registering NetworkFactory
08-25 17:57:05.186  2051  2163 D ConnectivityService: Got NetworkFactory Messenger for WifiNetworkFactory
08-25 17:57:05.186  2051  2163 D ConnectivityService: Got NetworkFactory Messenger for UntrustedWifiNetworkFactory
08-25 17:57:05.192  2051  2160 D WifiNetworkFactory: got request NetworkRequest [ REQUEST id=1, [ Capabilities: INTERNET&NOT_RESTRICTED&TRUSTED&NOT_VPN] ] with score 50 and serial 2
08-25 17:57:05.192  2051  2160 D WifiConnectivityHelper: Firmware supported feature set: 19
08-25 17:57:05.192  2051  2160 D WifiConnectivityHelper: Firmware roaming is not supported
08-25 17:57:05.193  2051  2160 D WifiNetworkFactory: got request NetworkRequest [ REQUEST id=7, [ Capabilities: INTERNET&NOT_RESTRICTED&TRUSTED&NOT_VPN] ] with score 50 and serial 2
08-25 17:57:05.193  2051  2160 D WifiNetworkFactory: got request NetworkRequest [ TRACK_DEFAULT id=13, [ Capabilities: INTERNET&NOT_RESTRICTED&TRUSTED Uid: 10108] ] with score 50 and serial 2
08-25 17:57:05.193  2051  2160 D WifiNetworkFactory: got request NetworkRequest [ TRACK_DEFAULT id=9, [ Capabilities: INTERNET&NOT_RESTRICTED&TRUSTED Uid: 1000] ] with score 50 and serial 2
08-25 17:57:05.193  2051  2160 D WifiNetworkFactory: got request NetworkRequest [ BACKGROUND_REQUEST id=2, [ Transports: CELLULAR Capabilities: INTERNET&NOT_RESTRICTED&TRUSTED&NOT_VPN] ] with score 50 and serial 2
08-25 17:57:05.193  2051  2160 D UntrustedWifiNetworkFactory: got request NetworkRequest [ REQUEST id=1, [ Capabilities: INTERNET&NOT_RESTRICTED&TRUSTED&NOT_VPN] ] with score 50 and serial 2
08-25 17:57:05.193  2051  2160 D UntrustedWifiNetworkFactory: got request NetworkRequest [ REQUEST id=7, [ Capabilities: INTERNET&NOT_RESTRICTED&TRUSTED&NOT_VPN] ] with score 50 and serial 2
08-25 17:57:05.193  2051  2160 D UntrustedWifiNetworkFactory: got request NetworkRequest [ TRACK_DEFAULT id=13, [ Capabilities: INTERNET&NOT_RESTRICTED&TRUSTED Uid: 10108] ] with score 50 and serial 2
08-25 17:57:05.194  2051  2160 D UntrustedWifiNetworkFactory: got request NetworkRequest [ TRACK_DEFAULT id=9, [ Capabilities: INTERNET&NOT_RESTRICTED&TRUSTED Uid: 1000] ] with score 50 and serial 2
08-25 17:57:05.194  2051  2160 D UntrustedWifiNetworkFactory: got request NetworkRequest [ BACKGROUND_REQUEST id=2, [ Transports: CELLULAR Capabilities: INTERNET&NOT_RESTRICTED&TRUSTED&NOT_VPN] ] with score 50 and serial 2
08-25 17:57:05.213  1779  2677 D PermissionCache: checking android.permission.READ_FRAME_BUFFER for uid=1000 => granted (11522 us)
08-25 17:57:05.213  1761  1761 D gralloc_ranchu: gralloc_alloc: Creating ashmem region of size 17514496
08-25 17:57:05.229  1743  1743 D Zygote  : Forked child process 2847
08-25 17:57:05.230  2051  2090 W ActivityManager: Slow operation: 52ms so far, now at startProcess: returned from zygote!
08-25 17:57:05.246  1647  1647 I hwservicemanager: getTransport: Cannot find entry android.hardware.graphics.mapper@3.0::IMapper/default in either framework or device manifest.
08-25 17:57:05.247  2051  2083 W Gralloc3: mapper 3.x is not supported
08-25 17:57:05.247  2847  2847 W droid.deskcloc: Unexpected CPU variant for X86 using defaults: x86
08-25 17:57:05.254  2051  2083 D HostConnection: createUnique: call
08-25 17:57:05.256  2051  2083 D HostConnection: HostConnection::get() New Host Connection established 0xde968ce0, tid 2083
08-25 17:57:05.256  2051  2083 D HostConnection: HostComposition ext ANDROID_EMU_CHECKSUM_HELPER_v1 ANDROID_EMU_dma_v1 ANDROID_EMU_direct_mem ANDROID_EMU_host_composition_v1 ANDROID_EMU_host_composition_v2 ANDROID_EMU_vulkan ANDROID_EMU_deferred_vulkan_commands ANDROID_EMU_vulkan_null_optional_strings ANDROID_EMU_vulkan_create_resources_with_requirements ANDROID_EMU_YUV_Cache ANDROID_EMU_vulkan_ignored_handles ANDROID_EMU_vulkan_free_memory_sync ANDROID_EMU_vulkan_shader_float16_int8 ANDROID_EMU_vulkan_async_queue_submit ANDROID_EMU_sync_buffer_data GL_OES_vertex_array_object GL_KHR_texture_compression_astc_ldr ANDROID_EMU_host_side_tracing ANDROID_EMU_gles_max_version_2 
08-25 17:57:05.257  2051  2083 D eglCodecCommon: allocate: Ask for block of size 0x1000
08-25 17:57:05.257  2051  2083 D eglCodecCommon: allocate: ioctl allocate returned offset 0x3ffff8000 size 0x2000
08-25 17:57:05.272  2051  2083 W InputReader: Device has associated, but no associated display id.
08-25 17:57:05.278  2051  2083 I ActivityTaskManager: Config changes=400 {1.0 310mcc260mnc [en_US] ldltr sw480dp w480dp h937dp 480dpi lrg long port finger qwerty/v/v dpad/v winConfig={ mBounds=Rect(0, 0 - 1440, 3040) mAppBounds=Rect(0, 0 - 1440, 2896) mWindowingMode=fullscreen mDisplayWindowingMode=fullscreen mActivityType=undefined mAlwaysOnTop=undefined mRotation=ROTATION_0} s.17}
08-25 17:57:05.299  2051  2083 I ActivityTaskManager: Override config changes=400 {1.0 310mcc260mnc [en_US] ldltr sw480dp w480dp h937dp 480dpi lrg long port finger qwerty/v/v dpad/v winConfig={ mBounds=Rect(0, 0 - 1440, 3040) mAppBounds=Rect(0, 0 - 1440, 2896) mWindowingMode=fullscreen mDisplayWindowingMode=fullscreen mActivityType=undefined mAlwaysOnTop=undefined mRotation=ROTATION_0} s.17} for displayId=0
08-25 17:57:05.272  2051  2083 I chatty  : uid=1000(system) android.display identical 8 lines
08-25 17:57:05.272  2051  2083 W InputReader: Device has associated, but no associated display id.
08-25 17:57:05.312  2505  2505 E putmethod.lati: Invalid ID 0x00000000.
08-25 17:57:05.317  2505  2505 I ShortcutsDataManager: startImportContentTask()
08-25 17:57:05.317  2505  2505 I ShortcutsDataManager: onImportAborted()
08-25 17:57:05.323  2051  2051 W Looper  : Slow dispatch took 130ms main h=android.app.ActivityThread$H c=null m=131
08-25 17:57:05.327  2051  2090 W ActivityManager: Slow operation: 148ms so far, now at startProcess: done updating battery stats
08-25 17:57:05.327  2051  2090 W ActivityManager: Slow operation: 148ms so far, now at startProcess: building log message
08-25 17:57:05.327  2051  2090 I ActivityManager: Start proc 2847:com.google.android.deskclock/u0a131 for broadcast {com.google.android.deskclock/com.android.deskclock.AlarmInitReceiver}
08-25 17:57:05.327  2051  2090 W ActivityManager: Slow operation: 148ms so far, now at startProcess: starting to update pids map
08-25 17:57:05.328  2051  2090 W ActivityManager: Slow operation: 150ms so far, now at startProcess: done updating pids map
08-25 17:57:05.350  2847  2847 D ApplicationLoaders: Returning zygote-cached class loader: /system/framework/android.hidl.base-V1.0-java.jar
08-25 17:57:05.350  2847  2847 D ApplicationLoaders: Returning zygote-cached class loader: /system/framework/android.hidl.manager-V1.0-java.jar
08-25 17:57:05.350  2847  2847 D ApplicationLoaders: Returning zygote-cached class loader: /system/framework/android.hidl.base-V1.0-java.jar
08-25 17:57:05.356  1656  1660 D vold    : Finished restorecon of /data/system_ce/0
08-25 17:57:05.356  1656  1660 D vold    : Starting restorecon of /data/vendor_ce/0
08-25 17:57:05.359  2194  2194 E ndroid.systemu: Invalid ID 0x00000000.
08-25 17:57:05.363  2505  2505 I DeviceStatusMonitor: onReceive() : Action = android.intent.action.CONFIGURATION_CHANGED
08-25 17:57:05.363  2505  2505 I ConfigNotification: Get device mode by ui mode:1 and smallestScreenWidthDp:480
08-25 17:57:05.363  2505  2505 I ConfigNotification: Get device mode by ui mode:1 and smallestScreenWidthDp:480
08-25 17:57:05.390  2847  2847 I droid.deskcloc: The ClassLoaderContext is a special shared library.
08-25 17:57:05.406  1656  1660 D vold    : Finished restorecon of /data/vendor_ce/0
08-25 17:57:05.406  1656  1660 D vold    : Starting restorecon of /data/misc_ce/0
08-25 17:57:05.442  1656  1660 D vold    : Finished restorecon of /data/misc_ce/0
08-25 17:57:05.442  1656  1660 D vold    : /system/bin/vold_prepare_subdirs
08-25 17:57:05.442  1656  1660 D vold    :     prepare
08-25 17:57:05.442  1656  1660 D vold    :     
08-25 17:57:05.442  1656  1660 D vold    :     0
08-25 17:57:05.442  1656  1660 D vold    :     2
08-25 17:57:05.462  2880  2880 D vold_prepare_subdirs: Setting up mode 700 uid 0 gid 0 context u:object_r:vold_data_file:s0 on path: /data/misc_ce/0/vold
