--------- beginning of main
08-25 16:22:45.312  1647  1647 I SELinux : SELinux: Loaded service_contexts from:
08-25 16:22:45.314  1647  1647 I SELinux :     /system/etc/selinux/plat_service_contexts
08-25 16:22:45.321  1649  1649 I SELinux : SELinux: Loaded service_contexts from:
08-25 16:22:45.321  1649  1649 I SELinux :     /vendor/etc/selinux/vndservice_contexts
08-25 16:22:38.550  1646  1646 W auditd  : type=2000 audit(0.0:1): state=initialized audit_enabled=0 res=1
08-25 16:22:43.010  1646  1646 I auditd  : type=1403 audit(0.0:2): policy loaded auid=4294967295 ses=4294967295
08-25 16:22:43.010  1646  1646 W auditd  : type=1404 audit(0.0:3): enforcing=1 old_enforcing=0 auid=4294967295 ses=4294967295
08-25 16:22:45.345  1648  1648 I hwservicemanager: hwservicemanager is ready now.
--------- beginning of system
08-25 16:22:45.393  1657  1657 I vold    : Vold 3.0 (the awakening) firing up
08-25 16:22:45.393  1657  1657 D vold    : Detected support for: ext4 f2fs vfat
08-25 16:22:45.394  1657  1657 D vold    : Found unmanaged dm device named vendor
08-25 16:22:45.394  1657  1657 D vold    : Found unmanaged dm device named system
08-25 16:22:45.394  1657  1657 D vold    : Found unmanaged dm device named system-verity
08-25 16:22:45.394  1657  1657 W vold    : Failed to LOOP_GET_STATUS64 /dev/block/loop0: No such device or address
08-25 16:22:45.394  1657  1657 W vold    : Failed to LOOP_GET_STATUS64 /dev/block/loop2: No such device or address
08-25 16:22:45.394  1657  1657 W vold    : Failed to LOOP_GET_STATUS64 /dev/block/loop4: No such device or address
08-25 16:22:45.394  1657  1657 W vold    : Failed to LOOP_GET_STATUS64 /dev/block/loop1: No such device or address
08-25 16:22:45.394  1657  1657 W vold    : Failed to LOOP_GET_STATUS64 /dev/block/loop3: No such device or address
08-25 16:22:45.394  1657  1657 W vold    : Failed to LOOP_GET_STATUS64 /dev/block/loop6: No such device or address
08-25 16:22:45.394  1657  1657 W vold    : Failed to LOOP_GET_STATUS64 /dev/block/loop5: No such device or address
08-25 16:22:45.394  1657  1657 W vold    : Failed to LOOP_GET_STATUS64 /dev/block/loop7: No such device or address
08-25 16:22:45.395  1657  1657 I vold    : Skip mounting partition: /product
08-25 16:22:45.395  1657  1657 I vold    : Skip mounting partition: /product_services
08-25 16:22:45.395  1657  1657 D vold    : VoldNativeService::start() completed OK
08-25 16:22:45.794  1657  1662 I vold    : Found disk at /devices/pci0000:00/0000:00:08.0/virtio5/block/vdf but delaying scan due to secure keyguard
08-25 16:22:45.888  1657  1657 I vold    : fscrypt_initialize_global_de
08-25 16:22:45.888  1657  1657 D vold    : Key exists, using: /data/unencrypted/key
08-25 16:22:45.897  1648  1648 I hwservicemanager: getTransport: Cannot find entry android.hardware.keymaster@4.0::IKeymasterDevice/default in either framework or device manifest.
08-25 16:22:45.898  1657  1657 I ServiceManagement: getService: Trying again for android.hardware.keymaster@3.0::IKeymasterDevice/default...
08-25 16:22:45.910  1706  1706 I android.hardware.keymaster@3.0-impl: Fetching keymaster device name default
08-25 16:22:45.910  1706  1706 I android.hardware.keymaster@3.0-impl: Could not find any keystore module, using software-only implementation.
08-25 16:22:45.911  1706  1706 I ServiceManagement: Registered android.hardware.keymaster@3.0::IKeymasterDevice/default (start delay of 49ms)
08-25 16:22:45.911  1706  1706 I ServiceManagement: Removing namespace from process name android.hardware.keymaster@3.0-service to keymaster@3.0-service.
08-25 16:22:45.911  1706  1706 I android.hardware.keymaster@3.0-service: Registration complete for android.hardware.keymaster@3.0::IKeymasterDevice/default.
08-25 16:22:45.911  1657  1657 I vold    : List of Keymaster HALs found:
08-25 16:22:45.912  1657  1657 I vold    : Keymaster HAL #1: SoftwareKeymasterDevice from Google SecurityLevel: SOFTWARE HAL: android.hardware.keymaster@3.0::IKeymasterDevice/default
08-25 16:22:45.912  1657  1657 I vold    : Using SoftwareKeymasterDevice from Google for encryption.  Security level: SOFTWARE, HAL: android.hardware.keymaster@3.0::IKeymasterDevice/default
08-25 16:22:45.915  1657  1657 D RefBase : RefBase: Explicit destruction, weak count = 0 (in 0xf641b13c)
08-25 16:22:45.916  1657  1657 W RefBase : CallStack::getCurrentInternal not linked, returning null
08-25 16:22:45.916  1657  1657 W RefBase : CallStack::logStackInternal not linked
08-25 16:22:45.916  1657  1657 D vold    : Added key 406003488 (ext4:74e411bfef9fbef0) to keyring 17230323 in process 1657
08-25 16:22:45.916  1657  1657 D vold    : Added key 244702536 (f2fs:74e411bfef9fbef0) to keyring 17230323 in process 1657
08-25 16:22:45.916  1657  1657 D vold    : Added key 449623484 (fscrypt:74e411bfef9fbef0) to keyring 17230323 in process 1657
08-25 16:22:45.918  1657  1657 I vold    : Wrote system DE key reference to:/data/unencrypted/ref
08-25 16:22:45.945  1715  1715 E fsverity_init: Failed to load /product/etc/security/fsverity/*.der
08-25 16:22:45.951  1716  1716 E /system/bin/mini-keyctl: Cannot find keyring id
08-25 16:22:45.956  1717  1717 E fsverity_init: Failed to restrict .fs-verity keyring
08-25 16:22:45.970  1720  1720 W ls      : type=1400 audit(0.0:4): avc: denied { dac_read_search } for capability=2 scontext=u:r:toolbox:s0 tcontext=u:r:toolbox:s0 tclass=capability permissive=0
08-25 16:22:45.970  1720  1720 W ls      : type=1400 audit(0.0:5): avc: denied { dac_override } for capability=1 scontext=u:r:toolbox:s0 tcontext=u:r:toolbox:s0 tclass=capability permissive=0
08-25 16:22:45.974  1718  1718 I apexd   : Marking APEXd as starting
08-25 16:22:45.980     1     1 I ls      : ls: /data/misc: Permission denied
08-25 16:22:45.980     1     1 I ls      : ls terminated by exit(1)
08-25 16:22:45.995  1718  1718 I apexd   : Scanning /system/apex for embedded keys
08-25 16:22:45.997  1718  1718 V apexd   : Found bundled key in package /system/apex/com.android.apex.cts.shim.apex
08-25 16:22:45.997  1718  1718 I apexd   : Scanning /product/apex for embedded keys
08-25 16:22:45.998  1718  1718 I apexd   : ... does not exist. Skipping
08-25 16:22:46.000  1718  1718 I apexd   : Populating APEX database from mounts...
08-25 16:22:46.001  1718  1718 E apexd   : Failed to walk /product/apex : Can't open /product/apex for reading : No such file or directory
08-25 16:22:46.006  1718  1718 I apexd   : Found "/apex/com.android.tzdata@290000000"
08-25 16:22:46.008  1718  1718 I apexd   : Found "/apex/com.android.runtime@1"
08-25 16:22:46.009  1718  1718 I apexd   : 2 packages restored.
08-25 16:22:46.011  1718  1718 I apexd   : Scanning /data/apex/sessions looking for sessions to be activated.
08-25 16:22:46.015  1718  1718 I apexd   : Scanning /data/apex/active looking for APEX packages.
08-25 16:22:46.018  1718  1718 I apexd   : Activated 0 packages. Skipped: 0
08-25 16:22:46.019  1718  1718 I apexd   : Scanning /system/apex looking for APEX packages.
08-25 16:22:46.022  1718  1718 I apexd   : Found /system/apex/com.android.media.swcodec
08-25 16:22:46.023  1718  1718 V apexd   : Creating mount point: /apex/com.android.media.swcodec@290000000
08-25 16:22:46.024  1718  1718 I apexd   : Successfully bind-mounted flattened package /system/apex/com.android.media.swcodec on /apex/com.android.media.swcodec@290000000
08-25 16:22:46.026  1718  1718 V apexd   : Creating bind-mount for /apex/com.android.media.swcodec for /apex/com.android.media.swcodec@290000000
08-25 16:22:46.027  1718  1718 V apexd   : Creating mountpoint /apex/com.android.media.swcodec
08-25 16:22:46.027  1718  1718 V apexd   : Bind-mounting /apex/com.android.media.swcodec@290000000 to /apex/com.android.media.swcodec
08-25 16:22:46.027  1718  1718 D apexd   : Successfully activated /system/apex/com.android.media.swcodec package_name: com.android.media.swcodec version: 290000000
08-25 16:22:46.027  1718  1718 I apexd   : Found /system/apex/com.android.tzdata
08-25 16:22:46.029  1718  1718 I apexd   : Skipping activation of /system/apex/com.android.tzdata same package with higher version 290000000 is already active
08-25 16:22:46.033  1718  1718 I apexd   : Found /system/apex/com.android.runtime.debug
08-25 16:22:46.035  1718  1718 I apexd   : Skipping activation of /system/apex/com.android.runtime.debug same package with higher version 1 is already active
08-25 16:22:46.038  1718  1718 I apexd   : Found /system/apex/com.android.resolv
08-25 16:22:46.041  1718  1718 V apexd   : Creating mount point: /apex/com.android.resolv@290000000
08-25 16:22:46.042  1718  1718 I apexd   : Successfully bind-mounted flattened package /system/apex/com.android.resolv on /apex/com.android.resolv@290000000
08-25 16:22:46.044  1718  1718 V apexd   : Creating bind-mount for /apex/com.android.resolv for /apex/com.android.resolv@290000000
08-25 16:22:46.045  1718  1718 V apexd   : Creating mountpoint /apex/com.android.resolv
08-25 16:22:46.045  1718  1718 V apexd   : Bind-mounting /apex/com.android.resolv@290000000 to /apex/com.android.resolv
08-25 16:22:46.045  1718  1718 D apexd   : Successfully activated /system/apex/com.android.resolv package_name: com.android.resolv version: 290000000
08-25 16:22:46.045  1718  1718 I apexd   : Found /system/apex/com.android.apex.cts.shim.apex
08-25 16:22:46.047  1718  1718 V apexd   : Found bundled key in package /system/apex/com.android.apex.cts.shim.apex
08-25 16:22:46.048  1718  1718 I apexd   : Skipping activation of non-flattened apex package /system/apex/com.android.apex.cts.shim.apex because device doesn't support it
08-25 16:22:46.050  1718  1718 I apexd   : Found /system/apex/com.android.media
08-25 16:22:46.053  1718  1718 V apexd   : Creating mount point: /apex/com.android.media@290000000
08-25 16:22:46.055  1718  1718 I apexd   : Successfully bind-mounted flattened package /system/apex/com.android.media on /apex/com.android.media@290000000
08-25 16:22:46.057  1718  1718 V apexd   : Creating bind-mount for /apex/com.android.media for /apex/com.android.media@290000000
08-25 16:22:46.057  1718  1718 V apexd   : Creating mountpoint /apex/com.android.media
08-25 16:22:46.057  1718  1718 V apexd   : Bind-mounting /apex/com.android.media@290000000 to /apex/com.android.media
08-25 16:22:46.057  1718  1718 D apexd   : Successfully activated /system/apex/com.android.media package_name: com.android.media version: 290000000
08-25 16:22:46.058  1718  1718 I apexd   : Found /system/apex/com.android.conscrypt
08-25 16:22:46.059  1718  1718 V apexd   : Creating mount point: /apex/com.android.conscrypt@290000000
08-25 16:22:46.061  1718  1718 I apexd   : Successfully bind-mounted flattened package /system/apex/com.android.conscrypt on /apex/com.android.conscrypt@290000000
08-25 16:22:46.063  1718  1718 V apexd   : Creating bind-mount for /apex/com.android.conscrypt for /apex/com.android.conscrypt@290000000
08-25 16:22:46.064  1718  1718 V apexd   : Creating mountpoint /apex/com.android.conscrypt
08-25 16:22:46.064  1718  1718 V apexd   : Bind-mounting /apex/com.android.conscrypt@290000000 to /apex/com.android.conscrypt
08-25 16:22:46.064  1718  1718 D apexd   : Successfully activated /system/apex/com.android.conscrypt package_name: com.android.conscrypt version: 290000000
08-25 16:22:46.064  1718  1718 I apexd   : Activated 4 packages. Skipped: 3
08-25 16:22:46.065  1718  1718 I apexd   : Scanning /product/apex looking for APEX packages.
08-25 16:22:46.068  1718  1718 E apexd   : Failed to activate packages from /product/apex : Failed to scan /product/apex : Can't open /product/apex for reading : No such file or directory
08-25 16:22:46.073  1718  1718 I apexd   : Marking APEXd as ready
08-25 16:22:46.135  1657  1657 D vold    : fscrypt_init_user0
08-25 16:22:46.135  1657  1657 D vold    : Preparing: /data/misc/vold/user_keys
08-25 16:22:46.135  1657  1657 D vold    : Preparing: /data/misc/vold/user_keys/ce
08-25 16:22:46.136  1657  1657 D vold    : Preparing: /data/misc/vold/user_keys/de
08-25 16:22:46.136  1657  1657 D vold    : Skipping non-de-key .
08-25 16:22:46.136  1657  1657 D vold    : Skipping non-de-key ..
08-25 16:22:46.150  1648  1648 I hwservicemanager: getTransport: Cannot find entry android.hardware.keymaster@4.0::IKeymasterDevice/default in either framework or device manifest.
08-25 16:22:46.150  1657  1657 I vold    : List of Keymaster HALs found:
08-25 16:22:46.151  1657  1657 I vold    : Keymaster HAL #1: SoftwareKeymasterDevice from Google SecurityLevel: SOFTWARE HAL: android.hardware.keymaster@3.0::IKeymasterDevice/default
08-25 16:22:46.151  1657  1657 I vold    : Using SoftwareKeymasterDevice from Google for encryption.  Security level: SOFTWARE, HAL: android.hardware.keymaster@3.0::IKeymasterDevice/default
08-25 16:22:46.153  1657  1657 D RefBase : RefBase: Explicit destruction, weak count = 0 (in 0xf641b13c)
08-25 16:22:46.153  1657  1657 W RefBase : CallStack::getCurrentInternal not linked, returning null
08-25 16:22:46.153  1657  1657 W RefBase : CallStack::logStackInternal not linked
08-25 16:22:46.153  1657  1657 D vold    : Added key 629668548 (ext4:533128bc61f362eb) to keyring 17230323 in process 1657
08-25 16:22:46.153  1657  1657 D vold    : Added key 100007976 (f2fs:533128bc61f362eb) to keyring 17230323 in process 1657
08-25 16:22:46.153  1657  1657 D vold    : Added key 541061112 (fscrypt:533128bc61f362eb) to keyring 17230323 in process 1657
08-25 16:22:46.153  1657  1657 D vold    : Installed de key for user 0
08-25 16:22:46.153  1657  1657 D vold    : fscrypt_prepare_user_storage for volume null, user 0, serial 0, flags 1
08-25 16:22:46.153  1657  1657 D vold    : Preparing: /data/system/users/0
08-25 16:22:46.153  1657  1657 D vold    : Preparing: /data/misc/profiles/cur/0
08-25 16:22:46.154  1657  1657 D vold    : Preparing: /data/system_de/0
08-25 16:22:46.154  1657  1657 D vold    : Preparing: /data/misc_de/0
08-25 16:22:46.154  1657  1657 D vold    : Preparing: /data/vendor_de/0
08-25 16:22:46.154  1657  1657 D vold    : Preparing: /data/user_de/0
08-25 16:22:46.154  1657  1657 I vold    : Found policy 533128bc61f362eb at /data/system_de/0 which matches expected value
08-25 16:22:46.155  1657  1657 I vold    : Found policy 533128bc61f362eb at /data/misc_de/0 which matches expected value
08-25 16:22:46.155  1657  1657 I vold    : Found policy 533128bc61f362eb at /data/vendor_de/0 which matches expected value
08-25 16:22:46.155  1657  1657 I vold    : Found policy 533128bc61f362eb at /data/user_de/0 which matches expected value
08-25 16:22:46.155  1657  1657 D vold    : /system/bin/vold_prepare_subdirs
08-25 16:22:46.155  1657  1657 D vold    :     prepare
08-25 16:22:46.155  1657  1657 D vold    :     
08-25 16:22:46.155  1657  1657 D vold    :     0
08-25 16:22:46.155  1657  1657 D vold    :     1
08-25 16:22:46.163  1725  1725 D vold_prepare_subdirs: Setting up mode 700 uid 0 gid 0 context u:object_r:vold_data_file:s0 on path: /data/misc_de/0/vold
08-25 16:22:46.163  1725  1725 D vold_prepare_subdirs: Setting up mode 700 uid 0 gid 0 context u:object_r:storaged_data_file:s0 on path: /data/misc_de/0/storaged
08-25 16:22:46.164  1725  1725 D vold_prepare_subdirs: Setting up mode 700 uid 0 gid 0 context u:object_r:rollback_data_file:s0 on path: /data/misc_de/0/rollback
08-25 16:22:46.164  1725  1725 D vold_prepare_subdirs: Setting up mode 700 uid 1000 gid 1000 context u:object_r:fingerprint_vendor_data_file:s0 on path: /data/vendor_de/0/fpdata
08-25 16:22:46.164  1725  1725 D vold_prepare_subdirs: Setting up mode 700 uid 1000 gid 1000 context u:object_r:face_vendor_data_file:s0 on path: /data/vendor_de/0/facedata
08-25 16:22:46.178  1727  1727 I /system/bin/tzdatacheck: timezone distro dir /data/misc/zoneinfo/current does not exist. No action required.
08-25 16:22:46.207  1730  1730 I art_apex: === ART pre-boot integrity checks ===
08-25 16:22:46.217  1735  1735 F art_apex: Device is not fsverity-enabled.
08-25 16:22:46.253  1739  1739 W otapreopt_slot: Slot property empty.
08-25 16:22:46.301  1742  1742 I /system/bin/flags_health_check: ServerConfigurableFlagsReset reset_mode value: 0
08-25 16:22:46.301  1742  1742 I /system/bin/flags_health_check: ServerConfigurableFlagsReset attempted boot count is under threshold, skipping reset.
08-25 16:22:46.363  1746  1746 I bootstat: Service started: /system/bin/bootstat --set_system_boot_reason 
08-25 16:22:46.364  1746  1746 I bootstat: Canonical boot reason: reboot,adb
08-25 16:22:46.364  1746  1746 I bootstat: Canonical boot reason: reboot,adb
08-25 16:22:46.384  1744  1744 I netdClient: Skipping libnetd_client init since *we* are netd
08-25 16:22:46.387  1744  1744 I netd    : netd 1.0 starting
08-25 16:22:46.389  1744  1744 W Netd    : dlopen(/apex/com.android.resolv/lib64/libnetd_resolv.so) failed: No such file or directory
08-25 16:22:46.406  1748  1748 I ServiceManagement: Registered android.hidl.allocator@1.0::IAllocator/ashmem (start delay of 23ms)
08-25 16:22:46.406  1748  1748 I ServiceManagement: Removing namespace from process name android.hidl.allocator@1.0-service to allocator@1.0-service.
08-25 16:22:46.416  1750  1750 I health@2.0/: health@2.0/backup: Hal starting main loop...
08-25 16:22:46.416  1750  1750 I health@2.0/: health@2.0/backup Hal is starting up...
08-25 16:22:46.416  1648  1648 I hwservicemanager: getTransport: Cannot find entry android.hardware.health@1.0::IHealth/default in either framework or device manifest.
08-25 16:22:46.420  1744  1744 I Netd    : Loaded resolver library from /apex/com.android.resolv/lib/libnetd_resolv.so
08-25 16:22:46.422  1750  1750 I ServiceManagement: Registered android.hardware.health@2.0::IHealth/backup (start delay of 30ms)
08-25 16:22:46.422  1750  1750 I health@2.0/: health@2.0/backup: Hal init done
08-25 16:22:46.422  1749  1749 I ServiceManagement: Registered android.system.suspend@1.0::ISystemSuspend/default (start delay of 40ms)
08-25 16:22:46.422  1749  1749 I ServiceManagement: Removing namespace from process name android.system.suspend@1.0-service to suspend@1.0-service.
08-25 16:22:46.433  1752  1752 I ServiceManagement: Registered android.hardware.broadcastradio@1.1::IBroadcastRadioFactory/default (start delay of 41ms)
08-25 16:22:46.433  1752  1752 I ServiceManagement: Removing namespace from process name android.hardware.broadcastradio@1.1-service to broadcastradio@1.1-service.
08-25 16:22:46.462  1768  1768 I android.hardware.power@1.1-service.ranchu: Power HAL Service 1.1 for Ranchu is starting.
08-25 16:22:46.462  1760  1760 E GoldfishGatekeeper: called goldfish_gatekeeper_open with gate keeper 0xee60e0d8 device 0xee309000
08-25 16:22:46.465  1768  1768 I ServiceManagement: Registered android.hardware.power@1.1::IPower/default (start delay of 33ms)
08-25 16:22:46.465  1768  1768 I ServiceManagement: Removing namespace from process name android.hardware.power@1.1-service.ranchu to power@1.1-service.ranchu.
08-25 16:22:46.465  1768  1768 I android.hardware.power@1.1-service.ranchu: Power Service is ready
08-25 16:22:46.471  1766  1766 I health@2.0/: health@2.0/default: Hal starting main loop...
08-25 16:22:46.471  1766  1766 I health@2.0/: health@2.0/default Hal is starting up...
08-25 16:22:46.479  1766  1766 I ServiceManagement: Registered android.hardware.health@2.0::IHealth/default (start delay of 57ms)
08-25 16:22:46.479  1766  1766 I ServiceManagement: Removing namespace from process name android.hardware.health@2.0-service.goldfish to health@2.0-service.goldfish.
08-25 16:22:46.479  1766  1766 I health@2.0/: health@2.0/default: Hal init done
08-25 16:22:46.485  1769  1769 I ServiceManagement: Registered android.hardware.sensors@1.0::ISensors/default (start delay of 53ms)
08-25 16:22:46.485  1769  1769 I ServiceManagement: Removing namespace from process name android.hardware.sensors@1.0-service to sensors@1.0-service.
08-25 16:22:46.485  1769  1769 I android.hardware.sensors@1.0-service: Registration complete for android.hardware.sensors@1.0::ISensors/default.
08-25 16:22:46.487  1760  1760 I ServiceManagement: Registered android.hardware.gatekeeper@1.0::IGatekeeper/default (start delay of 75ms)
08-25 16:22:46.488  1760  1760 I ServiceManagement: Removing namespace from process name android.hardware.gatekeeper@1.0-service to gatekeeper@1.0-service.
08-25 16:22:46.488  1760  1760 I android.hardware.gatekeeper@1.0-service: Registration complete for android.hardware.gatekeeper@1.0::IGatekeeper/default.
08-25 16:22:46.495  1755  1755 W /vendor/bin/hw/android.hardware.configstore@1.1-service: Could not find seccomp policy file at: /vendor/etc/seccomp_policy/configstore@1.1.policy
08-25 16:22:46.504  1755  1755 I ServiceManagement: Registered android.hardware.configstore@1.1::ISurfaceFlingerConfigs/default (start delay of 102ms)
08-25 16:22:46.504  1755  1755 I ServiceManagement: Removing namespace from process name android.hardware.configstore@1.1-service to configstore@1.1-service.
08-25 16:22:46.507  1754  1754 I ServiceManagement: Registered android.hardware.cas@1.1::IMediaCasService/default (start delay of 105ms)
08-25 16:22:46.507  1754  1754 I ServiceManagement: Removing namespace from process name android.hardware.cas@1.1-service to cas@1.1-service.
08-25 16:22:46.509  1770  1770 I android.hardware.thermal@2.0-service-mock: Thermal HAL Service Mock 2.0 starting...
08-25 16:22:46.511  1770  1770 I ServiceManagement: Registered android.hardware.thermal@2.0::IThermal/default (start delay of 79ms)
08-25 16:22:46.511  1770  1770 I ServiceManagement: Removing namespace from process name android.hardware.thermal@2.0-service.mock to thermal@2.0-service.mock.
08-25 16:22:46.511  1770  1770 I android.hardware.thermal@2.0-service-mock: Thermal Service started successfully.
08-25 16:22:46.513  1773  1773 I qemu-props: connected to 'boot-properties' qemud service.
08-25 16:22:46.513  1773  1773 I qemu-props: receiving..
08-25 16:22:46.513  1773  1773 I qemu-props: received: qemu.cmdline=androidboot.logcat=*:V androidboot.consolepipe=qemu_pipe,pipe:logcat
08-25 16:22:46.515  1773  1773 I qemu-props: successfully set property 'qemu.cmdline' to 'androidboot.logcat=*:V androidboot.consolepipe=qemu_pipe,pipe:logcat'
08-25 16:22:46.515  1773  1773 I qemu-props: receiving..
08-25 16:22:46.515  1773  1773 I qemu-props: received: qemu.logcat=start
08-25 16:22:46.516  1753  1753 I android.hardware.camera.provider@2.4-service: CameraProvider@2.4 legacy service is starting.
08-25 16:22:46.521  1777  1777 I lowmemorykiller: Using psi monitors for memory pressure detection
08-25 16:22:46.523  1773  1773 I qemu-props: successfully set property 'vendor.qemu.logcat' to 'start'
08-25 16:22:46.523  1773  1773 I qemu-props: receiving..
08-25 16:22:46.523  1773  1773 I qemu-props: received: ro.opengles.version=131072
08-25 16:22:46.523  1773  1773 I qemu-props: receiving..
08-25 16:22:46.523  1773  1773 I qemu-props: received: qemu.sf.fake_camera=front
08-25 16:22:46.526  1773  1773 I qemu-props: successfully set property 'vendor.qemu.sf.fake_camera' to 'front'
08-25 16:22:46.526  1773  1773 I qemu-props: receiving..
08-25 16:22:46.526  1773  1773 I qemu-props: received: dalvik.vm.heapsize=512m
08-25 16:22:46.526  1773  1773 I qemu-props: receiving..
08-25 16:22:46.526  1773  1773 I qemu-props: received: qemu.hw.mainkeys=0
08-25 16:22:46.527  1757  1757 I ServiceManagement: Registered android.hardware.drm@1.2::IDrmFactory/clearkey (start delay of 114ms)
08-25 16:22:46.530  1757  1757 I ServiceManagement: Removing namespace from process name android.hardware.drm@1.2-service.clearkey to drm@1.2-service.clearkey.
08-25 16:22:46.531  1757  1757 I ServiceManagement: Registered android.hardware.drm@1.2::ICryptoFactory/clearkey (start delay of 119ms)
08-25 16:22:46.531  1757  1757 I ServiceManagement: Removing namespace from process name android.hardware.drm@1.2-service.clearkey to drm@1.2-service.clearkey.
08-25 16:22:46.533  1773  1773 I qemu-props: successfully set property 'qemu.hw.mainkeys' to '0'
08-25 16:22:46.533  1773  1773 I qemu-props: receiving..
08-25 16:22:46.533  1773  1773 I qemu-props: received: qemu.sf.lcd_density=480
08-25 16:22:46.535  1773  1773 I qemu-props: successfully set property 'vendor.qemu.sf.lcd_density' to '480'
08-25 16:22:46.535  1773  1773 I qemu-props: receiving..
08-25 16:22:46.535  1773  1773 I qemu-props: received: qemu.timezone=Asia/Calcutta
08-25 16:22:46.538  1773  1773 I qemu-props: successfully set property 'vendor.qemu.timezone' to 'Asia/Calcutta'
08-25 16:22:46.538  1773  1773 I qemu-props: receiving..
08-25 16:22:46.545  1761  1761 I ServiceManagement: Registered android.hardware.gnss@1.0::IGnss/default (start delay of 133ms)
08-25 16:22:46.546  1761  1761 I ServiceManagement: Removing namespace from process name android.hardware.gnss@1.0-service to gnss@1.0-service.
08-25 16:22:46.546  1761  1761 I android.hardware.gnss@1.0-service: Registration complete for android.hardware.gnss@1.0::IGnss/default.
08-25 16:22:46.574  1758  1758 I ServiceManagement: Registered android.hardware.drm@1.2::IDrmFactory/widevine (start delay of 162ms)
08-25 16:22:46.574  1758  1758 I ServiceManagement: Removing namespace from process name android.hardware.drm@1.2-service.widevine to drm@1.2-service.widevine.
08-25 16:22:46.575  1758  1758 I ServiceManagement: Registered android.hardware.drm@1.2::ICryptoFactory/widevine (start delay of 163ms)
08-25 16:22:46.575  1758  1758 I ServiceManagement: Removing namespace from process name android.hardware.drm@1.2-service.widevine to drm@1.2-service.widevine.
08-25 16:22:46.593  1756  1756 I ServiceManagement: Registered android.hardware.drm@1.0::IDrmFactory/default (start delay of 191ms)
08-25 16:22:46.593  1756  1756 I ServiceManagement: Removing namespace from process name android.hardware.drm@1.0-service to drm@1.0-service.
08-25 16:22:46.593  1756  1756 I         : Registration complete for android.hardware.drm@1.0::IDrmFactory/default.
08-25 16:22:46.601  1763  1763 D HostConnection: createUnique: call
08-25 16:22:46.618  1765  1765 D HostConnection: createUnique: call
08-25 16:22:46.619  1765  1765 D HostConnection: HostConnection::get() New Host Connection established 0xea316320, tid 1765
08-25 16:22:46.622  1765  1765 D HostConnection: HostComposition ext ANDROID_EMU_CHECKSUM_HELPER_v1 ANDROID_EMU_dma_v1 ANDROID_EMU_direct_mem ANDROID_EMU_host_composition_v1 ANDROID_EMU_host_composition_v2 ANDROID_EMU_vulkan ANDROID_EMU_deferred_vulkan_commands ANDROID_EMU_vulkan_null_optional_strings ANDROID_EMU_vulkan_create_resources_with_requirements ANDROID_EMU_YUV_Cache ANDROID_EMU_vulkan_ignored_handles ANDROID_EMU_vulkan_free_memory_sync ANDROID_EMU_vulkan_shader_float16_int8 ANDROID_EMU_vulkan_async_queue_submit ANDROID_EMU_sync_buffer_data GL_OES_vertex_array_object GL_KHR_texture_compression_astc_ldr ANDROID_EMU_host_side_tracing ANDROID_EMU_gles_max_version_2 
08-25 16:22:46.623  1648  1648 I hwservicemanager: getTransport: Cannot find entry android.hardware.graphics.mapper@3.0::IMapper/default in either framework or device manifest.
08-25 16:22:46.625  1765  1765 W Gralloc3: mapper 3.x is not supported
08-25 16:22:46.627  1648  1648 I hwservicemanager: getTransport: Cannot find entry android.hardware.graphics.allocator@3.0::IAllocator/default in either framework or device manifest.
08-25 16:22:46.627  1765  1765 W Gralloc3: allocator 3.x is not supported
08-25 16:22:46.634  1765  1765 I ServiceManagement: getService: Trying again for android.hardware.graphics.allocator@2.0::IAllocator/default...
08-25 16:22:46.638  1763  1763 D HostConnection: HostConnection::get() New Host Connection established 0xf5526050, tid 1763
08-25 16:22:46.641  1763  1763 I ServiceManagement: Registered android.hardware.graphics.allocator@2.0::IAllocator/default (start delay of 219ms)
08-25 16:22:46.641  1763  1763 I ServiceManagement: Removing namespace from process name android.hardware.graphics.allocator@2.0-service to allocator@2.0-service.
08-25 16:22:46.641  1763  1763 I android.hardware.graphics.allocator@2.0-service: Registration complete for android.hardware.graphics.allocator@2.0::IAllocator/default.
08-25 16:22:46.647  1763  1821 D HostConnection: HostComposition ext ANDROID_EMU_CHECKSUM_HELPER_v1 ANDROID_EMU_dma_v1 ANDROID_EMU_direct_mem ANDROID_EMU_host_composition_v1 ANDROID_EMU_host_composition_v2 ANDROID_EMU_vulkan ANDROID_EMU_deferred_vulkan_commands ANDROID_EMU_vulkan_null_optional_strings ANDROID_EMU_vulkan_create_resources_with_requirements ANDROID_EMU_YUV_Cache ANDROID_EMU_vulkan_ignored_handles ANDROID_EMU_vulkan_free_memory_sync ANDROID_EMU_vulkan_shader_float16_int8 ANDROID_EMU_vulkan_async_queue_submit ANDROID_EMU_sync_buffer_data GL_OES_vertex_array_object GL_KHR_texture_compression_astc_ldr ANDROID_EMU_host_side_tracing ANDROID_EMU_gles_max_version_2 
08-25 16:22:46.647  1763  1821 D gralloc_ranchu: gralloc_alloc: Creating ashmem region of size 17514496
08-25 16:22:46.658  1763  1821 D eglCodecCommon: allocate: Ask for block of size 0x1000
08-25 16:22:46.658  1763  1821 D eglCodecCommon: allocate: ioctl allocate returned offset 0x3ffffe000 size 0x2000
08-25 16:22:46.659  1765  1765 D HostConnection: createUnique: call
08-25 16:22:46.659  1765  1765 D HostConnection: HostConnection::get() New Host Connection established 0xea316410, tid 1765
08-25 16:22:46.660  1765  1765 D HostConnection: HostComposition ext ANDROID_EMU_CHECKSUM_HELPER_v1 ANDROID_EMU_dma_v1 ANDROID_EMU_direct_mem ANDROID_EMU_host_composition_v1 ANDROID_EMU_host_composition_v2 ANDROID_EMU_vulkan ANDROID_EMU_deferred_vulkan_commands ANDROID_EMU_vulkan_null_optional_strings ANDROID_EMU_vulkan_create_resources_with_requirements ANDROID_EMU_YUV_Cache ANDROID_EMU_vulkan_ignored_handles ANDROID_EMU_vulkan_free_memory_sync ANDROID_EMU_vulkan_shader_float16_int8 ANDROID_EMU_vulkan_async_queue_submit ANDROID_EMU_sync_buffer_data GL_OES_vertex_array_object GL_KHR_texture_compression_astc_ldr ANDROID_EMU_host_side_tracing ANDROID_EMU_gles_max_version_2 
08-25 16:22:46.660  1756  1756 I ServiceManagement: Registered android.hardware.drm@1.0::ICryptoFactory/default (start delay of 258ms)
08-25 16:22:46.660  1756  1756 I ServiceManagement: Removing namespace from process name android.hardware.drm@1.0-service to drm@1.0-service.
08-25 16:22:46.660  1756  1756 I         : Registration complete for android.hardware.drm@1.0::ICryptoFactory/default.
08-25 16:22:46.660  1765  1765 D eglCodecCommon: allocate: Ask for block of size 0x1000
08-25 16:22:46.660  1765  1765 D eglCodecCommon: allocate: ioctl allocate returned offset 0x3ffffc000 size 0x2000
08-25 16:22:46.664  1765  1765 I ServiceManagement: Registered android.hardware.graphics.composer@2.1::IComposer/default (start delay of 242ms)
08-25 16:22:46.664  1765  1765 I ServiceManagement: Removing namespace from process name android.hardware.graphics.composer@2.1-service to composer@2.1-service.
08-25 16:22:46.664  1765  1765 I android.hardware.graphics.composer@2.1-service: Registration complete for android.hardware.graphics.composer@2.1::IComposer/default.
08-25 16:22:46.669  1811  1811 I perfetto: probes.cc:56 Starting /system/bin/traced_probes service
08-25 16:22:46.672  1820  1820 D LibBpfLoader: Loading ELF object /system/etc/bpf/netd.o with license Apache 2.0
08-25 16:22:46.672  1820  1820 D LibBpfLoader: Loaded code section 3 (cgroupskb_ingress_stats)
08-25 16:22:46.672  1820  1820 D LibBpfLoader: Loaded relo section 3 (.relcgroupskb/ingress/stats)
08-25 16:22:46.673  1820  1820 D LibBpfLoader: Adding section 3 to cs list
08-25 16:22:46.673  1820  1820 D LibBpfLoader: Loaded code section 5 (cgroupskb_egress_stats)
08-25 16:22:46.673  1820  1820 D LibBpfLoader: Loaded relo section 5 (.relcgroupskb/egress/stats)
08-25 16:22:46.673  1820  1820 D LibBpfLoader: Adding section 5 to cs list
08-25 16:22:46.673  1820  1820 D LibBpfLoader: Loaded code section 7 (skfilter_egress_xtbpf)
08-25 16:22:46.673  1820  1820 D LibBpfLoader: Loaded relo section 7 (.relskfilter/egress/xtbpf)
08-25 16:22:46.673  1820  1820 D LibBpfLoader: Adding section 7 to cs list
08-25 16:22:46.673  1820  1820 D LibBpfLoader: Loaded code section 9 (skfilter_ingress_xtbpf)
08-25 16:22:46.674  1820  1820 D LibBpfLoader: Loaded relo section 9 (.relskfilter/ingress/xtbpf)
08-25 16:22:46.674  1820  1820 D LibBpfLoader: Adding section 9 to cs list
08-25 16:22:46.674  1820  1820 D LibBpfLoader: Loaded code section 11 (skfilter_whitelist_xtbpf)
08-25 16:22:46.674  1820  1820 D LibBpfLoader: Loaded relo section 11 (.relskfilter/whitelist/xtbpf)
08-25 16:22:46.674  1820  1820 D LibBpfLoader: Adding section 11 to cs list
08-25 16:22:46.674  1820  1820 D LibBpfLoader: Loaded code section 13 (skfilter_blacklist_xtbpf)
08-25 16:22:46.674  1820  1820 D LibBpfLoader: Loaded relo section 13 (.relskfilter/blacklist/xtbpf)
08-25 16:22:46.674  1820  1820 D LibBpfLoader: Adding section 13 to cs list
08-25 16:22:46.674  1820  1820 D LibBpfLoader: Loaded code section 15 (cgroupsock_inet_create)
08-25 16:22:46.674  1820  1820 D LibBpfLoader: Loaded relo section 15 (.relcgroupsock/inet/create)
08-25 16:22:46.674  1820  1820 D LibBpfLoader: Adding section 15 to cs list
08-25 16:22:46.675  1820  1820 D LibBpfLoader: bpf_create_map name cookie_tag_map, ret: 6
08-25 16:22:46.675  1820  1820 D LibBpfLoader: bpf_create_map name uid_counterset_map, ret: 7
08-25 16:22:46.676  1820  1820 D LibBpfLoader: bpf_create_map name app_uid_stats_map, ret: 8
08-25 16:22:46.676  1820  1820 D LibBpfLoader: bpf_create_map name stats_map_A, ret: 9
08-25 16:22:46.676  1820  1820 D LibBpfLoader: bpf_create_map name stats_map_B, ret: 10
08-25 16:22:46.678  1820  1820 D LibBpfLoader: bpf_create_map name iface_stats_map, ret: 11
08-25 16:22:46.679  1810  1810 W perfetto: service.cc:65 Started traced, listening on /dev/socket/traced_producer /dev/socket/traced_consumer
08-25 16:22:46.683  1820  1820 D LibBpfLoader: bpf_create_map name configuration_map, ret: 12
08-25 16:22:46.683  1820  1820 D LibBpfLoader: bpf_create_map name uid_owner_map, ret: 13
08-25 16:22:46.683  1820  1820 D LibBpfLoader: bpf_create_map name iface_index_name_map, ret: 14
08-25 16:22:46.684  1811  1811 I perfetto: probes_producer.cc:88 Connected to the service
08-25 16:22:46.684  1820  1820 D LibBpfLoader: bpf_create_map name uid_permission_map, ret: 15
08-25 16:22:46.684  1820  1820 D LibBpfLoader: map_fd found at 0 is 6 in /system/etc/bpf/netd.o
08-25 16:22:46.684  1820  1820 D LibBpfLoader: map_fd found at 1 is 7 in /system/etc/bpf/netd.o
08-25 16:22:46.684  1820  1820 D LibBpfLoader: map_fd found at 2 is 8 in /system/etc/bpf/netd.o
08-25 16:22:46.684  1820  1820 D LibBpfLoader: map_fd found at 3 is 9 in /system/etc/bpf/netd.o
08-25 16:22:46.684  1820  1820 D LibBpfLoader: map_fd found at 4 is 10 in /system/etc/bpf/netd.o
08-25 16:22:46.684  1820  1820 D LibBpfLoader: map_fd found at 5 is 11 in /system/etc/bpf/netd.o
08-25 16:22:46.684  1820  1820 D LibBpfLoader: map_fd found at 6 is 12 in /system/etc/bpf/netd.o
08-25 16:22:46.684  1820  1820 D LibBpfLoader: map_fd found at 7 is 13 in /system/etc/bpf/netd.o
08-25 16:22:46.684  1820  1820 D LibBpfLoader: map_fd found at 8 is 14 in /system/etc/bpf/netd.o
08-25 16:22:46.684  1820  1820 D LibBpfLoader: map_fd found at 9 is 15 in /system/etc/bpf/netd.o
08-25 16:22:46.685  1820  1820 D LibBpfLoader: applying relo to instruction at byte offset: 616, 	       insn offset 77 , insn 118
08-25 16:22:46.685  1820  1820 D LibBpfLoader: applying relo to instruction at byte offset: 688, 	       insn offset 86 , insn 118
08-25 16:22:46.685  1820  1820 D LibBpfLoader: applying relo to instruction at byte offset: 1040, 	       insn offset 130 , insn 118
08-25 16:22:46.685  1820  1820 D LibBpfLoader: applying relo to instruction at byte offset: 1184, 	       insn offset 148 , insn 118
08-25 16:22:46.686  1820  1820 D LibBpfLoader: applying relo to instruction at byte offset: 1264, 	       insn offset 158 , insn 118
08-25 16:22:46.686  1820  1820 D LibBpfLoader: applying relo to instruction at byte offset: 1368, 	       insn offset 171 , insn 118
08-25 16:22:46.686  1820  1820 D LibBpfLoader: applying relo to instruction at byte offset: 1472, 	       insn offset 184 , insn 118
08-25 16:22:46.686  1820  1820 D LibBpfLoader: applying relo to instruction at byte offset: 1512, 	       insn offset 189 , insn 118
08-25 16:22:46.686  1820  1820 D LibBpfLoader: applying relo to instruction at byte offset: 1576, 	       insn offset 197 , insn 118
08-25 16:22:46.686  1820  1820 D LibBpfLoader: applying relo to instruction at byte offset: 1680, 	       insn offset 210 , insn 118
08-25 16:22:46.686  1820  1820 D LibBpfLoader: applying relo to instruction at byte offset: 1720, 	       insn offset 215 , insn 118
08-25 16:22:46.686  1820  1820 D LibBpfLoader: applying relo to instruction at byte offset: 1848, 	       insn offset 231 , insn 118
08-25 16:22:46.686  1820  1820 D LibBpfLoader: applying relo to instruction at byte offset: 1952, 	       insn offset 244 , insn 118
08-25 16:22:46.686  1820  1820 D LibBpfLoader: applying relo to instruction at byte offset: 1992, 	       insn offset 249 , insn 118
08-25 16:22:46.686  1820  1820 D LibBpfLoader: applying relo to instruction at byte offset: 2056, 	       insn offset 257 , insn 118
08-25 16:22:46.686  1820  1820 D LibBpfLoader: applying relo to instruction at byte offset: 2160, 	       insn offset 270 , insn 118
08-25 16:22:46.686  1820  1820 D LibBpfLoader: applying relo to instruction at byte offset: 2200, 	       insn offset 275 , insn 118
08-25 16:22:46.686  1820  1820 D LibBpfLoader: applying relo to instruction at byte offset: 2288, 	       insn offset 286 , insn 118
08-25 16:22:46.686  1820  1820 D LibBpfLoader: applying relo to instruction at byte offset: 2392, 	       insn offset 299 , insn 118
08-25 16:22:46.686  1820  1820 D LibBpfLoader: applying relo to instruction at byte offset: 2432, 	       insn offset 304 , insn 118
08-25 16:22:46.687  1820  1820 D LibBpfLoader: applying relo to instruction at byte offset: 608, 	       insn offset 76 , insn 118
08-25 16:22:46.687  1820  1820 D LibBpfLoader: applying relo to instruction at byte offset: 680, 	       insn offset 85 , insn 118
08-25 16:22:46.687  1820  1820 D LibBpfLoader: applying relo to instruction at byte offset: 904, 	       insn offset 113 , insn 118
08-25 16:22:46.687  1820  1820 D LibBpfLoader: applying relo to instruction at byte offset: 1048, 	       insn offset 131 , insn 118
08-25 16:22:46.687  1820  1820 D LibBpfLoader: applying relo to instruction at byte offset: 1128, 	       insn offset 141 , insn 118
08-25 16:22:46.687  1820  1820 D LibBpfLoader: applying relo to instruction at byte offset: 1232, 	       insn offset 154 , insn 118
08-25 16:22:46.687  1820  1820 D LibBpfLoader: applying relo to instruction at byte offset: 1336, 	       insn offset 167 , insn 118
08-25 16:22:46.687  1820  1820 D LibBpfLoader: applying relo to instruction at byte offset: 1376, 	       insn offset 172 , insn 118
08-25 16:22:46.687  1820  1820 D LibBpfLoader: applying relo to instruction at byte offset: 1440, 	       insn offset 180 , insn 118
08-25 16:22:46.687  1820  1820 D LibBpfLoader: applying relo to instruction at byte offset: 1544, 	       insn offset 193 , insn 118
08-25 16:22:46.687  1820  1820 D LibBpfLoader: applying relo to instruction at byte offset: 1584, 	       insn offset 198 , insn 118
08-25 16:22:46.687  1820  1820 D LibBpfLoader: applying relo to instruction at byte offset: 1712, 	       insn offset 214 , insn 118
08-25 16:22:46.687  1820  1820 D LibBpfLoader: applying relo to instruction at byte offset: 1816, 	       insn offset 227 , insn 118
08-25 16:22:46.687  1820  1820 D LibBpfLoader: applying relo to instruction at byte offset: 1856, 	       insn offset 232 , insn 118
08-25 16:22:46.687  1820  1820 D LibBpfLoader: applying relo to instruction at byte offset: 1920, 	       insn offset 240 , insn 118
08-25 16:22:46.687  1820  1820 D LibBpfLoader: applying relo to instruction at byte offset: 2024, 	       insn offset 253 , insn 118
08-25 16:22:46.687  1820  1820 D LibBpfLoader: applying relo to instruction at byte offset: 2064, 	       insn offset 258 , insn 118
08-25 16:22:46.687  1820  1820 D LibBpfLoader: applying relo to instruction at byte offset: 2152, 	       insn offset 269 , insn 118
08-25 16:22:46.687  1820  1820 D LibBpfLoader: applying relo to instruction at byte offset: 2256, 	       insn offset 282 , insn 118
08-25 16:22:46.687  1820  1820 D LibBpfLoader: applying relo to instruction at byte offset: 2296, 	       insn offset 287 , insn 118
08-25 16:22:46.687  1820  1820 D LibBpfLoader: applying relo to instruction at byte offset: 40, 	       insn offset 5 , insn 118
08-25 16:22:46.687  1820  1820 D LibBpfLoader: applying relo to instruction at byte offset: 144, 	       insn offset 18 , insn 118
08-25 16:22:46.689  1771  1771 I android.hardware.wifi@1.0-service: Wifi Hal is booting up...
08-25 16:22:46.690  1771  1771 I ServiceManagement: Registered android.hardware.wifi@1.3::IWifi/default (start delay of 248ms)
08-25 16:22:46.687  1820  1820 D LibBpfLoader: applying relo to instruction at byte offset: 184, 	       insn offset 23 , insn 118
08-25 16:22:46.691  1771  1771 I ServiceManagement: Removing namespace from process name android.hardware.wifi@1.0-service to wifi@1.0-service.
08-25 16:22:46.691  1820  1820 D LibBpfLoader: applying relo to instruction at byte offset: 40, 	       insn offset 5 , insn 118
08-25 16:22:46.691  1820  1820 D LibBpfLoader: applying relo to instruction at byte offset: 144, 	       insn offset 18 , insn 118
08-25 16:22:46.691  1820  1820 D LibBpfLoader: applying relo to instruction at byte offset: 184, 	       insn offset 23 , insn 118
08-25 16:22:46.691  1820  1820 D LibBpfLoader: applying relo to instruction at byte offset: 80, 	       insn offset 10 , insn 118
08-25 16:22:46.691  1820  1820 D LibBpfLoader: applying relo to instruction at byte offset: 32, 	       insn offset 4 , insn 118
08-25 16:22:46.691  1820  1820 D LibBpfLoader: applying relo to instruction at byte offset: 80, 	       insn offset 10 , insn 118
08-25 16:22:46.694  1753  1753 D EmulatedCamera_QemuClient: Emulated camera list: name=virtualscene channel=0 pix=876758866 dir=back framedims=640x480,352x288,320x240,176x144,1280x720,1280x960
08-25 16:22:46.694  1808  1845 I adbd    : opening control endpoint /dev/usb-ffs/adb/ep0
08-25 16:22:46.695  1820  1820 D LibBpfLoader: New bpf core prog_load for /system/etc/bpf/netd.o (cgroupskb_ingress_stats) returned: 16
08-25 16:22:46.696  1753  1753 I EmulatedCamera_QemuCamera3: Constructing emulated qemu camera 3: ID 0
08-25 16:22:46.696  1753  1753 I EmulatedCamera_QemuCamera3: parseResolutions: 640x480
08-25 16:22:46.696  1753  1753 I EmulatedCamera_QemuCamera3: parseResolutions: 352x288
08-25 16:22:46.696  1753  1753 I EmulatedCamera_QemuCamera3: parseResolutions: 320x240
08-25 16:22:46.696  1753  1753 I EmulatedCamera_QemuCamera3: parseResolutions: 176x144
08-25 16:22:46.696  1753  1753 I EmulatedCamera_QemuCamera3: parseResolutions: 1280x720
08-25 16:22:46.696  1753  1753 I EmulatedCamera_QemuCamera3: parseResolutions: 1280x960
08-25 16:22:46.696  1753  1753 I EmulatedCamera_QemuCamera3: Camera 0 capabilities:
08-25 16:22:46.696  1753  1753 I EmulatedCamera_QemuCamera3:   BACKWARD_COMPATIBLE
08-25 16:22:46.696  1753  1753 I EmulatedCamera_FakeCamera3: Constructing emulated fake camera 3: ID 1, facing front
08-25 16:22:46.696  1753  1753 I EmulatedCamera_FakeCamera3: Camera 1 capabilities:
08-25 16:22:46.696  1753  1753 I EmulatedCamera_FakeCamera3:   BACKWARD_COMPATIBLE
08-25 16:22:46.696  1753  1753 I EmulatedCamera_FakeCamera3:   MANUAL_SENSOR
08-25 16:22:46.696  1753  1753 I EmulatedCamera_FakeCamera3:   MANUAL_POST_PROCESSING
08-25 16:22:46.696  1753  1753 I EmulatedCamera_FakeCamera3:   READ_SENSOR_SETTINGS
08-25 16:22:46.696  1753  1753 I EmulatedCamera_FakeCamera3:   BURST_CAPTURE
08-25 16:22:46.696  1753  1753 I EmulatedCamera_FakeCamera3:   FULL_LEVEL
08-25 16:22:46.696  1753  1753 I EmulatedCamera_FakeCamera3:   (null)
08-25 16:22:46.697  1753  1753 E EmulatedCamera_Factory: 2 cameras are being emulated. 1 of them are fake cameras.
08-25 16:22:46.697  1753  1753 E EmulatedCamera_HotplugThread: createFileIfNotExists: Could not create file '/data/misc/media/emulator.camera.hotplug.0', error: 'Permission denied' (13)
08-25 16:22:46.697  1753  1753 E EmulatedCamera_HotplugThread: createFileIfNotExists: Could not create file '/data/misc/media/emulator.camera.hotplug.1', error: 'Permission denied' (13)
08-25 16:22:46.699  1753  1753 I CamPrvdr@2.4-legacy: Loaded "Emulated Camera Module" camera module
08-25 16:22:46.699  1753  1753 E CamPrvdr@2.4-legacy: setUpVendorTags: Vendor tag operations not fully defined. Ignoring definitions.
08-25 16:22:46.699  1753  1753 E CamPrvdr@2.4-legacy: initialize: Vendor tag setup failed, will not be available.
08-25 16:22:46.699  1753  1753 V EmulatedCamera_BaseCamera: getCameraInfo
08-25 16:22:46.699  1753  1753 V EmulatedCamera_BaseCamera: getCameraInfo
08-25 16:22:46.699  1820  1820 D LibBpfLoader: New bpf core prog_load for /system/etc/bpf/netd.o (cgroupskb_egress_stats) returned: 17
08-25 16:22:46.701  1753  1753 I ServiceManagement: Registered android.hardware.camera.provider@2.4::ICameraProvider/legacy/0 (start delay of 309ms)
08-25 16:22:46.701  1753  1753 I ServiceManagement: Removing namespace from process name android.hardware.camera.provider@2.4-service to provider@2.4-service.
08-25 16:22:46.701  1753  1753 I android.hardware.camera.provider@2.4-service: Registration complete for android.hardware.camera.provider@2.4::ICameraProvider/legacy/0.
08-25 16:22:46.701  1820  1820 D LibBpfLoader: New bpf core prog_load for /system/etc/bpf/netd.o (skfilter_egress_xtbpf) returned: 18
08-25 16:22:46.711  1820  1820 D LibBpfLoader: New bpf core prog_load for /system/etc/bpf/netd.o (skfilter_ingress_xtbpf) returned: 19
08-25 16:22:46.714  1820  1820 D LibBpfLoader: New bpf core prog_load for /system/etc/bpf/netd.o (skfilter_whitelist_xtbpf) returned: 20
08-25 16:22:46.716  1820  1820 D LibBpfLoader: New bpf core prog_load for /system/etc/bpf/netd.o (skfilter_blacklist_xtbpf) returned: 21
08-25 16:22:46.717  1820  1820 D LibBpfLoader: New bpf core prog_load for /system/etc/bpf/netd.o (cgroupsock_inet_create) returned: 22
08-25 16:22:46.718  1820  1820 I bpfloader: Attempted load object: /system/etc/bpf/netd.o, ret: Success
08-25 16:22:46.721  1820  1820 D LibBpfLoader: Loading ELF object /system/etc/bpf/clatd.o with license Apache 2.0
08-25 16:22:46.721  1820  1820 D LibBpfLoader: Loaded code section 3 (schedcls_ingress_clat_ether)
08-25 16:22:46.721  1820  1820 D LibBpfLoader: Loaded relo section 3 (.relschedcls/ingress/clat_ether)
08-25 16:22:46.721  1820  1820 D LibBpfLoader: Adding section 3 to cs list
08-25 16:22:46.721  1820  1820 D LibBpfLoader: Loaded code section 5 (schedcls_ingress_clat_rawip)
08-25 16:22:46.721  1820  1820 D LibBpfLoader: Loaded relo section 5 (.relschedcls/ingress/clat_rawip)
08-25 16:22:46.721  1820  1820 D LibBpfLoader: Adding section 5 to cs list
08-25 16:22:46.721  1820  1820 D LibBpfLoader: bpf_create_map name clat_ingress_map, ret: 23
08-25 16:22:46.721  1820  1820 D LibBpfLoader: map_fd found at 0 is 23 in /system/etc/bpf/clatd.o
08-25 16:22:46.722  1820  1820 D LibBpfLoader: applying relo to instruction at byte offset: 400, 	       insn offset 50 , insn 118
08-25 16:22:46.722  1820  1820 D LibBpfLoader: applying relo to instruction at byte offset: 360, 	       insn offset 45 , insn 118
08-25 16:22:46.738  1820  1820 D LibBpfLoader: New bpf core prog_load for /system/etc/bpf/clatd.o (schedcls_ingress_clat_ether) returned: 24
08-25 16:22:46.740  1820  1820 D LibBpfLoader: New bpf core prog_load for /system/etc/bpf/clatd.o (schedcls_ingress_clat_rawip) returned: 25
08-25 16:22:46.740  1820  1820 I bpfloader: Attempted load object: /system/etc/bpf/clatd.o, ret: Success
08-25 16:22:46.749  1836  1836 I installd: installd firing up
08-25 16:22:46.760  1850  1850 I wificond: wificond is starting up...
08-25 16:22:46.768  1808  1845 I adbd    : UsbFfsConnection constructed
08-25 16:22:46.771  1744  1744 D TetherController: Setting IP forward enable = 0
08-25 16:22:46.772  1744  1744 D FirewallController: Could not read /proc/self/uid_map, max uid defaulting to 4294967294
08-25 16:22:46.774  1648  1648 I hwservicemanager: getTransport: Cannot find entry android.hardware.usb.gadget@1.0::IUsbGadget/default in either framework or device manifest.
08-25 16:22:46.785  1856  1856 I /system/bin/tombstoned: tombstoned successfully initialized
08-25 16:22:46.789  1857  1857 I usbd    : Usb HAL not found
08-25 16:22:46.831  1648  1648 I hwservicemanager: getTransport: Cannot find entry android.hardware.keymaster@4.0::IKeymasterDevice/default in either framework or device manifest.
08-25 16:22:46.836  1855  1855 I gatekeeperd: Starting gatekeeperd...
08-25 16:22:46.839  1858  1858 D android.hardware.biometrics.fingerprint@2.1-service: Opening fingerprint hal library...
08-25 16:22:46.842  1858  1858 D FingerprintHal: ----------------> fingerprint_open ----------------->
08-25 16:22:46.842  1858  1858 D FingerprintHal: ----------------> set_notify_callback ----------------->
08-25 16:22:46.842  1858  1858 D FingerprintHal: fingerprint callback notification set
08-25 16:22:46.843  1858  1858 I ServiceManagement: Registered android.hardware.biometrics.fingerprint@2.1::IBiometricsFingerprint/default (start delay of 111ms)
08-25 16:22:46.843  1858  1858 I ServiceManagement: Removing namespace from process name android.hardware.biometrics.fingerprint@2.1-service to fingerprint@2.1-service.
08-25 16:22:46.846  1858  1868 D FingerprintHal: ----------------> listenerFunction ----------------->
08-25 16:22:46.850  1837  1837 I keystore: found android.hardware.keymaster@3.0::IKeymasterDevice with interface name default and seclevel SOFTWARE
