08-25 16:22:49.834  2010  2010 W PackageManager: Unknown element under <package>: uses-static-lib
08-25 16:22:49.842  1847  1880 I ServiceManager: Waiting for service 'package_native' on '/dev/binder'...
08-25 16:22:49.857  1763  1821 D gralloc_ranchu: gralloc_alloc: Creating ashmem region of size 17514496
08-25 16:22:49.838  2010  2010 W PackageManager: Unknown element under <package>: uses-static-lib
08-25 16:22:49.921  2010  2010 D PackageManager: Keeping known cache d914251417cbbbda429152fabf7ce09873fa35e6
08-25 16:22:49.922  2010  2010 D PackageManager: No files in app dir /vendor/overlay
08-25 16:22:49.945  1847  1880 I ServiceManager: Waiting for service 'package_native' on '/dev/binder'...
08-25 16:22:49.962  2010  2010 D PackageManager: No files in app dir /product_services/overlay
08-25 16:22:49.963  2010  2010 D PackageManager: No files in app dir /odm/overlay
08-25 16:22:49.963  2010  2010 D PackageManager: No files in app dir /oem/overlay
08-25 16:22:49.987  2010  2010 W PackageManager: Failed to parse /system/framework/oat: Missing base APK in /system/framework/oat
08-25 16:22:49.987  2010  2010 W PackageManager: Failed to parse /system/framework/x86: Missing base APK in /system/framework/x86
08-25 16:22:50.047  1847  1880 I ServiceManager: Waiting for service 'package_native' on '/dev/binder'...
08-25 16:22:50.147  1847  1880 I ServiceManager: Waiting for service 'package_native' on '/dev/binder'...
08-25 16:22:50.186  2010  2010 D PackageManager: No files in app dir /vendor/priv-app
08-25 16:22:50.187  2010  2010 D PackageManager: No files in app dir /vendor/app
08-25 16:22:50.187  2010  2010 D PackageManager: No files in app dir /odm/priv-app
08-25 16:22:50.187  2010  2010 D PackageManager: No files in app dir /odm/app
08-25 16:22:50.188  2010  2010 D PackageManager: No files in app dir /oem/app
08-25 16:22:50.249  1847  1880 I ServiceManager: Waiting for service 'package_native' on '/dev/binder'...
08-25 16:22:50.339  2010  2010 W PackageManager: Skipping provider name androidx.lifecycle.process.lifecycle-process (in package com.android.settings): name already used by com.android.systemui
08-25 16:22:50.353  1847  1880 I chatty  : uid=0(root) /system/bin/storaged identical 1 line
08-25 16:22:50.458  1847  1880 I ServiceManager: Waiting for service 'package_native' on '/dev/binder'...
08-25 16:22:50.458  2010  2010 D PackageManager: No files in app dir /product_services/priv-app
08-25 16:22:50.458  2010  2010 D PackageManager: No files in app dir /product_services/app
08-25 16:22:50.461  2010  2010 I PackageManager: Finished scanning system apps. Time: 542 ms, packageCount: 177 , timePerPackage: 3 , cached: 177
08-25 16:22:50.467  2010  2010 I PackageManager: Finished scanning non-system apps. Time: 6 ms, packageCount: 1 , timePerPackage: 6 , cached: 1
08-25 16:22:50.477  2010  2010 I PackageManager: Time to scan packages: 0.558 seconds
08-25 16:22:50.477  2010  2010 I PackageManager: Un-granting permission android.permission.MANAGE_DOCUMENTS from package com.google.android.youtube (protectionLevel=262146 flags=0x305bbe45)
08-25 16:22:50.478  2010  2010 I PackageManager: Un-granting permission com.google.android.googleapps.permission.GOOGLE_AUTH from package com.android.providers.calendar (protectionLevel=2 flags=0x30083e45)
08-25 16:22:50.479  2010  2010 I PackageManager: Un-granting permission com.google.android.googleapps.permission.GOOGLE_AUTH.cl from package com.android.providers.calendar (protectionLevel=2 flags=0x30083e45)
08-25 16:22:50.479  2010  2010 I PackageManager: Un-granting permission android.permission.WRITE_SECURE_SETTINGS from package com.google.android.apps.enterprise.dmagent (protectionLevel=50 flags=0x30083e05)
08-25 16:22:50.479  2010  2010 I PackageManager: Un-granting permission android.permission.CONNECTIVITY_INTERNAL from package com.google.android.apps.enterprise.dmagent (protectionLevel=18 flags=0x30083e05)
08-25 16:22:50.479  2010  2010 I PackageManager: Un-granting permission android.permission.MANAGE_USB from package com.google.android.apps.enterprise.dmagent (protectionLevel=18 flags=0x30083e05)
08-25 16:22:50.479  2010  2010 I PackageManager: Un-granting permission android.permission.CHANGE_COMPONENT_ENABLED_STATE from package com.google.android.apps.enterprise.dmagent (protectionLevel=18 flags=0x30083e05)
08-25 16:22:50.479  2010  2010 I PackageManager: Un-granting permission android.permission.MANAGE_CA_CERTIFICATES from package com.google.android.apps.enterprise.dmagent (protectionLevel=18 flags=0x30083e05)
08-25 16:22:50.479  2010  2010 I PackageManager: Un-granting permission android.permission.MANAGE_USERS from package com.google.android.apps.enterprise.dmagent (protectionLevel=18 flags=0x30083e05)
08-25 16:22:50.480  2010  2010 I PackageManager: Un-granting permission com.google.android.setupwizard.READ_DEVICE_ORIGIN from package com.google.android.apps.messaging (protectionLevel=18 flags=0x384bbe45)
08-25 16:22:50.480  2010  2010 I PackageManager: Un-granting permission android.permission.BIND_WALLPAPER from package com.android.camera2 (protectionLevel=18 flags=0x2058bc45)
08-25 16:22:50.481  2010  2010 I PackageManager: Un-granting permission android.permission.REQUEST_INSTALL_PACKAGES from package com.google.android.gm (protectionLevel=66 flags=0x384bbe45)
08-25 16:22:50.481  2010  2010 I PackageManager: Un-granting permission android.permission.GRANT_RUNTIME_PERMISSIONS from package com.google.android.permissioncontroller (protectionLevel=770 flags=0x30483e05)
08-25 16:22:50.481  2010  2010 I PackageManager: Un-granting permission android.permission.REVOKE_RUNTIME_PERMISSIONS from package com.google.android.permissioncontroller (protectionLevel=770 flags=0x30483e05)
08-25 16:22:50.481  2010  2010 I PackageManager: Un-granting permission android.permission.ADJUST_RUNTIME_PERMISSIONS_POLICY from package com.google.android.permissioncontroller (protectionLevel=258 flags=0x30483e05)
08-25 16:22:50.481  2010  2010 I PackageManager: Un-granting permission android.permission.WHITELIST_RESTRICTED_PERMISSIONS from package com.google.android.permissioncontroller (protectionLevel=258 flags=0x30483e05)
08-25 16:22:50.481  2010  2010 I PackageManager: Un-granting permission android.permission.INTERACT_ACROSS_USERS_FULL from package com.google.android.permissioncontroller (protectionLevel=258 flags=0x30483e05)
08-25 16:22:50.481  2010  2010 I PackageManager: Un-granting permission android.permission.MANAGE_APP_OPS_MODES from package com.google.android.permissioncontroller (protectionLevel=770 flags=0x30483e05)
08-25 16:22:50.481  2010  2010 I PackageManager: Un-granting permission android.permission.KILL_UID from package com.google.android.permissioncontroller (protectionLevel=258 flags=0x30483e05)
08-25 16:22:50.481  2010  2010 I PackageManager: Un-granting permission android.permission.MANAGE_APP_OPS_RESTRICTIONS from package com.google.android.permissioncontroller (protectionLevel=258 flags=0x30483e05)
08-25 16:22:50.481  2010  2010 I PackageManager: Un-granting permission android.permission.HIDE_NON_SYSTEM_OVERLAY_WINDOWS from package com.google.android.permissioncontroller (protectionLevel=258 flags=0x30483e05)
08-25 16:22:50.481  2010  2010 I PackageManager: Un-granting permission android.permission.MANAGE_ROLE_HOLDERS from package com.google.android.permissioncontroller (protectionLevel=258 flags=0x30483e05)
08-25 16:22:50.482  2010  2010 I PackageManager: Un-granting permission android.permission.OBSERVE_ROLE_HOLDERS from package com.google.android.permissioncontroller (protectionLevel=258 flags=0x30483e05)
08-25 16:22:50.482  2010  2010 I PackageManager: Un-granting permission android.permission.SET_PREFERRED_APPLICATIONS from package com.google.android.permissioncontroller (protectionLevel=770 flags=0x30483e05)
08-25 16:22:50.482  2010  2010 I PackageManager: Un-granting permission android.permission.ACCESS_SHARED_LIBRARIES from package com.google.android.permissioncontroller (protectionLevel=258 flags=0x30483e05)
08-25 16:22:50.482  2010  2010 I PackageManager: Un-granting permission android.permission.ACCESS_INSTANT_APPS from package com.google.android.permissioncontroller (protectionLevel=131842 flags=0x30483e05)
08-25 16:22:50.483  2010  2010 I PackageManager: Un-granting permission android.permission.OPEN_ACCESSIBILITY_DETAILS_SETTINGS from package com.google.android.permissioncontroller (protectionLevel=258 flags=0x30483e05)
08-25 16:22:50.483  2010  2010 I PackageManager: Un-granting permission android.permission.BIND_JOB_SERVICE from package com.google.android.music (protectionLevel=2 flags=0x384bbe65)
08-25 16:22:50.486  2010  2010 I PackageManager: Un-granting permission android.permission.CONNECTIVITY_USE_RESTRICTED_NETWORKS from package com.google.android.captiveportallogin (protectionLevel=18 flags=0x3848be45)
08-25 16:22:50.486  2010  2010 I PackageManager: Un-granting permission android.permission.NETWORK_BYPASS_PRIVATE_DNS from package com.google.android.captiveportallogin (protectionLevel=2 flags=0x3848be45)
08-25 16:22:50.486  2010  2010 I PackageManager: Un-granting permission android.permission.REQUEST_INSTALL_PACKAGES from package com.google.android.apps.docs (protectionLevel=66 flags=0x384bbe45)
08-25 16:22:50.486  2010  2010 I PackageManager: Un-granting permission android.permission.INTERACT_ACROSS_USERS from package com.google.android.syncadapters.contacts (protectionLevel=50 flags=0x20083e45)
08-25 16:22:50.487  2010  2010 I PackageManager: Un-granting permission android.permission.REQUEST_INSTALL_PACKAGES from package com.android.chrome (protectionLevel=66 flags=0xa04bbe45)
08-25 16:22:50.487  2010  2010 I PackageManager: Un-granting permission com.google.android.apps.now.CURRENT_ACCOUNT_ACCESS from package com.android.chrome (protectionLevel=2 flags=0xa04bbe45)
08-25 16:22:50.487  2010  2010 I PackageManager: Un-granting permission android.permission.HIDE_NON_SYSTEM_OVERLAY_WINDOWS from package com.google.android.packageinstaller (protectionLevel=258 flags=0x30483e45)
08-25 16:22:50.488  2010  2010 I PackageManager: Un-granting permission android.permission.MANAGE_APP_OPS_MODES from package com.google.android.packageinstaller (protectionLevel=770 flags=0x30483e45)
08-25 16:22:50.488  2010  2010 I PackageManager: Un-granting permission android.permission.INTERACT_ACROSS_USERS_FULL from package com.google.android.packageinstaller (protectionLevel=258 flags=0x30483e45)
08-25 16:22:50.488  2010  2010 I PackageManager: Un-granting permission android.permission.CAPTURE_VIDEO_OUTPUT from package com.google.android.gms (protectionLevel=2 flags=0xb04abe45)
08-25 16:22:50.491  2010  2010 I PackageManager: Un-granting permission android.permission.MANAGE_DEVICE_ADMINS from package com.google.android.gms (protectionLevel=2 flags=0xb04abe45)
08-25 16:22:50.492  2010  2010 I PackageManager: Un-granting permission android.permission.MANAGE_ACTIVITY_STACKS from package com.google.android.gms (protectionLevel=2 flags=0xb04abe45)
08-25 16:22:50.492  2010  2010 I PackageManager: Un-granting permission android.permission.CAPTURE_SECURE_VIDEO_OUTPUT from package com.google.android.gms (protectionLevel=2 flags=0xb04abe45)
08-25 16:22:50.492  2010  2010 I PackageManager: Un-granting permission android.permission.MANAGE_ROLLBACKS from package com.google.android.gms (protectionLevel=514 flags=0xb04abe45)
08-25 16:22:50.494  2010  2010 I PackageManager: Un-granting permission com.google.android.googleapps.permission.GOOGLE_AUTH from package com.google.android.videos (protectionLevel=2 flags=0x305bbe45)
08-25 16:22:50.494  2010  2010 I PackageManager: Un-granting permission android.permission.WRITE_MEDIA_STORAGE from package com.google.android.apps.photos (protectionLevel=18 flags=0x3859be45)
08-25 16:22:50.498  2010  2010 V PackageManager: reconcileAppsData for null u0 0x1 migrateAppData=true
08-25 16:22:50.506  1836  1860 I SELinux : SELinux: Loaded file_contexts
08-25 16:22:50.542  2010  2010 V PackageManager: reconcileAppsData finished 20 packages
08-25 16:22:50.543  2010  2089 D SystemServerInitThreadPool: Started executing prepareAppData
08-25 16:22:50.559  1847  1880 I ServiceManager: Waiting for service 'package_native' on '/dev/binder'...
08-25 16:22:50.579  2010  2010 I SELinux : SELinux: Loaded file_contexts
08-25 16:22:50.591  2010  2010 E PackageManager: There should probably be a verifier, but, none were found
08-25 16:22:50.596  2010  2010 V PackageManager: Ephemeral resolver found; pkg: com.google.android.gms, info:ResolveInfo{a6abada com.google.android.gms/.chimera.PersistentBoundBrokerService m=0x108000}
08-25 16:22:50.596  2010  2010 D PackageManager: Set ephemeral resolver: Pair{ComponentInfo{com.google.android.gms/com.google.android.gms.chimera.PersistentBoundBrokerService} android.intent.action.RESOLVE_INSTANT_APP_PACKAGE}
08-25 16:22:50.597  2010  2010 D PackageManager: Instant App installer not found with android.intent.action.INSTALL_INSTANT_APP_PACKAGE
08-25 16:22:50.597  2010  2010 D PackageManager: Clear ephemeral installer activity
08-25 16:22:50.661  1847  1880 I ServiceManager: Waiting for service 'package_native' on '/dev/binder'...
08-25 16:22:50.663  2010  2010 I system_server: Explicit concurrent copying GC freed 204105(11MB) AllocSpace objects, 122(4404KB) LOS objects, 42% free, 6722KB/11MB, paused 425us total 43.118ms
08-25 16:22:50.669  2010  2010 I Watchdog: Resuming HandlerChecker: main thread for reason: packagemanagermain. Pause count: 0
08-25 16:22:50.671  2010  2010 D SystemServerTiming: StartPackageManagerService took to complete: 920ms
08-25 16:22:50.672  2010  2010 I SystemServer: StartOtaDexOptService
08-25 16:22:50.672  2010  2010 I Watchdog: Pausing HandlerChecker: main thread for reason: moveab. Pause count: 1
08-25 16:22:50.673  2010  2010 D OTADexopt: No upgrade, skipping A/B artifacts check.
08-25 16:22:50.673  2010  2010 I Watchdog: Resuming HandlerChecker: main thread for reason: moveab. Pause count: 0
08-25 16:22:50.673  2010  2010 D SystemServerTiming: StartOtaDexOptService took to complete: 1ms
08-25 16:22:50.673  2010  2010 I SystemServer: StartUserManagerService
08-25 16:22:50.673  2010  2010 I SystemServiceManager: Starting com.android.server.pm.UserManagerService$LifeCycle
08-25 16:22:50.674  2010  2010 D SystemServerTiming: StartUserManagerService took to complete: 1ms
08-25 16:22:50.674  2010  2010 I SystemServer: InitAttributerCache
08-25 16:22:50.674  2010  2010 D SystemServerTiming: InitAttributerCache took to complete: 0ms
08-25 16:22:50.674  2010  2010 I SystemServer: SetSystemProcess
08-25 16:22:50.683  1822  1822 I         : Waiting for sensor privacy service
08-25 16:22:50.690  1777  1777 I lowmemorykiller: lmkd data connection established
08-25 16:22:50.695  2010  2010 D SystemServerTiming: SetSystemProcess took to complete: 21ms
08-25 16:22:50.695  2010  2010 I SystemServer: InitWatchdog
08-25 16:22:50.697  2010  2010 D SystemServerTiming: InitWatchdog took to complete: 2ms
08-25 16:22:50.697  2010  2010 I SystemServer: StartOverlayManagerService
08-25 16:22:50.708  1836  1836 W installd: Ignoring /data/data/rEPaz7Gii6SAqC3d7D48hvoZ0TJYi8iAXRSATA/X3o5IlMyMxG9WRaD0wtSkB with unexpected GID 0 instead of 10061
08-25 16:22:50.709  1836  1836 W installd: Ignoring /data/data/kKs11brXXAKS9qu+PIc5vj86e4P2e45nsEM8pB/unaT7YwQBVq9yxdus9AimD with unexpected GID 0 instead of 10140
08-25 16:22:50.712  1836  1836 W installd: Ignoring /data/data/ZC6KaEjYcDMQS,iFf,P7,dVOHCfvkJmu/wYaRAU+Un1zCNpbiDduoTC with unexpected GID 0 instead of 1000
08-25 16:22:50.714  1836  1836 W installd: Ignoring /data/data/_AAAAAAAAAAwrqjYnsE3NKReeqfDFi0A5/LH2f2WPEqQ+bMg4n4TEUCA with unexpected GID 0 instead of 10122
08-25 16:22:50.715  1775  1775 I         : Waiting for sensor privacy service
08-25 16:22:50.716  1836  1836 W installd: Ignoring /data/data/_AAAAAAAAAAQYoediVG+V66KhpcCRBKgW/NZbKm,04ByPob6B8zp4hnA with unexpected GID 0 instead of 10124
08-25 16:22:50.734  1836  1836 W installd: Ignoring /data/data/_AAAAAAAAAAQTlYUxsY8gYk8wRQ89o,+V/HJ8fwe5XV2hZj5RMkY4JFC with unexpected GID 0 instead of 10130
08-25 16:22:50.736  1836  1836 W installd: Ignoring /data/data/bJXvzQP5uLA5rmU5yMUMy1GXHajfQ24m/EM,58+kaDGgDzA1SGF0FwD with unexpected GID 0 instead of 10141
08-25 16:22:50.738  1836  1836 W installd: Ignoring /data/data/Jr+H0wJN1t1Hz5nOnR5Shr,bvyZdHE3r/sdkVOrBjOm6D,phfE,1fjC with unexpected GID 0 instead of 10093
08-25 16:22:50.741  1836  1836 W installd: Ignoring /data/data/jF7hAYz7nc4+T66gO7ivKA/1foAGvyfYz44cZK7tFGTiD with unexpected GID 0 instead of 1000
08-25 16:22:50.742  1836  1836 W installd: Ignoring /data/data/rTIEfQ7wHKx1TqFDwNXZa3QLoRD/7NU4ZZO68p4D2PbMDjSxqB with unexpected GID 0 instead of 10142
08-25 16:22:50.744  1836  1836 W installd: Ignoring /data/data/_AAAAAAAAAAQjRxuYbKErRpiYapYkXZiJ/f4QQyRjscb0EoGx5gg6UNC with unexpected GID 0 instead of 10085
08-25 16:22:50.745  1836  1836 W installd: Ignoring /data/data/eC2nRSlzm30qJ1D1Mq1sZC/yXIpSdnqkzQrJs9nmWyEGA with unexpected GID 0 instead of 1027
08-25 16:22:50.749  1836  1836 W installd: Ignoring /data/data/9OEqVYM7Q7Hmhp5xGEiGdg86e4P2e45nsEM8pBE2bSN/5JnhEg7R3I,lI8kZ4vSwQB with unexpected GID 0 instead of 10119
08-25 16:22:50.749  1836  1836 W installd: Ignoring /data/data/ONluviU7DB0NP,AyxEPIn4KFWtxp4JjbOIq6,TB11oJ/K0h9W0LdV1rDR3jE2mpk8C with unexpected GID 0 instead of 1000
08-25 16:22:50.749  1836  1836 W installd: Ignoring /data/data/I,KN4zV7wl6VWNuuRLfLCg86e4P2e45n/9nRWee8VGEqbLBy6kAT3gA with unexpected GID 0 instead of 10113
08-25 16:22:50.751  1836  1836 W installd: Ignoring /data/data/+CfBYtf,TQpLNXQR3BzNNl4SC4e4C82u/uDOrtZ28CCQ+2wP73I2nHD with unexpected GID 0 instead of 10091
08-25 16:22:50.753  1836  1836 W installd: Ignoring /data/data/D0tUs,+g9nDEp779hfXGZmXvbo0ojGye/2EKHTw0TepQoRT7o3oUZRD with unexpected GID 0 instead of 1000
08-25 16:22:50.757  1836  1836 W installd: Ignoring /data/data/ngQCkng8aFermCFoPMkLdB/zFLk2u9OsUUIgE8IDiwcYA with unexpected GID 0 instead of 10086
08-25 16:22:50.763  1836  1836 W installd: Ignoring /data/data/r68z7iKMcTks3SnkVQ,uHi86e4P2e45nsEM8pB/CfxSoeTRCAEgKXAFlPZd8B with unexpected GID 0 instead of 10145
08-25 16:22:50.768  1847  1880 I storaged: storaged: Start
08-25 16:22:50.770  1836  1836 W installd: Ignoring /data/data/VW7xm+Aq78OlzCNE8cs0Sh86e4P2e45nsEM8pB/lawKx6uuuwD7Hnt52sbsjB with unexpected GID 0 instead of 10128
08-25 16:22:50.773  1836  1836 W installd: Ignoring /data/data/UOD8NzFbuLWTIR8f1tbszj86e4P2e45nsEM8pB/SyQpMECXycsRe6RzaNCkXC with unexpected GID 0 instead of 10133
08-25 16:22:50.774  1836  1836 W installd: Ignoring /data/data/+28ZjW1q,IattxiWt2iPej86e4P2e45nsEM8pB/E1QDcMF78YB1DT9mRE8x0C with unexpected GID 0 instead of 10139
08-25 16:22:50.776  1836  1836 W installd: Ignoring /data/data/Cz6xYG4OWV6qgYbVC,,Z5j86e4P2e45nsEM8pBE2bSN/j7iGK7zFyn5Dvn4gNUZPrA with unexpected GID 0 instead of 1073
08-25 16:22:50.776  1836  1836 W installd: Ignoring /data/data/pO0BIyqLlf8nsfJcUlb3WRhEKy6yTxoU5OXa1D/z8Ogg5Eg2wg,uE+p2kKGbA with unexpected GID 0 instead of 1000
08-25 16:22:50.777  1836  1836 W installd: Ignoring /data/data/7QGJ1KKdqx1BmBAO0+lM7KcJMvF/Z6YAxHh4Lj6IGq8rHMf8qD with unexpected GID 0 instead of 1000
08-25 16:22:50.779  1836  1836 W installd: Ignoring /data/data/On7CZYgW0ZGeIfhNXoyGFXSnuOA/,0+RgsOHZOLLWUJKV4kwtA with unexpected GID 0 instead of 10127
08-25 16:22:50.780  1836  1836 W installd: Ignoring /data/data/f6gcpwQDAMiHfMM4SRofNg86e4P2e45n/K6EW2t3EPj45mkfASOFZUB with unexpected GID 0 instead of 10116
08-25 16:22:50.781  1836  1836 W installd: Ignoring /data/data/aFLuILW8w1EBo48NUotI,i86e4P2e45n/Hv7HynMv9wa72Vm4Qcw3oD with unexpected GID 0 instead of 10116
08-25 16:22:50.782  1836  1836 W installd: Ignoring /data/data/RN7U0F7ecik0ni8yMdn6ii86e4P2e45n/yJ0CimIvAXTprH2dFi8g8D with unexpected GID 0 instead of 10112
08-25 16:22:50.784  1836  1836 W installd: Ignoring /data/data/WaoY,ZsJILWjBJmbHyWV0j86e4P2e45n/BHRXxFb6sWwFmImTG,oomB with unexpected GID 0 instead of 10136
08-25 16:22:50.789  1836  1836 W installd: Ignoring /data/data/vCvqth9tWXNvtop5jY8ibOH1aK,iK7y4dx4oGA/58y5RFDK1ySl2Ypbm+h7UC with unexpected GID 0 instead of 1000
08-25 16:22:50.792  1836  1836 W installd: Ignoring /data/data/05H3wBvtRkG52icbWRSejg86e4P2e45nsEM8pB/xvh,epMJ3sUPUGyaSr4wPB with unexpected GID 0 instead of 10129
08-25 16:22:50.795  1836  1836 W installd: Ignoring /data/data/c8PpRbsyQ8ZdHSlThy1Rwj86e4P2e45nsEM8pBE2bSN/pi3d2tEFphgrHwWYjU1Y,B with unexpected GID 0 instead of 10137
08-25 16:22:50.797  1836  1836 W installd: Ignoring /data/data/_AAAAAAAAAAQhIaUDiSdi3RobfN,uJvwo/fqOFZ299Yau7eOGGpGNLTB with unexpected GID 0 instead of 1000
08-25 16:22:50.798  1836  1836 W installd: Ignoring /data/data/_AAAAAAAAAAQ21,ySbrWigwdcChU+P,TQ/koEbZ4HMydaHsmsthwyPGD with unexpected GID 0 instead of 10101
08-25 16:22:50.799  1836  1836 W installd: Ignoring /data/data/_AAAAAAAAAAwFX61xfDX45eqXomm80zNW/eFaKi4vkoiKL1ZRQGLT7kD with unexpected GID 0 instead of 1073
08-25 16:22:50.801  1836  1836 W installd: Ignoring /data/data/WqKv36kc3JdZLIV6WMMdK0dD,yA/minM0,d3DBrXdIcF5YB5IC with unexpected GID 0 instead of 1000
08-25 16:22:50.803  1836  1836 W installd: Ignoring /data/data/_AAAAAAAAAAAQSlXbIVj0,T70dEap9Prk/pqGC6mmMabqUsajKaKDnBC with unexpected GID 0 instead of 10082
08-25 16:22:50.806  1836  1836 W installd: Ignoring /data/data/_AAAAAAAAAAgAsFbmxrBMPWJldEwo2d+0/sBCFAVmJZyNiQbRPDZ8CRA with unexpected GID 0 instead of 10121
08-25 16:22:50.807  1836  1836 W installd: Ignoring /data/data/Z6pOPhCdJDTaYtqo0IjALa9TkwQqip3GndzbEC/8M6RDqIIYC17CVd9vHTJzB with unexpected GID 0 instead of 10118
08-25 16:22:50.811  1836  1836 W installd: Ignoring /data/data/ucsTptLwd,W,MbqNjhQr61Vd5g8zBJlFcwgtkA/RnqSBkPaH9NoenX4nCOlrA with unexpected GID 0 instead of 1000
08-25 16:22:50.812  1836  1836 W installd: Ignoring /data/data/k2d1m1JJG6LuawIuvVdcTNH1aK,iK7y4dx4oGA/DpvPY0wUWnFDIDaPkKKgbB with unexpected GID 0 instead of 1000
08-25 16:22:50.814  1836  1836 W installd: Ignoring /data/data/WfB753e,5hQaOOz3wxEdMjGXZAK1S+3V/1cDadZ14ijn33zrZwizwTD with unexpected GID 0 instead of 1002
08-25 16:22:50.816  1836  1836 W installd: Ignoring /data/data/_AAAAAAAAAAQ7X9UNCEHJosv4OSLbygQ,/fG7VMDzRs3KS4cK8XICF6C with unexpected GID 0 instead of 10143
08-25 16:22:50.906  2010  2089 D SystemServerTimingAsync: AppDataFixup took to complete: 363ms
08-25 16:22:51.066  1836  2093 W cutils  : Expected path /data/user_de/0/com.google.android.gms with mode 700 but found 711
08-25 16:22:51.095  2010  2010 D SystemServerTiming: StartOverlayManagerService took to complete: 398ms
08-25 16:22:51.095  2010  2010 I SystemServer: StartSensorPrivacyService
08-25 16:22:51.097  2010  2010 D SystemServerTiming: StartSensorPrivacyService took to complete: 1ms
08-25 16:22:51.097  2010  2010 I SystemServer: StartBatteryService
08-25 16:22:51.097  2010  2010 I SystemServiceManager: Starting com.android.server.BatteryService
08-25 16:22:51.098  2010  2094 D SystemServerInitThreadPool: Started executing StartSensorService
08-25 16:22:51.098  2010  2094 D SensorService: nuSensorService starting...
08-25 16:22:51.107  1648  1648 I hwservicemanager: getTransport: Cannot find entry android.hardware.sensors@2.0::ISensors/default in either framework or device manifest.
08-25 16:22:51.113  2010  2010 I android_os_HwBinder: HwBinder: Starting thread pool for getting: android.hardware.health@2.0::IHealth/default
08-25 16:22:51.115  1822  1822 I ServiceManagement: Registered android.frameworks.cameraservice.service@2.0::ICameraService/default (start delay of 4473ms)
08-25 16:22:51.119  1648  1648 I hwservicemanager: getTransport: Cannot find entry android.hardware.soundtrigger@2.0::ISoundTriggerHw/default in either framework or device manifest.
08-25 16:22:51.120  2010  2094 I SensorService: Reported power 0.000000 not deemed sane, clamping to 0.001000
08-25 16:22:51.125  1775  1775 E SoundTriggerHwService: could not read implementation properties
08-25 16:22:51.136  2010  2054 E BluetoothAdapter: Bluetooth binder is null
08-25 16:22:51.137  2010  2054 E BatteryExternalStatsWorker: no controller energy info supplied for telephony
08-25 16:22:51.137  2010  2094 D SystemServerTimingAsync: StartSensorService took to complete: 39ms
08-25 16:22:51.137  2010  2094 D SystemServerInitThreadPool: Finished executing StartSensorService
08-25 16:22:51.137  2010  2054 E KernelCpuUidFreqTimeReader: Failed to read /proc/uid_time_in_state: java.nio.file.NoSuchFileException: /proc/uid_time_in_state
08-25 16:22:51.138  2010  2054 W KernelCpuProcStringReader: File not found. It's normal if not implemented: /proc/uid_time_in_state
08-25 16:22:51.141  2010  2054 W KernelCpuProcStringReader: File not found. It's normal if not implemented: /proc/uid_concurrent_active_time
08-25 16:22:51.141  2010  2098 D SensorService: nuSensorService thread starting...
08-25 16:22:51.142  2010  2054 W KernelCpuProcStringReader: File not found. It's normal if not implemented: /proc/uid_concurrent_policy_time
08-25 16:22:51.141  2010  2097 D SensorService: new thread SensorEventAckReceiver
08-25 16:22:51.146  2010  2010 I android_os_HwBinder: HwBinder: Starting thread pool for getting: android.hidl.manager@1.0::IServiceManager/default
08-25 16:22:51.150  2010  2054 I BatteryStatsImpl: Resetting battery stats: level=100 status=4 dischargeLevel=100 lowAmount=0 highAmount=0
08-25 16:22:51.151  2010  2010 I HealthServiceWrapper: health: HealthServiceWrapper listening to instance default
08-25 16:22:51.151  2010  2010 I BatteryService: health: Waited 0ms and received the update.
08-25 16:22:51.153  2010  2010 D SystemServerTiming: StartBatteryService took to complete: 56ms
08-25 16:22:51.154  2010  2010 I SystemServer: StartUsageService
08-25 16:22:51.154  2010  2010 I SystemServiceManager: Starting com.android.server.usage.UsageStatsService
08-25 16:22:51.155  2010  2099 I android_os_HwBinder: HwBinder: Starting thread pool for getting: android.hardware.health@2.0::IHealth/default
08-25 16:22:51.209  2010  2010 I UsageStatsService: User[0] Rollover scheduled @ 2022-08-26 02:12:51(1661460171935)
08-25 16:22:51.209  2010  2010 W SystemServiceManager: Service com.android.server.usage.UsageStatsService took 52 ms in onStart
08-25 16:22:51.209  2010  2010 D SystemServerTiming: StartUsageService took to complete: 55ms
08-25 16:22:51.209  2010  2010 I SystemServer: StartWebViewUpdateService
08-25 16:22:51.210  2010  2010 I SystemServiceManager: Starting com.android.server.webkit.WebViewUpdateService
08-25 16:22:51.212  2010  2089 D SystemServerTimingAsync: AppDataPrepare took to complete: 306ms
08-25 16:22:51.212  2010  2089 I PackageManager: Deferred reconcileAppsData finished 158 packages
08-25 16:22:51.212  2010  2089 D SystemServerInitThreadPool: Finished executing prepareAppData
08-25 16:22:51.219  2010  2010 D SystemServerTiming: StartWebViewUpdateService took to complete: 10ms
08-25 16:22:51.219  2010  2010 I SystemServer: StartCachedDeviceStateService
08-25 16:22:51.219  2010  2010 I SystemServiceManager: Starting com.android.server.CachedDeviceStateService
08-25 16:22:51.219  2010  2010 D SystemServerTiming: StartCachedDeviceStateService took to complete: 0ms
08-25 16:22:51.219  2010  2010 I SystemServer: StartBinderCallsStatsService
08-25 16:22:51.219  2010  2010 I SystemServiceManager: Starting com.android.server.BinderCallsStatsService$LifeCycle
08-25 16:22:51.221  2010  2010 D SystemServerTiming: StartBinderCallsStatsService took to complete: 2ms
08-25 16:22:51.221  2010  2010 I SystemServer: StartLooperStatsService
08-25 16:22:51.221  2010  2010 I SystemServiceManager: Starting com.android.server.LooperStatsService$Lifecycle
08-25 16:22:51.224  2010  2010 D SystemServerTiming: StartLooperStatsService took to complete: 3ms
08-25 16:22:51.224  2010  2010 I SystemServer: StartRollbackManagerService
08-25 16:22:51.224  2010  2010 I SystemServiceManager: Starting com.android.server.rollback.RollbackManagerService
08-25 16:22:51.229  1836  1836 D installd: Found quota mount /dev/block/vdc at /data
08-25 16:22:51.238  2010  2010 D SystemServerTiming: StartRollbackManagerService took to complete: 14ms
08-25 16:22:51.238  2010  2010 I SystemServer: StartBugreportManagerService
08-25 16:22:51.238  2010  2010 I SystemServiceManager: Starting com.android.server.os.BugreportManagerService
08-25 16:22:51.239  2010  2010 D SystemServerTiming: StartBugreportManagerService took to complete: 1ms
08-25 16:22:51.239  2010  2010 I SystemServer: GpuService
08-25 16:22:51.239  2010  2010 I SystemServiceManager: Starting com.android.server.gpu.GpuService
08-25 16:22:51.240  2010  2010 D SystemServerTiming: GpuService took to complete: 1ms
08-25 16:22:51.242  2010  2010 I SystemServer: StartKeyAttestationApplicationIdProviderService
08-25 16:22:51.242  2010  2102 D SystemServerInitThreadPool: Started executing SecondaryZygotePreload
08-25 16:22:51.243  2010  2102 I SystemServer: SecondaryZygotePreload
08-25 16:22:51.244  2010  2010 D SystemServerTiming: StartKeyAttestationApplicationIdProviderService took to complete: 2ms
08-25 16:22:51.245  2010  2010 I SystemServer: StartKeyChainSystemService
08-25 16:22:51.245  2010  2010 I SystemServiceManager: Starting com.android.server.security.KeyChainSystemService
08-25 16:22:51.245  2010  2010 D SystemServerTiming: StartKeyChainSystemService took to complete: 0ms
08-25 16:22:51.245  2010  2010 I SystemServer: StartSchedulingPolicyService
08-25 16:22:51.245  2010  2047 D SystemServerInitThreadPool: Started executing SchedulingPolicyService.<init>
08-25 16:22:51.245  2010  2010 D SystemServerTiming: StartSchedulingPolicyService took to complete: 0ms
08-25 16:22:51.245  2010  2010 I SystemServer: StartTelecomLoaderService
08-25 16:22:51.246  2010  2010 I SystemServiceManager: Starting com.android.server.telecom.TelecomLoaderService
08-25 16:22:51.248  2010  2010 D SystemServerTiming: StartTelecomLoaderService took to complete: 2ms
08-25 16:22:51.248  2010  2010 I SystemServer: StartTelephonyRegistry
08-25 16:22:51.248  2010  2047 I SchedulingPolicyService: Moving 1854 back to group default
08-25 16:22:51.248  2010  2047 D SystemServerInitThreadPool: Finished executing SchedulingPolicyService.<init>
08-25 16:22:51.250  2010  2010 D SystemServerTiming: StartTelephonyRegistry took to complete: 2ms
08-25 16:22:51.250  2010  2010 I SystemServer: StartEntropyMixer
08-25 16:22:51.257  2010  2102 E SystemServer: Unable to preload default resources
08-25 16:22:51.257  2010  2102 D SystemServerTimingAsync: SecondaryZygotePreload took to complete: 14ms
08-25 16:22:51.257  2010  2102 D SystemServerInitThreadPool: Finished executing SecondaryZygotePreload
08-25 16:22:51.269  2010  2010 I EntropyMixer: Added HW RNG output to entropy pool
08-25 16:22:51.269  2010  2010 I EntropyMixer: Writing entropy...
08-25 16:22:51.275  2010  2010 D SystemServerTiming: StartEntropyMixer took to complete: 25ms
08-25 16:22:51.275  2010  2010 I SystemServer: StartAccountManagerService
08-25 16:22:51.275  2010  2010 I SystemServiceManager: Starting com.android.server.accounts.AccountManagerService$Lifecycle
08-25 16:22:51.285  2010  2010 D SystemServerTiming: StartAccountManagerService took to complete: 10ms
08-25 16:22:51.285  2010  2010 I SystemServer: StartContentService
08-25 16:22:51.285  2010  2010 I SystemServiceManager: Starting com.android.server.content.ContentService$Lifecycle
08-25 16:22:51.295  2010  2010 D SystemServerTiming: StartContentService took to complete: 10ms
08-25 16:22:51.295  2010  2010 I SystemServer: InstallSystemProviders
08-25 16:22:51.315  2010  2010 I system_server: The ClassLoaderContext is a special shared library.
08-25 16:22:51.329  2010  2010 I SettingsState: No settings state /data/system/users/0/settings_config.xml
08-25 16:22:51.378  2010  2010 D SystemServerTiming: InstallSystemProviders took to complete: 83ms
08-25 16:22:51.378  2010  2010 I SystemServer: StartDropBoxManager
08-25 16:22:51.378  2010  2010 I SystemServiceManager: Starting com.android.server.DropBoxManagerService
08-25 16:22:51.380  2010  2010 D SystemServerTiming: StartDropBoxManager took to complete: 2ms
08-25 16:22:51.380  2010  2010 I SystemServer: StartVibratorService
08-25 16:22:51.380  1648  1648 I hwservicemanager: getTransport: Cannot find entry android.hardware.vibrator@1.0::IVibrator/default in either framework or device manifest.
08-25 16:22:51.381  1648  1648 I hwservicemanager: getTransport: Cannot find entry android.hardware.vibrator@1.0::IVibrator/default in either framework or device manifest.
08-25 16:22:51.381  2010  2010 E VibratorService: vibratorOff command failed (1).
08-25 16:22:51.381  1648  1648 I hwservicemanager: getTransport: Cannot find entry android.hardware.vibrator@1.0::IVibrator/default in either framework or device manifest.
08-25 16:22:51.382  1648  1648 I hwservicemanager: getTransport: Cannot find entry android.hardware.vibrator@1.3::IVibrator/default in either framework or device manifest.
08-25 16:22:51.386  2010  2010 D SystemServerTiming: StartVibratorService took to complete: 6ms
08-25 16:22:51.386  2010  2010 I SystemServer: StartDynamicSystemService
08-25 16:22:51.393  2010  2010 D SystemServerTiming: StartDynamicSystemService took to complete: 7ms
08-25 16:22:51.393  2010  2010 I SystemServer: StartConsumerIrService
08-25 16:22:51.394  1648  1648 I hwservicemanager: getTransport: Cannot find entry android.hardware.ir@1.0::IConsumerIr/default in either framework or device manifest.
08-25 16:22:51.396  2010  2010 D SystemServerTiming: StartConsumerIrService took to complete: 3ms
08-25 16:22:51.396  2010  2010 I SystemServer: StartAlarmManagerService
08-25 16:22:51.398  2010  2010 D AlarmManagerService: Kernel timezone updated to -330 minutes west of GMT
08-25 16:22:51.400  2010  2010 D SystemServerTiming: StartAlarmManagerService took to complete: 4ms
08-25 16:22:51.400  2010  2010 I SystemServer: StartInputManagerService
08-25 16:22:51.404  2010  2010 I InputManager: Initializing input manager, mUseDevInputEventForAudioJack=true
08-25 16:22:51.406  2010  2010 I InputClassifier: Deep press feature enabled.
08-25 16:22:51.408  2010  2010 D SystemServerTiming: StartInputManagerService took to complete: 8ms
08-25 16:22:51.409  2010  2010 I SystemServer: StartWindowManagerService
08-25 16:22:51.416  1648  1648 I hwservicemanager: getTransport: Cannot find entry android.hardware.input.classifier@1.0::IInputClassifier/default in either framework or device manifest.
08-25 16:22:51.419  2010  2106 I InputClassifier: Could not obtain InputClassifier HAL
08-25 16:22:51.421  2010  2107 E InputClassifier: InputClassifier HAL has died. Setting mMotionClassifier to null
08-25 16:22:51.425  2010  2043 I WindowManager: No existing display settings, starting empty
08-25 16:22:51.432  2010  2043 I WindowTracing: Setting window tracing log level to 1
08-25 16:22:51.432  2010  2043 I WindowTracing: Setting window tracing buffer capacity to 2097152bytes
08-25 16:22:51.445  2010  2010 D SystemServerTiming: StartWindowManagerService took to complete: 36ms
08-25 16:22:51.445  2010  2010 I SystemServer: SetWindowManagerService
08-25 16:22:51.468  2010  2042 I DropBoxManagerService: add tag=system_server_strictmode isTagEnabled=true flags=0x2
08-25 16:22:51.494  2010  2042 I DropBoxManagerService: add tag=system_server_strictmode isTagEnabled=true flags=0x2
08-25 16:22:51.512  2010  2010 D SystemServerTiming: SetWindowManagerService took to complete: 67ms
08-25 16:22:51.512  2010  2010 I SystemServer: WindowManagerServiceOnInitReady
08-25 16:22:51.598  2010  2041 W ShortcutManager: Unable to add bookmark: com.google.android.talk/com.google.android.talk.SigningInActivity
08-25 16:22:51.598  2010  2041 W ShortcutManager: android.content.pm.PackageManager$NameNotFoundException: ComponentInfo{com.google.android.talk/com.google.android.talk.SigningInActivity}
08-25 16:22:51.598  2010  2041 W ShortcutManager: 	at android.app.ApplicationPackageManager.getActivityInfo(ApplicationPackageManager.java:456)
08-25 16:22:51.598  2010  2041 W ShortcutManager: 	at com.android.server.policy.ShortcutManager.loadShortcuts(ShortcutManager.java:142)
08-25 16:22:51.598  2010  2041 W ShortcutManager: 	at com.android.server.policy.ShortcutManager.<init>(ShortcutManager.java:62)
08-25 16:22:51.598  2010  2041 W ShortcutManager: 	at com.android.server.policy.PhoneWindowManager.init(PhoneWindowManager.java:1797)
08-25 16:22:51.598  2010  2041 W ShortcutManager: 	at com.android.server.wm.WindowManagerService$5.run(WindowManagerService.java:988)
08-25 16:22:51.598  2010  2041 W ShortcutManager: 	at android.os.Handler$BlockingRunnable.run(Handler.java:906)
08-25 16:22:51.598  2010  2041 W ShortcutManager: 	at android.os.Handler.handleCallback(Handler.java:883)
08-25 16:22:51.598  2010  2041 W ShortcutManager: 	at android.os.Handler.dispatchMessage(Handler.java:100)
08-25 16:22:51.598  2010  2041 W ShortcutManager: 	at android.os.Looper.loop(Looper.java:214)
08-25 16:22:51.598  2010  2041 W ShortcutManager: 	at android.os.HandlerThread.run(HandlerThread.java:67)
08-25 16:22:51.598  2010  2041 W ShortcutManager: 	at com.android.server.ServiceThread.run(ServiceThread.java:44)
08-25 16:22:51.598  2010  2041 W ShortcutManager: 	at com.android.server.UiThread.run(UiThread.java:43)
08-25 16:22:51.711  2010  2041 W Looper  : Slow dispatch took 199ms android.ui h=android.os.Handler c=android.os.Handler$BlockingRunnable@5225a91 m=0
08-25 16:22:51.712  2010  2010 D SystemServerTiming: WindowManagerServiceOnInitReady took to complete: 200ms
08-25 16:22:51.712  2010  2010 I SystemServer: StartInputManager
08-25 16:22:51.712  2010  2010 I InputManager: Starting input manager
08-25 16:22:51.712  2010  2094 D SystemServerInitThreadPool: Started executing StartHidlServices
08-25 16:22:51.715  2010  2094 I ServiceManagement: Registered android.frameworks.sensorservice@1.0::ISensorManager/default (start delay of 2563ms)
08-25 16:22:51.716  2010  2010 D SystemServerTiming: StartInputManager took to complete: 4ms
08-25 16:22:51.716  2010  2010 I SystemServer: DisplayManagerWindowManagerAndInputReady
08-25 16:22:51.717  2010  2010 D SystemServerTiming: DisplayManagerWindowManagerAndInputReady took to complete: 1ms
08-25 16:22:51.718  2010  2010 I SystemServer: No Bluetooth Service (Bluetooth Hardware Not Present)
08-25 16:22:51.718  2010  2010 I SystemServer: IpConnectivityMetrics
08-25 16:22:51.718  2010  2010 I SystemServiceManager: Starting com.android.server.connectivity.IpConnectivityMetrics
08-25 16:22:51.740  2010  2010 D SystemServerTiming: IpConnectivityMetrics took to complete: 22ms
08-25 16:22:51.740  2010  2010 I SystemServer: NetworkWatchlistService
08-25 16:22:51.740  2010  2010 I SystemServiceManager: Starting com.android.server.net.watchlist.NetworkWatchlistService$Lifecycle
08-25 16:22:51.774  2010  2094 I ServiceManagement: Registered android.frameworks.schedulerservice@1.0::ISchedulingPolicyService/default (start delay of 2622ms)
08-25 16:22:51.774  2010  2094 D SystemServerTimingAsync: StartHidlServices took to complete: 61ms
08-25 16:22:51.774  2010  2094 D SystemServerInitThreadPool: Finished executing StartHidlServices
08-25 16:22:51.777  2010  2111 D EventHub: No input device configuration file found for device 'Power Button'.
08-25 16:22:51.777  2010  2010 I WatchlistSettings: Reload watchlist settings done
08-25 16:22:51.777  2010  2010 D SystemServerTiming: NetworkWatchlistService took to complete: 37ms
08-25 16:22:51.777  2010  2010 I SystemServer: PinnerService
08-25 16:22:51.777  2010  2010 I SystemServiceManager: Starting com.android.server.PinnerService
08-25 16:22:51.778  2010  2010 D SystemServerTiming: PinnerService took to complete: 1ms
08-25 16:22:51.778  2010  2010 I SystemServer: SignedConfigService
08-25 16:22:51.779  2010  2010 D SystemServerTiming: SignedConfigService took to complete: 1ms
08-25 16:22:51.780  2010  2112 I WatchlistLoggingHandler: No need to aggregate record yet.
08-25 16:22:51.780  2010  2112 I WatchlistLoggingHandler: Milliseconds spent on tryAggregateRecords(): 0
08-25 16:22:51.786  2010  2111 W EventHub: Unable to disable kernel key repeat for /dev/input/event0: Function not implemented
08-25 16:22:51.786  2010  2111 I EventHub: wakeMechanism=EPOLLWAKEUP, usingClockIoctl=true
08-25 16:22:51.786  2010  2111 I EventHub: New device: id=1, fd=128, path='/dev/input/event0', name='Power Button', classes=0x1, configuration='', keyLayout='/system/usr/keylayout/Generic.kl', keyCharacterMap='/system/usr/keychars/Generic.kcm', builtinKeyboard=false, 
08-25 16:22:51.787  2010  2111 I EventHub: wakeMechanism=EPOLLWAKEUP, usingClockIoctl=true
08-25 16:22:51.787  2010  2111 I EventHub: New device: id=2, fd=131, path='/dev/input/event7', name='virtio_input_multi_touch_7', classes=0x94, configuration='/vendor/usr/idc/virtio_input_multi_touch_7.idc', keyLayout='', keyCharacterMap='', builtinKeyboard=false, 
08-25 16:22:51.792  2010  2111 I EventHub: wakeMechanism=EPOLLWAKEUP, usingClockIoctl=true
08-25 16:22:51.792  2010  2111 I EventHub: New device: id=3, fd=132, path='/dev/input/event12', name='qwerty2', classes=0x23, configuration='/vendor/usr/idc/qwerty2.idc', keyLayout='/vendor/usr/keylayout/qwerty.kl', keyCharacterMap='/system/usr/keychars/qwerty2.kcm', builtinKeyboard=true, 
08-25 16:22:51.793  2010  2111 I EventHub: wakeMechanism=EPOLLWAKEUP, usingClockIoctl=true
08-25 16:22:51.793  2010  2111 I EventHub: New device: id=4, fd=133, path='/dev/input/event6', name='virtio_input_multi_touch_6', classes=0x94, configuration='/vendor/usr/idc/virtio_input_multi_touch_6.idc', keyLayout='', keyCharacterMap='', builtinKeyboard=false, 
08-25 16:22:51.794  2010  2111 I EventHub: wakeMechanism=EPOLLWAKEUP, usingClockIoctl=true
08-25 16:22:51.794  2010  2111 I EventHub: New device: id=5, fd=134, path='/dev/input/event3', name='virtio_input_multi_touch_3', classes=0x94, configuration='/vendor/usr/idc/virtio_input_multi_touch_3.idc', keyLayout='', keyCharacterMap='', builtinKeyboard=false, 
08-25 16:22:51.795  2010  2111 I EventHub: wakeMechanism=EPOLLWAKEUP, usingClockIoctl=true
08-25 16:22:51.795  2010  2111 I EventHub: New device: id=6, fd=135, path='/dev/input/event10', name='virtio_input_multi_touch_10', classes=0x94, configuration='/vendor/usr/idc/virtio_input_multi_touch_10.idc', keyLayout='', keyCharacterMap='', builtinKeyboard=false, 
08-25 16:22:51.796  2010  2111 I EventHub: wakeMechanism=EPOLLWAKEUP, usingClockIoctl=true
08-25 16:22:51.796  2010  2111 I EventHub: New device: id=7, fd=136, path='/dev/input/event4', name='virtio_input_multi_touch_4', classes=0x94, configuration='/vendor/usr/idc/virtio_input_multi_touch_4.idc', keyLayout='', keyCharacterMap='', builtinKeyboard=false, 
08-25 16:22:51.798  2010  2111 I EventHub: wakeMechanism=EPOLLWAKEUP, usingClockIoctl=true
08-25 16:22:51.798  2010  2111 I EventHub: New device: id=8, fd=137, path='/dev/input/event1', name='virtio_input_multi_touch_1', classes=0x94, configuration='/vendor/usr/idc/virtio_input_multi_touch_1.idc', keyLayout='', keyCharacterMap='', builtinKeyboard=false, 
08-25 16:22:51.801  2010  2111 I EventHub: wakeMechanism=EPOLLWAKEUP, usingClockIoctl=true
08-25 16:22:51.801  2010  2111 I EventHub: New device: id=9, fd=138, path='/dev/input/event11', name='virtio_input_multi_touch_11', classes=0x94, configuration='/vendor/usr/idc/virtio_input_multi_touch_11.idc', keyLayout='', keyCharacterMap='', builtinKeyboard=false, 
08-25 16:22:51.802  2010  2111 I EventHub: wakeMechanism=EPOLLWAKEUP, usingClockIoctl=true
08-25 16:22:51.802  2010  2111 I EventHub: New device: id=10, fd=139, path='/dev/input/event5', name='virtio_input_multi_touch_5', classes=0x94, configuration='/vendor/usr/idc/virtio_input_multi_touch_5.idc', keyLayout='', keyCharacterMap='', builtinKeyboard=false, 
08-25 16:22:51.803  2010  2111 I EventHub: wakeMechanism=EPOLLWAKEUP, usingClockIoctl=true
08-25 16:22:51.803  2010  2111 I EventHub: New device: id=11, fd=140, path='/dev/input/event2', name='virtio_input_multi_touch_2', classes=0x94, configuration='/vendor/usr/idc/virtio_input_multi_touch_2.idc', keyLayout='', keyCharacterMap='', builtinKeyboard=false, 
08-25 16:22:51.805  2010  2111 I EventHub: wakeMechanism=EPOLLWAKEUP, usingClockIoctl=true
08-25 16:22:51.805  2010  2111 I EventHub: New device: id=12, fd=141, path='/dev/input/event8', name='virtio_input_multi_touch_8', classes=0x94, configuration='/vendor/usr/idc/virtio_input_multi_touch_8.idc', keyLayout='', keyCharacterMap='', builtinKeyboard=false, 
08-25 16:22:51.805  2010  2111 D EventHub: No input device configuration file found for device 'AT Translated Set 2 keyboard'.
08-25 16:22:51.806  2010  2111 I EventHub: wakeMechanism=EPOLLWAKEUP, usingClockIoctl=true
08-25 16:22:51.806  2010  2111 I EventHub: New device: id=13, fd=142, path='/dev/input/event13', name='AT Translated Set 2 keyboard', classes=0x3, configuration='', keyLayout='/system/usr/keylayout/Generic.kl', keyCharacterMap='/system/usr/keychars/Generic.kcm', builtinKeyboard=false, 
08-25 16:22:51.807  2010  2111 I EventHub: wakeMechanism=EPOLLWAKEUP, usingClockIoctl=true
08-25 16:22:51.807  2010  2111 I EventHub: New device: id=14, fd=143, path='/dev/input/event9', name='virtio_input_multi_touch_9', classes=0x94, configuration='/vendor/usr/idc/virtio_input_multi_touch_9.idc', keyLayout='', keyCharacterMap='', builtinKeyboard=false, 
08-25 16:22:51.807  2010  2111 I EventHub: wakeMechanism=EPOLLWAKEUP, usingClockIoctl=true
08-25 16:22:51.807  2010  2111 I EventHub: New device: id=15, fd=144, path='/dev/input/event14', name='goldfish_rotary', classes=0x1000, configuration='/vendor/usr/idc/goldfish_rotary.idc', keyLayout='', keyCharacterMap='', builtinKeyboard=false, 
08-25 16:22:51.809  2010  2111 I InputReader: Device added: id=-1, name='Virtual', sources=0x00000301
08-25 16:22:51.809  2010  2111 I InputReader: Device added: id=15, name='goldfish_rotary', sources=0x00400000
08-25 16:22:51.810  2010  2111 I InputReader: Touch device 'virtio_input_multi_touch_9' could not query the properties of its associated display.  The device will be inoperable until the display size becomes available.
08-25 16:22:51.810  2010  2111 I InputReader: Device added: id=14, name='virtio_input_multi_touch_9', sources=0x80005002
08-25 16:22:51.810  2010  2111 I InputReader: Device added: id=13, name='AT Translated Set 2 keyboard', sources=0x00000101
08-25 16:22:51.810  2010  2111 I InputReader: Touch device 'virtio_input_multi_touch_8' could not query the properties of its associated display.  The device will be inoperable until the display size becomes available.
08-25 16:22:51.810  2010  2111 I InputReader: Device added: id=12, name='virtio_input_multi_touch_8', sources=0x80005002
08-25 16:22:51.810  2010  2111 I InputReader: Touch device 'virtio_input_multi_touch_2' could not query the properties of its associated display.  The device will be inoperable until the display size becomes available.
08-25 16:22:51.810  2010  2111 I InputReader: Device added: id=11, name='virtio_input_multi_touch_2', sources=0x80005002
08-25 16:22:51.811  2010  2111 I InputReader: Touch device 'virtio_input_multi_touch_5' could not query the properties of its associated display.  The device will be inoperable until the display size becomes available.
08-25 16:22:51.811  2010  2111 I InputReader: Device added: id=10, name='virtio_input_multi_touch_5', sources=0x80005002
08-25 16:22:51.811  2010  2111 I InputReader: Touch device 'virtio_input_multi_touch_11' could not query the properties of its associated display.  The device will be inoperable until the display size becomes available.
08-25 16:22:51.811  2010  2111 I InputReader: Device added: id=9, name='virtio_input_multi_touch_11', sources=0x80005002
08-25 16:22:51.811  2010  2111 I InputReader: Touch device 'virtio_input_multi_touch_1' could not query the properties of its associated display.  The device will be inoperable until the display size becomes available.
08-25 16:22:51.811  2010  2111 I InputReader: Device added: id=8, name='virtio_input_multi_touch_1', sources=0x80005002
08-25 16:22:51.812  2010  2111 I InputReader: Touch device 'virtio_input_multi_touch_4' could not query the properties of its associated display.  The device will be inoperable until the display size becomes available.
08-25 16:22:51.812  2010  2111 I InputReader: Device added: id=7, name='virtio_input_multi_touch_4', sources=0x80005002
08-25 16:22:51.812  2010  2111 I InputReader: Touch device 'virtio_input_multi_touch_10' could not query the properties of its associated display.  The device will be inoperable until the display size becomes available.
08-25 16:22:51.813  2010  2111 I InputReader: Device added: id=6, name='virtio_input_multi_touch_10', sources=0x80005002
08-25 16:22:51.813  2010  2111 I InputReader: Touch device 'virtio_input_multi_touch_3' could not query the properties of its associated display.  The device will be inoperable until the display size becomes available.
08-25 16:22:51.813  2010  2111 I InputReader: Device added: id=5, name='virtio_input_multi_touch_3', sources=0x80005002
08-25 16:22:51.813  2010  2111 I InputReader: Touch device 'virtio_input_multi_touch_6' could not query the properties of its associated display.  The device will be inoperable until the display size becomes available.
08-25 16:22:51.813  2010  2111 I InputReader: Device added: id=4, name='virtio_input_multi_touch_6', sources=0x80005002
08-25 16:22:51.813  2010  2111 I InputReader: Device added: id=0, name='qwerty2', sources=0x00000301
08-25 16:22:51.813  2010  2111 I InputReader: Touch device 'virtio_input_multi_touch_7' could not query the properties of its associated display.  The device will be inoperable until the display size becomes available.
08-25 16:22:51.813  2010  2111 I InputReader: Device added: id=2, name='virtio_input_multi_touch_7', sources=0x80005002
08-25 16:22:51.813  2010  2111 I InputReader: Device added: id=1, name='Power Button', sources=0x00000101
