08-25 16:23:02.655  2713  2713 I Dialer  : DialerApplication.initializeAnnotatedCallLog - framework not enabled
08-25 16:23:02.659  1744  2208 I netd    : setTcpRWmemorySize("524288 1048576 2097152", "262144 524288 1048576") <0.35ms>
08-25 16:23:02.668  2010  2040 E GnssLocationProvider: android_location_GnssLocationProvider_set_agps_server: AGPS interface not supported
08-25 16:23:02.668  2010  2040 W Looper  : Slow dispatch took 150ms android.fg h=com.android.server.location.GnssLocationProvider$ProviderHandler c=android.app.-$$Lambda$LoadedApk$ReceiverDispatcher$Args$_BumDX2UKsnxLVrE6UJsJZkotuA@2685a49 m=0
08-25 16:23:02.669  2010  2010 W Looper  : Slow dispatch took 151ms main h=android.app.ActivityThread$H c=android.app.-$$Lambda$LoadedApk$ReceiverDispatcher$Args$_BumDX2UKsnxLVrE6UJsJZkotuA@b2b086f m=0
08-25 16:23:02.673  2713  2756 W ContextImpl: Failed to ensure /data/user/0/com.android.dialer/cache: mkdir failed: ENOENT (No such file or directory)
08-25 16:23:02.673  2713  2756 W ContextImpl: Failed to update user.inode_cache: stat failed: ENOENT (No such file or directory)
08-25 16:23:02.678  2713  2713 I Dialer  : LegacyVoicemailNotificationReceiver.onReceive - received legacy voicemail notification
08-25 16:23:02.679  2713  2713 I Dialer  : LegacyVoicemailNotificationReceiver.onReceive - isRefresh: false
08-25 16:23:02.685  1744  2208 I netd    : bandwidthSetInterfaceQuota("radio0", 9223372036854775807) <8.84ms>
08-25 16:23:02.690  2713  2713 I Dialer  : LegacyVoicemailNotificationReceiver.onReceive - clearing notification
08-25 16:23:02.691  2713  2713 I Dialer  : LegacyVoicemailNotifier.cancelNotification - enter
08-25 16:23:02.692  2010  2116 W BestClock: java.time.DateTimeException: Missing NTP fix
08-25 16:23:02.695  1744  2208 I netd    : bandwidthSetGlobalAlert(2097152) <0.21ms>
08-25 16:23:02.698  2010  2116 W BestClock: java.time.DateTimeException: Missing NTP fix
08-25 16:23:02.706  2010  2123 W BestClock: java.time.DateTimeException: Missing NTP fix
08-25 16:23:02.709  2010  2010 I Telecom : PhoneAccountRegistrar: getSimCallManager: SimCallManager for subId 1 queried, returning: null: TSI.gSCMFU@ADc
08-25 16:23:02.710  2294  2695 D IccSmsInterfaceManager: [IccSmsInterfaceManager] Calling setGsmBroadcastConfig with 1 configurations
08-25 16:23:02.715  2294  2294 D CarrierKeyDownloadManager: Carrier Config changed: android.telephony.action.CARRIER_CONFIG_CHANGED
08-25 16:23:02.739  2713  2713 I Dialer  : LegacyVoicemailNotificationReceiver.onReceive - received legacy voicemail notification
08-25 16:23:02.739  2713  2713 I Dialer  : LegacyVoicemailNotificationReceiver.onReceive - isRefresh: true
08-25 16:23:02.739  2713  2713 I Dialer  : LegacyVoicemailNotificationReceiver.onReceive - clearing notification
08-25 16:23:02.739  2713  2713 I Dialer  : LegacyVoicemailNotifier.cancelNotification - enter
08-25 16:23:02.741  1745  1745 D Zygote  : Forked child process 2758
08-25 16:23:02.742  1744  2208 I netd    : trafficSwapActiveStatsMap() <35.05ms>
08-25 16:23:02.744  1744  2208 I netd    : tetherGetStats() <0.85ms>
08-25 16:23:02.744  2010  2050 I ActivityManager: Start proc 2758:android.process.acore/u0a55 for content provider {com.android.providers.blockednumber/com.android.providers.blockednumber.BlockedNumberProvider}
08-25 16:23:02.755  2758  2758 W d.process.acor: Unexpected CPU variant for X86 using defaults: x86
08-25 16:23:02.755  2607  2607 D CellBroadcastReceiver: onReceive Intent { act=android.telephony.action.CARRIER_CONFIG_CHANGED flg=0x15000010 cmp=com.android.cellbroadcastreceiver/.CellBroadcastReceiver (has extras) }
08-25 16:23:02.756  2607  2607 D CellBroadcastReceiver: initializeSharedPreference
08-25 16:23:02.764  2010  2123 W BestClock: java.time.DateTimeException: Missing NTP fix
08-25 16:23:02.767  2294  2294 I TelecomFramework: : Carrier-config changed, checking for phone account updates.
08-25 16:23:02.778  2607  2607 D CellBroadcastReceiver: Default interval 0 did not change.
08-25 16:23:02.778  2607  2607 D CellBroadcastReceiver: Start Cell Broadcast configuration.
08-25 16:23:02.788  2010  2116 W BestClock: java.time.DateTimeException: Missing NTP fix
08-25 16:23:02.790  2010  2254 D NetworkTimeUpdateService: New default network 100; checking time.
08-25 16:23:02.793  2010  2123 D ConnectivityService: Sending CONNECTED broadcast for type 0 NetworkAgentInfo [MOBILE (LTE) - 100] isDefaultNetwork=true
08-25 16:23:02.799  1744  2208 I netd    : bandwidthRemoveInterfaceQuota("radio0") <4.25ms>
08-25 16:23:02.805  1744  2208 I netd    : bandwidthSetInterfaceQuota("radio0", 9223372036854775807) <3.21ms>
08-25 16:23:02.807  2010  2116 W BestClock: java.time.DateTimeException: Missing NTP fix
08-25 16:23:02.814  2294  2563 W ConnectivityManager.CallbackHandler: callback not found for CALLBACK_PRECHECK message
08-25 16:23:02.815  1744  2208 I netd    : bandwidthSetGlobalAlert(2097152) <0.36ms>
08-25 16:23:02.828  2010  2123 W BestClock: java.time.DateTimeException: Missing NTP fix
08-25 16:23:02.835  2294  2294 I TelecomFramework: AccountEntry: reRegisterPstnPhoneAccount: subId: 1 - no change
08-25 16:23:02.829  2010  2123 W BestClock: java.time.DateTimeException: Missing NTP fix
08-25 16:23:02.838  2294  2695 D IccSmsInterfaceManager: [IccSmsInterfaceManager] Failed to add GSM cell broadcast channels range 4371 to 4372
08-25 16:23:02.845  2154  2154 E StatusBarSignalPolicy: Unexpected subscription 1
08-25 16:23:02.849  2294  2695 D IccSmsInterfaceManager: [IccSmsInterfaceManager] Calling setCdmaBroadcastConfig with 1 configurations
08-25 16:23:02.857  2294  2294 D CarrierKeyDownloadManager: Carrier not enabled or invalid values
08-25 16:23:02.857  2294  2294 D CarrierKeyDownloadManager: Cleaning up existing renewal alarms
08-25 16:23:02.861  2010  2123 W BestClock: java.time.DateTimeException: Missing NTP fix
08-25 16:23:02.861  2010  2123 D ConnectivityService: releasing NetworkRequest [ TRACK_DEFAULT id=14, [ Capabilities: INTERNET&NOT_RESTRICTED&TRUSTED Uid: 1001] ] (release request)
08-25 16:23:02.863  2010  2115 W BestClock: java.time.DateTimeException: Missing NTP fix
08-25 16:23:02.866  2010  2116 W BestClock: java.time.DateTimeException: Missing NTP fix
08-25 16:23:02.888  2236  2754 D NetworkMonitor/100: PROBE_DNS www.google.com 222ms OK 2404:6800:4007:812::2004,142.250.67.196
08-25 16:23:02.910  2294  2294 D OtaspSimStateReceiver: Received intent: android.telephony.action.CARRIER_CONFIG_CHANGED
08-25 16:23:02.915  2294  2294 D OtaspSimStateReceiver: otasp activation not needed: no supported carrier
08-25 16:23:02.926  1744  2208 I netd    : trafficSwapActiveStatsMap() <62.44ms>
08-25 16:23:02.943  1744  2208 I netd    : tetherGetStats() <15.87ms>
08-25 16:23:02.948  2294  2695 D IccSmsInterfaceManager: [IccSmsInterfaceManager] Failed to add cdma broadcast channels range 4097 to 4097
08-25 16:23:02.948  2294  2294 I VvmSimStateTracker: android.telephony.action.CARRIER_CONFIG_CHANGED
08-25 16:23:02.948  2236  2755 D NetworkMonitor/100: PROBE_DNS connectivitycheck.gstatic.com 283ms OK 2404:6800:4007:82a::2003,142.250.183.35
08-25 16:23:02.957  2294  2695 D IccSmsInterfaceManager: [IccSmsInterfaceManager] Calling setGsmBroadcastConfig with 1 configurations
08-25 16:23:02.962  2758  2758 I d.process.acor: The ClassLoaderContext is a special shared library.
08-25 16:23:02.965  2294  2695 D IccSmsInterfaceManager: [IccSmsInterfaceManager] Failed to add GSM cell broadcast channels range 4384 to 4385
08-25 16:23:02.966  2010  2115 W BestClock: java.time.DateTimeException: Missing NTP fix
08-25 16:23:02.966  2236  2754 D NetworkSecurityConfig: No Network Security Config specified, using platform default
08-25 16:23:02.968  2010  2116 W system_server: Long monitor contention with owner NetworkStats (2115) at void com.android.server.net.NetworkStatsService.performPoll(int)(NetworkStatsService.java:1326) waiters=0 in android.net.NetworkStatsHistory com.android.server.net.NetworkStatsService.internalGetHistoryForNetwork(android.net.NetworkTemplate, int, int, int, int) for 102ms
08-25 16:23:02.991  1744  2208 I netd    : bandwidthRemoveInterfaceQuota("radio0") <2.75ms>
08-25 16:23:02.994  1744  2208 I netd    : bandwidthSetInterfaceQuota("radio0", 9223372036854775807) <1.41ms>
08-25 16:23:02.995  2010  2116 W BestClock: java.time.DateTimeException: Missing NTP fix
08-25 16:23:02.996  1744  2208 I netd    : bandwidthSetGlobalAlert(2097152) <0.14ms>
08-25 16:23:03.000  2010  2116 W BestClock: java.time.DateTimeException: Missing NTP fix
08-25 16:23:03.001  2010  2123 W BestClock: java.time.DateTimeException: Missing NTP fix
08-25 16:23:03.012  2236  2755 D NetworkMonitor/100: PROBE_HTTP http://connectivitycheck.gstatic.com/generate_204 Probe failed with exception java.io.IOException: unexpected end of stream on com.android.okhttp.Address@a686037e
08-25 16:23:03.015  2154  2154 V KeyguardUpdateMonitor: action android.intent.action.SIM_STATE_CHANGED state: LOADED slotId: 0 subid: 1
08-25 16:23:03.074  2294  2386 D IccSmsInterfaceManager: [IccSmsInterfaceManager] Calling setGsmBroadcastConfig with 1 configurations
08-25 16:23:03.081  2294  2386 D IccSmsInterfaceManager: [IccSmsInterfaceManager] Failed to add GSM cell broadcast channels range 4373 to 4378
08-25 16:23:03.092  2758  2758 I d.process.acor: The ClassLoaderContext is a special shared library.
08-25 16:23:03.099  2294  2386 D IccSmsInterfaceManager: [IccSmsInterfaceManager] Calling setCdmaBroadcastConfig with 1 configurations
08-25 16:23:03.117  2294  2386 D IccSmsInterfaceManager: [IccSmsInterfaceManager] Failed to add cdma broadcast channels range 4098 to 4098
08-25 16:23:03.137  2294  2695 D IccSmsInterfaceManager: [IccSmsInterfaceManager] Calling setGsmBroadcastConfig with 1 configurations
08-25 16:23:03.149  2294  2695 D IccSmsInterfaceManager: [IccSmsInterfaceManager] Failed to add GSM cell broadcast channels range 4386 to 4391
08-25 16:23:03.153  2010  2254 D SntpClient: round trip: 89ms, clock offset: 1276ms
08-25 16:23:03.199  2294  2386 D IccSmsInterfaceManager: [IccSmsInterfaceManager] Calling setGsmBroadcastConfig with 1 configurations
08-25 16:23:03.210  2294  2386 D IccSmsInterfaceManager: [IccSmsInterfaceManager] Failed to add GSM cell broadcast channels range 4379 to 4379
08-25 16:23:03.224  2154  2154 V KeyguardUpdateMonitor: onSubscriptionInfoChanged()
08-25 16:23:03.225  2294  2695 D IccSmsInterfaceManager: [IccSmsInterfaceManager] Calling setCdmaBroadcastConfig with 1 configurations
08-25 16:23:03.233  2154  2167 I ndroid.systemu: NativeAlloc concurrent copying GC freed 20933(1464KB) AllocSpace objects, 27(540KB) LOS objects, 49% free, 5201KB/10MB, paused 20.104ms total 411.092ms
08-25 16:23:03.239  2294  2695 D IccSmsInterfaceManager: [IccSmsInterfaceManager] Failed to add cdma broadcast channels range 4099 to 4099
08-25 16:23:03.246  2294  2683 D IccSmsInterfaceManager: [IccSmsInterfaceManager] Calling setGsmBroadcastConfig with 1 configurations
08-25 16:23:03.260  2154  2154 V KeyguardUpdateMonitor: SubInfo:{id=1, iccId=89014103211118510720 simSlotIndex=0 carrierId=1 displayName=T-Mobile carrierName=Android nameSource=3 iconTint=-16746133 mNumber=+15555215554 dataRoaming=1 iconBitmap=android.graphics.Bitmap@4d96c46 mcc 310 mnc 260mCountryIso=us isEmbedded false accessRules null cardString=89014103211118510720 cardId=-1 isOpportunistic false mGroupUUID=null mIsGroupDisabled=false profileClass=-1 ehplmns = null hplmns = null subscriptionType=0 mGroupOwner=null}
08-25 16:23:03.261  2294  2683 D IccSmsInterfaceManager: [IccSmsInterfaceManager] Failed to add GSM cell broadcast channels range 4392 to 4392
08-25 16:23:03.269  2010  2010 W Looper  : Slow dispatch took 559ms main h=android.app.ActivityThread$H c=android.app.-$$Lambda$LoadedApk$ReceiverDispatcher$Args$_BumDX2UKsnxLVrE6UJsJZkotuA@76fa3e0 m=0
08-25 16:23:03.271  2010  2010 W Looper  : Slow delivery took 641ms main h=android.os.Handler c=android.telephony.-$$Lambda$PhoneStateListener$IPhoneStateListenerStub$dUc3j82sK9P9Zpaq-91n9bk_Rpc@db73699 m=0
08-25 16:23:03.272  2154  2154 D KeyguardViewMediator: onSimStateChanged(subId=1, slotId=0,state=READY)
08-25 16:23:03.275  2010  2010 I SyncManager: Loaded persisted syncs: 17 periodic syncs, 0 oneshot syncs, 28 total system server jobs, JobStats: FirstLoad: 61/19/17 LastSave: -1/-1/-1
08-25 16:23:03.276  2010  2010 W Looper  : Drained
08-25 16:23:03.278  2154  2154 D KeyguardViewMediator: READY, reset state? false
08-25 16:23:03.282  2154  2154 V KeyguardUpdateMonitor: onSubscriptionInfoChanged()
08-25 16:23:03.296  2154  2154 V KeyguardUpdateMonitor: SubInfo:{id=1, iccId=89014103211118510720 simSlotIndex=0 carrierId=1 displayName=T-Mobile carrierName=Android nameSource=3 iconTint=-16746133 mNumber=+15555215554 dataRoaming=1 iconBitmap=android.graphics.Bitmap@3b49e07 mcc 310 mnc 260mCountryIso=us isEmbedded false accessRules null cardString=89014103211118510720 cardId=-1 isOpportunistic false mGroupUUID=null mIsGroupDisabled=false profileClass=-1 ehplmns = null hplmns = null subscriptionType=0 mGroupOwner=null}
08-25 16:23:03.313  2154  2154 W KeyguardUpdateMonitor: invalid subId in handleServiceStateChange()
08-25 16:23:03.315  2294  2683 D IccSmsInterfaceManager: [IccSmsInterfaceManager] Failed to remove GSM cell broadcast channels range 4380 to 4380
08-25 16:23:03.326  2294  2683 D IccSmsInterfaceManager: [IccSmsInterfaceManager] Failed to remove cdma broadcast channels range 4100 to 4100
08-25 16:23:03.332  2294  2683 D IccSmsInterfaceManager: [IccSmsInterfaceManager] Failed to remove GSM cell broadcast channels range 4393 to 4393
08-25 16:23:03.355  2154  2154 D KeyguardUpdateMonitor: handleSimStateChange(subId=-1, slotId=0, state=READY)
08-25 16:23:03.355  2154  2154 W KeyguardUpdateMonitor: invalid subId in handleSimStateChange()
08-25 16:23:03.355  2154  2154 V KeyguardUpdateMonitor: onSubscriptionInfoChanged()
08-25 16:23:03.367  2154  2154 V KeyguardUpdateMonitor: SubInfo:{id=1, iccId=89014103211118510720 simSlotIndex=0 carrierId=1 displayName=T-Mobile carrierName=Android nameSource=3 iconTint=-16746133 mNumber=+15555215554 dataRoaming=1 iconBitmap=android.graphics.Bitmap@5f313a3 mcc 310 mnc 260mCountryIso=us isEmbedded false accessRules null cardString=89014103211118510720 cardId=-1 isOpportunistic false mGroupUUID=null mIsGroupDisabled=false profileClass=-1 ehplmns = null hplmns = null subscriptionType=0 mGroupOwner=null}
08-25 16:23:03.372  2154  2154 W KeyguardUpdateMonitor: invalid subId in handleServiceStateChange()
08-25 16:23:03.377  2236  2754 D NetworkMonitor/100: PROBE_HTTPS https://www.google.com/generate_204 time=409ms ret=204 request={Connection=[close], User-Agent=[Mozilla/5.0 (X11; Linux x86_64) AppleWebKit/537.36 (KHTML, like Gecko) Chrome/60.0.3112.32 Safari/537.36]} headers={null=[HTTP/1.1 204 No Content], Alt-Svc=[h3=":443"; ma=2592000,h3-29=":443"; ma=2592000,h3-Q050=":443"; ma=2592000,h3-Q046=":443"; ma=2592000,h3-Q043=":443"; ma=2592000,quic=":443"; ma=2592000; v="46,43"], Connection=[close], Content-Length=[0], Cross-Origin-Resource-Policy=[cross-origin], Date=[Thu, 25 Aug 2022 10:53:04 GMT], X-Android-Received-Millis=[1661424783364], X-Android-Response-Source=[NETWORK 204], X-Android-Selected-Protocol=[http/1.1], X-Android-Sent-Millis=[1661424783337]}
08-25 16:23:03.389  2294  2325 D IccSmsInterfaceManager: [IccSmsInterfaceManager] Failed to remove GSM cell broadcast channels range 4381 to 4381
08-25 16:23:03.403  2236  2753 D NetworkMonitor/100: isCaptivePortal: isSuccessful()=true isPortal()=false RedirectUrl=null isPartialConnectivity()=false Time=731ms
08-25 16:23:03.406  2010  2049 W BroadcastQueue: Background execution not allowed: receiving Intent { act=android.net.conn.NETWORK_CONDITIONS_MEASURED flg=0x10 (has extras) } to com.google.android.gms/.chimera.GmsIntentOperationService$PersistentTrustedReceiver
08-25 16:23:03.417  2294  2325 D IccSmsInterfaceManager: [IccSmsInterfaceManager] Failed to remove GSM cell broadcast channels range 4394 to 4394
08-25 16:23:03.423  2010  2123 D ConnectivityService: NetworkAgentInfo [MOBILE (LTE) - 100] validation passed
08-25 16:23:03.430  2010  2123 D ConnectivityService: Setting DNS servers for network 100 to [/10.0.2.3]
08-25 16:23:03.431  2010  2123 D DnsManager: setDnsConfigurationForNetwork(100, [10.0.2.3], [], 1800, 25, 8, 64, 0, 0, , [10.0.2.3])
08-25 16:23:03.432  1744  2208 I netd    : DnsResolverService::setResolverConfiguration(100, [10.0.2.3], [], 1800, 25, 8, 64, 0, 0, [10.0.2.3], []) -> (0) (0.2ms)
08-25 16:23:03.432  1744  2208 I netd    : setResolverConfiguration() <0.39ms>
08-25 16:23:03.445  2010  2040 I GnssNetworkConnectivityHandler: updateNetworkState, state=CLOSED, connected=true, network=100, capabilities=[ Transports: CELLULAR Capabilities: MMS&SUPL&DUN&FOTA&IMS&CBS&INTERNET&NOT_RESTRICTED&TRUSTED&NOT_VPN&VALIDATED&NOT_ROAMING&FOREGROUND&NOT_CONGESTED&NOT_SUSPENDED LinkUpBandwidth>=51200Kbps LinkDnBandwidth>=102400Kbps Specifier: <1>], apn: epc.tmobile.com, availableNetworkCount: 1
08-25 16:23:03.455  2154  2154 V KeyguardUpdateMonitor: onSubscriptionInfoChanged()
08-25 16:23:03.468  2154  2154 V KeyguardUpdateMonitor: SubInfo:{id=1, iccId=89014103211118510720 simSlotIndex=0 carrierId=1 displayName=T-Mobile carrierName=Android nameSource=3 iconTint=-16746133 mNumber=+15555215554 dataRoaming=1 iconBitmap=android.graphics.Bitmap@6b798a mcc 310 mnc 260mCountryIso=us isEmbedded false accessRules null cardString=89014103211118510720 cardId=-1 isOpportunistic false mGroupUUID=null mIsGroupDisabled=false profileClass=-1 ehplmns = null hplmns = null subscriptionType=0 mGroupOwner=null}
08-25 16:23:03.471  2294  2749 D IccSmsInterfaceManager: [IccSmsInterfaceManager] Failed to remove GSM cell broadcast channels range 4382 to 4382
08-25 16:23:03.487  2294  2695 D IccSmsInterfaceManager: [IccSmsInterfaceManager] Failed to remove GSM cell broadcast channels range 4395 to 4395
08-25 16:23:03.513  2294  2695 D IccSmsInterfaceManager: [IccSmsInterfaceManager] Calling setGsmBroadcastConfig with 1 configurations
08-25 16:23:03.515  2154  2154 I Choreographer: Skipped 93 frames!  The application may be doing too much work on its main thread.
08-25 16:23:03.523  2294  2695 D IccSmsInterfaceManager: [IccSmsInterfaceManager] Failed to add GSM cell broadcast channels range 4352 to 4354
08-25 16:23:03.530  2294  2695 D IccSmsInterfaceManager: [IccSmsInterfaceManager] Calling setGsmBroadcastConfig with 1 configurations
08-25 16:23:03.540  2294  2695 D IccSmsInterfaceManager: [IccSmsInterfaceManager] Failed to add GSM cell broadcast channels range 4356 to 4356
08-25 16:23:03.561  2294  2749 D IccSmsInterfaceManager: [IccSmsInterfaceManager] Failed to remove GSM cell broadcast channels range 4355 to 4355
08-25 16:23:03.569  2294  2749 D IccSmsInterfaceManager: [IccSmsInterfaceManager] Calling setGsmBroadcastConfig with 1 configurations
08-25 16:23:03.575  2294  2749 D IccSmsInterfaceManager: [IccSmsInterfaceManager] Failed to add GSM cell broadcast channels range 4396 to 4396
08-25 16:23:03.576  2294  2749 D IccSmsInterfaceManager: [IccSmsInterfaceManager] Calling setGsmBroadcastConfig with 1 configurations
08-25 16:23:03.579  2294  2749 D IccSmsInterfaceManager: [IccSmsInterfaceManager] Failed to add GSM cell broadcast channels range 4397 to 4397
08-25 16:23:03.586  2294  2749 D IccSmsInterfaceManager: [IccSmsInterfaceManager] Failed to remove GSM cell broadcast channels range 4398 to 4398
08-25 16:23:03.590  2294  2749 D IccSmsInterfaceManager: [IccSmsInterfaceManager] Failed to remove GSM cell broadcast channels range 4399 to 4399
08-25 16:23:03.626  2607  2701 D CellBroadcastConfigService: Enable CellBroadcast on sub 1
08-25 16:23:03.626  2154  2564 I OpenGLRenderer: Davey! duration=1667ms; Flags=0, IntendedVsync=23887723548, Vsync=25437723486, OldestInputEvent=9223372036854775807, NewestInputEvent=0, HandleInputStart=25453466400, AnimationStart=25453508200, PerformTraversalsStart=25454713600, DrawStart=25486717500, SyncQueued=25493082500, SyncStart=25501699600, IssueDrawCommandsStart=25502696600, SwapBuffers=25555654000, FrameCompleted=25564076500, DequeueBufferDuration=867000, QueueBufferDuration=1732000, 
08-25 16:23:03.645  2294  2749 D IccSmsInterfaceManager: [IccSmsInterfaceManager] Calling setGsmBroadcastConfig with 1 configurations
08-25 16:23:03.647  1648  1648 I hwservicemanager: getTransport: Cannot find entry android.hardware.graphics.allocator@3.0::IAllocator/default in either framework or device manifest.
08-25 16:23:03.647  2154  2154 W Gralloc3: allocator 3.x is not supported
08-25 16:23:03.648  2294  2749 D IccSmsInterfaceManager: [IccSmsInterfaceManager] Failed to add GSM cell broadcast channels range 4370 to 4370
08-25 16:23:03.660  2294  2749 D IccSmsInterfaceManager: [IccSmsInterfaceManager] Calling setCdmaBroadcastConfig with 1 configurations
08-25 16:23:03.664  2294  2749 D IccSmsInterfaceManager: [IccSmsInterfaceManager] Failed to add cdma broadcast channels range 4096 to 4096
08-25 16:23:03.666  1763  1763 D gralloc_ranchu: gralloc_alloc: Creating ashmem region of size 36864
08-25 16:23:03.669  2294  2749 D IccSmsInterfaceManager: [IccSmsInterfaceManager] Calling setGsmBroadcastConfig with 1 configurations
08-25 16:23:03.681  2154  2804 D HostConnection: HostConnection::get() New Host Connection established 0xdd83ee10, tid 2804
08-25 16:23:03.681  2154  2804 D HostConnection: HostComposition ext ANDROID_EMU_CHECKSUM_HELPER_v1 ANDROID_EMU_dma_v1 ANDROID_EMU_direct_mem ANDROID_EMU_host_composition_v1 ANDROID_EMU_host_composition_v2 ANDROID_EMU_vulkan ANDROID_EMU_deferred_vulkan_commands ANDROID_EMU_vulkan_null_optional_strings ANDROID_EMU_vulkan_create_resources_with_requirements ANDROID_EMU_YUV_Cache ANDROID_EMU_vulkan_ignored_handles ANDROID_EMU_vulkan_free_memory_sync ANDROID_EMU_vulkan_shader_float16_int8 ANDROID_EMU_vulkan_async_queue_submit ANDROID_EMU_sync_buffer_data GL_OES_vertex_array_object GL_KHR_texture_compression_astc_ldr ANDROID_EMU_host_side_tracing ANDROID_EMU_gles_max_version_2 
08-25 16:23:03.683  2294  2749 D IccSmsInterfaceManager: [IccSmsInterfaceManager] Failed to add GSM cell broadcast channels range 4383 to 4383
08-25 16:23:03.685  2154  2804 W OpenGLRenderer: Failed to choose config with EGL_SWAP_BEHAVIOR_PRESERVED, retrying without...
08-25 16:23:03.704  2154  2804 D EGL_emulation: eglCreateContext: 0xdd81b7a0: maj 2 min 0 rcv 2
08-25 16:23:03.708  2294  2749 D IccSmsInterfaceManager: [IccSmsInterfaceManager] Calling setGsmBroadcastConfig with 1 configurations
08-25 16:23:03.709  2294  2749 D IccSmsInterfaceManager: [IccSmsInterfaceManager] Failed to add GSM cell broadcast channels range 4371 to 4372
08-25 16:23:03.711  2294  2749 D IccSmsInterfaceManager: [IccSmsInterfaceManager] Calling setCdmaBroadcastConfig with 1 configurations
08-25 16:23:03.719  2294  2749 D IccSmsInterfaceManager: [IccSmsInterfaceManager] Failed to add cdma broadcast channels range 4097 to 4097
08-25 16:23:03.720  2154  2804 D EGL_emulation: eglMakeCurrent: 0xdd81b7a0: ver 2 0 (tinfo 0xdd80ff90)
08-25 16:23:03.721  2294  2749 D IccSmsInterfaceManager: [IccSmsInterfaceManager] Calling setGsmBroadcastConfig with 1 configurations
08-25 16:23:03.725  2154  2154 D HostConnection: HostConnection::get() New Host Connection established 0xc3ce0070, tid 2154
08-25 16:23:03.725  2154  2154 D HostConnection: HostComposition ext ANDROID_EMU_CHECKSUM_HELPER_v1 ANDROID_EMU_dma_v1 ANDROID_EMU_direct_mem ANDROID_EMU_host_composition_v1 ANDROID_EMU_host_composition_v2 ANDROID_EMU_vulkan ANDROID_EMU_deferred_vulkan_commands ANDROID_EMU_vulkan_null_optional_strings ANDROID_EMU_vulkan_create_resources_with_requirements ANDROID_EMU_YUV_Cache ANDROID_EMU_vulkan_ignored_handles ANDROID_EMU_vulkan_free_memory_sync ANDROID_EMU_vulkan_shader_float16_int8 ANDROID_EMU_vulkan_async_queue_submit ANDROID_EMU_sync_buffer_data GL_OES_vertex_array_object GL_KHR_texture_compression_astc_ldr ANDROID_EMU_host_side_tracing ANDROID_EMU_gles_max_version_2 
08-25 16:23:03.728  2294  2749 D IccSmsInterfaceManager: [IccSmsInterfaceManager] Failed to add GSM cell broadcast channels range 4384 to 4385
08-25 16:23:03.734  1763  1763 D gralloc_ranchu: gralloc_alloc: Creating ashmem region of size 36864
08-25 16:23:03.754  1763  1763 I chatty  : uid=1000(system) allocator@2.0-s identical 2 lines
08-25 16:23:03.768  1763  1763 D gralloc_ranchu: gralloc_alloc: Creating ashmem region of size 36864
08-25 16:23:03.777  2294  2695 D IccSmsInterfaceManager: [IccSmsInterfaceManager] Calling setGsmBroadcastConfig with 1 configurations
08-25 16:23:03.780  2294  2695 D IccSmsInterfaceManager: [IccSmsInterfaceManager] Failed to add GSM cell broadcast channels range 4373 to 4378
08-25 16:23:03.783  2294  2695 D IccSmsInterfaceManager: [IccSmsInterfaceManager] Calling setCdmaBroadcastConfig with 1 configurations
08-25 16:23:03.785  1763  1763 D gralloc_ranchu: gralloc_alloc: Creating ashmem region of size 36864
08-25 16:23:03.799  2294  2695 D IccSmsInterfaceManager: [IccSmsInterfaceManager] Failed to add cdma broadcast channels range 4098 to 4098
08-25 16:23:03.802  2294  2749 D IccSmsInterfaceManager: [IccSmsInterfaceManager] Calling setGsmBroadcastConfig with 1 configurations
08-25 16:23:03.804  2294  2749 D IccSmsInterfaceManager: [IccSmsInterfaceManager] Failed to add GSM cell broadcast channels range 4386 to 4391
08-25 16:23:03.826  2294  2749 D IccSmsInterfaceManager: [IccSmsInterfaceManager] Calling setGsmBroadcastConfig with 1 configurations
08-25 16:23:03.838  2294  2749 D IccSmsInterfaceManager: [IccSmsInterfaceManager] Failed to add GSM cell broadcast channels range 4379 to 4379
08-25 16:23:03.845  2294  2749 D IccSmsInterfaceManager: [IccSmsInterfaceManager] Calling setCdmaBroadcastConfig with 1 configurations
08-25 16:23:03.848  2294  2749 D IccSmsInterfaceManager: [IccSmsInterfaceManager] Failed to add cdma broadcast channels range 4099 to 4099
08-25 16:23:03.866  2294  2749 D IccSmsInterfaceManager: [IccSmsInterfaceManager] Calling setGsmBroadcastConfig with 1 configurations
08-25 16:23:03.869  2154  2564 D EGL_emulation: eglMakeCurrent: 0xe58267c0: ver 2 0 (tinfo 0xc527cd10)
08-25 16:23:03.882  2294  2749 D IccSmsInterfaceManager: [IccSmsInterfaceManager] Failed to add GSM cell broadcast channels range 4392 to 4392
08-25 16:23:03.918  2294  2695 D IccSmsInterfaceManager: [IccSmsInterfaceManager] Failed to remove GSM cell broadcast channels range 4380 to 4380
08-25 16:23:03.929  2294  2695 D IccSmsInterfaceManager: [IccSmsInterfaceManager] Failed to remove cdma broadcast channels range 4100 to 4100
08-25 16:23:03.939  2294  2695 D IccSmsInterfaceManager: [IccSmsInterfaceManager] Failed to remove GSM cell broadcast channels range 4393 to 4393
08-25 16:23:03.962  2294  2695 D IccSmsInterfaceManager: [IccSmsInterfaceManager] Failed to remove GSM cell broadcast channels range 4381 to 4381
08-25 16:23:03.972  2294  2695 D IccSmsInterfaceManager: [IccSmsInterfaceManager] Failed to remove GSM cell broadcast channels range 4394 to 4394
08-25 16:23:04.028  1763  1763 D gralloc_ranchu: gralloc_alloc: Creating ashmem region of size 831488
08-25 16:23:04.034  2294  2695 D IccSmsInterfaceManager: [IccSmsInterfaceManager] Failed to remove GSM cell broadcast channels range 4382 to 4382
08-25 16:23:04.035  2294  2695 D IccSmsInterfaceManager: [IccSmsInterfaceManager] Failed to remove GSM cell broadcast channels range 4395 to 4395
08-25 16:23:04.044  2154  2564 I OpenGLRenderer: Davey! duration=2082ms; Flags=1, IntendedVsync=23887723548, Vsync=25437723486, OldestInputEvent=9223372036854775807, NewestInputEvent=0, HandleInputStart=25453466400, AnimationStart=25453508200, PerformTraversalsStart=25454713600, DrawStart=25577246200, SyncQueued=25803208700, SyncStart=25815850400, IssueDrawCommandsStart=25819042900, SwapBuffers=25957641000, FrameCompleted=25982427800, DequeueBufferDuration=6883000, QueueBufferDuration=579000, 
08-25 16:23:04.056  2154  2154 I OpaEnabledReceiver: Dispatching OPA eligble = false; AGSA = true; OPA enabled = false
08-25 16:23:04.057  2154  2154 I OpaLayout: Setting opa enabled to false
08-25 16:23:04.057  2154  2154 I OpaLayout: Setting opa enabled to false
08-25 16:23:04.064  2154  2154 V KeyguardUpdateMonitor: onSubscriptionInfoChanged()
08-25 16:23:04.069  2154  2154 V KeyguardUpdateMonitor: SubInfo:{id=1, iccId=89014103211118510720 simSlotIndex=0 carrierId=1 displayName=T-Mobile carrierName=Android nameSource=3 iconTint=-16746133 mNumber=+15555215554 dataRoaming=1 iconBitmap=android.graphics.Bitmap@7967869 mcc 310 mnc 260mCountryIso=us isEmbedded false accessRules null cardString=89014103211118510720 cardId=-1 isOpportunistic false mGroupUUID=null mIsGroupDisabled=false profileClass=-1 ehplmns = null hplmns = null subscriptionType=0 mGroupOwner=null}
08-25 16:23:04.076  2154  2154 V KeyguardUpdateMonitor: onSubscriptionInfoChanged()
08-25 16:23:04.077  2154  2154 V KeyguardUpdateMonitor: SubInfo:{id=1, iccId=89014103211118510720 simSlotIndex=0 carrierId=1 displayName=T-Mobile carrierName=Android nameSource=3 iconTint=-16746133 mNumber=+15555215554 dataRoaming=1 iconBitmap=android.graphics.Bitmap@974a38f mcc 310 mnc 260mCountryIso=us isEmbedded false accessRules null cardString=89014103211118510720 cardId=-1 isOpportunistic false mGroupUUID=null mIsGroupDisabled=false profileClass=-1 ehplmns = null hplmns = null subscriptionType=0 mGroupOwner=null}
08-25 16:23:04.079  1977  2001 D BootAnimation: BootAnimationStopTiming start time: 26017ms
08-25 16:23:04.097  2154  2154 V KeyguardUpdateMonitor: onSubscriptionInfoChanged()
08-25 16:23:04.104  2154  2154 V KeyguardUpdateMonitor: SubInfo:{id=1, iccId=89014103211118510720 simSlotIndex=0 carrierId=1 displayName=T-Mobile carrierName=Android nameSource=3 iconTint=-16746133 mNumber=+15555215554 dataRoaming=1 iconBitmap=android.graphics.Bitmap@19661c mcc 310 mnc 260mCountryIso=us isEmbedded false accessRules null cardString=89014103211118510720 cardId=-1 isOpportunistic false mGroupUUID=null mIsGroupDisabled=false profileClass=-1 ehplmns = null hplmns = null subscriptionType=0 mGroupOwner=null}
08-25 16:23:04.108  2294  2749 D IccSmsInterfaceManager: [IccSmsInterfaceManager] Calling setGsmBroadcastConfig with 1 configurations
08-25 16:23:04.111  2294  2749 D IccSmsInterfaceManager: [IccSmsInterfaceManager] Failed to add GSM cell broadcast channels range 4352 to 4354
08-25 16:23:04.112  2154  2154 V KeyguardUpdateMonitor: onSubscriptionInfoChanged()
08-25 16:23:04.114  2294  2749 D IccSmsInterfaceManager: [IccSmsInterfaceManager] Calling setGsmBroadcastConfig with 1 configurations
08-25 16:23:04.116  2154  2154 V KeyguardUpdateMonitor: SubInfo:{id=1, iccId=89014103211118510720 simSlotIndex=0 carrierId=1 displayName=T-Mobile carrierName=Android nameSource=3 iconTint=-16746133 mNumber=+15555215554 dataRoaming=1 iconBitmap=android.graphics.Bitmap@d953225 mcc 310 mnc 260mCountryIso=us isEmbedded false accessRules null cardString=89014103211118510720 cardId=-1 isOpportunistic false mGroupUUID=null mIsGroupDisabled=false profileClass=-1 ehplmns = null hplmns = null subscriptionType=0 mGroupOwner=null}
08-25 16:23:04.118  2294  2749 D IccSmsInterfaceManager: [IccSmsInterfaceManager] Failed to add GSM cell broadcast channels range 4356 to 4356
08-25 16:23:04.127  2294  2386 D IccSmsInterfaceManager: [IccSmsInterfaceManager] Failed to remove GSM cell broadcast channels range 4355 to 4355
08-25 16:23:04.133  2154  2154 D KeyguardClockSwitch: Updating clock: 423
08-25 16:23:04.134  2154  2154 V KeyguardUpdateMonitor: onSubscriptionInfoChanged()
08-25 16:23:04.148  2154  2154 V KeyguardUpdateMonitor: SubInfo:{id=1, iccId=89014103211118510720 simSlotIndex=0 carrierId=1 displayName=T-Mobile carrierName=Android nameSource=3 iconTint=-16746133 mNumber=+15555215554 dataRoaming=1 iconBitmap=android.graphics.Bitmap@b6bcffa mcc 310 mnc 260mCountryIso=us isEmbedded false accessRules null cardString=89014103211118510720 cardId=-1 isOpportunistic false mGroupUUID=null mIsGroupDisabled=false profileClass=-1 ehplmns = null hplmns = null subscriptionType=0 mGroupOwner=null}
08-25 16:23:04.165  2154  2154 D KeyguardUpdateMonitor: handleSimStateChange(subId=1, slotId=0, state=READY)
08-25 16:23:04.166  2294  2749 D IccSmsInterfaceManager: [IccSmsInterfaceManager] Calling setGsmBroadcastConfig with 1 configurations
08-25 16:23:04.168  2154  2154 V KeyguardUpdateMonitor: onSubscriptionInfoChanged()
08-25 16:23:04.169  2294  2749 D IccSmsInterfaceManager: [IccSmsInterfaceManager] Failed to add GSM cell broadcast channels range 4396 to 4396
08-25 16:23:04.177  2294  2749 D IccSmsInterfaceManager: [IccSmsInterfaceManager] Calling setGsmBroadcastConfig with 1 configurations
08-25 16:23:04.178  2154  2154 V KeyguardUpdateMonitor: SubInfo:{id=1, iccId=89014103211118510720 simSlotIndex=0 carrierId=1 displayName=T-Mobile carrierName=Android nameSource=3 iconTint=-16746133 mNumber=+15555215554 dataRoaming=1 iconBitmap=android.graphics.Bitmap@ba1e9ab mcc 310 mnc 260mCountryIso=us isEmbedded false accessRules null cardString=89014103211118510720 cardId=-1 isOpportunistic false mGroupUUID=null mIsGroupDisabled=false profileClass=-1 ehplmns = null hplmns = null subscriptionType=0 mGroupOwner=null}
08-25 16:23:04.179  2294  2749 D IccSmsInterfaceManager: [IccSmsInterfaceManager] Failed to add GSM cell broadcast channels range 4397 to 4397
08-25 16:23:04.191  2154  2154 V KeyguardUpdateMonitor: onSubscriptionInfoChanged()
08-25 16:23:04.195  2154  2154 V KeyguardUpdateMonitor: SubInfo:{id=1, iccId=89014103211118510720 simSlotIndex=0 carrierId=1 displayName=T-Mobile carrierName=Android nameSource=3 iconTint=-16746133 mNumber=+15555215554 dataRoaming=1 iconBitmap=android.graphics.Bitmap@e64c808 mcc 310 mnc 260mCountryIso=us isEmbedded false accessRules null cardString=89014103211118510720 cardId=-1 isOpportunistic false mGroupUUID=null mIsGroupDisabled=false profileClass=-1 ehplmns = null hplmns = null subscriptionType=0 mGroupOwner=null}
08-25 16:23:04.200  2154  2154 V KeyguardUpdateMonitor: onSubscriptionInfoChanged()
08-25 16:23:04.201  2294  2749 D IccSmsInterfaceManager: [IccSmsInterfaceManager] Failed to remove GSM cell broadcast channels range 4398 to 4398
08-25 16:23:04.203  2294  2749 D IccSmsInterfaceManager: [IccSmsInterfaceManager] Failed to remove GSM cell broadcast channels range 4399 to 4399
08-25 16:23:04.213  2154  2154 V KeyguardUpdateMonitor: SubInfo:{id=1, iccId=89014103211118510720 simSlotIndex=0 carrierId=1 displayName=T-Mobile carrierName=Android nameSource=3 iconTint=-16746133 mNumber=+15555215554 dataRoaming=1 iconBitmap=android.graphics.Bitmap@40bcba1 mcc 310 mnc 260mCountryIso=us isEmbedded false accessRules null cardString=89014103211118510720 cardId=-1 isOpportunistic false mGroupUUID=null mIsGroupDisabled=false profileClass=-1 ehplmns = null hplmns = null subscriptionType=0 mGroupOwner=null}
08-25 16:23:04.226  2154  2154 W System  : ClassLoader referenced unknown path: 
08-25 16:23:04.244  2154  2154 I Choreographer: Skipped 43 frames!  The application may be doing too much work on its main thread.
08-25 16:23:04.254  2010  2043 I WindowManager: ******* TELLING SURFACE FLINGER WE ARE BOOTED!
08-25 16:23:04.255  1778  1893 I SurfaceFlinger: Boot is finished (17302 ms)
08-25 16:23:04.265  2010  2043 I SystemServiceManager: Starting phase 1000
08-25 16:23:04.267  2010  2057 V DisplayPowerController: Brightness [102] reason changing to: 'manual', previous reason: 'override'.
08-25 16:23:04.268  2154  2564 D EGL_emulation: eglMakeCurrent: 0xe58267c0: ver 2 0 (tinfo 0xc527cd10)
08-25 16:23:04.273  2010  2043 D TestHarnessModeService: Completing Test Harness Mode setup.
08-25 16:23:04.273  2010  2043 D TestHarnessModeService: Getting PersistentDataBlockManagerInternal from LocalServices
08-25 16:23:04.273  2010  2043 E TestHarnessModeService: Failed to start Test Harness Mode; no implementation of PersistentDataBlockManagerInternal was bound!
08-25 16:23:04.274  2010  2113 D StorageManagerService: Thinking about init, mBootCompleted=true, mDaemonConnected=true
08-25 16:23:04.274  2010  2113 D StorageManagerService: Thinking about reset, mBootCompleted=true, mDaemonConnected=true
08-25 16:23:04.286  2010  2049 I ActivityManager: Force stopping com.android.providers.media appid=10069 user=-1: vold reset
08-25 16:23:04.287  2010  2043 D WifiService: Handle boot completed
08-25 16:23:04.289  2010  2319 V StorageManagerService: Found primary storage at VolumeInfo{emulated}:
08-25 16:23:04.289  2010  2319 V StorageManagerService:     type=EMULATED diskId=null partGuid= mountFlags=0 mountUserId=-10000 
08-25 16:23:04.289  2010  2319 V StorageManagerService:     state=UNMOUNTED 
08-25 16:23:04.289  2010  2319 V StorageManagerService:     fsType=null fsUuid=null fsLabel=null 
08-25 16:23:04.289  2010  2319 V StorageManagerService:     path=null internalPath=null 
08-25 16:23:04.291  2010  2119 I WifiScoreCard: Installing MemoryStore
08-25 16:23:04.311  2010  2043 D ActivityManager: Finishing user boot 0
08-25 16:23:04.311  2010  2043 I ActivityManager: User 0 state changed from BOOTING to RUNNING_LOCKED
08-25 16:23:04.313  2010  2043 D StorageManagerService: unlockUserKey: 0
08-25 16:23:04.313  2154  2564 I OpenGLRenderer: Davey! duration=793ms; Flags=0, IntendedVsync=25454461446, Vsync=26171128084, OldestInputEvent=9223372036854775807, NewestInputEvent=0, HandleInputStart=26182516500, AnimationStart=26182604600, PerformTraversalsStart=26183733800, DrawStart=26198594200, SyncQueued=26203212700, SyncStart=26207328400, IssueDrawCommandsStart=26224010000, SwapBuffers=26246929100, FrameCompleted=26251591200, DequeueBufferDuration=496000, QueueBufferDuration=712000, 
08-25 16:23:04.315  1657  1663 D vold    : fscrypt_unlock_user_key 0 serial=0 token_present=0
08-25 16:23:04.315  2154  2564 D EGL_emulation: eglMakeCurrent: 0xe58267c0: ver 2 0 (tinfo 0xc527cd10)
08-25 16:23:04.316  1657  1663 D vold    : Skipping non-key .
08-25 16:23:04.316  1657  1663 D vold    : Skipping non-key ..
08-25 16:23:04.316  1657  1663 D vold    : Trying user CE key /data/misc/vold/user_keys/ce/0/current
08-25 16:23:04.339  2154  2564 I OpenGLRenderer: Davey! duration=814ms; Flags=0, IntendedVsync=25454461446, Vsync=26171128084, OldestInputEvent=9223372036854775807, NewestInputEvent=0, HandleInputStart=26182516500, AnimationStart=26182604600, PerformTraversalsStart=26183733800, DrawStart=26245711100, SyncQueued=26246040500, SyncStart=26254315600, IssueDrawCommandsStart=26254437700, SwapBuffers=26275384700, FrameCompleted=26277033200, DequeueBufferDuration=55000, QueueBufferDuration=195000, 
08-25 16:23:04.349  1648  1648 I hwservicemanager: getTransport: Cannot find entry android.hardware.keymaster@4.0::IKeymasterDevice/default in either framework or device manifest.
08-25 16:23:04.358  2805  2805 I bootstat: Service started: /system/bin/bootstat --record_boot_complete --record_boot_reason --record_time_since_factory_reset -l 
08-25 16:23:04.358  2805  2805 E bootstat: Failed to read /data/misc/bootstat/post_decrypt_time_elapsed: No such file or directory
08-25 16:23:04.358  2805  2805 E bootstat: Failed to parse boot time record: /data/misc/bootstat/post_decrypt_time_elapsed
08-25 16:23:04.365  1657  1663 I vold    : List of Keymaster HALs found:
08-25 16:23:04.365  1657  1663 I vold    : Keymaster HAL #1: SoftwareKeymasterDevice from Google SecurityLevel: SOFTWARE HAL: android.hardware.keymaster@3.0::IKeymasterDevice/default
08-25 16:23:04.367  1657  1663 I vold    : Using SoftwareKeymasterDevice from Google for encryption.  Security level: SOFTWARE, HAL: android.hardware.keymaster@3.0::IKeymasterDevice/default
08-25 16:23:04.373  2010  2119 D WifiConfigStore: Reading from all stores completed in 81 ms.
08-25 16:23:04.377  1657  1663 D RefBase : RefBase: Explicit destruction, weak count = 0 (in 0xf5f1c05c)
08-25 16:23:04.378  1657  1663 W RefBase : CallStack::getCurrentInternal not linked, returning null
08-25 16:23:04.378  1657  1663 W RefBase : CallStack::logStackInternal not linked
08-25 16:23:04.378  1657  1663 D vold    : Successfully retrieved key
08-25 16:23:04.385  1657  1663 D vold    : Added key 931710040 (ext4:206435d6936b837c) to keyring 17230323 in process 1657
08-25 16:23:04.393  1657  1663 D vold    : Added key 354925073 (f2fs:206435d6936b837c) to keyring 17230323 in process 1657
08-25 16:23:04.393  1657  1663 D vold    : Added key 443116642 (fscrypt:206435d6936b837c) to keyring 17230323 in process 1657
08-25 16:23:04.393  1657  1663 D vold    : Installed ce key for user 0
08-25 16:23:04.395  2010  2043 D ActivityManager: Started unlocking user 0
08-25 16:23:04.396  2010  2043 D ActivityManager: Unlocking user 0 progress 0
08-25 16:23:04.396  2010  2043 D ActivityManager: Unlocking user 0 progress 5
08-25 16:23:04.399  1657  1663 D vold    : fscrypt_prepare_user_storage for volume null, user 0, serial 0, flags 2
08-25 16:23:04.399  1657  1663 D vold    : Preparing: /data/system_ce/0
08-25 16:23:04.399  1657  1663 D vold    : Preparing: /data/misc_ce/0
08-25 16:23:04.399  1657  1663 D vold    : Preparing: /data/vendor_ce/0
08-25 16:23:04.402  2010  2043 D ColorDisplayService: setUp: currentUser=0
08-25 16:23:04.404  2010  2119 D WifiNetworkFactory: Registering NetworkFactory
08-25 16:23:04.404  2010  2119 D UntrustedWifiNetworkFactory: Registering NetworkFactory
08-25 16:23:04.404  1657  1663 D vold    : Preparing: /data/media/0
08-25 16:23:04.404  1657  1663 D vold    : Preparing: /data/data
08-25 16:23:04.406  2010  2123 D ConnectivityService: Got NetworkFactory Messenger for WifiNetworkFactory
08-25 16:23:04.406  2010  2123 D ConnectivityService: Got NetworkFactory Messenger for UntrustedWifiNetworkFactory
08-25 16:23:04.406  1657  1663 I vold    : Found policy 206435d6936b837c at /data/system_ce/0 which matches expected value
08-25 16:23:04.415  2010  2119 D WifiNetworkFactory: got request NetworkRequest [ REQUEST id=6, [ Capabilities: INTERNET&NOT_RESTRICTED&TRUSTED&NOT_VPN] ] with score 50 and serial 2
08-25 16:23:04.415  2010  2119 D WifiConnectivityHelper: Firmware supported feature set: 19
08-25 16:23:04.415  2010  2119 D WifiConnectivityHelper: Firmware roaming is not supported
08-25 16:23:04.418  1657  1663 I vold    : Found policy 206435d6936b837c at /data/misc_ce/0 which matches expected value
08-25 16:23:04.420  1657  1663 I vold    : Found policy 206435d6936b837c at /data/vendor_ce/0 which matches expected value
08-25 16:23:04.422  1657  1663 I vold    : Found policy 206435d6936b837c at /data/media/0 which matches expected value
08-25 16:23:04.422  1657  1663 I vold    : Found policy 206435d6936b837c at /data/data which matches expected value
08-25 16:23:04.423  1657  1663 D vold    : Starting restorecon of /data/system_ce/0
08-25 16:23:04.424  2010  2119 D WifiNetworkFactory: got request NetworkRequest [ REQUEST id=1, [ Capabilities: INTERNET&NOT_RESTRICTED&TRUSTED&NOT_VPN] ] with score 50 and serial 2
08-25 16:23:04.424  2010  2119 D WifiNetworkFactory: got request NetworkRequest [ TRACK_DEFAULT id=13, [ Capabilities: INTERNET&NOT_RESTRICTED&TRUSTED Uid: 10108] ] with score 50 and serial 2
08-25 16:23:04.424  2010  2119 D WifiNetworkFactory: got request NetworkRequest [ TRACK_DEFAULT id=9, [ Capabilities: INTERNET&NOT_RESTRICTED&TRUSTED Uid: 1000] ] with score 50 and serial 2
08-25 16:23:04.424  2010  2119 D WifiNetworkFactory: got request NetworkRequest [ BACKGROUND_REQUEST id=2, [ Transports: CELLULAR Capabilities: INTERNET&NOT_RESTRICTED&TRUSTED&NOT_VPN] ] with score 50 and serial 2
08-25 16:23:04.426  2010  2119 D UntrustedWifiNetworkFactory: got request NetworkRequest [ REQUEST id=6, [ Capabilities: INTERNET&NOT_RESTRICTED&TRUSTED&NOT_VPN] ] with score 50 and serial 2
08-25 16:23:04.426  2010  2119 D UntrustedWifiNetworkFactory: got request NetworkRequest [ REQUEST id=1, [ Capabilities: INTERNET&NOT_RESTRICTED&TRUSTED&NOT_VPN] ] with score 50 and serial 2
08-25 16:23:04.426  2010  2119 D UntrustedWifiNetworkFactory: got request NetworkRequest [ TRACK_DEFAULT id=13, [ Capabilities: INTERNET&NOT_RESTRICTED&TRUSTED Uid: 10108] ] with score 50 and serial 2
08-25 16:23:04.426  2010  2119 D UntrustedWifiNetworkFactory: got request NetworkRequest [ TRACK_DEFAULT id=9, [ Capabilities: INTERNET&NOT_RESTRICTED&TRUSTED Uid: 1000] ] with score 50 and serial 2
08-25 16:23:04.426  2010  2119 D UntrustedWifiNetworkFactory: got request NetworkRequest [ BACKGROUND_REQUEST id=2, [ Transports: CELLULAR Capabilities: INTERNET&NOT_RESTRICTED&TRUSTED&NOT_VPN] ] with score 50 and serial 2
08-25 16:23:04.432  2010  2043 I WindowManager: Using new display size: 1440x3040
08-25 16:23:04.433  2010  2043 W InputReader: Device has associated, but no associated display id.
08-25 16:23:04.433  2010  2043 I chatty  : uid=1000(system) android.display identical 8 lines
08-25 16:23:04.433  2010  2043 W InputReader: Device has associated, but no associated display id.
08-25 16:23:04.448  1745  1745 D Zygote  : Forked child process 2812
08-25 16:23:04.463  1778  1894 D PermissionCache: checking android.permission.READ_FRAME_BUFFER for uid=1000 => granted (8581 us)
08-25 16:23:04.463  1763  1763 D gralloc_ranchu: gralloc_alloc: Creating ashmem region of size 17514496
08-25 16:23:04.465  2010  2050 W ActivityManager: Slow operation: 54ms so far, now at startProcess: returned from zygote!
08-25 16:23:04.467  2010  2050 W ActivityManager: Slow operation: 56ms so far, now at startProcess: done updating battery stats
08-25 16:23:04.468  2010  2050 W ActivityManager: Slow operation: 57ms so far, now at startProcess: building log message
08-25 16:23:04.468  2010  2050 I ActivityManager: Start proc 2812:com.google.android.deskclock/u0a131 for broadcast {com.google.android.deskclock/com.android.deskclock.AlarmInitReceiver}
08-25 16:23:04.468  2010  2050 W ActivityManager: Slow operation: 57ms so far, now at startProcess: starting to update pids map
08-25 16:23:04.476  2812  2812 W droid.deskcloc: Unexpected CPU variant for X86 using defaults: x86
08-25 16:23:04.482  2154  2564 D EGL_emulation: eglMakeCurrent: 0xe58267c0: ver 2 0 (tinfo 0xc527cd10)
08-25 16:23:04.490  2154  2803 E ndroid.systemu: Invalid ID 0x00000000.
08-25 16:23:04.494  1648  1648 I hwservicemanager: getTransport: Cannot find entry android.hardware.graphics.mapper@3.0::IMapper/default in either framework or device manifest.
08-25 16:23:04.494  2010  2043 W Gralloc3: mapper 3.x is not supported
08-25 16:23:04.518  2010  2043 D HostConnection: createUnique: call
08-25 16:23:04.520  2010  2043 D HostConnection: HostConnection::get() New Host Connection established 0xbb745540, tid 2043
08-25 16:23:04.521  2010  2043 D HostConnection: HostComposition ext ANDROID_EMU_CHECKSUM_HELPER_v1 ANDROID_EMU_dma_v1 ANDROID_EMU_direct_mem ANDROID_EMU_host_composition_v1 ANDROID_EMU_host_composition_v2 ANDROID_EMU_vulkan ANDROID_EMU_deferred_vulkan_commands ANDROID_EMU_vulkan_null_optional_strings ANDROID_EMU_vulkan_create_resources_with_requirements ANDROID_EMU_YUV_Cache ANDROID_EMU_vulkan_ignored_handles ANDROID_EMU_vulkan_free_memory_sync ANDROID_EMU_vulkan_shader_float16_int8 ANDROID_EMU_vulkan_async_queue_submit ANDROID_EMU_sync_buffer_data GL_OES_vertex_array_object GL_KHR_texture_compression_astc_ldr ANDROID_EMU_host_side_tracing ANDROID_EMU_gles_max_version_2 
08-25 16:23:04.522  2010  2043 D eglCodecCommon: allocate: Ask for block of size 0x1000
08-25 16:23:04.522  2010  2043 D eglCodecCommon: allocate: ioctl allocate returned offset 0x3ffff8000 size 0x2000
08-25 16:23:04.528  2010  2050 W ActivityManager: Slow operation: 117ms so far, now at startProcess: done updating pids map
08-25 16:23:04.528  2010  2043 W InputReader: Device has associated, but no associated display id.
08-25 16:23:04.533  2010  2043 I ActivityTaskManager: Config changes=400 {1.0 310mcc260mnc [en_US] ldltr sw480dp w480dp h937dp 480dpi lrg long port finger qwerty/v/v dpad/v winConfig={ mBounds=Rect(0, 0 - 1440, 3040) mAppBounds=Rect(0, 0 - 1440, 2896) mWindowingMode=fullscreen mDisplayWindowingMode=fullscreen mActivityType=undefined mAlwaysOnTop=undefined mRotation=ROTATION_0} s.17}
08-25 16:23:04.555  2010  2043 I ActivityTaskManager: Override config changes=400 {1.0 310mcc260mnc [en_US] ldltr sw480dp w480dp h937dp 480dpi lrg long port finger qwerty/v/v dpad/v winConfig={ mBounds=Rect(0, 0 - 1440, 3040) mAppBounds=Rect(0, 0 - 1440, 2896) mWindowingMode=fullscreen mDisplayWindowingMode=fullscreen mActivityType=undefined mAlwaysOnTop=undefined mRotation=ROTATION_0} s.17} for displayId=0
08-25 16:23:04.528  2010  2043 I chatty  : uid=1000(system) android.display identical 8 lines
08-25 16:23:04.528  2010  2043 W InputReader: Device has associated, but no associated display id.
08-25 16:23:04.558  2435  2435 E putmethod.lati: Invalid ID 0x00000000.
08-25 16:23:04.561  1657  1663 D vold    : Finished restorecon of /data/system_ce/0
08-25 16:23:04.561  1657  1663 D vold    : Starting restorecon of /data/vendor_ce/0
08-25 16:23:04.575  2435  2435 I ShortcutsDataManager: startImportContentTask()
08-25 16:23:04.575  2435  2435 I ShortcutsDataManager: onImportAborted()
08-25 16:23:04.596  2435  2435 I DeviceStatusMonitor: onReceive() : Action = android.intent.action.CONFIGURATION_CHANGED
08-25 16:23:04.596  2435  2435 I ConfigNotification: Get device mode by ui mode:1 and smallestScreenWidthDp:480
08-25 16:23:04.634  1657  1663 D vold    : Finished restorecon of /data/vendor_ce/0
08-25 16:23:04.634  1657  1663 D vold    : Starting restorecon of /data/misc_ce/0
08-25 16:23:04.596  2435  2435 I ConfigNotification: Get device mode by ui mode:1 and smallestScreenWidthDp:480
08-25 16:23:04.642  2812  2812 D ApplicationLoaders: Returning zygote-cached class loader: /system/framework/android.hidl.base-V1.0-java.jar
08-25 16:23:04.643  2812  2812 D ApplicationLoaders: Returning zygote-cached class loader: /system/framework/android.hidl.manager-V1.0-java.jar
