08-25 16:23:00.408  2641  2686 E WriteRestartFix: 	at rwv.run(Unknown Source:0)
08-25 16:23:00.408  2641  2686 E WriteRestartFix: 	at java.util.concurrent.Executors$RunnableAdapter.call(Executors.java:462)
08-25 16:23:00.408  2641  2686 E WriteRestartFix: 	at java.util.concurrent.FutureTask.run(FutureTask.java:266)
08-25 16:23:00.408  2641  2686 E WriteRestartFix: 	at java.lang.Thread.run(Thread.java:919)
08-25 16:23:00.417  2294  2294 D MultiSimSettingController: onDefaultDataSettingChanged
08-25 16:23:00.417  2294  2294 D MultiSimSettingController: onAllSubscriptionsLoaded
08-25 16:23:00.417  2294  2294 D MultiSimSettingController: updateDefaults
08-25 16:23:00.421  2294  2294 D MultiSimSettingController: [updateDefaultValues] change: 6
08-25 16:23:00.421  2294  2294 D MultiSimSettingController: [updateDefaultValues] to only primary sub 1
08-25 16:23:00.431  2641  2641 I chatty  : uid=10116 com.google.android.gms.persistent identical 4 lines
08-25 16:23:00.434  2641  2641 E ActivityThread: Failed to find provider info for com.google.android.gsf.gservices
08-25 16:23:00.437  2641  2686 E ActivityThread: Failed to find provider info for com.google.android.gsf.gservices
08-25 16:23:00.464  2641  2641 I GmsReceiverSupport: Registered Receiver for 18+1 IntentFilters
08-25 16:23:00.447  2641  2686 I chatty  : uid=10116 com.google.android.gms.persistent identical 4 lines
08-25 16:23:00.452  2641  2686 E ActivityThread: Failed to find provider info for com.google.android.gsf.gservices
08-25 16:23:00.466  2641  2641 E ActivityThread: Failed to find provider info for com.google.android.gsf.gservices
08-25 16:23:00.510  2641  2690 I PersistentProcessRestar: Running fixer!
08-25 16:23:00.510  2641  2690 I CleanupRestartsFix: applying CleanupRestartsFix
08-25 16:23:00.510  2641  2690 W ContextImpl: Failed to ensure /data/user/0/com.google.android.gms/files: mkdir failed: ENOENT (No such file or directory)
08-25 16:23:00.510  2641  2690 I CleanupRestartsFix: Restart directory does not exist.
08-25 16:23:00.514  1778  2109 D HostConnection: HostConnection::get() New Host Connection established 0xec531d90, tid 2109
08-25 16:23:00.526  1778  2109 D HostConnection: HostComposition ext ANDROID_EMU_CHECKSUM_HELPER_v1 ANDROID_EMU_dma_v1 ANDROID_EMU_direct_mem ANDROID_EMU_host_composition_v1 ANDROID_EMU_host_composition_v2 ANDROID_EMU_vulkan ANDROID_EMU_deferred_vulkan_commands ANDROID_EMU_vulkan_null_optional_strings ANDROID_EMU_vulkan_create_resources_with_requirements ANDROID_EMU_YUV_Cache ANDROID_EMU_vulkan_ignored_handles ANDROID_EMU_vulkan_free_memory_sync ANDROID_EMU_vulkan_shader_float16_int8 ANDROID_EMU_vulkan_async_queue_submit ANDROID_EMU_sync_buffer_data GL_OES_vertex_array_object GL_KHR_texture_compression_astc_ldr ANDROID_EMU_host_side_tracing ANDROID_EMU_gles_max_version_2 
08-25 16:23:00.529  1763  1763 D gralloc_ranchu: gralloc_alloc: Creating ashmem region of size 5095424
08-25 16:23:00.524  2641  2641 I chatty  : uid=10116 com.google.android.gms.persistent identical 3 lines
08-25 16:23:00.526  2641  2641 E ActivityThread: Failed to find provider info for com.google.android.gsf.gservices
08-25 16:23:00.541  2010  2319 W Telecom : PhoneAccountRegistrar: Trying to set nonexistent default outgoing ComponentInfo{com.android.phone/com.android.services.telephony.TelephonyConnectionService}, ***, UserHandle{0}: TSI.sUSOPA@ABk
08-25 16:23:00.550  2294  2294 D TelephonyProvider: subIdString = 1 subId = 1
08-25 16:23:00.568  2641  2641 E ActivityThread: Failed to find provider info for com.google.android.gsf.gservices
08-25 16:23:00.587  2010  2040 E GnssLocationProvider: android_location_GnssLocationProvider_set_agps_server: AGPS interface not supported
08-25 16:23:00.585  2641  2641 I chatty  : uid=10116 com.google.android.gms.persistent identical 3 lines
08-25 16:23:00.603  2641  2641 E ActivityThread: Failed to find provider info for com.google.android.gsf.gservices
08-25 16:23:00.608  2641  2691 E ActivityThread: Failed to find provider info for com.google.android.gsf.gservices
08-25 16:23:00.614  2641  2691 E ActivityThread: Failed to find provider info for com.google.android.gsf.gservices
08-25 16:23:00.615  2641  2641 E ActivityThread: Failed to find provider info for com.google.android.gsf.gservices
08-25 16:23:00.616  2641  2691 E ActivityThread: Failed to find provider info for com.google.android.gsf.gservices
08-25 16:23:00.616  2641  2691 E ActivityThread: Failed to find provider info for com.google.android.gsf.gservices
08-25 16:23:00.653  2641  2641 E ActivityThread: Failed to find provider info for com.google.android.gsf.gservices
08-25 16:23:00.661  2294  2294 D TelephonyProvider: subIdString = 1 subId = 1
08-25 16:23:00.701  2641  2693 I ProcessStableCheckInFix: Running fixer!
08-25 16:23:00.713  2010  2116 W BestClock: java.time.DateTimeException: Missing NTP fix
08-25 16:23:00.741  2010  2116 W BestClock: java.time.DateTimeException: Missing NTP fix
08-25 16:23:00.745  1744  1957 I netd    : bandwidthSetGlobalAlert(2097152) <0.36ms>
08-25 16:23:00.770  2154  2167 I ndroid.systemu: NativeAlloc concurrent copying GC freed 19733(1004KB) AllocSpace objects, 2(40KB) LOS objects, 49% free, 3641KB/7282KB, paused 18.569ms total 354.876ms
08-25 16:23:00.788  2010  2116 W BestClock: java.time.DateTimeException: Missing NTP fix
08-25 16:23:00.816  2010  2116 W BestClock: java.time.DateTimeException: Missing NTP fix
08-25 16:23:00.817  1744  1957 I netd    : bandwidthSetGlobalAlert(2097152) <0.15ms>
08-25 16:23:00.826  2294  2294 D TelephonyProvider: match current APN size:  1
08-25 16:23:00.828  2294  2294 D TelephonyProvider: match MNO APN: 1
08-25 16:23:00.835  2294  2294 D TelephonyProvider: subIdString = 1 subId = 1
08-25 16:23:00.826  2641  2641 I chatty  : uid=10116 com.google.android.gms.persistent identical 12 lines
08-25 16:23:00.834  2641  2641 E ActivityThread: Failed to find provider info for com.google.android.gsf.gservices
08-25 16:23:00.836  2641  2693 E ActivityThread: Failed to find provider info for com.google.android.gsf.gservices
08-25 16:23:00.861  2641  2641 E ActivityThread: Failed to find provider info for com.google.android.gsf.gservices
08-25 16:23:00.865  2641  2693 E ActivityThread: Failed to find provider info for com.google.android.gsf.gservices
08-25 16:23:00.869  2641  2641 E ActivityThread: Failed to find provider info for com.google.android.gsf.gservices
08-25 16:23:00.838  2294  2294 I chatty  : uid=1001(radio) com.android.phone identical 1 line
08-25 16:23:00.861  2294  2294 D TelephonyProvider: subIdString = 1 subId = 1
08-25 16:23:00.873  2641  2641 I Watchcat: Started
08-25 16:23:00.878  2641  2641 E ActivityThread: Failed to find provider info for com.google.android.gsf.gservices
08-25 16:23:00.882  2641  2693 E ActivityThread: Failed to find provider info for com.google.android.gsf.gservices
08-25 16:23:00.900  2641  2693 I chatty  : uid=10116 com.google.android.gms.persistent identical 1 line
08-25 16:23:00.914  2641  2693 E ActivityThread: Failed to find provider info for com.google.android.gsf.gservices
08-25 16:23:00.917  2294  2294 I TelecomFramework: : onSubscriptionsChanged - update accounts
08-25 16:23:00.917  2294  2294 I TelecomFramework: PstnIncomingCallNotifier: Unregistering: Handler (com.android.internal.telephony.GsmCdmaPhone) {9f91b9e}
08-25 16:23:00.918  2294  2294 I TelecomFramework: TelecomAccountRegistry: setupAccounts: Found 1 phones.  Attempting to register.
08-25 16:23:00.918  2294  2294 I TelecomFramework: TelecomAccountRegistry: setupAccounts: Phone with subscription id 1
08-25 16:23:00.943  2641  2641 I bezb    : Primes not initialized, returning default (no-op) Primes instance which will ignore all calls. Please call Primes.initialize(...) before using any Primes API.
08-25 16:23:00.949  2641  2693 E ActivityThread: Failed to find provider info for com.google.android.gsf.gservices
08-25 16:23:00.951  2641  2693 I chatty  : uid=10116 com.google.android.gms.persistent identical 1 line
08-25 16:23:01.000  2641  2693 E ActivityThread: Failed to find provider info for com.google.android.gsf.gservices
08-25 16:23:01.007  2641  2641 E ActivityThread: Failed to find provider info for com.google.android.gsf.gservices
08-25 16:23:01.013  2641  2641 E ActivityThread: Failed to find provider info for com.google.android.gsf.gservices
08-25 16:23:01.023  2641  2693 E ActivityThread: Failed to find provider info for com.google.android.gsf.gservices
08-25 16:23:01.026  2641  2641 E ActivityThread: Failed to find provider info for com.google.android.gsf.gservices
08-25 16:23:01.033  2641  2697 E ActivityThread: Failed to find provider info for com.google.android.gsf.gservices
08-25 16:23:01.042  2010  2319 I Telecom : PhoneAccountRegistrar: New phone account registered: [[ ] PhoneAccount: ComponentInfo{com.android.phone/com.android.services.telephony.TelephonyConnectionService}, ***, UserHandle{0} Capabilities: CallProvider MultiUser PlaceEmerg SimSub  Audio Routes: BESW Schemes: tel voicemail  Extras: Bundle[{android.telecom.extra.SUPPORTS_VIDEO_CALLING_FALLBACK=true}] GroupId: ***]: TSI.rPA@ABo
08-25 16:23:01.044  2010  2319 I Telecom : CallsManager: Sending phone-account ComponentInfo{com.android.phone/com.android.services.telephony.TelephonyConnectionService}, ***, UserHandle{0} registered intent as user: TSI.rPA@ABo
08-25 16:23:01.045  2010  2319 I Telecom : CallsManager: Sending phone-account registered intent to default dialer: TSI.rPA@ABo
08-25 16:23:01.045  2010  2319 W ActivityManager: Unable to start service Intent { act=com.google.android.gms.udc.service.START cmp=com.google.android.gms/.chimera.PersistentApiService } U=0: not found
08-25 16:23:01.048  2294  2294 I TelecomFramework: AccountEntry: Registered phoneAccount: [[ ] PhoneAccount: ComponentInfo{com.android.phone/com.android.services.telephony.TelephonyConnectionService}, ***, UserHandle{0} Capabilities: CallProvider MultiUser PlaceEmerg SimSub  Audio Routes: BESW Schemes: tel voicemail  Extras: Bundle[{android.telecom.extra.SUPPORTS_VIDEO_CALLING_FALLBACK=true}] GroupId: ***] with handle: ComponentInfo{com.android.phone/com.android.services.telephony.TelephonyConnectionService}, ***, UserHandle{0}
08-25 16:23:01.049  2294  2294 I TelecomFramework: PstnIncomingCallNotifier: Registering: Handler (com.android.internal.telephony.GsmCdmaPhone) {9f91b9e}
08-25 16:23:01.068  2641  2693 I DynamiteModule: Considering local module com.google.android.gms.googlecertificates:4 and remote module com.google.android.gms.googlecertificates:4
08-25 16:23:01.068  2641  2693 I DynamiteModule: Selected local version of com.google.android.gms.googlecertificates
08-25 16:23:01.069  2641  2641 E ActivityThread: Failed to find provider info for com.google.android.gsf.gservices
08-25 16:23:01.071  2294  2294 I TelecomFramework: TelecomAccountRegistry: Unregistering phone account ComponentInfo{com.android.phone/com.android.services.telephony.TelephonyConnectionService}, ***, UserHandle{0}.
08-25 16:23:01.075  2010  2433 I Telecom : CallsManager: Sending phone-account ComponentInfo{com.android.phone/com.android.services.telephony.TelephonyConnectionService}, ***, UserHandle{0} unregistered intent as user: TSI.uPA@ABw
08-25 16:23:01.075  2010  2433 I Telecom : CallsManager: Sending phone-account unregistered intent to default dialer: TSI.uPA@ABw
08-25 16:23:01.080  2294  2294 D MultiSimSettingController: onSubscriptionsChanged
08-25 16:23:01.080  2294  2294 D MultiSimSettingController: updateDefaults
08-25 16:23:01.081  2607  2607 D CellBroadcastReceiver: onReceive Intent { act=android.intent.action.SERVICE_STATE flg=0x1000010 cmp=com.android.cellbroadcastreceiver/.CellBroadcastReceiver (has extras) }
08-25 16:23:01.081  2294  2294 D MultiSimSettingController: [updateDefaultValues] change: 0
08-25 16:23:01.082  2294  2294 I TelecomFramework: PstnIncomingCallNotifier: Unregistering: Handler (com.android.internal.telephony.GsmCdmaPhone) {9f91b9e}
08-25 16:23:01.082  2294  2294 I TelecomFramework: TelecomAccountRegistry: setupAccounts: Found 1 phones.  Attempting to register.
08-25 16:23:01.082  2294  2294 I TelecomFramework: TelecomAccountRegistry: setupAccounts: Phone with subscription id 1
08-25 16:23:01.083  2641  2697 E ActivityThread: Failed to find provider info for com.google.android.gsf.gservices
08-25 16:23:01.087  2641  2693 E ActivityThread: Failed to find provider info for com.google.android.gsf.gservices
08-25 16:23:01.102  2641  2641 E ActivityThread: Failed to find provider info for com.google.android.gsf.gservices
08-25 16:23:01.109  2607  2607 D CellBroadcastReceiver: onReceive Intent { act=android.telephony.action.DEFAULT_SMS_SUBSCRIPTION_CHANGED flg=0x21000010 cmp=com.android.cellbroadcastreceiver/.CellBroadcastReceiver (has extras) }
08-25 16:23:01.110  2607  2607 D CellBroadcastReceiver: Start Cell Broadcast configuration.
08-25 16:23:01.116  2641  2641 E ActivityThread: Failed to find provider info for com.google.android.gsf.gservices
08-25 16:23:01.128  2641  2697 E ActivityThread: Failed to find provider info for com.google.android.gsf.gservices
08-25 16:23:01.142  2641  2641 E ActivityThread: Failed to find provider info for com.google.android.gsf.gservices
08-25 16:23:01.150  2607  2701 D CellBroadcastConfigService: Enable CellBroadcast on sub 1
08-25 16:23:01.151  2010  2322 I Telecom : PhoneAccountRegistrar: Modify account: [ComponentInfo{com.android.phone/com.android.services.telephony.TelephonyConnectionService}, ***, UserHandle{0}]: TSI.rPA@AB4
08-25 16:23:01.154  2010  2322 I Telecom : CallsManager: handlePhoneAccountChanged: phoneAccount=[[X] PhoneAccount: ComponentInfo{com.android.phone/com.android.services.telephony.TelephonyConnectionService}, ***, UserHandle{0} Capabilities: CallProvider MultiUser PlaceEmerg SimSub  Audio Routes: BESW Schemes: tel voicemail  Extras: Bundle[{android.telecom.extra.SUPPORTS_VIDEO_CALLING_FALLBACK=true}] GroupId: ***]: TSI.rPA@AB4
08-25 16:23:01.158  2294  2294 I TelecomFramework: AccountEntry: Registered phoneAccount: [[ ] PhoneAccount: ComponentInfo{com.android.phone/com.android.services.telephony.TelephonyConnectionService}, ***, UserHandle{0} Capabilities: CallProvider MultiUser PlaceEmerg SimSub  Audio Routes: BESW Schemes: tel voicemail  Extras: Bundle[{android.telecom.extra.SUPPORTS_VIDEO_CALLING_FALLBACK=true}] GroupId: ***] with handle: ComponentInfo{com.android.phone/com.android.services.telephony.TelephonyConnectionService}, ***, UserHandle{0}
08-25 16:23:01.158  2294  2294 I TelecomFramework: PstnIncomingCallNotifier: Registering: Handler (com.android.internal.telephony.GsmCdmaPhone) {9f91b9e}
08-25 16:23:01.167  2294  2294 D CallNotifier: updatePhoneStateListeners: update CF notifications.
08-25 16:23:01.167  2294  2294 I TelecomFramework: : onSubscriptionsChanged - update accounts
08-25 16:23:01.167  2294  2294 I TelecomFramework: PstnIncomingCallNotifier: Unregistering: Handler (com.android.internal.telephony.GsmCdmaPhone) {9f91b9e}
08-25 16:23:01.167  2294  2294 I TelecomFramework: TelecomAccountRegistry: setupAccounts: Found 1 phones.  Attempting to register.
08-25 16:23:01.167  2294  2294 I TelecomFramework: TelecomAccountRegistry: setupAccounts: Phone with subscription id 1
08-25 16:23:01.205  2641  2693 E ActivityThread: Failed to find provider info for com.google.android.gsf.gservices
08-25 16:23:01.224  2294  2684 D IccSmsInterfaceManager: [IccSmsInterfaceManager] Calling setGsmBroadcastConfig with 1 configurations
08-25 16:23:01.209  2641  2693 I chatty  : uid=10116 com.google.android.gms.persistent identical 1 line
08-25 16:23:01.229  2641  2693 E ActivityThread: Failed to find provider info for com.google.android.gsf.gservices
08-25 16:23:01.237  2641  2697 E ActivityThread: Failed to find provider info for com.google.android.gsf.gservices
08-25 16:23:01.245  2010  2433 I Telecom : PhoneAccountRegistrar: Modify account: [ComponentInfo{com.android.phone/com.android.services.telephony.TelephonyConnectionService}, ***, UserHandle{0}]: TSI.rPA@ACE
08-25 16:23:01.247  2010  2433 I Telecom : CallsManager: handlePhoneAccountChanged: phoneAccount=[[X] PhoneAccount: ComponentInfo{com.android.phone/com.android.services.telephony.TelephonyConnectionService}, ***, UserHandle{0} Capabilities: CallProvider MultiUser PlaceEmerg SimSub  Audio Routes: BESW Schemes: tel voicemail  Extras: Bundle[{android.telecom.extra.SUPPORTS_VIDEO_CALLING_FALLBACK=true}] GroupId: ***]: TSI.rPA@ACE
08-25 16:23:01.248  2294  2294 I TelecomFramework: AccountEntry: Registered phoneAccount: [[ ] PhoneAccount: ComponentInfo{com.android.phone/com.android.services.telephony.TelephonyConnectionService}, ***, UserHandle{0} Capabilities: CallProvider MultiUser PlaceEmerg SimSub  Audio Routes: BESW Schemes: tel voicemail  Extras: Bundle[{android.telecom.extra.SUPPORTS_VIDEO_CALLING_FALLBACK=true}] GroupId: ***] with handle: ComponentInfo{com.android.phone/com.android.services.telephony.TelephonyConnectionService}, ***, UserHandle{0}
08-25 16:23:01.248  2294  2294 I TelecomFramework: PstnIncomingCallNotifier: Registering: Handler (com.android.internal.telephony.GsmCdmaPhone) {9f91b9e}
08-25 16:23:01.252  2641  2697 E ActivityThread: Failed to find provider info for com.google.android.gsf.gservices
08-25 16:23:01.261  2641  2693 E ActivityThread: Failed to find provider info for com.google.android.gsf.gservices
08-25 16:23:01.273  2294  2294 D MultiSimSettingController: onSubscriptionsChanged
08-25 16:23:01.273  2294  2294 D MultiSimSettingController: updateDefaults
08-25 16:23:01.274  2294  2294 D MultiSimSettingController: [updateDefaultValues] change: 0
08-25 16:23:01.289  2294  2294 D CallNotifier: updatePhoneStateListeners: update CF notifications.
08-25 16:23:01.265  2641  2693 I chatty  : uid=10116 com.google.android.gms.persistent identical 1 line
08-25 16:23:01.270  2641  2693 E ActivityThread: Failed to find provider info for com.google.android.gsf.gservices
08-25 16:23:01.289  2294  2294 I TelecomFramework: : onSubscriptionsChanged - update accounts
08-25 16:23:01.289  2294  2294 I TelecomFramework: PstnIncomingCallNotifier: Unregistering: Handler (com.android.internal.telephony.GsmCdmaPhone) {9f91b9e}
08-25 16:23:01.289  2294  2294 I TelecomFramework: TelecomAccountRegistry: setupAccounts: Found 1 phones.  Attempting to register.
08-25 16:23:01.289  2294  2294 I TelecomFramework: TelecomAccountRegistry: setupAccounts: Phone with subscription id 1
08-25 16:23:01.291  2010  2041 W WindowManager: Keyguard drawn timeout. Setting mKeyguardDrawComplete
08-25 16:23:01.308  2010  2024 I system_server: Background young concurrent copying GC freed 67319(4029KB) AllocSpace objects, 45(1892KB) LOS objects, 38% free, 9502KB/15MB, paused 858us total 155.465ms
08-25 16:23:01.355  2010  2433 I Telecom : PhoneAccountRegistrar: Modify account: [ComponentInfo{com.android.phone/com.android.services.telephony.TelephonyConnectionService}, ***, UserHandle{0}]: TSI.rPA@ACQ
08-25 16:23:01.356  2010  2433 I Telecom : CallsManager: handlePhoneAccountChanged: phoneAccount=[[X] PhoneAccount: ComponentInfo{com.android.phone/com.android.services.telephony.TelephonyConnectionService}, ***, UserHandle{0} Capabilities: CallProvider MultiUser PlaceEmerg SimSub  Audio Routes: BESW Schemes: tel voicemail  Extras: Bundle[{android.telecom.extra.SUPPORTS_VIDEO_CALLING_FALLBACK=true}] GroupId: ***]: TSI.rPA@ACQ
08-25 16:23:01.357  2294  2294 I TelecomFramework: AccountEntry: Registered phoneAccount: [[ ] PhoneAccount: ComponentInfo{com.android.phone/com.android.services.telephony.TelephonyConnectionService}, ***, UserHandle{0} Capabilities: CallProvider MultiUser PlaceEmerg SimSub  Audio Routes: BESW Schemes: tel voicemail  Extras: Bundle[{android.telecom.extra.SUPPORTS_VIDEO_CALLING_FALLBACK=true}] GroupId: ***] with handle: ComponentInfo{com.android.phone/com.android.services.telephony.TelephonyConnectionService}, ***, UserHandle{0}
08-25 16:23:01.357  2294  2294 I TelecomFramework: PstnIncomingCallNotifier: Registering: Handler (com.android.internal.telephony.GsmCdmaPhone) {9f91b9e}
08-25 16:23:01.359  2294  2294 D MultiSimSettingController: onSubscriptionsChanged
08-25 16:23:01.359  2294  2294 D MultiSimSettingController: updateDefaults
08-25 16:23:01.360  2294  2294 D MultiSimSettingController: [updateDefaultValues] change: 0
08-25 16:23:01.361  2294  2294 D CallNotifier: updatePhoneStateListeners: update CF notifications.
08-25 16:23:01.361  2294  2294 I TelecomFramework: : onSubscriptionsChanged - update accounts
08-25 16:23:01.361  2294  2294 I TelecomFramework: PstnIncomingCallNotifier: Unregistering: Handler (com.android.internal.telephony.GsmCdmaPhone) {9f91b9e}
08-25 16:23:01.361  2294  2294 I TelecomFramework: TelecomAccountRegistry: setupAccounts: Found 1 phones.  Attempting to register.
08-25 16:23:01.361  2294  2294 I TelecomFramework: TelecomAccountRegistry: setupAccounts: Phone with subscription id 1
08-25 16:23:01.399  2010  2433 I Telecom : PhoneAccountRegistrar: Modify account: [ComponentInfo{com.android.phone/com.android.services.telephony.TelephonyConnectionService}, ***, UserHandle{0}]: TSI.rPA@ACc
08-25 16:23:01.400  2641  2705 W FileUtils: Failed to chmod(/data/user/0/com.google.android.gms/app_phenotype_file): android.system.ErrnoException: chmod failed: ENOENT (No such file or directory)
08-25 16:23:01.401  2010  2433 I Telecom : CallsManager: handlePhoneAccountChanged: phoneAccount=[[X] PhoneAccount: ComponentInfo{com.android.phone/com.android.services.telephony.TelephonyConnectionService}, ***, UserHandle{0} Capabilities: CallProvider MultiUser PlaceEmerg SimSub  Audio Routes: BESW Schemes: tel voicemail  Extras: Bundle[{android.telecom.extra.SUPPORTS_VIDEO_CALLING_FALLBACK=true}] GroupId: ***]: TSI.rPA@ACc
08-25 16:23:01.405  2294  2294 I TelecomFramework: AccountEntry: Registered phoneAccount: [[ ] PhoneAccount: ComponentInfo{com.android.phone/com.android.services.telephony.TelephonyConnectionService}, ***, UserHandle{0} Capabilities: CallProvider MultiUser PlaceEmerg SimSub  Audio Routes: BESW Schemes: tel voicemail  Extras: Bundle[{android.telecom.extra.SUPPORTS_VIDEO_CALLING_FALLBACK=true}] GroupId: ***] with handle: ComponentInfo{com.android.phone/com.android.services.telephony.TelephonyConnectionService}, ***, UserHandle{0}
08-25 16:23:01.409  2641  2697 E ActivityThread: Failed to find provider info for com.google.android.gsf.gservices
08-25 16:23:01.418  2294  2294 I TelecomFramework: PstnIncomingCallNotifier: Registering: Handler (com.android.internal.telephony.GsmCdmaPhone) {9f91b9e}
08-25 16:23:01.449  2294  2294 D MultiSimSettingController: onSubscriptionsChanged
08-25 16:23:01.449  2294  2294 D MultiSimSettingController: updateDefaults
08-25 16:23:01.455  2294  2294 D MultiSimSettingController: [updateDefaultValues] change: 0
08-25 16:23:01.457  2294  2294 I TelecomFramework: : onSubscriptionsChanged - update accounts
08-25 16:23:01.457  2294  2294 I TelecomFramework: PstnIncomingCallNotifier: Unregistering: Handler (com.android.internal.telephony.GsmCdmaPhone) {9f91b9e}
08-25 16:23:01.457  2294  2294 I TelecomFramework: TelecomAccountRegistry: setupAccounts: Found 1 phones.  Attempting to register.
08-25 16:23:01.457  2294  2294 I TelecomFramework: TelecomAccountRegistry: setupAccounts: Phone with subscription id 1
08-25 16:23:01.464  2294  2312 W System  : A resource failed to call close. 
08-25 16:23:01.464  2641  2697 E ActivityThread: Failed to find provider info for com.google.android.gsf.gservices
08-25 16:23:01.469  2641  2641 E ActivityThread: Failed to find provider info for com.google.android.gsf.gservices
08-25 16:23:01.471  2010  2433 W ActivityManager: Unbind failed: could not find connection for android.os.BinderProxy@f1b62cd
08-25 16:23:01.471  2641  2697 E GmsClient: unable to connect to service: com.google.android.gms.udc.service.START on com.google.android.gms
08-25 16:23:01.474  2641  2641 E ActivityThread: Failed to find provider info for com.google.android.gsf.gservices
08-25 16:23:01.483  2641  2689 W OptedInLoggerCreator: Failed to get opt-in status
08-25 16:23:01.483  2641  2641 I chatty  : uid=10116 com.google.android.gms.persistent identical 3 lines
08-25 16:23:01.486  2641  2641 E ActivityThread: Failed to find provider info for com.google.android.gsf.gservices
08-25 16:23:01.541  2641  2706 E ActivityThread: Failed to find provider info for com.google.android.gsf.gservices
08-25 16:23:01.547  2010  2538 I Telecom : PhoneAccountRegistrar: Modify account: [ComponentInfo{com.android.phone/com.android.services.telephony.TelephonyConnectionService}, ***, UserHandle{0}]: TSI.rPA@ACo
08-25 16:23:01.548  2010  2538 I Telecom : CallsManager: handlePhoneAccountChanged: phoneAccount=[[X] PhoneAccount: ComponentInfo{com.android.phone/com.android.services.telephony.TelephonyConnectionService}, ***, UserHandle{0} Capabilities: CallProvider MultiUser PlaceEmerg SimSub  Audio Routes: BESW Schemes: tel voicemail  Extras: Bundle[{android.telecom.extra.SUPPORTS_VIDEO_CALLING_FALLBACK=true}] GroupId: ***]: TSI.rPA@ACo
08-25 16:23:01.548  2294  2294 I TelecomFramework: AccountEntry: Registered phoneAccount: [[ ] PhoneAccount: ComponentInfo{com.android.phone/com.android.services.telephony.TelephonyConnectionService}, ***, UserHandle{0} Capabilities: CallProvider MultiUser PlaceEmerg SimSub  Audio Routes: BESW Schemes: tel voicemail  Extras: Bundle[{android.telecom.extra.SUPPORTS_VIDEO_CALLING_FALLBACK=true}] GroupId: ***] with handle: ComponentInfo{com.android.phone/com.android.services.telephony.TelephonyConnectionService}, ***, UserHandle{0}
08-25 16:23:01.549  2294  2294 I TelecomFramework: PstnIncomingCallNotifier: Registering: Handler (com.android.internal.telephony.GsmCdmaPhone) {9f91b9e}
08-25 16:23:01.586  2294  2294 D CallNotifier: updatePhoneStateListeners: update CF notifications.
08-25 16:23:01.601  2294  2294 D MultiSimSettingController: onSubscriptionsChanged
08-25 16:23:01.601  2294  2294 D MultiSimSettingController: updateDefaults
08-25 16:23:01.601  2294  2294 D MultiSimSettingController: [updateDefaultValues] change: 0
08-25 16:23:01.627  2641  2641 E ActivityThread: Failed to find provider info for com.google.android.gsf.gservices
08-25 16:23:01.629  2294  2294 D CallNotifier: updatePhoneStateListeners: update CF notifications.
08-25 16:23:01.629  2294  2294 I TelecomFramework: : onSubscriptionsChanged - update accounts
08-25 16:23:01.629  2294  2294 I TelecomFramework: PstnIncomingCallNotifier: Unregistering: Handler (com.android.internal.telephony.GsmCdmaPhone) {9f91b9e}
08-25 16:23:01.629  2294  2294 I TelecomFramework: TelecomAccountRegistry: setupAccounts: Found 1 phones.  Attempting to register.
08-25 16:23:01.629  2294  2294 I TelecomFramework: TelecomAccountRegistry: setupAccounts: Phone with subscription id 1
08-25 16:23:01.630  2641  2641 E ActivityThread: Failed to find provider info for com.google.android.gsf.gservices
08-25 16:23:01.633  2641  2641 E ActivityThread: Failed to find provider info for com.google.android.gsf.gservices
08-25 16:23:01.669  2641  2697 E ActivityThread: Failed to find provider info for com.google.android.gsf.gservices
08-25 16:23:01.702  2154  2154 V KeyguardUpdateMonitor: action android.intent.action.SIM_STATE_CHANGED state: READY slotId: 0 subid: -1
08-25 16:23:01.707  2641  2697 I chatty  : uid=10116(com.google.android.gms) GoogleApiHandle identical 4 lines
08-25 16:23:01.715  2641  2697 E ActivityThread: Failed to find provider info for com.google.android.gsf.gservices
08-25 16:23:01.721  2010  2319 I Telecom : PhoneAccountRegistrar: Modify account: [ComponentInfo{com.android.phone/com.android.services.telephony.TelephonyConnectionService}, ***, UserHandle{0}]: TSI.rPA@AC0
08-25 16:23:01.722  2010  2319 I Telecom : CallsManager: handlePhoneAccountChanged: phoneAccount=[[X] PhoneAccount: ComponentInfo{com.android.phone/com.android.services.telephony.TelephonyConnectionService}, ***, UserHandle{0} Capabilities: CallProvider MultiUser PlaceEmerg SimSub  Audio Routes: BESW Schemes: tel voicemail  Extras: Bundle[{android.telecom.extra.SUPPORTS_VIDEO_CALLING_FALLBACK=true}] GroupId: ***]: TSI.rPA@AC0
08-25 16:23:01.725  2294  2294 I TelecomFramework: AccountEntry: Registered phoneAccount: [[ ] PhoneAccount: ComponentInfo{com.android.phone/com.android.services.telephony.TelephonyConnectionService}, ***, UserHandle{0} Capabilities: CallProvider MultiUser PlaceEmerg SimSub  Audio Routes: BESW Schemes: tel voicemail  Extras: Bundle[{android.telecom.extra.SUPPORTS_VIDEO_CALLING_FALLBACK=true}] GroupId: ***] with handle: ComponentInfo{com.android.phone/com.android.services.telephony.TelephonyConnectionService}, ***, UserHandle{0}
08-25 16:23:01.726  2641  2697 E ActivityThread: Failed to find provider info for com.google.android.gsf.gservices
08-25 16:23:01.725  2294  2294 I TelecomFramework: PstnIncomingCallNotifier: Registering: Handler (com.android.internal.telephony.GsmCdmaPhone) {9f91b9e}
08-25 16:23:01.737  2294  2294 D MultiSimSettingController: onSubscriptionsChanged
08-25 16:23:01.737  2294  2294 D MultiSimSettingController: updateDefaults
08-25 16:23:01.738  2294  2294 D MultiSimSettingController: [updateDefaultValues] change: 0
08-25 16:23:01.738  2294  2294 D CarrierConfigLoader: mHandler: 7 phoneId: 0
08-25 16:23:01.748  2294  2294 D CarrierConfigLoader: Loaded config from XML. package=com.android.carrierconfig phoneId=0
08-25 16:23:01.748  2294  2294 D CarrierSvcBindHelper: mHandler: 0
08-25 16:23:01.748  2294  2294 D CarrierSvcBindHelper: Rebinding if necessary for phoneId: 0
08-25 16:23:01.758  2641  2697 E ActivityThread: Failed to find provider info for com.google.android.gsf.gservices
08-25 16:23:01.767  2294  2294 D CarrierSvcBindHelper: No carrier app for: 0
08-25 16:23:01.767  2294  2294 D MultiSimSettingController: onDefaultDataSettingChanged
08-25 16:23:01.787  2641  2697 I chatty  : uid=10116(com.google.android.gms) GoogleApiHandle identical 2 lines
08-25 16:23:01.787  2641  2697 E ActivityThread: Failed to find provider info for com.google.android.gsf.gservices
08-25 16:23:01.789  2294  2294 I TelecomFramework: : onSubscriptionsChanged - update accounts
08-25 16:23:01.789  2294  2294 I TelecomFramework: PstnIncomingCallNotifier: Unregistering: Handler (com.android.internal.telephony.GsmCdmaPhone) {9f91b9e}
08-25 16:23:01.789  2294  2294 I TelecomFramework: TelecomAccountRegistry: setupAccounts: Found 1 phones.  Attempting to register.
08-25 16:23:01.789  2294  2294 I TelecomFramework: TelecomAccountRegistry: setupAccounts: Phone with subscription id 1
08-25 16:23:01.837  2154  2154 V StatusBar: mStatusBarWindow: com.android.systemui.statusbar.phone.StatusBarWindowView{adcddf9 V.E...... ......I. 0,0-1440,84} canPanelBeCollapsed(): false
08-25 16:23:01.840  2010  2319 I Telecom : PhoneAccountRegistrar: Modify account: [ComponentInfo{com.android.phone/com.android.services.telephony.TelephonyConnectionService}, ***, UserHandle{0}]: TSI.rPA@ADA
08-25 16:23:01.845  2010  2319 I Telecom : CallsManager: handlePhoneAccountChanged: phoneAccount=[[X] PhoneAccount: ComponentInfo{com.android.phone/com.android.services.telephony.TelephonyConnectionService}, ***, UserHandle{0} Capabilities: CallProvider MultiUser PlaceEmerg SimSub  Audio Routes: BESW Schemes: tel voicemail  Extras: Bundle[{android.telecom.extra.SUPPORTS_VIDEO_CALLING_FALLBACK=true}] GroupId: ***]: TSI.rPA@ADA
08-25 16:23:01.846  2294  2294 I TelecomFramework: AccountEntry: Registered phoneAccount: [[ ] PhoneAccount: ComponentInfo{com.android.phone/com.android.services.telephony.TelephonyConnectionService}, ***, UserHandle{0} Capabilities: CallProvider MultiUser PlaceEmerg SimSub  Audio Routes: BESW Schemes: tel voicemail  Extras: Bundle[{android.telecom.extra.SUPPORTS_VIDEO_CALLING_FALLBACK=true}] GroupId: ***] with handle: ComponentInfo{com.android.phone/com.android.services.telephony.TelephonyConnectionService}, ***, UserHandle{0}
08-25 16:23:01.847  2294  2294 I TelecomFramework: PstnIncomingCallNotifier: Registering: Handler (com.android.internal.telephony.GsmCdmaPhone) {9f91b9e}
08-25 16:23:01.862  2294  2294 D CallNotifier: updatePhoneStateListeners: update CF notifications.
08-25 16:23:01.862  2294  2294 D MultiSimSettingController: onSubscriptionsChanged
08-25 16:23:01.862  2294  2294 D MultiSimSettingController: updateDefaults
08-25 16:23:01.863  2294  2294 D MultiSimSettingController: [updateDefaultValues] change: 0
08-25 16:23:01.866  2641  2697 E ActivityThread: Failed to find provider info for com.google.android.gsf.gservices
08-25 16:23:01.866  2294  2294 D CallNotifier: updatePhoneStateListeners: update CF notifications.
08-25 16:23:01.866  2294  2294 I TelecomFramework: : onSubscriptionsChanged - update accounts
08-25 16:23:01.867  2294  2294 I TelecomFramework: PstnIncomingCallNotifier: Unregistering: Handler (com.android.internal.telephony.GsmCdmaPhone) {9f91b9e}
08-25 16:23:01.867  2294  2294 I TelecomFramework: TelecomAccountRegistry: setupAccounts: Found 1 phones.  Attempting to register.
08-25 16:23:01.867  2294  2294 I TelecomFramework: TelecomAccountRegistry: setupAccounts: Phone with subscription id 1
08-25 16:23:01.870  2641  2697 E ActivityThread: Failed to find provider info for com.google.android.gsf.gservices
08-25 16:23:01.880  2154  2154 D KeyguardClockSwitch: Updating clock: 423
08-25 16:23:01.918  2641  2697 W FileUtils: Failed to chmod(/data/user/0/com.google.android.gms/app_usage_reporting_db): android.system.ErrnoException: chmod failed: ENOENT (No such file or directory)
08-25 16:23:01.934  2641  2697 E ActivityThread: Failed to find provider info for com.google.android.gsf.gservices
08-25 16:23:01.947  2154  2154 I Choreographer: Skipped 163 frames!  The application may be doing too much work on its main thread.
08-25 16:23:01.965  2641  2689 W OptedInLoggerCreator: Could not retrieve Usage & Diagnostics setting. Giving up.
08-25 16:23:01.969  1763  1763 D gralloc_ranchu: gralloc_alloc: Creating ashmem region of size 831488
08-25 16:23:01.951  2641  2697 E ActivityThread: Failed to find provider info for com.google.android.gsf.gservices
08-25 16:23:01.983  2010  2135 I Telecom : PhoneAccountRegistrar: Modify account: [ComponentInfo{com.android.phone/com.android.services.telephony.TelephonyConnectionService}, ***, UserHandle{0}]: TSI.rPA@ADM
08-25 16:23:01.995  2010  2135 I Telecom : CallsManager: handlePhoneAccountChanged: phoneAccount=[[X] PhoneAccount: ComponentInfo{com.android.phone/com.android.services.telephony.TelephonyConnectionService}, ***, UserHandle{0} Capabilities: CallProvider MultiUser PlaceEmerg SimSub  Audio Routes: BESW Schemes: tel voicemail  Extras: Bundle[{android.telecom.extra.SUPPORTS_VIDEO_CALLING_FALLBACK=true}] GroupId: ***]: TSI.rPA@ADM
08-25 16:23:01.995  2294  2294 I TelecomFramework: AccountEntry: Registered phoneAccount: [[ ] PhoneAccount: ComponentInfo{com.android.phone/com.android.services.telephony.TelephonyConnectionService}, ***, UserHandle{0} Capabilities: CallProvider MultiUser PlaceEmerg SimSub  Audio Routes: BESW Schemes: tel voicemail  Extras: Bundle[{android.telecom.extra.SUPPORTS_VIDEO_CALLING_FALLBACK=true}] GroupId: ***] with handle: ComponentInfo{com.android.phone/com.android.services.telephony.TelephonyConnectionService}, ***, UserHandle{0}
08-25 16:23:01.996  2294  2294 I TelecomFramework: PstnIncomingCallNotifier: Registering: Handler (com.android.internal.telephony.GsmCdmaPhone) {9f91b9e}
08-25 16:23:01.996  2010  2319 W ActivityManager: Unable to start service Intent { act=com.google.android.gms.tapandpay.service.BIND pkg=com.google.android.gms } U=0: not found
08-25 16:23:01.996  2010  2538 W ActivityManager: Unbind failed: could not find connection for android.os.BinderProxy@253cfd5
08-25 16:23:01.997  2154  2711 E GmsClient: unable to connect to service: com.google.android.gms.tapandpay.service.BIND on com.google.android.gms
08-25 16:23:01.998  2294  2294 D MultiSimSettingController: onSubscriptionsChanged
08-25 16:23:01.998  2294  2294 D MultiSimSettingController: updateDefaults
08-25 16:23:01.999  2294  2294 D MultiSimSettingController: [updateDefaultValues] change: 0
08-25 16:23:02.001  2154  2564 D EGL_emulation: eglMakeCurrent: 0xe58267c0: ver 2 0 (tinfo 0xc527cd10)
08-25 16:23:02.006  1763  1763 D gralloc_ranchu: gralloc_alloc: Creating ashmem region of size 831488
08-25 16:23:02.011  2154  2564 I OpenGLRenderer: Davey! duration=2760ms; Flags=1, IntendedVsync=21154475109, Vsync=23871141667, OldestInputEvent=9223372036854775807, NewestInputEvent=0, HandleInputStart=23885854900, AnimationStart=23885899400, PerformTraversalsStart=23886501400, DrawStart=23904798000, SyncQueued=23904873900, SyncStart=23939546500, IssueDrawCommandsStart=23939723700, SwapBuffers=23939983800, FrameCompleted=23949532300, DequeueBufferDuration=4310000, QueueBufferDuration=128000, 
08-25 16:23:02.017  2294  2294 D CallNotifier: updatePhoneStateListeners: update CF notifications.
08-25 16:23:02.018  2294  2294 I NotificationMgr: updateMwi(): subId 1 update to false
08-25 16:23:02.029  2294  2294 I CallNotifier: onCallForwardingIndicatorChanged(): subId=1, visible=N
08-25 16:23:02.030  2294  2294 D CallNotifier: updatePhoneStateListeners: update CF notifications.
08-25 16:23:02.030  2294  2294 I NotificationMgr: updateCfi: subId= 1, visible=N
08-25 16:23:02.032  2294  2294 I NotificationMgr: updateMwi(): subId 1 update to false
08-25 16:23:02.052  2294  2294 I TelecomFramework: PstnPhoneCapabilitiesNotifier: handleVideoCapabilitesChanged. Video capability - false
08-25 16:23:02.052  2294  2294 I VvmSimStateTracker: android.intent.action.SIM_STATE_CHANGED
08-25 16:23:02.053  2294  2684 D IccSmsInterfaceManager: [IccSmsInterfaceManager] Failed to add GSM cell broadcast channels range 4370 to 4370
08-25 16:23:02.058  2294  2294 D CarrierConfigLoader: mHandler: 5 phoneId: 0
08-25 16:23:02.060  2294  2684 D IccSmsInterfaceManager: [IccSmsInterfaceManager] Calling setCdmaBroadcastConfig with 1 configurations
08-25 16:23:02.059  2294  2294 I chatty  : uid=1001(radio) com.android.phone identical 7 lines
08-25 16:23:02.060  2294  2294 I TelecomFramework: PstnPhoneCapabilitiesNotifier: handleVideoCapabilitesChanged. Video capability - false
08-25 16:23:02.061  2010  2538 W BroadcastQueue: Background execution not allowed: receiving Intent { act=android.intent.action.USER_PRESENT flg=0x24200010 } to com.google.android.gms/.chimera.GmsIntentOperationService$PersistentTrustedReceiver
08-25 16:23:02.078  2010  2319 I Telecom : PhoneAccountRegistrar: Modify account: [ComponentInfo{com.android.phone/com.android.services.telephony.TelephonyConnectionService}, ***, UserHandle{0}]: TSI.rPA@ADY
08-25 16:23:02.078  1745  1745 D Zygote  : Forked child process 2713
08-25 16:23:02.081  2010  2319 I Telecom : CallsManager: handlePhoneAccountChanged: phoneAccount=[[X] PhoneAccount: ComponentInfo{com.android.phone/com.android.services.telephony.TelephonyConnectionService}, ***, UserHandle{0} Capabilities: CallProvider MultiUser PlaceEmerg SimSub  Audio Routes: BESW Schemes: tel voicemail  Extras: Bundle[{android.telecom.extra.SUPPORTS_VIDEO_CALLING_FALLBACK=true}] GroupId: ***]: TSI.rPA@ADY
08-25 16:23:02.084  2010  2050 I ActivityManager: Start proc 2713:com.android.dialer/u0a120 for broadcast {com.android.dialer/com.android.dialer.app.voicemail.LegacyVoicemailNotificationReceiver}
08-25 16:23:02.085  2713  2713 W .android.diale: Unexpected CPU variant for X86 using defaults: x86
08-25 16:23:02.096  2010  2050 W ActivityManager: Slow operation: 62ms so far, now at startProcess: done updating pids map
08-25 16:23:02.116  2294  2294 D TelephonyProvider: subIdString = 1 subId = 1
08-25 16:23:02.156  2294  2556 D TelephonyProvider: subIdString = 1 subId = 1
08-25 16:23:02.159  2154  2564 D EGL_emulation: eglMakeCurrent: 0xe58267c0: ver 2 0 (tinfo 0xc527cd10)
08-25 16:23:02.183  2294  2684 D IccSmsInterfaceManager: [IccSmsInterfaceManager] Failed to add cdma broadcast channels range 4096 to 4096
08-25 16:23:02.186  2294  2294 D TelephonyProvider: subIdString = 1 subId = 1
08-25 16:23:02.199  2294  2684 D IccSmsInterfaceManager: [IccSmsInterfaceManager] Calling setGsmBroadcastConfig with 1 configurations
08-25 16:23:02.219  2294  2556 E libc    : Access denied finding property "net.radio0.dns1"
08-25 16:23:02.219  2294  2556 E libc    : Access denied finding property "net.radio0.dns2"
08-25 16:23:02.226  2294  2294 D TelephonyProvider: subIdString = 1 subId = 1
08-25 16:23:02.244  2010  2319 D ConnectivityService: registerNetworkAgent NetworkAgentInfo{ ni{[type: MOBILE[LTE], state: CONNECTED/CONNECTED, reason: connected, extra: epc.tmobile.com, failover: false, available: true, roaming: false]}  network{100}  nethandle{432902426637}  lp{{InterfaceName: radio0 LinkAddresses: [ fe80::9446:f4ff:fe83:e5f3/64,10.0.2.20/24,2001:2::9446:f4ff:fe83:e5f3/64,2001:2::1dea:5a72:cbf7:a1bb/64 ] DnsAddresses: [ /10.0.2.3 ] Domains: null MTU: 1500 TcpBufferSizes: 524288,1048576,2097152,262144,524288,1048576 Routes: [ ::/0 -> fe80::2 radio0,0.0.0.0/0 -> 10.0.2.2 radio0,fe80::/64 -> :: radio0,10.0.2.0/24 -> 0.0.0.0 radio0,2001:2::/64 -> :: radio0 ]}}  nc{[ Transports: CELLULAR Capabilities: MMS&SUPL&DUN&FOTA&IMS&CBS&INTERNET&NOT_RESTRICTED&TRUSTED&NOT_VPN&NOT_ROAMING&FOREGROUND&NOT_CONGESTED&NOT_SUSPENDED LinkUpBandwidth>=51200Kbps LinkDnBandwidth>=102400Kbps Specifier: <1>]}  Score{10}  everValidated{false}  lastValidated{false}  created{false} lingering{false} explicitlySelected{false} acceptUnvalidated{false} everCaptivePortalDetected{false} lastCaptivePortalDetected{false} captivePortalValidationPending{false} partialConnectivity{false} acceptPartialConnectivity{false} clat{mBaseIface: null, mIface: null, mState: IDLE} }
08-25 16:23:02.247  2294  2294 I chatty  : uid=1001(radio) com.android.phone identical 1 line
08-25 16:23:02.252  2294  2294 D TelephonyProvider: subIdString = 1 subId = 1
08-25 16:23:02.257  2713  2713 D ApplicationLoaders: Returning zygote-cached class loader: /system/framework/android.hidl.base-V1.0-java.jar
08-25 16:23:02.257  2713  2713 D ApplicationLoaders: Returning zygote-cached class loader: /system/framework/android.hidl.manager-V1.0-java.jar
08-25 16:23:02.257  2713  2713 D ApplicationLoaders: Returning zygote-cached class loader: /system/framework/android.hidl.base-V1.0-java.jar
08-25 16:23:02.258  2713  2713 I .android.diale: The ClassLoaderContext is a special shared library.
08-25 16:23:02.260  2294  2294 D TelephonyProvider: subIdString = 1 subId = 1
08-25 16:23:02.283  2010  2043 W WindowManager: Window freeze timeout expired.
08-25 16:23:02.285  2010  2043 W WindowManager: Force clearing orientation change: Window{b22b68 u0 StatusBar}
08-25 16:23:02.285  2010  2043 W WindowManager: Force clearing orientation change: Window{5fbf67c u0 com.android.systemui.ImageWallpaper}
08-25 16:23:02.210  2294  2294 W DcHandlerThread: type=1400 audit(0.0:7): avc: denied { read } for name="u:object_r:net_radio0_prop:s0" dev="tmpfs" ino=9391 scontext=u:r:radio:s0 tcontext=u:object_r:net_radio0_prop:s0 tclass=file permissive=0
08-25 16:23:02.293  2010  2043 W WindowManager: Timeout waiting for drawn: undrawn=[Window{b22b68 u0 StatusBar}]
08-25 16:23:02.210  2294  2294 W DcHandlerThread: type=1400 audit(0.0:8): avc: denied { read } for name="u:object_r:net_radio0_prop:s0" dev="tmpfs" ino=9391 scontext=u:r:radio:s0 tcontext=u:object_r:net_radio0_prop:s0 tclass=file permissive=0
08-25 16:23:02.317  2713  2713 I .android.diale: The ClassLoaderContext is a special shared library.
08-25 16:23:02.320  2154  2564 I OpenGLRenderer: Davey! duration=3100ms; Flags=1, IntendedVsync=21154475109, Vsync=23871141667, OldestInputEvent=9223372036854775807, NewestInputEvent=0, HandleInputStart=23885854900, AnimationStart=23885899400, PerformTraversalsStart=23886501400, DrawStart=24083153400, SyncQueued=24094832400, SyncStart=24098517700, IssueDrawCommandsStart=24098783600, SwapBuffers=24253202900, FrameCompleted=24258878600, DequeueBufferDuration=65000, QueueBufferDuration=178000, 
08-25 16:23:02.333  2294  2310 I m.android.phon: Background concurrent copying GC freed 21533(2177KB) AllocSpace objects, 1(20KB) LOS objects, 49% free, 1580KB/3161KB, paused 1.547ms total 146.743ms
08-25 16:23:02.346  2154  2154 D StatusBar: disable<e i a s b h r c s > disable2<q i n >
08-25 16:23:02.350  2294  2294 D TelephonyProvider: subIdString = 1 subId = 1
08-25 16:23:02.383  2010  2123 D ConnectivityService: NetworkAgentInfo [MOBILE (LTE) - 100] EVENT_NETWORK_INFO_CHANGED, going from null to CONNECTED
08-25 16:23:02.370  2294  2294 D TelephonyProvider: subIdString = 1 subId = 1
08-25 16:23:02.384  1744  1957 D TcpSocketMonitor: resuming tcpinfo polling (interval=30000ms)
08-25 16:23:02.384  1744  1957 I netd    : networkCreatePhysical(100, 0) <0.34ms>
08-25 16:23:02.386  1744  1957 I netd    : createNetworkCache(100) <0.06ms>
08-25 16:23:02.390  2010  2123 W DnsManager: updatePrivateDns(100, PrivateDnsConfig{true:/[]})
08-25 16:23:02.391  2010  2123 D ConnectivityService: Setting DNS servers for network 100 to [/10.0.2.3]
08-25 16:23:02.394  2010  2123 D DnsManager: setDnsConfigurationForNetwork(100, [10.0.2.3], [], 1800, 25, 8, 64, 0, 0, , [10.0.2.3])
08-25 16:23:02.395  2294  2294 D TelephonyProvider: subIdString = 1 subId = 1
08-25 16:23:02.397  1744  1957 I netd    : DnsResolverService::setResolverConfiguration(100, [10.0.2.3], [], 1800, 25, 8, 64, 0, 0, [10.0.2.3], []) -> (0) (0.4ms)
08-25 16:23:02.398  1744  1957 I netd    : setResolverConfiguration() <0.56ms>
08-25 16:23:02.405  2713  2713 W ContextImpl: Failed to ensure /data/user/0/com.android.dialer/cache: mkdir failed: ENOENT (No such file or directory)
08-25 16:23:02.405  2713  2713 W ContextImpl: Failed to update user.inode_cache: stat failed: ENOENT (No such file or directory)
08-25 16:23:02.411  2010  2123 D ConnectivityService: Adding iface radio0 to network 100
08-25 16:23:02.423  1744  1957 I netd    : networkAddInterface(100, "radio0") <3.18ms>
08-25 16:23:02.424  1744  1957 I netd    : interfaceSetMtu("radio0", 1500) <0.39ms>
08-25 16:23:02.425  2294  2294 D TelephonyProvider: subIdString = 1 subId = 1
08-25 16:23:02.426  1744  1957 I netd    : networkAddRoute(100, "radio0", "fe80::/64", "") <0.10ms>
08-25 16:23:02.433  1744  1957 I netd    : networkAddRoute(100, "radio0", "10.0.2.0/24", "") <2.71ms>
08-25 16:23:02.436  1744  1957 I netd    : networkAddRoute(100, "radio0", "2001:2::/64", "") <0.63ms>
08-25 16:23:02.441  1744  2208 E Netd    : Error adding route ::/0 -> fe80::2 radio0 to table 1010: File exists
08-25 16:23:02.443  1744  2208 I netd    : networkAddRoute(100, "radio0", "::/0", "fe80::2") <2.55ms>
08-25 16:23:02.456  1744  2208 I netd    : networkAddRoute(100, "radio0", "0.0.0.0/0", "10.0.2.2") <1.12ms>
08-25 16:23:02.471  2010  2123 D ConnectivityService: Setting DNS servers for network 100 to [/10.0.2.3]
08-25 16:23:02.471  2010  2123 D DnsManager: setDnsConfigurationForNetwork(100, [10.0.2.3], [], 1800, 25, 8, 64, 0, 0, , [10.0.2.3])
08-25 16:23:02.474  1744  2208 I netd    : DnsResolverService::setResolverConfiguration(100, [10.0.2.3], [], 1800, 25, 8, 64, 0, 0, [10.0.2.3], []) -> (0) (0.3ms)
08-25 16:23:02.474  1744  2208 I netd    : setResolverConfiguration() <0.60ms>
08-25 16:23:02.484  2154  2154 E ndroid.systemu: Invalid ID 0x00000000.
08-25 16:23:02.485  2010  2123 W BestClock: java.time.DateTimeException: Missing NTP fix
08-25 16:23:02.500  2294  2294 D CarrierConfigLoader: mHandler: 16 phoneId: 0
08-25 16:23:02.512  2294  2294 D CarrierConfigLoader: Broadcast CARRIER_CONFIG_CHANGED for phone 0
08-25 16:23:02.521  2294  2684 D IccSmsInterfaceManager: [IccSmsInterfaceManager] Failed to add GSM cell broadcast channels range 4383 to 4383
08-25 16:23:02.534  1744  2208 I netd    : trafficSwapActiveStatsMap() <48.35ms>
08-25 16:23:02.547  1744  2208 I netd    : tetherGetStats() <10.65ms>
08-25 16:23:02.564  2713  2713 I Dialer  : DialerExecutorModule.newThread - creating low priority thread
08-25 16:23:02.565  2294  2386 I CarrierInfoManager: using values for mnc, mcc: 260,310
08-25 16:23:02.566  2010  2116 W BestClock: java.time.DateTimeException: Missing NTP fix
08-25 16:23:02.597  2713  2751 I Dialer  : BlockedNumbersAutoMigrator - not attempting auto-migrate: device is locked
08-25 16:23:02.603  2294  2386 D CarrierInfoManager: No rows found for keyType: 2
08-25 16:23:02.603  2010  2123 W BestClock: java.time.DateTimeException: Missing NTP fix
08-25 16:23:02.644  1744  2208 I netd    : idletimerAddInterface("radio0", 10, "0") <2.66ms>
08-25 16:23:02.654  2010  2123 D ConnectivityService: Switching to new default network: NetworkAgentInfo{ ni{[type: MOBILE[LTE], state: CONNECTED/CONNECTED, reason: connected, extra: epc.tmobile.com, failover: false, available: true, roaming: false]}  network{100}  nethandle{432902426637}  lp{{InterfaceName: radio0 LinkAddresses: [ fe80::9446:f4ff:fe83:e5f3/64,10.0.2.20/24,2001:2::9446:f4ff:fe83:e5f3/64,2001:2::1dea:5a72:cbf7:a1bb/64 ] DnsAddresses: [ /10.0.2.3 ] Domains: null MTU: 1500 TcpBufferSizes: 524288,1048576,2097152,262144,524288,1048576 Routes: [ ::/0 -> fe80::2 radio0,0.0.0.0/0 -> 10.0.2.2 radio0,fe80::/64 -> :: radio0,10.0.2.0/24 -> 0.0.0.0 radio0,2001:2::/64 -> :: radio0 ]}}  nc{[ Transports: CELLULAR Capabilities: MMS&SUPL&DUN&FOTA&IMS&CBS&INTERNET&NOT_RESTRICTED&TRUSTED&NOT_VPN&NOT_ROAMING&FOREGROUND&NOT_CONGESTED&NOT_SUSPENDED LinkUpBandwidth>=51200Kbps LinkDnBandwidth>=102400Kbps Specifier: <1>]}  Score{10}  everValidated{false}  lastValidated{false}  created{true} lingering{false} explicitlySelected{false} acceptUnvalidated{false} everCaptivePortalDetected{false} lastCaptivePortalDetected{false} captivePortalValidationPending{false} partialConnectivity{false} acceptPartialConnectivity{false} clat{mBaseIface: null, mIface: null, mState: IDLE} }
08-25 16:23:02.655  1744  2208 I netd    : networkSetDefault(100) <0.11ms>
