08-25 21:23:25.810  3120  3120 I StreamRenderer: maybeRegisterNowCardsScope(nowcards-15-7a1d31-248a, com.google.android.sidekick.shared.remoteapi.CardRenderingContext@b806256)
08-25 21:23:25.889  2660  7587 I LogUtils: [Places]: ?: Couldn't find platform key file. [CONTEXT service_id=253 ]
08-25 21:23:25.934  3120  3546 W ExifInterface: Invalid image: ExifInterface got an unsupported image format file(ExifInterface supports JPEG and some RAW image formats only) or a corrupted JPEG file to ExifInterface.
08-25 21:23:25.934  3120  3546 W ExifInterface: java.io.IOException: Invalid byte order: ffff8950
08-25 21:23:25.934  3120  3546 W ExifInterface: 	at android.media.ExifInterface.readByteOrder(ExifInterface.java:3121)
08-25 21:23:25.934  3120  3546 W ExifInterface: 	at android.media.ExifInterface.isOrfFormat(ExifInterface.java:2437)
08-25 21:23:25.934  3120  3546 W ExifInterface: 	at android.media.ExifInterface.getMimeType(ExifInterface.java:2315)
08-25 21:23:25.934  3120  3546 W ExifInterface: 	at android.media.ExifInterface.loadAttributes(ExifInterface.java:1753)
08-25 21:23:25.934  3120  3546 W ExifInterface: 	at android.media.ExifInterface.<init>(ExifInterface.java:1447)
08-25 21:23:25.934  3120  3546 W ExifInterface: 	at com.bumptech.glide.load.d.a.ac.a(SourceFile:4)
08-25 21:23:25.934  3120  3546 W ExifInterface: 	at com.bumptech.glide.load.f.b(SourceFile:19)
08-25 21:23:25.934  3120  3546 W ExifInterface: 	at com.bumptech.glide.load.d.a.w.a(SourceFile:31)
08-25 21:23:25.934  3120  3546 W ExifInterface: 	at com.bumptech.glide.load.d.a.g.a(SourceFile:6)
08-25 21:23:25.934  3120  3546 W ExifInterface: 	at com.bumptech.glide.load.b.v.a(SourceFile:13)
08-25 21:23:25.934  3120  3546 W ExifInterface: 	at com.bumptech.glide.load.b.m.h(SourceFile:123)
08-25 21:23:25.934  3120  3546 W ExifInterface: 	at com.bumptech.glide.load.b.m.a(SourceFile:249)
08-25 21:23:25.934  3120  3546 W ExifInterface: 	at com.bumptech.glide.load.b.g.a(SourceFile:38)
08-25 21:23:25.934  3120  3546 W ExifInterface: 	at com.bumptech.glide.load.c.o.a(SourceFile:4)
08-25 21:23:25.934  3120  3546 W ExifInterface: 	at com.bumptech.glide.load.b.g.a(SourceFile:30)
08-25 21:23:25.934  3120  3546 W ExifInterface: 	at com.bumptech.glide.load.b.m.e(SourceFile:82)
08-25 21:23:25.934  3120  3546 W ExifInterface: 	at com.bumptech.glide.load.b.m.run(SourceFile:59)
08-25 21:23:25.934  3120  3546 W ExifInterface: 	at java.util.concurrent.ThreadPoolExecutor.runWorker(ThreadPoolExecutor.java:1167)
08-25 21:23:25.934  3120  3546 W ExifInterface: 	at java.util.concurrent.ThreadPoolExecutor$Worker.run(ThreadPoolExecutor.java:641)
08-25 21:23:25.934  3120  3546 W ExifInterface: 	at java.lang.Thread.run(Thread.java:919)
08-25 21:23:25.934  3120  3546 W ExifInterface: 	at com.bumptech.glide.load.b.c.d.run(SourceFile:9)
08-25 21:23:25.967  4585  4821 D EGL_emulation: eglMakeCurrent: 0xe21ecc80: ver 2 0 (tinfo 0xc27f10e0)
08-25 21:23:25.985  4585  4585 I AppLifecycleTracker: onActivityStopped: 
08-25 21:23:25.996  4585  4585 I AppLifecycleTracker: App transition to background
08-25 21:23:26.016  4585  4585 I AppLifecycleTracker: onActivitySaveInstanceState: 
08-25 21:23:26.037  3120  3546 W ExifInterface: Invalid image: ExifInterface got an unsupported image format file(ExifInterface supports JPEG and some RAW image formats only) or a corrupted JPEG file to ExifInterface.
08-25 21:23:26.037  3120  3546 W ExifInterface: java.io.IOException: Invalid byte order: ffff8950
08-25 21:23:26.037  3120  3546 W ExifInterface: 	at android.media.ExifInterface.readByteOrder(ExifInterface.java:3121)
08-25 21:23:26.037  3120  3546 W ExifInterface: 	at android.media.ExifInterface.isOrfFormat(ExifInterface.java:2437)
08-25 21:23:26.037  3120  3546 W ExifInterface: 	at android.media.ExifInterface.getMimeType(ExifInterface.java:2315)
08-25 21:23:26.037  3120  3546 W ExifInterface: 	at android.media.ExifInterface.loadAttributes(ExifInterface.java:1753)
08-25 21:23:26.037  3120  3546 W ExifInterface: 	at android.media.ExifInterface.<init>(ExifInterface.java:1447)
08-25 21:23:26.037  3120  3546 W ExifInterface: 	at com.bumptech.glide.load.d.a.ac.a(SourceFile:4)
08-25 21:23:26.037  3120  3546 W ExifInterface: 	at com.bumptech.glide.load.f.b(SourceFile:19)
08-25 21:23:26.037  3120  3546 W ExifInterface: 	at com.bumptech.glide.load.d.a.w.a(SourceFile:31)
08-25 21:23:26.037  3120  3546 W ExifInterface: 	at com.bumptech.glide.load.d.a.g.a(SourceFile:6)
08-25 21:23:26.037  3120  3546 W ExifInterface: 	at com.bumptech.glide.load.b.v.a(SourceFile:13)
08-25 21:23:26.037  3120  3546 W ExifInterface: 	at com.bumptech.glide.load.b.m.h(SourceFile:123)
08-25 21:23:26.037  3120  3546 W ExifInterface: 	at com.bumptech.glide.load.b.m.a(SourceFile:249)
08-25 21:23:26.037  3120  3546 W ExifInterface: 	at com.bumptech.glide.load.b.g.a(SourceFile:38)
08-25 21:23:26.037  3120  3546 W ExifInterface: 	at com.bumptech.glide.load.c.o.a(SourceFile:4)
08-25 21:23:26.037  3120  3546 W ExifInterface: 	at com.bumptech.glide.load.b.g.a(SourceFile:30)
08-25 21:23:26.037  3120  3546 W ExifInterface: 	at com.bumptech.glide.load.b.m.e(SourceFile:82)
08-25 21:23:26.037  3120  3546 W ExifInterface: 	at com.bumptech.glide.load.b.m.run(SourceFile:59)
08-25 21:23:26.037  3120  3546 W ExifInterface: 	at java.util.concurrent.ThreadPoolExecutor.runWorker(ThreadPoolExecutor.java:1167)
08-25 21:23:26.037  3120  3546 W ExifInterface: 	at java.util.concurrent.ThreadPoolExecutor$Worker.run(ThreadPoolExecutor.java:641)
08-25 21:23:26.037  3120  3546 W ExifInterface: 	at java.lang.Thread.run(Thread.java:919)
08-25 21:23:26.037  3120  3546 W ExifInterface: 	at com.bumptech.glide.load.b.c.d.run(SourceFile:9)
08-25 21:23:26.138  3120  3151 I earchbox:searc: Background concurrent copying GC freed 38850(2308KB) AllocSpace objects, 0(0B) LOS objects, 32% free, 12MB/18MB, paused 1.321ms total 358.947ms
08-25 21:23:26.152  3120  3153 W System  : A resource failed to call close. 
08-25 21:23:26.178  2660  2660 I GeofencerStateMachine: removeGeofences: removeRequest=RemoveGeofencingRequest[REMOVE_BY_PENDING_INTENT pendingIntent=PendingIntent[creatorPackage=com.google.android.gms], packageName=com.google.android.gms]
08-25 21:23:26.214  2001  2014 I system_server: NativeAlloc concurrent copying GC freed 39941(1819KB) AllocSpace objects, 1(36KB) LOS objects, 31% free, 12MB/18MB, paused 656us total 176.738ms
08-25 21:23:26.215  2660  2660 I GeofencerStateMachine: removeGeofences: removeRequest=RemoveGeofencingRequest[REMOVE_BY_PENDING_INTENT pendingIntent=PendingIntent[creatorPackage=com.google.android.gms], packageName=com.google.android.gms]
08-25 21:23:26.220  2660  2660 I GeofencerStateMachine: removeGeofences: removeRequest=RemoveGeofencingRequest[REMOVE_BY_PENDING_INTENT pendingIntent=PendingIntent[creatorPackage=com.google.android.gms], packageName=com.google.android.gms]
08-25 21:23:26.228  2660  7587 W ctxmgr  : [AclManager] No 3 for (accnt=account#1178712851#, com.google.android.gms(10116):UserVelocityProducer, vrsn=202414022, 0, 3pPkg = null ,  3pMdlId = null ,  pid = 2660). Was: 2 for 1, account#1178712851# [CONTEXT service_id=47 ]
08-25 21:23:26.265  2660  7861 I LogUtils: [Places]: ?: Couldn't find platform key file. [CONTEXT service_id=253 ]
08-25 21:23:26.312  2660  7587 I ctxmgr  : [ProducerStatusImpl] updateStateForNewContextData: inactive, contextName=7 [CONTEXT service_id=47 ]
08-25 21:23:26.314  2660  6532 I LogUtils: [Places]: ?: Couldn't find platform key file. [CONTEXT service_id=253 ]
08-25 21:23:26.358  2660  2660 I GeofencerStateMachine: removeGeofences: removeRequest=RemoveGeofencingRequest[REMOVE_BY_PENDING_INTENT pendingIntent=PendingIntent[creatorPackage=com.google.android.gms], packageName=com.google.android.gms]
08-25 21:23:26.365  2660  7893 I PlacesLogger: [PlaceInferenceEngine]: [anon] Changed inference mode: 0 [CONTEXT service_id=253 ]
08-25 21:23:26.365  2660  6532 I LogUtils: [Places]: ?: Couldn't find platform key file. [CONTEXT service_id=253 ]
08-25 21:23:26.365  2660  6532 I LogUtils: [Places]: ?: Couldn't find platform key file. [CONTEXT service_id=253 ]
08-25 21:23:26.366  2660  2660 I GeofencerStateMachine: removeGeofences: removeRequest=RemoveGeofencingRequest[REMOVE_BY_PENDING_INTENT pendingIntent=PendingIntent[creatorPackage=com.google.android.gms], packageName=com.google.android.gms]
08-25 21:23:26.367  2660  7894 I LogUtils: [Places]: ?: Couldn't find platform key file. [CONTEXT service_id=253 ]
08-25 21:23:26.368  2660  7893 I PlacesLogger: [PlaceInferenceEngine]: [account#1178712851] Changed inference mode: 0 [CONTEXT service_id=253 ]
08-25 21:23:26.438  2660  6776 I LogUtils: [Places]: ?: Couldn't find platform key file. [CONTEXT service_id=253 ]
08-25 21:23:26.456  2660  6532 I LogUtils: [Places]: ?: Couldn't find platform key file. [CONTEXT service_id=253 ]
08-25 21:23:26.463  3120  7874 W earchbox:searc: Long monitor contention with owner NonUserFacing15 (6523) at boolean com.google.android.apps.gsa.staticplugins.ad.aw.d()(SourceFile:-1) waiters=0 in void com.google.android.apps.gsa.staticplugins.ad.aw.a(com.google.android.libraries.gcoreclient.f.h) for 162ms
08-25 21:23:26.528  2660  6532 I LogUtils: [Places]: ?: Couldn't find platform key file. [CONTEXT service_id=253 ]
08-25 21:23:26.578  2660  7893 I LogUtils: [Places]: ?: PlacesBleScanner start() with priority 2 [CONTEXT service_id=253 ]
08-25 21:23:26.579  2660  7893 I PlacesLogger: [PlaceInferenceEngine]: [anon] Changed inference mode: 1 [CONTEXT service_id=253 ]
08-25 21:23:26.579  2660  7893 I PlacesLogger: [PlaceInferenceEngine]: [account#1178712851] Changed inference mode: 1 [CONTEXT service_id=253 ]
08-25 21:23:26.655  2660  2660 E BeaconBle: Missing BluetoothAdapter [CONTEXT service_id=111 ]
08-25 21:23:26.656  2660  2660 I BeaconBle: BLE 'KK+' software access layer enabled [CONTEXT service_id=111 ]
08-25 21:23:26.681  2660  2660 I BeaconBle: Client requested scan, settings=BleSettings [scanMode=ZERO_POWER, callbackType=ALL_MATCHES, reportDelayMillis=0, 1 filters, 0 clients, callingClientName=Places] [CONTEXT service_id=111 ]
08-25 21:23:26.682  2660  2660 I BeaconBle: Scan : No clients left, canceling alarm. [CONTEXT service_id=111 ]
08-25 21:23:26.684  2660  2660 E BeaconBle: Scan couldn't start for Places [CONTEXT service_id=111 ]
08-25 21:23:26.684  2660  2660 W Places  : BLE failure while scanning - code 5
08-25 21:23:26.973  2001  2091 D WificondControl: Scan result ready event
08-25 21:23:27.153  2660  7893 I Places  : Converted 0 out of 1 WiFi scans
08-25 21:23:27.162  2660  7587 I LogUtils: [Places]: ?: Couldn't find platform key file. [CONTEXT service_id=253 ]
08-25 21:23:27.162  2660  7893 I PlacesLogger: [PlaceInferenceEngine]: [account#1178712851] Changed inference mode: 1 [CONTEXT service_id=253 ]
08-25 21:23:27.163  2660  7587 I LogUtils: [Places]: ?: Couldn't find platform key file. [CONTEXT service_id=253 ]
08-25 21:23:27.163  2660  7893 I PlacesLogger: [PlaceInferenceEngine]: [anon] Changed inference mode: 1 [CONTEXT service_id=253 ]
08-25 21:23:27.163  2660  7861 I LogUtils: [Places]: ?: Couldn't find platform key file. [CONTEXT service_id=253 ]
08-25 21:23:27.173  2660  6776 I LogUtils: [Places]: ?: Couldn't find platform key file. [CONTEXT service_id=253 ]
08-25 21:23:27.174  2660  7587 I PlacesLogger: [PlaceInferenceEngine]: No beacon scan available - ignoring candidates. [CONTEXT service_id=253 ]
08-25 21:23:27.208  2660  7587 I PlacesLogger: [PlaceInferenceEngine]: No beacon scan available - ignoring candidates. [CONTEXT service_id=253 ]
08-25 21:23:27.209  2660  7894 I LogUtils: [Places]: ?: Couldn't find platform key file. [CONTEXT service_id=253 ]
08-25 21:23:27.247  2660  7587 I LogUtils: [Places]: ?: Couldn't find platform key file. [CONTEXT service_id=253 ]
08-25 21:23:28.143  1751  1875 W audio_hw_generic: Not supplying enough data to HAL, expected position 2580166 , only wrote 2443056
08-25 21:23:30.640  3120  3120 I BgTaskExecutorImpl: Starting PERIODIC background task REFRESH_SEARCH_HISTORY.
08-25 21:23:30.658  3120  3427 I MicroDetectionWorker: #startMicroDetector [speakerMode: 0]
08-25 21:23:30.659  3120  3427 W ErrorReporter: reportError [type: 211, code: 393244, bug: 0]: errorCode: 393244, engine: 0
08-25 21:23:30.658  3120  6523 W CDHeaderDataHandler: Invalid integer value "" in experiments IDs.
08-25 21:23:30.660  3120  3427 I MicroDetector: Keeping mic open: false
08-25 21:23:30.660  3120  3427 I MicroDetectionWorker: #onError(false)
08-25 21:23:30.660  3120  7876 I DeviceStateChecker: DeviceStateChecker cancelled
08-25 21:23:34.575  2001  2216 D WificondControl: Scan result ready event
08-25 21:23:35.665  3120  3427 I MicroDetectionWorker: #startMicroDetector [speakerMode: 0]
08-25 21:23:35.667  3120  3427 W ErrorReporter: reportError [type: 211, code: 393244, bug: 0]: errorCode: 393244, engine: 0
08-25 21:23:35.669  3120  3427 I MicroDetector: Keeping mic open: false
08-25 21:23:35.669  3120  3427 I MicroDetectionWorker: #onError(false)
08-25 21:23:40.675  3120  3427 I MicroDetectionWorker: #startMicroDetector [speakerMode: 0]
08-25 21:23:40.677  3120  3427 W ErrorReporter: reportError [type: 211, code: 393244, bug: 0]: errorCode: 393244, engine: 0
08-25 21:23:40.679  3120  3427 I MicroDetector: Keeping mic open: false
08-25 21:23:40.679  3120  3427 I MicroDetectionWorker: #onError(false)
08-25 21:23:41.266  2001  2038 E memtrack: Couldn't load memtrack module
08-25 21:23:41.266  2001  2038 W android.os.Debug: failed to get memory consumption info: -1
08-25 21:23:45.686  3120  3427 I MicroDetectionWorker: #startMicroDetector [speakerMode: 0]
08-25 21:23:45.689  3120  3427 W ErrorReporter: reportError [type: 211, code: 393244, bug: 0]: errorCode: 393244, engine: 0
08-25 21:23:45.690  3120  3427 I MicroDetector: Keeping mic open: false
08-25 21:23:45.691  3120  3427 I MicroDetectionWorker: #onError(false)
08-25 21:23:50.696  3120  3427 I MicroDetectionWorker: #startMicroDetector [speakerMode: 0]
08-25 21:23:50.698  3120  3427 W ErrorReporter: reportError [type: 211, code: 393244, bug: 0]: errorCode: 393244, engine: 0
08-25 21:23:50.700  3120  3427 I MicroDetector: Keeping mic open: false
08-25 21:23:50.701  3120  3427 I MicroDetectionWorker: #onError(false)
