08-28 21:55:28.045  1754  5599 W audio_hw_generic: Not supplying enough data to HAL, expected position 3891972 , only wrote 3891968
08-28 21:55:28.064  2212  2533 D EGL_emulation: eglMakeCurrent: 0xd7f1a8a0: ver 2 0 (tinfo 0xd7f0f990)
08-28 21:55:28.178  2212  2533 I chatty  : uid=10108(com.android.systemui) RenderThread identical 6 lines
08-28 21:55:28.192  2212  2533 D EGL_emulation: eglMakeCurrent: 0xd7f1a8a0: ver 2 0 (tinfo 0xd7f0f990)
08-28 21:55:30.625  1754  1896 W audio_hw_generic: Not supplying enough data to HAL, expected position 4118687 , only wrote 4005660
--------- beginning of system
08-28 21:55:30.909  2014  3890 I ActivityTaskManager: START u0 {act=android.intent.action.MAIN cat=[android.intent.category.LAUNCHER] flg=0x10200000 cmp=com.google.android.deskclock/com.android.deskclock.DeskClock bnds=[854,336][1123,673]} from uid 10109
08-28 21:55:30.931  1754  5599 W audio_hw_generic: Not supplying enough data to HAL, expected position 4005792 , only wrote 4005660
08-28 21:55:30.938  2014  2014 W ActivityManager: Unable to start service Intent { act=android.service.appprediction.AppPredictionService cmp=com.google.android.as/com.google.android.apps.miphone.aiai.app.AiAiPredictionService } U=0: not found
08-28 21:55:30.938  2014  2014 W RemoteAppPredictionService: could not bind to Intent { act=android.service.appprediction.AppPredictionService cmp=com.google.android.as/com.google.android.apps.miphone.aiai.app.AiAiPredictionService } using flags 67108865
08-28 21:55:30.961  2014  4461 W InputReader: Device has associated, but no associated display id.
08-28 21:55:30.977  2014  4461 I chatty  : uid=1000(system) Binder:2014_19 identical 28 lines
08-28 21:55:30.977  2014  4461 W InputReader: Device has associated, but no associated display id.
08-28 21:55:31.025  2014  2047 W InputReader: Device has associated, but no associated display id.
08-28 21:55:31.026  2014  2047 I chatty  : uid=1000(system) android.anim identical 8 lines
08-28 21:55:31.026  2014  2047 W InputReader: Device has associated, but no associated display id.
08-28 21:55:31.072  7575  7575 I AppLifecycleTracker: onActivityStarted: 
08-28 21:55:31.075  7575  7575 I AppLifecycleTracker: App transition to foreground
08-28 21:55:31.109  7575  7575 I AppLifecycleTracker: onActivityResumed: 
08-28 21:55:31.127  2014  3890 W UriGrantsManagerService: No permission grants found for com.google.android.deskclock
08-28 21:55:31.143  1765  1815 D gralloc_ranchu: gralloc_alloc: Creating ashmem region of size 14749696
08-28 21:55:31.173  1766  1976 W EmuHWC2 : validate: layer 28 CompositionType 1, fallback
08-28 21:55:31.178  1765  1815 D gralloc_ranchu: gralloc_alloc: Creating ashmem region of size 14749696
08-28 21:55:31.186  1766  1976 W EmuHWC2 : No layers, exit, buffer 0xec512f00
08-28 21:55:31.188  1766  1976 W EmuHWC2 : validate: layer 28 CompositionType 1, fallback
08-28 21:55:31.207  1765  1815 D gralloc_ranchu: gralloc_alloc: Creating ashmem region of size 14749696
08-28 21:55:31.232  7575  7614 D EGL_emulation: eglMakeCurrent: 0xd494b4a0: ver 2 0 (tinfo 0xe009ffd0)
08-28 21:55:31.239  1766  1976 W EmuHWC2 : No layers, exit, buffer 0xec512c00
08-28 21:55:31.242  1766  1976 W EmuHWC2 : validate: layer 28 CompositionType 1, fallback
08-28 21:55:31.278  1766  1976 W EmuHWC2 : No layers, exit, buffer 0xec0332a0
08-28 21:55:31.281  1766  1976 W EmuHWC2 : validate: layer 28 CompositionType 1, fallback
08-28 21:55:31.283  2212  2533 D EGL_emulation: eglMakeCurrent: 0xd7f1a8a0: ver 2 0 (tinfo 0xd7f0f990)
08-28 21:55:31.292  1766  1976 W EmuHWC2 : No layers, exit, buffer 0xec512f00
08-28 21:55:31.295  1766  1976 W EmuHWC2 : validate: layer 28 CompositionType 1, fallback
08-28 21:55:31.300  2212  2533 D EGL_emulation: eglMakeCurrent: 0xd7f1a8a0: ver 2 0 (tinfo 0xd7f0f990)
08-28 21:55:31.304  1766  1976 W EmuHWC2 : No layers, exit, buffer 0xec512c00
08-28 21:55:31.317  1766  1976 W EmuHWC2 : validate: layer 29 CompositionType 1, fallback
08-28 21:55:31.326  2212  2533 D EGL_emulation: eglMakeCurrent: 0xd7f1a8a0: ver 2 0 (tinfo 0xd7f0f990)
08-28 21:55:31.328  1766  1976 W EmuHWC2 : No layers, exit, buffer 0xec0332a0
08-28 21:55:31.331  1766  1976 W EmuHWC2 : validate: layer 29 CompositionType 1, fallback
08-28 21:55:31.340  1649  1649 I hwservicemanager: getTransport: Cannot find entry android.hardware.graphics.allocator@3.0::IAllocator/default in either framework or device manifest.
08-28 21:55:31.342  2014  2882 W Gralloc3: allocator 3.x is not supported
08-28 21:55:31.350  1766  1976 W EmuHWC2 : No layers, exit, buffer 0xec512f00
08-28 21:55:31.351  2212  2533 D EGL_emulation: eglMakeCurrent: 0xd7f1a8a0: ver 2 0 (tinfo 0xd7f0f990)
08-28 21:55:31.351  1765  1815 D gralloc_ranchu: gralloc_alloc: Creating ashmem region of size 2363392
08-28 21:55:31.354  1766  1976 W EmuHWC2 : validate: layer 29 CompositionType 1, fallback
08-28 21:55:31.364  2014  8657 D HostConnection: HostConnection::get() New Host Connection established 0xb89b0fa0, tid 8657
08-28 21:55:31.372  2014  8657 D HostConnection: HostComposition ext ANDROID_EMU_CHECKSUM_HELPER_v1 ANDROID_EMU_dma_v1 ANDROID_EMU_direct_mem ANDROID_EMU_host_composition_v1 ANDROID_EMU_host_composition_v2 ANDROID_EMU_vulkan ANDROID_EMU_deferred_vulkan_commands ANDROID_EMU_vulkan_null_optional_strings ANDROID_EMU_vulkan_create_resources_with_requirements ANDROID_EMU_YUV_Cache ANDROID_EMU_vulkan_ignored_handles ANDROID_EMU_vulkan_free_memory_sync ANDROID_EMU_vulkan_shader_float16_int8 ANDROID_EMU_vulkan_async_queue_submit ANDROID_EMU_sync_buffer_data GL_OES_vertex_array_object GL_KHR_texture_compression_astc_ldr ANDROID_EMU_host_side_tracing ANDROID_EMU_gles_max_version_2 
08-28 21:55:31.372  1766  1976 W EmuHWC2 : No layers, exit, buffer 0xec512c00
08-28 21:55:31.373  2014  8657 W OpenGLRenderer: Failed to choose config with EGL_SWAP_BEHAVIOR_PRESERVED, retrying without...
08-28 21:55:31.376  1766  1976 W EmuHWC2 : validate: layer 29 CompositionType 1, fallback
08-28 21:55:31.393  2014  8657 D EGL_emulation: eglCreateContext: 0xeb27f7c0: maj 2 min 0 rcv 2
08-28 21:55:31.396  2212  2533 D EGL_emulation: eglMakeCurrent: 0xd7f1a8a0: ver 2 0 (tinfo 0xd7f0f990)
08-28 21:55:31.400  2014  8657 D EGL_emulation: eglMakeCurrent: 0xeb27f7c0: ver 2 0 (tinfo 0xbaf2c940)
08-28 21:55:31.406  2014  2882 D HostConnection: HostConnection::get() New Host Connection established 0xb5451210, tid 2882
08-28 21:55:31.407  2014  2882 D HostConnection: HostComposition ext ANDROID_EMU_CHECKSUM_HELPER_v1 ANDROID_EMU_dma_v1 ANDROID_EMU_direct_mem ANDROID_EMU_host_composition_v1 ANDROID_EMU_host_composition_v2 ANDROID_EMU_vulkan ANDROID_EMU_deferred_vulkan_commands ANDROID_EMU_vulkan_null_optional_strings ANDROID_EMU_vulkan_create_resources_with_requirements ANDROID_EMU_YUV_Cache ANDROID_EMU_vulkan_ignored_handles ANDROID_EMU_vulkan_free_memory_sync ANDROID_EMU_vulkan_shader_float16_int8 ANDROID_EMU_vulkan_async_queue_submit ANDROID_EMU_sync_buffer_data GL_OES_vertex_array_object GL_KHR_texture_compression_astc_ldr ANDROID_EMU_host_side_tracing ANDROID_EMU_gles_max_version_2 
08-28 21:55:31.408  1766  1976 W EmuHWC2 : No layers, exit, buffer 0xec0332a0
08-28 21:55:31.416  1766  1976 W EmuHWC2 : validate: layer 29 CompositionType 1, fallback
08-28 21:55:31.431  2212  2533 D EGL_emulation: eglMakeCurrent: 0xd7f1a8a0: ver 2 0 (tinfo 0xd7f0f990)
08-28 21:55:31.434  1766  1976 W EmuHWC2 : No layers, exit, buffer 0xec512f00
08-28 21:55:31.439  1766  1976 W EmuHWC2 : validate: layer 29 CompositionType 1, fallback
08-28 21:55:31.454  1766  1976 W EmuHWC2 : No layers, exit, buffer 0xec512c00
08-28 21:55:31.454  2212  2533 D EGL_emulation: eglMakeCurrent: 0xd7f1a8a0: ver 2 0 (tinfo 0xd7f0f990)
08-28 21:55:31.458  1766  1976 W EmuHWC2 : validate: layer 29 CompositionType 1, fallback
08-28 21:55:31.474  1766  1976 W EmuHWC2 : No layers, exit, buffer 0xec0332a0
08-28 21:55:31.476  1766  1976 W EmuHWC2 : validate: layer 29 CompositionType 1, fallback
08-28 21:55:31.483  2212  2533 D EGL_emulation: eglMakeCurrent: 0xd7f1a8a0: ver 2 0 (tinfo 0xd7f0f990)
08-28 21:55:31.497  1766  1976 W EmuHWC2 : No layers, exit, buffer 0xec512f00
08-28 21:55:31.513  1779  1779 E Layer   : [Surface(name=AppWindowToken{f9cab6f token=Token{bdd2e4e ActivityRecord{e9a8549 u0 com.google.android.deskclock/com.android.deskclock.DeskClock t7}}})/@0xe1252b9 - animation-leash#0] No local sync point found
08-28 21:55:31.514  1779  1779 E Layer   : [Surface(name=AppWindowToken{2895f36 token=Token{916c8d1 ActivityRecord{9d5bbf8 u0 com.google.android.apps.nexuslauncher/.NexusLauncherActivity t5}}})/@0xf14e82c - animation-leash#0] No local sync point found
08-28 21:55:31.524  3850  5602 D EGL_emulation: eglMakeCurrent: 0xd494ab40: ver 2 0 (tinfo 0xbae42840)
08-28 21:55:31.549  1779  1779 E Layer   : [Surface(name=AppWindowToken{f9cab6f token=Token{bdd2e4e ActivityRecord{e9a8549 u0 com.google.android.deskclock/com.android.deskclock.DeskClock t7}}})/@0xe1252b9 - animation-leash#0] No local sync point found
08-28 21:55:31.549  1779  1779 E Layer   : [Surface(name=AppWindowToken{2895f36 token=Token{916c8d1 ActivityRecord{9d5bbf8 u0 com.google.android.apps.nexuslauncher/.NexusLauncherActivity t5}}})/@0xf14e82c - animation-leash#0] No local sync point found
08-28 21:55:31.566  2833  3697 D EGL_emulation: eglMakeCurrent: 0xd7f1a300: ver 2 0 (tinfo 0xd7f0f420)
08-28 21:55:31.597  2014  2882 I ActivityManager: Killing 4501:com.android.dialer/u0a120 (adj 999): empty for 4444s
08-28 21:55:31.613  1779  1779 W SurfaceFlinger: couldn't log to binary event log: overflow.
08-28 21:55:31.648  2014  2027 I system_server: NativeAlloc concurrent copying GC freed 134139(4610KB) AllocSpace objects, 7(236KB) LOS objects, 34% free, 11MB/17MB, paused 1.901ms total 216.787ms
08-28 21:55:31.651  1748  1748 I Zygote  : Process 4501 exited due to signal 9 (Killed)
08-28 21:55:31.654  2014  2054 I libprocessgroup: Successfully killed process cgroup uid 10120 pid 4501 in 46ms
08-28 21:55:31.660  3850  3984 W SearchServiceCore: Abort, client detached.
08-28 21:55:31.678  3850  8663 I PBSessionCacheImpl: Deleted sessionId[154055980850] from persistence.
08-28 21:55:33.486  7575  7575 D AlarmClock: Events: [Clock] [Show Tab] [Tap]
08-28 21:55:33.579  1776  1941 D AF::Track: interceptBuffer: took 1247us to intercept 0 tracks
08-28 21:55:33.878  2194  8444 I NetworkScheduler.Stats: Task com.google.android.gms/com.google.android.gms.auth.account.be.legacy.AuthCronService started execution. cause:7 exec_start_elapsed_seconds: 4824 [CONTEXT service_id=218 ]
08-28 21:55:34.338  2194  3794 W Conscrypt: Could not set socket write timeout: java.net.SocketException: Socket closed
08-28 21:55:34.338  2194  3794 W Conscrypt: 	at com.google.android.gms.org.conscrypt.Platform.setSocketWriteTimeout(:com.google.android.gms@202414022@20.24.14 (040700-319035315):2)
08-28 21:55:34.338  2194  3794 W Conscrypt: 	at com.google.android.gms.org.conscrypt.ConscryptFileDescriptorSocket.setSoWriteTimeout(:com.google.android.gms@202414022@20.24.14 (040700-319035315):0)
08-28 21:55:34.389  2194  3794 W Conscrypt: Could not set socket write timeout: java.net.SocketException: Socket closed
08-28 21:55:34.389  2194  3794 W Conscrypt: 	at com.google.android.gms.org.conscrypt.Platform.setSocketWriteTimeout(:com.google.android.gms@202414022@20.24.14 (040700-319035315):2)
08-28 21:55:34.389  2194  3794 W Conscrypt: 	at com.google.android.gms.org.conscrypt.ConscryptFileDescriptorSocket.setSoWriteTimeout(:com.google.android.gms@202414022@20.24.14 (040700-319035315):0)
08-28 21:55:34.484  2194  3794 W GLSUser : [AppCertManager] IOException while requesting key: 
08-28 21:55:34.484  2194  3794 W GLSUser : java.io.IOException: Invalid device key response.
08-28 21:55:34.484  2194  3794 W GLSUser : 	at hwy.a(:com.google.android.gms@202414022@20.24.14 (040700-319035315):49)
08-28 21:55:34.484  2194  3794 W GLSUser : 	at hww.a(:com.google.android.gms@202414022@20.24.14 (040700-319035315):45)
08-28 21:55:34.484  2194  3794 W GLSUser : 	at hwr.a(:com.google.android.gms@202414022@20.24.14 (040700-319035315):0)
08-28 21:55:34.484  2194  3794 W GLSUser : 	at hwu.a(:com.google.android.gms@202414022@20.24.14 (040700-319035315):10)
08-28 21:55:34.484  2194  3794 W GLSUser : 	at gbi.call(:com.google.android.gms@202414022@20.24.14 (040700-319035315):0)
08-28 21:55:34.484  2194  3794 W GLSUser : 	at java.util.concurrent.FutureTask.run(FutureTask.java:266)
08-28 21:55:34.484  2194  3794 W GLSUser : 	at soy.b(:com.google.android.gms@202414022@20.24.14 (040700-319035315):12)
08-28 21:55:34.484  2194  3794 W GLSUser : 	at soy.run(:com.google.android.gms@202414022@20.24.14 (040700-319035315):7)
08-28 21:55:34.484  2194  3794 W GLSUser : 	at java.util.concurrent.ThreadPoolExecutor.runWorker(ThreadPoolExecutor.java:1167)
08-28 21:55:34.484  2194  3794 W GLSUser : 	at java.util.concurrent.ThreadPoolExecutor$Worker.run(ThreadPoolExecutor.java:641)
08-28 21:55:34.484  2194  3794 W GLSUser : 	at sux.run(:com.google.android.gms@202414022@20.24.14 (040700-319035315):0)
08-28 21:55:34.484  2194  3794 W GLSUser : 	at java.lang.Thread.run(Thread.java:919)
08-28 21:55:34.499  2194  4809 I NetworkScheduler.Stats: Task com.google.android.gms/com.google.android.gms.auth.account.be.legacy.AuthCronService finished executing. cause:7 result: 3 elapsed_millis: 723 uptime_millis: 722 exec_start_elapsed_seconds: 4824 [CONTEXT service_id=218 ]
08-28 21:55:36.643  1754  1896 W audio_hw_generic: Not supplying enough data to HAL, expected position 4507787 , only wrote 4257501
08-28 21:55:36.770  2194  5630 I LogUtils: [Places]: ?: Couldn't find platform key file. [CONTEXT service_id=253 ]
08-28 21:55:36.777  2194  8672 I LogUtils: [Places]: ?: Couldn't find platform key file. [CONTEXT service_id=253 ]
08-28 21:55:36.786  2194  8441 I LogUtils: [Places]: ?: PlacesBleScanner stop() [CONTEXT service_id=253 ]
08-28 21:55:36.787  2194  2194 I BeaconBle: Scan : No clients left, canceling alarm. [CONTEXT service_id=111 ]
08-28 21:55:36.788  2194  2194 I BeaconBle: Scan canceled successfully. [CONTEXT service_id=111 ]
08-28 21:55:36.796  2194  8441 I PlacesLogger: [PlaceInferenceEngine]: [anon] Changed inference mode: 0 [CONTEXT service_id=253 ]
08-28 21:55:36.814  2194  4051 W GCoreFlp: No location to return for getLastLocation()
08-28 21:55:36.842  2194  5630 I LogUtils: [Places]: ?: Couldn't find platform key file. [CONTEXT service_id=253 ]
08-28 21:55:36.843  2194  8672 I LogUtils: [Places]: ?: Couldn't find platform key file. [CONTEXT service_id=253 ]
08-28 21:55:36.953  2194  2194 I GeofencerStateMachine: removeGeofences: removeRequest=RemoveGeofencingRequest[REMOVE_BY_PENDING_INTENT pendingIntent=PendingIntent[creatorPackage=com.google.android.gms], packageName=com.google.android.gms]
08-28 21:55:37.225  7575  7575 D AlarmClock: Events: [Clock] [Select Cities] [DeskClock]
08-28 21:55:37.236  2014  3146 I ActivityTaskManager: START u0 {cmp=com.google.android.deskclock/com.android.deskclock.worldclock.CitySelectionActivity} from uid 10133
08-28 21:55:37.243  1754  5599 W audio_hw_generic: Not supplying enough data to HAL, expected position 4257552 , only wrote 4257501
08-28 21:55:37.307  7575  7575 I AppLifecycleTracker: onActivityPaused: 
08-28 21:55:37.313  2014  3426 W InputReader: Device has associated, but no associated display id.
08-28 21:55:37.318  2014  3426 I chatty  : uid=1000(system) Binder:2014_11 identical 48 lines
08-28 21:55:37.318  2014  3426 W InputReader: Device has associated, but no associated display id.
08-28 21:55:37.320  7575  7575 W ActivityThread: handleWindowVisibility: no activity for token android.os.BinderProxy@b077e13
08-28 21:55:37.342  7575  7575 I AppLifecycleTracker: onActivityCreated: 
08-28 21:55:37.350  7575  7575 I AppCompatDelegate: Failed to instantiate custom view inflater android.support.v7.app.AppCompatViewInflater. Falling back to default.
08-28 21:55:37.350  7575  7575 I AppCompatDelegate: java.lang.ClassNotFoundException: android.support.v7.app.AppCompatViewInflater
08-28 21:55:37.350  7575  7575 I AppCompatDelegate: 	at java.lang.Class.classForName(Native Method)
08-28 21:55:37.350  7575  7575 I AppCompatDelegate: 	at java.lang.Class.forName(Class.java:454)
08-28 21:55:37.350  7575  7575 I AppCompatDelegate: 	at java.lang.Class.forName(Class.java:379)
08-28 21:55:37.350  7575  7575 I AppCompatDelegate: 	at yb.a(PG:401)
08-28 21:55:37.350  7575  7575 I AppCompatDelegate: 	at yb.onCreateView(PG:412)
08-28 21:55:37.350  7575  7575 I AppCompatDelegate: 	at android.view.LayoutInflater.tryCreateView(LayoutInflater.java:1061)
08-28 21:55:37.350  7575  7575 I AppCompatDelegate: 	at android.view.LayoutInflater.createViewFromTag(LayoutInflater.java:997)
08-28 21:55:37.350  7575  7575 I AppCompatDelegate: 	at android.view.LayoutInflater.createViewFromTag(LayoutInflater.java:961)
08-28 21:55:37.350  7575  7575 I AppCompatDelegate: 	at android.view.LayoutInflater.inflate(LayoutInflater.java:659)
08-28 21:55:37.350  7575  7575 I AppCompatDelegate: 	at android.view.LayoutInflater.inflate(LayoutInflater.java:534)
08-28 21:55:37.350  7575  7575 I AppCompatDelegate: 	at android.view.LayoutInflater.inflate(LayoutInflater.java:481)
08-28 21:55:37.350  7575  7575 I AppCompatDelegate: 	at com.android.internal.policy.DecorView.onResourcesLoaded(DecorView.java:2083)
08-28 21:55:37.350  7575  7575 I AppCompatDelegate: 	at com.android.internal.policy.PhoneWindow.generateLayout(PhoneWindow.java:2627)
08-28 21:55:37.350  7575  7575 I AppCompatDelegate: 	at com.android.internal.policy.PhoneWindow.installDecor(PhoneWindow.java:2694)
08-28 21:55:37.350  7575  7575 I AppCompatDelegate: 	at com.android.internal.policy.PhoneWindow.getDecorView(PhoneWindow.java:2094)
08-28 21:55:37.350  7575  7575 I AppCompatDelegate: 	at aop.onCreate(PG:4)
08-28 21:55:37.350  7575  7575 I AppCompatDelegate: 	at com.android.deskclock.worldclock.CitySelectionActivity.onCreate(PG:7)
08-28 21:55:37.350  7575  7575 I AppCompatDelegate: 	at android.app.Activity.performCreate(Activity.java:7802)
08-28 21:55:37.350  7575  7575 I AppCompatDelegate: 	at android.app.Activity.performCreate(Activity.java:7791)
08-28 21:55:37.350  7575  7575 I AppCompatDelegate: 	at android.app.Instrumentation.callActivityOnCreate(Instrumentation.java:1299)
08-28 21:55:37.350  7575  7575 I AppCompatDelegate: 	at android.app.ActivityThread.performLaunchActivity(ActivityThread.java:3245)
08-28 21:55:37.350  7575  7575 I AppCompatDelegate: 	at android.app.ActivityThread.handleLaunchActivity(ActivityThread.java:3409)
08-28 21:55:37.350  7575  7575 I AppCompatDelegate: 	at android.app.servertransaction.LaunchActivityItem.execute(LaunchActivityItem.java:83)
08-28 21:55:37.350  7575  7575 I AppCompatDelegate: 	at android.app.servertransaction.TransactionExecutor.executeCallbacks(TransactionExecutor.java:135)
08-28 21:55:37.350  7575  7575 I AppCompatDelegate: 	at android.app.servertransaction.TransactionExecutor.execute(TransactionExecutor.java:95)
08-28 21:55:37.350  7575  7575 I AppCompatDelegate: 	at android.app.ActivityThread$H.handleMessage(ActivityThread.java:2016)
08-28 21:55:37.350  7575  7575 I AppCompatDelegate: 	at android.os.Handler.dispatchMessage(Handler.java:107)
08-28 21:55:37.350  7575  7575 I AppCompatDelegate: 	at android.os.Looper.loop(Looper.java:214)
08-28 21:55:37.350  7575  7575 I AppCompatDelegate: 	at android.app.ActivityThread.main(ActivityThread.java:7356)
08-28 21:55:37.350  7575  7575 I AppCompatDelegate: 	at java.lang.reflect.Method.invoke(Native Method)
08-28 21:55:37.350  7575  7575 I AppCompatDelegate: 	at com.android.internal.os.RuntimeInit$MethodAndArgsCaller.run(RuntimeInit.java:492)
08-28 21:55:37.350  7575  7575 I AppCompatDelegate: 	at com.android.internal.os.ZygoteInit.main(ZygoteInit.java:930)
08-28 21:55:37.350  7575  7575 I AppCompatDelegate: Caused by: java.lang.ClassNotFoundException: android.support.v7.app.AppCompatViewInflater
08-28 21:55:37.350  7575  7575 I AppCompatDelegate: 	... 32 more
08-28 21:55:37.410  7575  7575 D AutoManageHelper: starting AutoManage for client 0 false null
08-28 21:55:37.417  7575  7575 I AppLifecycleTracker: onActivityStarted: 
08-28 21:55:37.418  7575  7575 I AppLifecycleTracker: App foreground state unchanged: inForeground ? true
08-28 21:55:37.419  7575  7575 D AutoManageHelper: onStart true {0=cbf@b7653c2}
08-28 21:55:37.434  7575  7575 I AppLifecycleTracker: onActivityResumed: 
08-28 21:55:37.477  1765  1815 D gralloc_ranchu: gralloc_alloc: Creating ashmem region of size 14749696
08-28 21:55:37.492  1765  1815 I chatty  : uid=1000(system) HwBinder:1765_1 identical 1 line
08-28 21:55:37.502  1765  1815 D gralloc_ranchu: gralloc_alloc: Creating ashmem region of size 14749696
08-28 21:55:37.555  7575  7614 D EGL_emulation: eglMakeCurrent: 0xd494b4a0: ver 2 0 (tinfo 0xe009ffd0)
08-28 21:55:37.576  7575  7614 D EGL_emulation: eglMakeCurrent: 0xd494b4a0: ver 2 0 (tinfo 0xe009ffd0)
08-28 21:55:37.585  2014  2047 W InputReader: Device has associated, but no associated display id.
08-28 21:55:37.588  2014  2047 I chatty  : uid=1000(system) android.anim identical 18 lines
08-28 21:55:37.588  2014  2047 W InputReader: Device has associated, but no associated display id.
08-28 21:55:37.610  7575  7614 D EGL_emulation: eglMakeCurrent: 0xd494b4a0: ver 2 0 (tinfo 0xe009ffd0)
08-28 21:55:37.624  7575  7614 I chatty  : uid=10133(com.google.android.deskclock) RenderThread identical 1 line
08-28 21:55:37.646  7575  7614 D EGL_emulation: eglMakeCurrent: 0xd494b4a0: ver 2 0 (tinfo 0xe009ffd0)
08-28 21:55:37.713  2788  2788 I KeyboardViewUtil: systemKeyboardHeightRatio:1.000000; userKeyboardHeightRatio:1.000000.
08-28 21:55:37.720  2788  2788 I LatinIme: initialize() : Language = en-US
08-28 21:55:37.726  2788  2788 I Delight5Facilitator: initializeForIme() : Locale = [en_US]
08-28 21:55:37.726  2788  2788 I Delight5Facilitator: resetDecoder() : Locale = [en_US]
08-28 21:55:37.775  2788  2788 I EmptyLayoutProvider: getFakeKeyboardLayout() : Computing new layout
08-28 21:55:37.788  2788  8680 I MainLoader: Running LM loader for [en_US]
08-28 21:55:37.789  2788  8680 I SuperDelight: SuperDelightLanguageModelProvider#fetchLanguageModel(): 1 locales
08-28 21:55:37.789  2788  8680 I SuperDelight: syncBundledLanguageModels(): clearing bundled_delight selection
08-28 21:55:37.813  2788  8681 I SuperDelight: initializeBundledDelightSuperpacks()
08-28 21:55:37.819  2788  2802 W putmethod.lati: Reducing the number of considered missed Gc histogram windows from 478 to 100
08-28 21:55:37.824  2788  2788 I AndroidIME: LatinIme.onActivate() : EditorInfo = Package = com.google.android.deskclock : Type = Text : Learning = Disable : Suggestion = Show : AutoCorrection = Disable : Microphone = Show : NoPersonalizedLearning = Disable
08-28 21:55:37.843  2788  3679 I SP      : Registering bundled_delight.20190203, url: null, constraints: *:*, flags: *, requested: 20190203, current: -1
08-28 21:55:37.846  2788  8682 W TaskSpec: Initial retry millis (30000) must be at least 30 seconds, set as 30 seconds.
08-28 21:55:37.863  2788  8682 I FirebaseJobDispatcher: Cancel task: DlamTrainingTask. Success.
08-28 21:55:37.871  2788  8683 I SuperDelight: FetchManifestFromResourceTask#execute(): packManifest bundled_delight-20190203
08-28 21:55:37.900  2014  3203 E memtrack: Couldn't load memtrack module
08-28 21:55:37.900  2014  3203 W android.os.Debug: failed to get memory consumption info: -1
08-28 21:55:37.997  1765  1815 D gralloc_ranchu: gralloc_alloc: Creating ashmem region of size 20480
08-28 21:55:38.006  2212  2859 D HostConnection: HostConnection::get() New Host Connection established 0xbc6eabf0, tid 2859
08-28 21:55:38.010  2212  2859 D HostConnection: HostComposition ext ANDROID_EMU_CHECKSUM_HELPER_v1 ANDROID_EMU_dma_v1 ANDROID_EMU_direct_mem ANDROID_EMU_host_composition_v1 ANDROID_EMU_host_composition_v2 ANDROID_EMU_vulkan ANDROID_EMU_deferred_vulkan_commands ANDROID_EMU_vulkan_null_optional_strings ANDROID_EMU_vulkan_create_resources_with_requirements ANDROID_EMU_YUV_Cache ANDROID_EMU_vulkan_ignored_handles ANDROID_EMU_vulkan_free_memory_sync ANDROID_EMU_vulkan_shader_float16_int8 ANDROID_EMU_vulkan_async_queue_submit ANDROID_EMU_sync_buffer_data GL_OES_vertex_array_object GL_KHR_texture_compression_astc_ldr ANDROID_EMU_host_side_tracing ANDROID_EMU_gles_max_version_2 
08-28 21:55:38.010  2212  2859 W OpenGLRenderer: Failed to choose config with EGL_SWAP_BEHAVIOR_PRESERVED, retrying without...
08-28 21:55:38.023  2212  2859 D EGL_emulation: eglCreateContext: 0xe00981a0: maj 2 min 0 rcv 2
08-28 21:55:38.031  2788  2788 I KeyboardViewHelper: Get view with height ratio:1.000000; experiment height ratio:1.000000.
08-28 21:55:38.041  2212  2859 D EGL_emulation: eglMakeCurrent: 0xe00981a0: ver 2 0 (tinfo 0xbfafa7c0)
08-28 21:55:38.043  7575  7575 I AppLifecycleTracker: onActivityStopped: 
08-28 21:55:38.051  7575  7575 I AppLifecycleTracker: App foreground state unchanged: inForeground ? true
08-28 21:55:38.056  7575  7575 I AppLifecycleTracker: onActivitySaveInstanceState: 
08-28 21:55:38.070  2788  3679 I SP      : Successfully got manifest for bundled_delight-manifest: manifests:bundled_delight-20190203
08-28 21:55:38.208  2788  2788 I EmojiSearchExtension: Created (instance count = 2)
08-28 21:55:38.251  2788  8687 I KeyboardGroupDefParser: parseKeyboardGroupDef() 2131296529 -> extension_emoticon_keyboards : WaitTime = 17 ms : RunTime = 35 ms
08-28 21:55:38.259  2788  8688 I KeyboardGroupDefParser: parseKeyboardGroupDef() 2131296522 -> extension_emoji_search_extension_view : WaitTime = 11 ms : RunTime = 14 ms
08-28 21:55:38.263  2788  8689 I KeyboardGroupDefParser: parseKeyboardGroupDef() 2131296524 -> extension_emoji_search_keyboards : WaitTime = 9 ms : RunTime = 24 ms
08-28 21:55:38.269  2788  2788 I Conv2QueryExtension: Current locale: en_US, config allows these locales: de,en,fr,it,es,pt
08-28 21:55:38.269  2788  2788 I Conv2QueryExtension: Conv2Query not enabled due to current app [com.google.android.deskclock] not in whitelist
08-28 21:55:38.269  2788  2788 I Conv2QueryExtension: onActivate() : Disabled by unsupported host app
08-28 21:55:38.278  2788  2788 I FeaturePermissions: disableFeaturesWithDeniedPermissions() : Disable import_user_contacts
08-28 21:55:38.287  2788  2788 I FeaturePermissions: onSharedPreferenceChanged() : Disable FeatureInfo : Description = 2131954182 : Permissions=[android.permission.READ_CONTACTS] : Listeners=[cpb@3b90d15, cfc@e002341]
08-28 21:55:38.321  1779  2130 E SurfaceFlinger: ro.sf.lcd_density must be defined as a build property
08-28 21:55:38.322  1779  2130 E SurfaceFlinger: ro.sf.lcd_density must be defined as a build property
08-28 21:55:38.332  2788  2802 I putmethod.lati: Background concurrent copying GC freed 30260(1473KB) AllocSpace objects, 0(0B) LOS objects, 49% free, 5666KB/11MB, paused 411us total 160.843ms
08-28 21:55:38.415  2788  8691 D libEGL  : Emulator has host GPU support, qemu.gles is set to 1.
08-28 21:55:38.416  2788  8691 W libc    : Unable to set property "qemu.gles" to "1": connection failed; errno=13 (Permission denied)
08-28 21:55:38.400  2788  2788 W RenderThread: type=1400 audit(0.0:34): avc: denied { write } for name="property_service" dev="tmpfs" ino=7346 scontext=u:r:untrusted_app_27:s0:c145,c256,c512,c768 tcontext=u:object_r:property_socket:s0 tclass=sock_file permissive=0 app=com.google.android.inputmethod.latin
08-28 21:55:38.497  2788  8691 D libEGL  : loaded /vendor/lib/egl/libEGL_emulation.so
08-28 21:55:38.514  2788  8691 D libEGL  : loaded /vendor/lib/egl/libGLESv1_CM_emulation.so
08-28 21:55:38.539  2788  8691 D libEGL  : loaded /vendor/lib/egl/libGLESv2_emulation.so
08-28 21:55:38.594  2788  8691 D HostConnection: HostConnection::get() New Host Connection established 0xd7f4f050, tid 8691
08-28 21:55:38.595  2788  8691 D HostConnection: HostComposition ext ANDROID_EMU_CHECKSUM_HELPER_v1 ANDROID_EMU_dma_v1 ANDROID_EMU_direct_mem ANDROID_EMU_host_composition_v1 ANDROID_EMU_host_composition_v2 ANDROID_EMU_vulkan ANDROID_EMU_deferred_vulkan_commands ANDROID_EMU_vulkan_null_optional_strings ANDROID_EMU_vulkan_create_resources_with_requirements ANDROID_EMU_YUV_Cache ANDROID_EMU_vulkan_ignored_handles ANDROID_EMU_vulkan_free_memory_sync ANDROID_EMU_vulkan_shader_float16_int8 ANDROID_EMU_vulkan_async_queue_submit ANDROID_EMU_sync_buffer_data GL_OES_vertex_array_object GL_KHR_texture_compression_astc_ldr ANDROID_EMU_host_side_tracing ANDROID_EMU_gles_max_version_2 
08-28 21:55:38.603  2788  8691 W OpenGLRenderer: Failed to choose config with EGL_SWAP_BEHAVIOR_PRESERVED, retrying without...
08-28 21:55:38.613  2788  8691 D EGL_emulation: eglCreateContext: 0xd7f1b8c0: maj 2 min 0 rcv 2
08-28 21:55:38.616  2788  8691 D EGL_emulation: eglMakeCurrent: 0xd7f1b8c0: ver 2 0 (tinfo 0xbc908be0)
08-28 21:55:38.624  2788  3679 I SuperDelight: SuperDelightBundledMetadataParser#parse(): manifest parsed with 1 packs
08-28 21:55:38.629  1765  1815 D gralloc_ranchu: gralloc_alloc: Creating ashmem region of size 14262272
08-28 21:55:38.638  1649  1649 I hwservicemanager: getTransport: Cannot find entry android.hardware.graphics.mapper@3.0::IMapper/default in either framework or device manifest.
08-28 21:55:38.638  2788  8691 W Gralloc3: mapper 3.x is not supported
08-28 21:55:38.667  2788  8691 D HostConnection: createUnique: call
08-28 21:55:38.668  2788  8691 D HostConnection: HostConnection::get() New Host Connection established 0xd7f50770, tid 8691
08-28 21:55:38.668  2788  8691 D HostConnection: HostComposition ext ANDROID_EMU_CHECKSUM_HELPER_v1 ANDROID_EMU_dma_v1 ANDROID_EMU_direct_mem ANDROID_EMU_host_composition_v1 ANDROID_EMU_host_composition_v2 ANDROID_EMU_vulkan ANDROID_EMU_deferred_vulkan_commands ANDROID_EMU_vulkan_null_optional_strings ANDROID_EMU_vulkan_create_resources_with_requirements ANDROID_EMU_YUV_Cache ANDROID_EMU_vulkan_ignored_handles ANDROID_EMU_vulkan_free_memory_sync ANDROID_EMU_vulkan_shader_float16_int8 ANDROID_EMU_vulkan_async_queue_submit ANDROID_EMU_sync_buffer_data GL_OES_vertex_array_object GL_KHR_texture_compression_astc_ldr ANDROID_EMU_host_side_tracing ANDROID_EMU_gles_max_version_2 
08-28 21:55:38.669  2788  8691 D eglCodecCommon: allocate: Ask for block of size 0x1000
08-28 21:55:38.670  2788  8691 D eglCodecCommon: allocate: ioctl allocate returned offset 0x3ff1e0000 size 0x2000
08-28 21:55:38.672  2788  8681 I SuperDelight: SuperDelightManager#syncBundledLanguageModels(): Syncing for version 20190203
08-28 21:55:38.675  1765  1815 D gralloc_ranchu: gralloc_alloc: Creating ashmem region of size 14262272
08-28 21:55:38.685  1765  1815 D gralloc_ranchu: gralloc_alloc: Creating ashmem region of size 14262272
08-28 21:55:38.685  2788  3679 I SuperDelight: BundledSlicing#getSlices() : Locale = [en_US]
08-28 21:55:38.688  2788  3679 I SuperDelight: BundledSlicing#getSlices(): result {slices=[bundled_delight:main_en_us_20180802_2], last batch=true, sync metadata=false}
08-28 21:55:38.689  2788  3679 I SP      : Syncing bundled_delight (20190203) with slices: [main_en_us_20180802_2], metadata: false
08-28 21:55:38.724  2788  8691 D EGL_emulation: eglMakeCurrent: 0xd7f1b8c0: ver 2 0 (tinfo 0xbc908be0)
08-28 21:55:38.774  2788  2802 I putmethod.lati: Background young concurrent copying GC freed 122752(4878KB) AllocSpace objects, 3(128KB) LOS objects, 41% free, 6603KB/11MB, paused 1.044ms total 130.725ms
08-28 21:55:38.775  2788  8683 I SuperDelight: ResourceFetchCancellableTask#fetch(): packManifest main_en_us_20180802_2
08-28 21:55:38.861  2788  8693 I SuperDelight: UnpackCancellableTask#execute(): fst-decompress /data/user/0/com.google.android.inputmethod.latin/files/superpacks/bundled_delight/main_en_us_20180802_2.staged
08-28 21:55:39.006  2788  8678 I putmethod.lati: IncrementDisableThreadFlip blocked for 8.980ms
08-28 21:55:39.057  2788  2802 I putmethod.lati: NativeAlloc concurrent copying GC freed 150865(4353KB) AllocSpace objects, 5(244KB) LOS objects, 49% free, 6265KB/12MB, paused 8.768ms total 143.589ms
08-28 21:55:39.455  2788  3679 I SP      : Sync for bundled_delight succeeded in 781 ms: {added: [main_en_us_20180802_2], metadata: false
08-28 21:55:39.483  2788  8680 I SuperDelight: initializeDelightSuperpacks()
08-28 21:55:39.483  2788  8680 I SuperDelight: getDelightMetadataUriAndVersion(): Phenotype : 20190203 : https://www.gstatic.com/android/keyboard/dictionarypack/Wheelharp-normal/metadata.json
08-28 21:55:39.484  2788  4078 I Delight5Decoder: loadLanguageModel() : MAIN, version [20180802]
08-28 21:55:39.484  2788  4078 I native  : language-utils-delegator.cc:75 Adding en to delegate.
08-28 21:55:39.484  2788  4078 I native  : language-utils-delegator.cc:79 language en not found, so added it.
08-28 21:55:39.485  2788  8680 I Delight5Facilitator: Running blacklist loader
08-28 21:55:39.486  2788  8684 I SuperDelight: SuperDelightManager#registerAndUpgradeSuperpacks(delight): current 20190203, required 20190203
08-28 21:55:39.487  2788  8680 I Delight5Facilitator: Running contacts language model loader
08-28 21:55:39.488  2788  8680 I Delight5Facilitator: Running personal language model loader
08-28 21:55:39.489  2788  8693 I SuperDelight: SuperDelightManager#syncDownloadableLanguageModels(delight): [OnDevice] Syncing for version 20190203
08-28 21:55:39.489  2788  8680 I Delight5Facilitator: Running user history language model loader
08-28 21:55:39.491  2788  8680 I EmojiSuperpacksManager: triggerSync() : isBundled = false
08-28 21:55:39.492  2788  8680 I EmojiSuperpacksManager: triggerSync() : isBundled = true
08-28 21:55:39.495  2788  3679 I SP      : Registering emoji.3, url: https://www.gstatic.com/android/keyboard/modelpack/emoji/20180213165651/superpacks_manifest.zip, constraints: m:*, flags: fg, requested: 3, current: -1
08-28 21:55:39.495  2788  8680 I EmojiShortcutsLoader: Emoji shortcut file does not exist.
08-28 21:55:39.495  2788  8680 I EmojiShortcutsLoader: 0 emoji shortcut maps loaded.
08-28 21:55:39.496  2788  8680 I EmojiShortcutsLoader: Finished loading emoji shortcuts
08-28 21:55:39.496  2788  8680 I Delight5Facilitator: Running email language model loader
08-28 21:55:39.499  2788  8680 I Delight5Facilitator: Running contacts language model loader
08-28 21:55:39.528  2788  3679 I SP      : Scheduling job with delay of 0s for {m:b, fg}, 1 candidates
08-28 21:55:39.535  2788  2788 I SP      : ====> Starting job {m:b, fg}
08-28 21:55:39.569  2788  3679 I SP      : Scheduling: download registered, 0 started, 0 paused, 1 scheduled, 1 pending: manifests:emoji-3 * {m:b, fg}
08-28 21:55:39.604  2788  4078 I native  : fst-model.cc:382 Created LM accumulator /data/user/0/com.google.android.inputmethod.latin/files/personal/en_us.20180802.lm.acc
08-28 21:55:39.606  2788  4078 I native  : proto-store.cc:45 File not found: '/data/user/0/com.google.android.inputmethod.latin/files/personal/adapt_state.en.dat'.
08-28 21:55:39.606  2788  4078 I native  : (This might be OK for example when a language is being loaded for the first time.)
08-28 21:55:39.607  2788  4078 I Delight5Decoder: Loaded main LM /data/user/0/com.google.android.inputmethod.latin/files/superpacks/delight/main_en_us_20180802_1
08-28 21:55:39.607  2788  4078 I Delight5Decoder: loadLanguageModel() : BLACKLIST, version [n/a]
08-28 21:55:39.609  2788  4078 I native  : blacklist-assembly.cc:115 LoadBlacklist en
08-28 21:55:39.610  2788  4078 I native  : blacklist.cc:217 No blacklist file for a language. (This is OK if the language is loaded for the first time.) /data/user/0/com.google.android.inputmethod.latin/files/personal/blacklist.en_us.list
08-28 21:55:39.610  2788  4078 E native  : android-decoder-jni.cc:411 Failed to load dynamic LM from /data/user/0/com.google.android.inputmethod.latin/files/personal/blacklist.en_us.list
08-28 21:55:39.610  2788  4078 W Delight5Decoder: Failed to load dynamic LM /data/user/0/com.google.android.inputmethod.latin/files/personal/blacklist.en_us.list
08-28 21:55:39.612  2788  4078 I Delight5Decoder: loadLanguageModel() : PERSONAL_DICTIONARY, version [n/a]
08-28 21:55:39.614  2788  4078 I Delight5Decoder: Loaded dynamic LM /data/user/0/com.google.android.inputmethod.latin/files/personal/Personal.en_US.dict
08-28 21:55:39.615  2788  3679 I SP      : Scheduling: job start ({m:b, fg}), 1 started, 0 paused, 0 scheduled, 1 pending: manifests:emoji-3 @ * {m:b, fg}
08-28 21:55:39.617  2788  3679 I SP      : Registering bundled_emoji.3, url: null, constraints: m:*, flags: *, requested: 3, current: -1
08-28 21:55:39.619  2788  3679 I SP      : Requesting download of URL https://www.gstatic.com/android/keyboard/modelpack/emoji/20180213165651/superpacks_manifest.zip to emoji-3.zip.fetched (constraints: m:b)
08-28 21:55:39.621  2788  4078 I Delight5Decoder: loadLanguageModel() : USER_HISTORY, version [n/a]
08-28 21:55:39.625  2788  4078 I Delight5Decoder: Loaded dynamic LM /data/user/0/com.google.android.inputmethod.latin/files/personal/userhistory/UserHistory.en_US.dict
08-28 21:55:39.638  2788  3679 I SuperDelight: DownloadSlicing#getSlices() : Locale = [en_US]
08-28 21:55:39.638  2788  8690 I FetchBundledTask: Successfully copied file from /data/user/0/com.google.android.inputmethod.latin/files/emoji_superpacks_manifest_bundled.zip to /data/user/0/com.google.android.inputmethod.latin/files/superpacks/manifests/bundled_emoji-3.zip.fetched.
08-28 21:55:39.652  2788  3679 I SuperDelight: DownloadSlicing#getSlices(): result {slices=[delight:main_en_us_20180802_1], last batch=true, sync metadata=false}
08-28 21:55:39.653  2788  3679 I SP      : Syncing delight (20190203) with slices: [main_en_us_20180802_1], metadata: false
08-28 21:55:39.713  2212  2533 D EGL_emulation: eglMakeCurrent: 0xd7f1a8a0: ver 2 0 (tinfo 0xd7f0f990)
08-28 21:55:39.754  2788  3679 I SuperDelight: SuperDelightMergingStrategy#merge(): selected[[main_en_us_20180802_1]] synced[[main_en_us_20180802_1]]
08-28 21:55:39.805  2788  3679 I SP      : Sync for delight succeeded in 169 ms: no changes
08-28 21:55:39.842  2788  3679 I SP      : Successfully got manifest for bundled_emoji-manifest: manifests:bundled_emoji-3
08-28 21:55:39.853  2788  3679 I EmojiSlicingStrategy: matchEnabledLocalesWithPackLocales() : User enabled 1 locales; returning 1 slices
08-28 21:55:39.853  2788  3679 I SP      : Syncing bundled_emoji (3) with slices: [{442dd7424a2b73ebe817b5223ec48db9, m:*}], metadata: false
08-28 21:55:39.917  2788  8678 I FetchBundledTask: Successfully copied file from /data/user/0/com.google.android.inputmethod.latin/files/emoji_search_en_us.zip to /data/user/0/com.google.android.inputmethod.latin/files/superpacks/bundled_emoji/442dd7424a2b73ebe817b5223ec48db9.zip.fetched.
08-28 21:55:39.943  2788  3679 I SP      : <==== Finishing job {m:b, fg}, 407 ms. elapsed since start
08-28 21:55:39.951  2788  3679 I SP      : Download stopped: manifests:emoji-3, succeeded foreground, size: 4070
08-28 21:55:40.032  2014  2014 I NotificationService: Cannot find enqueued record for key: 0|com.google.android.inputmethod.latin|1|null|10145
08-28 21:55:40.157  2788  3679 I SP      : Sync for bundled_emoji succeeded in 306 ms: {added: [442dd7424a2b73ebe817b5223ec48db9], metadata: false
08-28 21:55:40.175  2788  3679 I SP      : Successfully got manifest for emoji-manifest: manifests:emoji-3
08-28 21:55:40.193  2788  8690 I EmojiSuperpacksManager: processPackSet() : isBundled = true
08-28 21:55:40.194  2788  8680 I EmojiSuperpacksManager: triggerSync() : isBundled = false
08-28 21:55:40.195  2788  8680 I EmojiShortcutsLoader: Reading en_US emoji shortcuts
08-28 21:55:40.206  2788  3679 I EmojiSlicingStrategy: matchEnabledLocalesWithPackLocales() : User enabled 1 locales; returning 1 slices
08-28 21:55:40.206  2788  3679 I SP      : Syncing emoji (3) with slices: [{442dd7424a2b73ebe817b5223ec48db9, m:*}], metadata: false
08-28 21:55:40.260  2788  3679 I SP      : Scheduling job with delay of 0s for {m:b, bg}, 1 candidates
08-28 21:55:40.292  2788  3679 I SP      : Scheduling: download registered, 0 started, 0 paused, 1 scheduled, 1 pending: emoji:442dd7424a2b73ebe817b5223ec48db9 * {m:b, bg}
08-28 21:55:40.293  2788  3679 I SP      : Registering emoji.3, url: https://www.gstatic.com/android/keyboard/modelpack/emoji/20180213165651/superpacks_manifest.zip, constraints: m:*, flags: fg, requested: 3, current: 3
08-28 21:55:40.300  2788  3679 I EmojiSlicingStrategy: matchEnabledLocalesWithPackLocales() : User enabled 1 locales; returning 1 slices
08-28 21:55:40.300  2788  3679 I SP      : Syncing emoji (3) with slices: [{442dd7424a2b73ebe817b5223ec48db9, m:*}], metadata: false
08-28 21:55:40.342  2788  3679 I SP      : Scheduling job with delay of 0s for {m:b, bg}, 1 candidates
08-28 21:55:40.342  2788  2788 I SP      : ====> Starting job {m:b, bg}
08-28 21:55:40.349  2194  8672 I NetworkScheduler.Stats: Task com.google.android.inputmethod.latin/ started execution. cause:7 exec_start_elapsed_seconds: 4830 [CONTEXT service_id=218 ]
08-28 21:55:40.353  2788  8680 I EmojiShortcutsLoader: Read en_US emoji shortcuts successfully.
08-28 21:55:40.353  2788  8680 I EmojiShortcutsLoader: 1 emoji shortcut maps loaded.
08-28 21:55:40.354  2788  8680 I EmojiShortcutsLoader: Finished loading emoji shortcuts
08-28 21:55:40.367  2788  3679 I SP      : Scheduling: download registered, 0 started, 0 paused, 1 scheduled, 1 pending: emoji:442dd7424a2b73ebe817b5223ec48db9 * {m:b, bg}
08-28 21:55:40.369  2788  8656 W EmojiSuperpacksManager: triggerSync() : Failed to obtain model.
08-28 21:55:40.369  2788  8656 W EmojiSuperpacksManager: java.util.concurrent.CancellationException: Task was cancelled.
08-28 21:55:40.369  2788  8656 W EmojiSuperpacksManager: 	at mcj.a(PG:101)
08-28 21:55:40.369  2788  8656 W EmojiSuperpacksManager: 	at mcj.get(PG:80)
08-28 21:55:40.369  2788  8656 W EmojiSuperpacksManager: 	at mff.a(PG:1)
08-28 21:55:40.369  2788  8656 W EmojiSuperpacksManager: 	at meb.a(PG:29)
08-28 21:55:40.369  2788  8656 W EmojiSuperpacksManager: 	at mdx.run(PG:4)
08-28 21:55:40.369  2788  8656 W EmojiSuperpacksManager: 	at ihe.run(PG:26)
08-28 21:55:40.369  2788  8656 W EmojiSuperpacksManager: 	at java.util.concurrent.ThreadPoolExecutor.runWorker(ThreadPoolExecutor.java:1167)
08-28 21:55:40.369  2788  8656 W EmojiSuperpacksManager: 	at java.util.concurrent.ThreadPoolExecutor$Worker.run(ThreadPoolExecutor.java:641)
08-28 21:55:40.369  2788  8656 W EmojiSuperpacksManager: 	at java.lang.Thread.run(Thread.java:919)
08-28 21:55:40.369  2788  8656 W EmojiSuperpacksManager: 	at igq.run(PG:8)
08-28 21:55:40.377  1754  1896 W audio_hw_generic: Not supplying enough data to HAL, expected position 4532144 , only wrote 4395650
08-28 21:55:40.397  2788  3679 I SP      : Scheduling: job start ({m:b, bg}), 1 started, 0 paused, 0 scheduled, 1 pending: emoji:442dd7424a2b73ebe817b5223ec48db9 @ * {m:b, bg}
08-28 21:55:40.397  2788  3679 I AbstractSyncResult: onFailure(): emoji.sync cancelled; expected if new request supersedes pending one.
08-28 21:55:40.398  2788  3679 I SP      : Requesting download of URL https://www.gstatic.com/android/keyboard/emoji/20180213165651/en.zip to 442dd7424a2b73ebe817b5223ec48db9.zip.fetched (constraints: m:b)
08-28 21:55:40.543  2014  3153 D WificondControl: Scan result ready event
08-28 21:55:40.577  2788  3679 I SP      : <==== Finishing job {m:b, bg}, 235 ms. elapsed since start
08-28 21:55:40.578  2788  3679 I SP      : Download stopped: emoji:442dd7424a2b73ebe817b5223ec48db9, succeeded, size: 94091
08-28 21:55:40.612  2194  8673 I NetworkScheduler.Stats: Task com.google.android.inputmethod.latin/ finished executing. cause:7 result: 1 elapsed_millis: 280 uptime_millis: 280 exec_start_elapsed_seconds: 4830 [CONTEXT service_id=218 ]
08-28 21:55:40.837  2788  3679 I SP      : Sync for emoji succeeded in 542 ms: {added: [442dd7424a2b73ebe817b5223ec48db9], metadata: false
08-28 21:55:40.854  2788  8678 I EmojiSuperpacksManager: processPackSet() : isBundled = false
08-28 21:55:40.855  2788  8680 I EmojiShortcutsLoader: Reading en_US emoji shortcuts
08-28 21:55:40.871  2788  8680 I EmojiShortcutsLoader: Read en_US emoji shortcuts successfully.
08-28 21:55:40.871  2788  8680 I EmojiShortcutsLoader: 1 emoji shortcut maps loaded.
08-28 21:55:40.871  2788  8680 I EmojiShortcutsLoader: Finished loading emoji shortcuts
08-28 21:55:41.653  3850  3984 I WorkerManager: dispose()
08-28 21:55:41.655  3850  3984 W ThreadPoolDumper: Queue length for executor EventBus is now 11. Perhaps some tasks are too long, or the pool is too small.
08-28 21:55:41.799  2194  2194 I BeaconBle: Scan : No clients left, canceling alarm. [CONTEXT service_id=111 ]
08-28 21:55:42.142  2194  8672 I LogUtils: [Places]: ?: Couldn't find platform key file. [CONTEXT service_id=253 ]
08-28 21:55:42.164  2194  5630 I LogUtils: [Places]: ?: Couldn't find platform key file. [CONTEXT service_id=253 ]
08-28 21:55:42.490  2194  4608 W Conscrypt: Could not set socket write timeout: java.net.SocketException: Socket closed
08-28 21:55:42.490  2194  4608 W Conscrypt: 	at com.google.android.gms.org.conscrypt.Platform.setSocketWriteTimeout(:com.google.android.gms@202414022@20.24.14 (040700-319035315):2)
08-28 21:55:42.491  2194  4608 W Conscrypt: 	at com.google.android.gms.org.conscrypt.ConscryptFileDescriptorSocket.setSoWriteTimeout(:com.google.android.gms@202414022@20.24.14 (040700-319035315):0)
08-28 21:55:42.559  2194  4608 W Conscrypt: Could not set socket write timeout: java.net.SocketException: Socket closed
08-28 21:55:42.560  2194  4608 W Conscrypt: 	at com.google.android.gms.org.conscrypt.Platform.setSocketWriteTimeout(:com.google.android.gms@202414022@20.24.14 (040700-319035315):2)
08-28 21:55:42.560  2194  4608 W Conscrypt: 	at com.google.android.gms.org.conscrypt.ConscryptFileDescriptorSocket.setSoWriteTimeout(:com.google.android.gms@202414022@20.24.14 (040700-319035315):0)
08-28 21:55:42.624  2194  4608 E Volley  : [84] BasicNetwork.performRequest: Unexpected response code 429 for https://www.googleapis.com/placesandroid/v1/getAutocompletePredictions?key=AIzaSyBEpEwdBClM8koty10dj7n1QtVd75BaV9U
08-28 21:55:42.636  2194  4809 I LogUtils: [Places]: ?: Couldn't find platform key file. [CONTEXT service_id=253 ]
08-28 21:55:42.651  2194  5630 E ErrorUtils: Received generic error from server: 429
08-28 21:55:42.660  2194  5630 E AsyncOperation: serviceID=65, operation=GetAutoPredictions
08-28 21:55:42.660  2194  5630 E AsyncOperation: OperationException[Status{statusCode=ERROR, resolution=null}]
08-28 21:55:42.660  2194  5630 E AsyncOperation: 	at bjzy.a(:com.google.android.gms@202414022@20.24.14 (040700-319035315):1)
08-28 21:55:42.660  2194  5630 E AsyncOperation: 	at bjzm.a(:com.google.android.gms@202414022@20.24.14 (040700-319035315):37)
08-28 21:55:42.660  2194  5630 E AsyncOperation: 	at aabt.run(:com.google.android.gms@202414022@20.24.14 (040700-319035315):9)
08-28 21:55:42.660  2194  5630 E AsyncOperation: 	at bnin.run(:com.google.android.gms@202414022@20.24.14 (040700-319035315):2)
08-28 21:55:42.660  2194  5630 E AsyncOperation: 	at soy.b(:com.google.android.gms@202414022@20.24.14 (040700-319035315):12)
08-28 21:55:42.660  2194  5630 E AsyncOperation: 	at soy.run(:com.google.android.gms@202414022@20.24.14 (040700-319035315):7)
08-28 21:55:42.660  2194  5630 E AsyncOperation: 	at java.util.concurrent.ThreadPoolExecutor.runWorker(ThreadPoolExecutor.java:1167)
08-28 21:55:42.660  2194  5630 E AsyncOperation: 	at java.util.concurrent.ThreadPoolExecutor$Worker.run(ThreadPoolExecutor.java:641)
08-28 21:55:42.660  2194  5630 E AsyncOperation: 	at sux.run(:com.google.android.gms@202414022@20.24.14 (040700-319035315):0)
08-28 21:55:42.660  2194  5630 E AsyncOperation: 	at java.lang.Thread.run(Thread.java:919)
08-28 21:55:42.673  2194  8672 I LogUtils: [Places]: ?: Couldn't find platform key file. [CONTEXT service_id=253 ]
08-28 21:55:42.675  2194  5630 I LogUtils: [Places]: ?: Couldn't find platform key file. [CONTEXT service_id=253 ]
08-28 21:55:42.785  2194  4609 E Volley  : [85] BasicNetwork.performRequest: Unexpected response code 429 for https://www.googleapis.com/placesandroid/v1/getAutocompletePredictions?key=AIzaSyBEpEwdBClM8koty10dj7n1QtVd75BaV9U
08-28 21:55:42.788  2194  5630 E ErrorUtils: Received generic error from server: 429
08-28 21:55:42.790  2194  5630 E AsyncOperation: serviceID=65, operation=GetAutoPredictions
08-28 21:55:42.790  2194  5630 E AsyncOperation: OperationException[Status{statusCode=ERROR, resolution=null}]
08-28 21:55:42.790  2194  5630 E AsyncOperation: 	at bjzy.a(:com.google.android.gms@202414022@20.24.14 (040700-319035315):1)
08-28 21:55:42.790  2194  5630 E AsyncOperation: 	at bjzm.a(:com.google.android.gms@202414022@20.24.14 (040700-319035315):37)
08-28 21:55:42.790  2194  5630 E AsyncOperation: 	at aabt.run(:com.google.android.gms@202414022@20.24.14 (040700-319035315):9)
08-28 21:55:42.790  2194  5630 E AsyncOperation: 	at bnin.run(:com.google.android.gms@202414022@20.24.14 (040700-319035315):2)
08-28 21:55:42.790  2194  5630 E AsyncOperation: 	at soy.b(:com.google.android.gms@202414022@20.24.14 (040700-319035315):12)
08-28 21:55:42.790  2194  5630 E AsyncOperation: 	at soy.run(:com.google.android.gms@202414022@20.24.14 (040700-319035315):8)
08-28 21:55:42.790  2194  5630 E AsyncOperation: 	at java.util.concurrent.ThreadPoolExecutor.runWorker(ThreadPoolExecutor.java:1167)
08-28 21:55:42.790  2194  5630 E AsyncOperation: 	at java.util.concurrent.ThreadPoolExecutor$Worker.run(ThreadPoolExecutor.java:641)
08-28 21:55:42.790  2194  5630 E AsyncOperation: 	at sux.run(:com.google.android.gms@202414022@20.24.14 (040700-319035315):0)
08-28 21:55:42.790  2194  5630 E AsyncOperation: 	at java.lang.Thread.run(Thread.java:919)
08-28 21:55:42.792  2194  4809 I LogUtils: [Places]: ?: Couldn't find platform key file. [CONTEXT service_id=253 ]
08-28 21:55:44.106  7250  7264 W id.gms.unstabl: Reducing the number of considered missed Gc histogram windows from 239 to 100
