--------- beginning of main
08-28 21:46:09.747  3850  3984 I MicroDetectionWorker: #startMicroDetector [speakerMode: 0]
08-28 21:46:09.750  3850  3984 W ErrorReporter: reportError [type: 211, code: 393244, bug: 0]: errorCode: 393244, engine: 0
08-28 21:46:09.753  3850  3984 I MicroDetector: Keeping mic open: false
08-28 21:46:09.753  3850  3984 I MicroDetectionWorker: #onError(false)
08-28 21:46:14.762  3850  3984 I MicroDetectionWorker: #startMicroDetector [speakerMode: 0]
08-28 21:46:14.766  3850  3984 W ErrorReporter: reportError [type: 211, code: 393244, bug: 0]: errorCode: 393244, engine: 0
08-28 21:46:14.770  3850  3984 I MicroDetector: Keeping mic open: false
08-28 21:46:14.770  3850  3984 I MicroDetectionWorker: #onError(false)
08-28 21:46:15.226  2014  2051 E memtrack: Couldn't load memtrack module
08-28 21:46:15.226  2014  2051 W android.os.Debug: failed to get memory consumption info: -1
08-28 21:46:18.969  1916  1916 E netmgr  : Failed to open QEMU pipe 'qemud:network': Invalid argument
08-28 21:46:19.777  3850  3984 I MicroDetectionWorker: #startMicroDetector [speakerMode: 0]
08-28 21:46:19.781  3850  3984 W ErrorReporter: reportError [type: 211, code: 393244, bug: 0]: errorCode: 393244, engine: 0
08-28 21:46:19.782  3850  3984 I MicroDetector: Keeping mic open: false
08-28 21:46:19.782  3850  3984 I MicroDetectionWorker: #onError(false)
08-28 21:46:20.307  1922  1922 E wifi_forwarder: RemoteConnection failed to initialize: RemoteConnection failed to open pipe
08-28 21:46:24.790  3850  3984 I MicroDetectionWorker: #startMicroDetector [speakerMode: 0]
08-28 21:46:24.792  3850  3984 W ErrorReporter: reportError [type: 211, code: 393244, bug: 0]: errorCode: 393244, engine: 0
08-28 21:46:24.796  3850  3984 I MicroDetector: Keeping mic open: false
08-28 21:46:24.796  3850  3984 I MicroDetectionWorker: #onError(false)
08-28 21:46:24.796  3850  8431 I DeviceStateChecker: DeviceStateChecker cancelled
08-28 21:46:29.803  3850  3984 I MicroDetectionWorker: #startMicroDetector [speakerMode: 0]
08-28 21:46:29.806  3850  3984 W ErrorReporter: reportError [type: 211, code: 393244, bug: 0]: errorCode: 393244, engine: 0
08-28 21:46:29.807  3850  3984 I MicroDetector: Keeping mic open: false
08-28 21:46:29.807  3850  3984 I MicroDetectionWorker: #onError(false)
08-28 21:46:34.814  3850  3984 I MicroDetectionWorker: #startMicroDetector [speakerMode: 0]
08-28 21:46:34.817  3850  3984 W ErrorReporter: reportError [type: 211, code: 393244, bug: 0]: errorCode: 393244, engine: 0
08-28 21:46:34.821  3850  3984 I MicroDetector: Keeping mic open: false
08-28 21:46:34.821  3850  3984 I MicroDetectionWorker: #onError(false)
08-28 21:46:39.827  3850  3984 I MicroDetectionWorker: #startMicroDetector [speakerMode: 0]
08-28 21:46:39.830  3850  3984 W ErrorReporter: reportError [type: 211, code: 393244, bug: 0]: errorCode: 393244, engine: 0
08-28 21:46:39.832  3850  3984 I MicroDetector: Keeping mic open: false
08-28 21:46:39.832  3850  3984 I MicroDetectionWorker: #onError(false)
08-28 21:46:42.945  7250  8622 E memtrack: Couldn't load memtrack module
08-28 21:46:42.945  7250  8622 W android.os.Debug: failed to get memory consumption info: -1
08-28 21:46:44.841  3850  3984 I MicroDetectionWorker: #startMicroDetector [speakerMode: 0]
08-28 21:46:44.844  3850  3984 W ErrorReporter: reportError [type: 211, code: 393244, bug: 0]: errorCode: 393244, engine: 0
08-28 21:46:44.847  3850  3984 I MicroDetector: Keeping mic open: false
08-28 21:46:44.848  3850  3984 I MicroDetectionWorker: #onError(false)
08-28 21:46:49.852  3850  3984 I MicroDetectionWorker: #startMicroDetector [speakerMode: 0]
08-28 21:46:49.854  3850  3984 W ErrorReporter: reportError [type: 211, code: 393244, bug: 0]: errorCode: 393244, engine: 0
08-28 21:46:49.855  3850  3984 I MicroDetector: Keeping mic open: false
08-28 21:46:49.855  3850  3984 I MicroDetectionWorker: #onError(false)
08-28 21:46:54.862  3850  3984 I MicroDetectionWorker: #startMicroDetector [speakerMode: 0]
08-28 21:46:54.866  3850  3984 W ErrorReporter: reportError [type: 211, code: 393244, bug: 0]: errorCode: 393244, engine: 0
08-28 21:46:54.868  3850  3984 I MicroDetector: Keeping mic open: false
08-28 21:46:54.868  3850  3984 I MicroDetectionWorker: #onError(false)
08-28 21:46:59.876  3850  3984 I MicroDetectionWorker: #startMicroDetector [speakerMode: 0]
08-28 21:46:59.880  3850  3984 W ErrorReporter: reportError [type: 211, code: 393244, bug: 0]: errorCode: 393244, engine: 0
08-28 21:46:59.883  3850  3984 I MicroDetector: Keeping mic open: false
08-28 21:46:59.883  3850  8431 I DeviceStateChecker: DeviceStateChecker cancelled
08-28 21:46:59.884  3850  3984 I MicroDetectionWorker: #onError(false)
08-28 21:47:00.011  2212  2212 D KeyguardClockSwitch: Updating clock: 947
08-28 21:47:00.059  7575  7575 I AlarmClock: Periodic: Executing periodic callback for MINUTE because the period ended
08-28 21:47:00.059  7575  7575 I AlarmClock: Periodic: Executing periodic callback for MINUTE because the period ended
08-28 21:47:04.891  3850  3984 I MicroDetectionWorker: #startMicroDetector [speakerMode: 0]
08-28 21:47:04.896  3850  3984 W ErrorReporter: reportError [type: 211, code: 393244, bug: 0]: errorCode: 393244, engine: 0
08-28 21:47:04.899  3850  3984 I MicroDetector: Keeping mic open: false
08-28 21:47:04.900  3850  3984 I MicroDetectionWorker: #onError(false)
08-28 21:47:09.903  3850  3984 I MicroDetectionWorker: #startMicroDetector [speakerMode: 0]
08-28 21:47:09.904  3850  3984 W ErrorReporter: reportError [type: 211, code: 393244, bug: 0]: errorCode: 393244, engine: 0
08-28 21:47:09.905  3850  3984 I MicroDetector: Keeping mic open: false
08-28 21:47:09.905  3850  3984 I MicroDetectionWorker: #onError(false)
08-28 21:47:14.912  3850  3984 I MicroDetectionWorker: #startMicroDetector [speakerMode: 0]
08-28 21:47:14.915  3850  3984 W ErrorReporter: reportError [type: 211, code: 393244, bug: 0]: errorCode: 393244, engine: 0
08-28 21:47:14.921  3850  3984 I MicroDetector: Keeping mic open: false
08-28 21:47:14.923  3850  3984 I MicroDetectionWorker: #onError(false)
08-28 21:47:18.978  1916  1916 E netmgr  : Failed to open QEMU pipe 'qemud:network': Invalid argument
08-28 21:47:19.932  3850  3984 I MicroDetectionWorker: #startMicroDetector [speakerMode: 0]
08-28 21:47:19.935  3850  3984 W ErrorReporter: reportError [type: 211, code: 393244, bug: 0]: errorCode: 393244, engine: 0
08-28 21:47:19.937  3850  3984 I MicroDetector: Keeping mic open: false
08-28 21:47:19.937  3850  3984 I MicroDetectionWorker: #onError(false)
08-28 21:47:20.368  1922  1922 E wifi_forwarder: RemoteConnection failed to initialize: RemoteConnection failed to open pipe
08-28 21:47:24.943  3850  3984 I MicroDetectionWorker: #startMicroDetector [speakerMode: 0]
08-28 21:47:24.948  3850  3984 W ErrorReporter: reportError [type: 211, code: 393244, bug: 0]: errorCode: 393244, engine: 0
08-28 21:47:24.950  3850  3984 I MicroDetector: Keeping mic open: false
08-28 21:47:24.951  3850  3984 I MicroDetectionWorker: #onError(false)
08-28 21:47:29.957  3850  3984 I MicroDetectionWorker: #startMicroDetector [speakerMode: 0]
08-28 21:47:29.960  3850  3984 W ErrorReporter: reportError [type: 211, code: 393244, bug: 0]: errorCode: 393244, engine: 0
08-28 21:47:29.965  3850  3984 I MicroDetector: Keeping mic open: false
08-28 21:47:29.965  3850  3984 I MicroDetectionWorker: #onError(false)
08-28 21:47:34.973  3850  3984 I MicroDetectionWorker: #startMicroDetector [speakerMode: 0]
08-28 21:47:34.976  3850  3984 W ErrorReporter: reportError [type: 211, code: 393244, bug: 0]: errorCode: 393244, engine: 0
08-28 21:47:34.982  3850  3984 I MicroDetector: Keeping mic open: false
08-28 21:47:34.983  3850  3984 I MicroDetectionWorker: #onError(false)
08-28 21:47:34.983  3850  8431 I DeviceStateChecker: DeviceStateChecker cancelled
08-28 21:47:39.989  3850  3984 I MicroDetectionWorker: #startMicroDetector [speakerMode: 0]
08-28 21:47:39.992  3850  3984 W ErrorReporter: reportError [type: 211, code: 393244, bug: 0]: errorCode: 393244, engine: 0
08-28 21:47:39.997  3850  3984 I MicroDetector: Keeping mic open: false
08-28 21:47:39.999  3850  3984 I MicroDetectionWorker: #onError(false)
08-28 21:47:45.003  3850  3984 I MicroDetectionWorker: #startMicroDetector [speakerMode: 0]
08-28 21:47:45.003  3850  3984 W ErrorReporter: reportError [type: 211, code: 393244, bug: 0]: errorCode: 393244, engine: 0
08-28 21:47:45.004  3850  3984 I MicroDetector: Keeping mic open: false
08-28 21:47:45.004  3850  3984 I MicroDetectionWorker: #onError(false)
08-28 21:47:50.013  3850  3984 I MicroDetectionWorker: #startMicroDetector [speakerMode: 0]
08-28 21:47:50.016  3850  3984 W ErrorReporter: reportError [type: 211, code: 393244, bug: 0]: errorCode: 393244, engine: 0
08-28 21:47:50.020  3850  3984 I MicroDetector: Keeping mic open: false
08-28 21:47:50.020  3850  3984 I MicroDetectionWorker: #onError(false)
08-28 21:47:52.179  2014  2051 E memtrack: Couldn't load memtrack module
08-28 21:47:52.179  2014  2051 W android.os.Debug: failed to get memory consumption info: -1
08-28 21:47:52.183  2194  5252 E WakeLock: GCM_HB_ALARM release without a matched acquire!
08-28 21:47:55.029  3850  3984 I MicroDetectionWorker: #startMicroDetector [speakerMode: 0]
08-28 21:47:55.031  3850  3984 W ErrorReporter: reportError [type: 211, code: 393244, bug: 0]: errorCode: 393244, engine: 0
08-28 21:47:55.034  3850  3984 I MicroDetector: Keeping mic open: false
08-28 21:47:55.035  3850  3984 I MicroDetectionWorker: #onError(false)
08-28 21:48:00.013  2212  2212 D KeyguardClockSwitch: Updating clock: 948
08-28 21:48:00.041  3850  3984 I MicroDetectionWorker: #startMicroDetector [speakerMode: 0]
08-28 21:48:00.045  3850  3984 W ErrorReporter: reportError [type: 211, code: 393244, bug: 0]: errorCode: 393244, engine: 0
08-28 21:48:00.046  3850  3984 I MicroDetector: Keeping mic open: false
08-28 21:48:00.046  3850  3984 I MicroDetectionWorker: #onError(false)
08-28 21:48:00.061  7575  7575 I AlarmClock: Periodic: Executing periodic callback for MINUTE because the period ended
08-28 21:48:00.062  7575  7575 I AlarmClock: Periodic: Executing periodic callback for MINUTE because the period ended
08-28 21:48:05.055  3850  3984 I MicroDetectionWorker: #startMicroDetector [speakerMode: 0]
08-28 21:48:05.058  3850  3984 W ErrorReporter: reportError [type: 211, code: 393244, bug: 0]: errorCode: 393244, engine: 0
08-28 21:48:05.062  3850  3984 I MicroDetector: Keeping mic open: false
08-28 21:48:05.063  3850  3984 I MicroDetectionWorker: #onError(false)
08-28 21:48:10.070  3850  3984 I MicroDetectionWorker: #startMicroDetector [speakerMode: 0]
08-28 21:48:10.074  3850  3984 W ErrorReporter: reportError [type: 211, code: 393244, bug: 0]: errorCode: 393244, engine: 0
08-28 21:48:10.077  3850  3984 I MicroDetector: Keeping mic open: false
08-28 21:48:10.077  3850  3984 I MicroDetectionWorker: #onError(false)
08-28 21:48:15.085  3850  3984 I MicroDetectionWorker: #startMicroDetector [speakerMode: 0]
08-28 21:48:15.090  3850  3984 W ErrorReporter: reportError [type: 211, code: 393244, bug: 0]: errorCode: 393244, engine: 0
08-28 21:48:15.092  3850  3984 I MicroDetector: Keeping mic open: false
08-28 21:48:15.092  3850  3984 I MicroDetectionWorker: #onError(false)
08-28 21:48:18.999  1916  1916 E netmgr  : Failed to open QEMU pipe 'qemud:network': Invalid argument
08-28 21:48:20.099  3850  3984 I MicroDetectionWorker: #startMicroDetector [speakerMode: 0]
08-28 21:48:20.102  3850  3984 W ErrorReporter: reportError [type: 211, code: 393244, bug: 0]: errorCode: 393244, engine: 0
08-28 21:48:20.105  3850  3984 I MicroDetector: Keeping mic open: false
08-28 21:48:20.106  3850  3984 I MicroDetectionWorker: #onError(false)
08-28 21:48:20.428  1922  1922 E wifi_forwarder: RemoteConnection failed to initialize: RemoteConnection failed to open pipe
08-28 21:48:25.115  3850  3984 I MicroDetectionWorker: #startMicroDetector [speakerMode: 0]
08-28 21:48:25.117  3850  3984 W ErrorReporter: reportError [type: 211, code: 393244, bug: 0]: errorCode: 393244, engine: 0
08-28 21:48:25.122  3850  3984 I MicroDetector: Keeping mic open: false
08-28 21:48:25.122  3850  3984 I MicroDetectionWorker: #onError(false)
08-28 21:48:30.130  3850  3984 I MicroDetectionWorker: #startMicroDetector [speakerMode: 0]
08-28 21:48:30.133  3850  3984 W ErrorReporter: reportError [type: 211, code: 393244, bug: 0]: errorCode: 393244, engine: 0
08-28 21:48:30.136  3850  3984 I MicroDetector: Keeping mic open: false
08-28 21:48:30.137  3850  3984 I MicroDetectionWorker: #onError(false)
08-28 21:48:35.144  3850  3984 I MicroDetectionWorker: #startMicroDetector [speakerMode: 0]
08-28 21:48:35.149  3850  3984 W ErrorReporter: reportError [type: 211, code: 393244, bug: 0]: errorCode: 393244, engine: 0
08-28 21:48:35.152  3850  3984 I MicroDetector: Keeping mic open: false
08-28 21:48:35.152  3850  3984 I MicroDetectionWorker: #onError(false)
08-28 21:48:40.160  3850  3984 I MicroDetectionWorker: #startMicroDetector [speakerMode: 0]
08-28 21:48:40.163  3850  3984 W ErrorReporter: reportError [type: 211, code: 393244, bug: 0]: errorCode: 393244, engine: 0
08-28 21:48:40.167  3850  3984 I MicroDetector: Keeping mic open: false
08-28 21:48:40.167  3850  3984 I MicroDetectionWorker: #onError(false)
08-28 21:48:40.239  2014  2051 E memtrack: Couldn't load memtrack module
08-28 21:48:40.239  2014  2051 W android.os.Debug: failed to get memory consumption info: -1
08-28 21:48:40.247  2014  2051 E memtrack: Couldn't load memtrack module
08-28 21:48:40.247  2014  2051 W android.os.Debug: failed to get memory consumption info: -1
08-28 21:48:44.161  2014  2882 D WificondControl: Scan result ready event
08-28 21:48:45.174  3850  3984 I MicroDetectionWorker: #startMicroDetector [speakerMode: 0]
08-28 21:48:45.177  3850  3984 W ErrorReporter: reportError [type: 211, code: 393244, bug: 0]: errorCode: 393244, engine: 0
08-28 21:48:45.181  3850  3984 I MicroDetector: Keeping mic open: false
08-28 21:48:45.182  3850  3984 I MicroDetectionWorker: #onError(false)
08-28 21:48:50.191  3850  3984 I MicroDetectionWorker: #startMicroDetector [speakerMode: 0]
08-28 21:48:50.194  3850  3984 W ErrorReporter: reportError [type: 211, code: 393244, bug: 0]: errorCode: 393244, engine: 0
08-28 21:48:50.197  3850  3984 I MicroDetector: Keeping mic open: false
08-28 21:48:50.198  3850  3984 I MicroDetectionWorker: #onError(false)
08-28 21:48:55.201  3850  3984 I MicroDetectionWorker: #startMicroDetector [speakerMode: 0]
08-28 21:48:55.202  3850  3984 W ErrorReporter: reportError [type: 211, code: 393244, bug: 0]: errorCode: 393244, engine: 0
08-28 21:48:55.203  3850  3984 I MicroDetector: Keeping mic open: false
08-28 21:48:55.203  3850  3984 I MicroDetectionWorker: #onError(false)
08-28 21:49:00.014  2212  2212 D KeyguardClockSwitch: Updating clock: 949
08-28 21:49:00.067  7575  7575 I AlarmClock: Periodic: Executing periodic callback for MINUTE because the period ended
08-28 21:49:00.068  7575  7575 I AlarmClock: Periodic: Executing periodic callback for MINUTE because the period ended
08-28 21:49:00.210  3850  3984 I MicroDetectionWorker: #startMicroDetector [speakerMode: 0]
08-28 21:49:00.213  3850  3984 W ErrorReporter: reportError [type: 211, code: 393244, bug: 0]: errorCode: 393244, engine: 0
08-28 21:49:00.221  3850  3984 I MicroDetector: Keeping mic open: false
08-28 21:49:00.222  3850  3984 I MicroDetectionWorker: #onError(false)
08-28 21:49:05.229  3850  3984 I MicroDetectionWorker: #startMicroDetector [speakerMode: 0]
08-28 21:49:05.232  3850  3984 W ErrorReporter: reportError [type: 211, code: 393244, bug: 0]: errorCode: 393244, engine: 0
08-28 21:49:05.235  3850  3984 I MicroDetector: Keeping mic open: false
08-28 21:49:05.235  3850  3984 I MicroDetectionWorker: #onError(false)
08-28 21:49:10.242  3850  3984 I MicroDetectionWorker: #startMicroDetector [speakerMode: 0]
08-28 21:49:10.246  3850  3984 W ErrorReporter: reportError [type: 211, code: 393244, bug: 0]: errorCode: 393244, engine: 0
08-28 21:49:10.248  3850  3984 I MicroDetector: Keeping mic open: false
08-28 21:49:10.249  3850  3984 I MicroDetectionWorker: #onError(false)
08-28 21:49:15.254  3850  3984 I MicroDetectionWorker: #startMicroDetector [speakerMode: 0]
08-28 21:49:15.256  3850  3984 W ErrorReporter: reportError [type: 211, code: 393244, bug: 0]: errorCode: 393244, engine: 0
08-28 21:49:15.257  3850  3984 I MicroDetector: Keeping mic open: false
08-28 21:49:15.258  3850  8432 I DeviceStateChecker: DeviceStateChecker cancelled
08-28 21:49:15.258  3850  3984 I MicroDetectionWorker: #onError(false)
08-28 21:49:15.844  2014  2051 E memtrack: Couldn't load memtrack module
08-28 21:49:15.845  2014  2051 W android.os.Debug: failed to get memory consumption info: -1
08-28 21:49:19.012  1916  1916 E netmgr  : Failed to open QEMU pipe 'qemud:network': Invalid argument
08-28 21:49:20.266  3850  3984 I MicroDetectionWorker: #startMicroDetector [speakerMode: 0]
08-28 21:49:20.268  3850  3984 W ErrorReporter: reportError [type: 211, code: 393244, bug: 0]: errorCode: 393244, engine: 0
08-28 21:49:20.272  3850  3984 I MicroDetector: Keeping mic open: false
08-28 21:49:20.272  3850  3984 I MicroDetectionWorker: #onError(false)
08-28 21:49:20.491  1922  1922 E wifi_forwarder: RemoteConnection failed to initialize: RemoteConnection failed to open pipe
08-28 21:49:25.280  3850  3984 I MicroDetectionWorker: #startMicroDetector [speakerMode: 0]
08-28 21:49:25.284  3850  3984 W ErrorReporter: reportError [type: 211, code: 393244, bug: 0]: errorCode: 393244, engine: 0
08-28 21:49:25.289  3850  3984 I MicroDetector: Keeping mic open: false
08-28 21:49:25.289  3850  3984 I MicroDetectionWorker: #onError(false)
08-28 21:49:25.290  3850  8432 I DeviceStateChecker: DeviceStateChecker cancelled
08-28 21:49:30.293  3850  3984 I MicroDetectionWorker: #startMicroDetector [speakerMode: 0]
08-28 21:49:30.295  3850  3984 W ErrorReporter: reportError [type: 211, code: 393244, bug: 0]: errorCode: 393244, engine: 0
08-28 21:49:30.298  3850  3984 I MicroDetector: Keeping mic open: false
08-28 21:49:30.298  3850  3984 I MicroDetectionWorker: #onError(false)
08-28 21:49:35.305  3850  3984 I MicroDetectionWorker: #startMicroDetector [speakerMode: 0]
08-28 21:49:35.311  3850  3984 W ErrorReporter: reportError [type: 211, code: 393244, bug: 0]: errorCode: 393244, engine: 0
08-28 21:49:35.314  3850  3984 I MicroDetector: Keeping mic open: false
08-28 21:49:35.315  3850  3984 I MicroDetectionWorker: #onError(false)
08-28 21:49:40.323  3850  3984 I MicroDetectionWorker: #startMicroDetector [speakerMode: 0]
08-28 21:49:40.326  3850  3984 W ErrorReporter: reportError [type: 211, code: 393244, bug: 0]: errorCode: 393244, engine: 0
08-28 21:49:40.331  3850  3984 I MicroDetector: Keeping mic open: false
08-28 21:49:40.332  3850  3984 I MicroDetectionWorker: #onError(false)
08-28 21:49:45.336  3850  3984 I MicroDetectionWorker: #startMicroDetector [speakerMode: 0]
08-28 21:49:45.337  3850  3984 W ErrorReporter: reportError [type: 211, code: 393244, bug: 0]: errorCode: 393244, engine: 0
08-28 21:49:45.338  3850  3984 I MicroDetector: Keeping mic open: false
08-28 21:49:45.339  3850  3984 I MicroDetectionWorker: #onError(false)
08-28 21:49:50.347  3850  3984 I MicroDetectionWorker: #startMicroDetector [speakerMode: 0]
08-28 21:49:50.349  3850  3984 W ErrorReporter: reportError [type: 211, code: 393244, bug: 0]: errorCode: 393244, engine: 0
08-28 21:49:50.352  3850  3984 I MicroDetector: Keeping mic open: false
08-28 21:49:50.352  3850  3984 I MicroDetectionWorker: #onError(false)
08-28 21:49:50.354  3850  8432 I DeviceStateChecker: DeviceStateChecker cancelled
08-28 21:49:55.359  3850  3984 I MicroDetectionWorker: #startMicroDetector [speakerMode: 0]
08-28 21:49:55.363  3850  3984 W ErrorReporter: reportError [type: 211, code: 393244, bug: 0]: errorCode: 393244, engine: 0
08-28 21:49:55.366  3850  3984 I MicroDetector: Keeping mic open: false
08-28 21:49:55.369  3850  3984 I MicroDetectionWorker: #onError(false)
08-28 21:50:00.011  2212  2212 D KeyguardClockSwitch: Updating clock: 950
08-28 21:50:00.059  7575  7575 I AlarmClock: Periodic: Executing periodic callback for MINUTE because the period ended
08-28 21:50:00.060  7575  7575 I AlarmClock: Periodic: Executing periodic callback for MINUTE because the period ended
08-28 21:50:00.375  3850  3984 I MicroDetectionWorker: #startMicroDetector [speakerMode: 0]
08-28 21:50:00.379  3850  3984 W ErrorReporter: reportError [type: 211, code: 393244, bug: 0]: errorCode: 393244, engine: 0
08-28 21:50:00.382  3850  3984 I MicroDetector: Keeping mic open: false
08-28 21:50:00.383  3850  3984 I MicroDetectionWorker: #onError(false)
08-28 21:50:05.390  3850  3984 I MicroDetectionWorker: #startMicroDetector [speakerMode: 0]
08-28 21:50:05.392  3850  3984 W ErrorReporter: reportError [type: 211, code: 393244, bug: 0]: errorCode: 393244, engine: 0
08-28 21:50:05.397  3850  3984 I MicroDetector: Keeping mic open: false
08-28 21:50:05.397  3850  8432 I DeviceStateChecker: DeviceStateChecker cancelled
08-28 21:50:05.398  3850  3984 I MicroDetectionWorker: #onError(false)
08-28 21:50:10.407  3850  3984 I MicroDetectionWorker: #startMicroDetector [speakerMode: 0]
08-28 21:50:10.411  3850  3984 W ErrorReporter: reportError [type: 211, code: 393244, bug: 0]: errorCode: 393244, engine: 0
08-28 21:50:10.415  3850  3984 I MicroDetector: Keeping mic open: false
08-28 21:50:10.416  3850  3984 I MicroDetectionWorker: #onError(false)
08-28 21:50:15.423  3850  3984 I MicroDetectionWorker: #startMicroDetector [speakerMode: 0]
08-28 21:50:15.425  3850  3984 W ErrorReporter: reportError [type: 211, code: 393244, bug: 0]: errorCode: 393244, engine: 0
08-28 21:50:15.429  3850  3984 I MicroDetector: Keeping mic open: false
08-28 21:50:15.430  3850  3984 I MicroDetectionWorker: #onError(false)
08-28 21:50:19.029  1916  1916 E netmgr  : Failed to open QEMU pipe 'qemud:network': Invalid argument
08-28 21:50:20.440  3850  3984 I MicroDetectionWorker: #startMicroDetector [speakerMode: 0]
08-28 21:50:20.442  3850  3984 W ErrorReporter: reportError [type: 211, code: 393244, bug: 0]: errorCode: 393244, engine: 0
08-28 21:50:20.446  3850  3984 I MicroDetector: Keeping mic open: false
08-28 21:50:20.447  3850  3984 I MicroDetectionWorker: #onError(false)
08-28 21:50:20.528  1922  1922 E wifi_forwarder: RemoteConnection failed to initialize: RemoteConnection failed to open pipe
08-28 21:50:25.456  3850  3984 I MicroDetectionWorker: #startMicroDetector [speakerMode: 0]
08-28 21:50:25.460  3850  3984 W ErrorReporter: reportError [type: 211, code: 393244, bug: 0]: errorCode: 393244, engine: 0
08-28 21:50:25.464  3850  3984 I MicroDetector: Keeping mic open: false
08-28 21:50:25.464  3850  3984 I MicroDetectionWorker: #onError(false)
08-28 21:50:30.475  3850  3984 I MicroDetectionWorker: #startMicroDetector [speakerMode: 0]
08-28 21:50:30.477  3850  3984 W ErrorReporter: reportError [type: 211, code: 393244, bug: 0]: errorCode: 393244, engine: 0
08-28 21:50:30.482  3850  3984 I MicroDetector: Keeping mic open: false
08-28 21:50:30.483  3850  3984 I MicroDetectionWorker: #onError(false)
08-28 21:50:35.490  3850  3984 I MicroDetectionWorker: #startMicroDetector [speakerMode: 0]
08-28 21:50:35.492  3850  3984 W ErrorReporter: reportError [type: 211, code: 393244, bug: 0]: errorCode: 393244, engine: 0
08-28 21:50:35.497  3850  3984 I MicroDetector: Keeping mic open: false
08-28 21:50:35.499  3850  3984 I MicroDetectionWorker: #onError(false)
08-28 21:50:37.609  2014  3890 E memtrack: Couldn't load memtrack module
08-28 21:50:37.609  2014  3890 W android.os.Debug: failed to get memory consumption info: -1
08-28 21:50:39.666  2014  2051 E memtrack: Couldn't load memtrack module
08-28 21:50:39.666  2014  2051 W android.os.Debug: failed to get memory consumption info: -1
08-28 21:50:39.674  2014  2051 E memtrack: Couldn't load memtrack module
08-28 21:50:39.675  2014  2051 W android.os.Debug: failed to get memory consumption info: -1
08-28 21:50:40.490  2014  3217 D WificondControl: Scan result ready event
08-28 21:50:40.507  3850  3984 I MicroDetectionWorker: #startMicroDetector [speakerMode: 0]
08-28 21:50:40.517  3850  3984 W ErrorReporter: reportError [type: 211, code: 393244, bug: 0]: errorCode: 393244, engine: 0
08-28 21:50:40.520  3850  3984 I MicroDetector: Keeping mic open: false
08-28 21:50:40.521  3850  3984 I MicroDetectionWorker: #onError(false)
08-28 21:50:45.527  3850  3984 I MicroDetectionWorker: #startMicroDetector [speakerMode: 0]
08-28 21:50:45.530  3850  3984 W ErrorReporter: reportError [type: 211, code: 393244, bug: 0]: errorCode: 393244, engine: 0
08-28 21:50:45.533  3850  3984 I MicroDetector: Keeping mic open: false
08-28 21:50:45.533  3850  3984 I MicroDetectionWorker: #onError(false)
08-28 21:50:50.541  3850  3984 I MicroDetectionWorker: #startMicroDetector [speakerMode: 0]
08-28 21:50:50.543  3850  3984 W ErrorReporter: reportError [type: 211, code: 393244, bug: 0]: errorCode: 393244, engine: 0
08-28 21:50:50.547  3850  3984 I MicroDetector: Keeping mic open: false
08-28 21:50:50.549  3850  3984 I MicroDetectionWorker: #onError(false)
08-28 21:50:55.555  3850  3984 I MicroDetectionWorker: #startMicroDetector [speakerMode: 0]
08-28 21:50:55.558  3850  3984 W ErrorReporter: reportError [type: 211, code: 393244, bug: 0]: errorCode: 393244, engine: 0
08-28 21:50:55.560  3850  3984 I MicroDetector: Keeping mic open: false
08-28 21:50:55.560  3850  3984 I MicroDetectionWorker: #onError(false)
08-28 21:51:00.014  2212  2212 D KeyguardClockSwitch: Updating clock: 951
08-28 21:51:00.059  7575  7575 I AlarmClock: Periodic: Executing periodic callback for MINUTE because the period ended
08-28 21:51:00.061  7575  7575 I AlarmClock: Periodic: Executing periodic callback for MINUTE because the period ended
08-28 21:51:00.569  3850  3984 I MicroDetectionWorker: #startMicroDetector [speakerMode: 0]
08-28 21:51:00.573  3850  3984 W ErrorReporter: reportError [type: 211, code: 393244, bug: 0]: errorCode: 393244, engine: 0
08-28 21:51:00.576  3850  3984 I MicroDetector: Keeping mic open: false
08-28 21:51:00.576  3850  3984 I MicroDetectionWorker: #onError(false)
08-28 21:51:05.583  3850  3984 I MicroDetectionWorker: #startMicroDetector [speakerMode: 0]
08-28 21:51:05.586  3850  3984 W ErrorReporter: reportError [type: 211, code: 393244, bug: 0]: errorCode: 393244, engine: 0
08-28 21:51:05.592  3850  3984 I MicroDetector: Keeping mic open: false
08-28 21:51:05.593  3850  3984 I MicroDetectionWorker: #onError(false)
08-28 21:51:05.593  3850  8432 W DeviceStateChecker: stopped because hotword detection is stopped but cancel is not called.
08-28 21:51:10.597  3850  3984 I MicroDetectionWorker: #startMicroDetector [speakerMode: 0]
08-28 21:51:10.599  3850  3984 W ErrorReporter: reportError [type: 211, code: 393244, bug: 0]: errorCode: 393244, engine: 0
08-28 21:51:10.599  3850  3984 I MicroDetector: Keeping mic open: false
08-28 21:51:10.600  3850  3984 I MicroDetectionWorker: #onError(false)
08-28 21:51:15.606  3850  3984 I MicroDetectionWorker: #startMicroDetector [speakerMode: 0]
08-28 21:51:15.609  3850  3984 W ErrorReporter: reportError [type: 211, code: 393244, bug: 0]: errorCode: 393244, engine: 0
08-28 21:51:15.612  3850  3984 I MicroDetector: Keeping mic open: false
08-28 21:51:15.613  3850  3984 I MicroDetectionWorker: #onError(false)
08-28 21:51:19.045  1916  1916 E netmgr  : Failed to open QEMU pipe 'qemud:network': Invalid argument
08-28 21:51:20.535  1922  1922 E wifi_forwarder: RemoteConnection failed to initialize: RemoteConnection failed to open pipe
08-28 21:51:20.621  3850  3984 I MicroDetectionWorker: #startMicroDetector [speakerMode: 0]
08-28 21:51:20.624  3850  3984 W ErrorReporter: reportError [type: 211, code: 393244, bug: 0]: errorCode: 393244, engine: 0
08-28 21:51:20.628  3850  3984 I MicroDetector: Keeping mic open: false
08-28 21:51:20.631  3850  3984 I MicroDetectionWorker: #onError(false)
08-28 21:51:25.640  3850  3984 I MicroDetectionWorker: #startMicroDetector [speakerMode: 0]
08-28 21:51:25.643  3850  3984 W ErrorReporter: reportError [type: 211, code: 393244, bug: 0]: errorCode: 393244, engine: 0
08-28 21:51:25.649  3850  3984 I MicroDetector: Keeping mic open: false
08-28 21:51:25.649  3850  3984 I MicroDetectionWorker: #onError(false)
08-28 21:51:30.657  3850  3984 I MicroDetectionWorker: #startMicroDetector [speakerMode: 0]
08-28 21:51:30.659  3850  3984 W ErrorReporter: reportError [type: 211, code: 393244, bug: 0]: errorCode: 393244, engine: 0
08-28 21:51:30.664  3850  3984 I MicroDetector: Keeping mic open: false
08-28 21:51:30.664  3850  3984 I MicroDetectionWorker: #onError(false)
08-28 21:51:30.664  3850  8432 I DeviceStateChecker: DeviceStateChecker cancelled
08-28 21:51:35.671  3850  3984 I MicroDetectionWorker: #startMicroDetector [speakerMode: 0]
08-28 21:51:35.674  3850  3984 W ErrorReporter: reportError [type: 211, code: 393244, bug: 0]: errorCode: 393244, engine: 0
08-28 21:51:35.677  3850  3984 I MicroDetector: Keeping mic open: false
08-28 21:51:35.678  3850  3984 I MicroDetectionWorker: #onError(false)
08-28 21:51:40.687  3850  3984 I MicroDetectionWorker: #startMicroDetector [speakerMode: 0]
08-28 21:51:40.690  3850  3984 W ErrorReporter: reportError [type: 211, code: 393244, bug: 0]: errorCode: 393244, engine: 0
08-28 21:51:40.694  3850  3984 I MicroDetector: Keeping mic open: false
08-28 21:51:40.697  3850  3984 I MicroDetectionWorker: #onError(false)
08-28 21:51:42.956  7250  8644 E memtrack: Couldn't load memtrack module
08-28 21:51:42.956  7250  8644 W android.os.Debug: failed to get memory consumption info: -1
08-28 21:51:44.779  2014  2882 D WificondControl: Scan result ready event
08-28 21:51:45.704  3850  3984 I MicroDetectionWorker: #startMicroDetector [speakerMode: 0]
08-28 21:51:45.707  3850  3984 W ErrorReporter: reportError [type: 211, code: 393244, bug: 0]: errorCode: 393244, engine: 0
08-28 21:51:45.714  3850  3984 I MicroDetector: Keeping mic open: false
08-28 21:51:45.715  3850  3984 I MicroDetectionWorker: #onError(false)
08-28 21:51:50.722  3850  3984 I MicroDetectionWorker: #startMicroDetector [speakerMode: 0]
08-28 21:51:50.725  3850  3984 W ErrorReporter: reportError [type: 211, code: 393244, bug: 0]: errorCode: 393244, engine: 0
08-28 21:51:50.729  3850  3984 I MicroDetector: Keeping mic open: false
08-28 21:51:50.730  3850  3984 I MicroDetectionWorker: #onError(false)
08-28 21:51:55.735  3850  3984 I MicroDetectionWorker: #startMicroDetector [speakerMode: 0]
08-28 21:51:55.739  3850  3984 W ErrorReporter: reportError [type: 211, code: 393244, bug: 0]: errorCode: 393244, engine: 0
08-28 21:51:55.742  3850  3984 I MicroDetector: Keeping mic open: false
08-28 21:51:55.743  3850  3984 I MicroDetectionWorker: #onError(false)
08-28 21:52:00.014  2212  2212 D KeyguardClockSwitch: Updating clock: 952
08-28 21:52:00.061  7575  7575 I AlarmClock: Periodic: Executing periodic callback for MINUTE because the period ended
08-28 21:52:00.063  7575  7575 I AlarmClock: Periodic: Executing periodic callback for MINUTE because the period ended
08-28 21:52:00.750  3850  3984 I MicroDetectionWorker: #startMicroDetector [speakerMode: 0]
08-28 21:52:00.753  3850  3984 W ErrorReporter: reportError [type: 211, code: 393244, bug: 0]: errorCode: 393244, engine: 0
08-28 21:52:00.756  3850  3984 I MicroDetector: Keeping mic open: false
08-28 21:52:00.756  3850  3984 I MicroDetectionWorker: #onError(false)
08-28 21:52:00.756  3850  8432 I DeviceStateChecker: DeviceStateChecker cancelled
08-28 21:52:05.763  3850  3984 I MicroDetectionWorker: #startMicroDetector [speakerMode: 0]
08-28 21:52:05.765  3850  3984 W ErrorReporter: reportError [type: 211, code: 393244, bug: 0]: errorCode: 393244, engine: 0
08-28 21:52:05.768  3850  3984 I MicroDetector: Keeping mic open: false
08-28 21:52:05.769  3850  8432 I DeviceStateChecker: DeviceStateChecker cancelled
08-28 21:52:05.769  3850  3984 I MicroDetectionWorker: #onError(false)
08-28 21:52:10.777  3850  3984 I MicroDetectionWorker: #startMicroDetector [speakerMode: 0]
08-28 21:52:10.780  3850  3984 W ErrorReporter: reportError [type: 211, code: 393244, bug: 0]: errorCode: 393244, engine: 0
08-28 21:52:10.785  3850  3984 I MicroDetector: Keeping mic open: false
08-28 21:52:10.785  3850  3984 I MicroDetectionWorker: #onError(false)
08-28 21:52:15.792  3850  3984 I MicroDetectionWorker: #startMicroDetector [speakerMode: 0]
08-28 21:52:15.795  3850  3984 W ErrorReporter: reportError [type: 211, code: 393244, bug: 0]: errorCode: 393244, engine: 0
08-28 21:52:15.796  3850  3984 I MicroDetector: Keeping mic open: false
08-28 21:52:15.796  3850  3984 I MicroDetectionWorker: #onError(false)
08-28 21:52:19.062  1916  1916 E netmgr  : Failed to open QEMU pipe 'qemud:network': Invalid argument
08-28 21:52:20.597  1922  1922 E wifi_forwarder: RemoteConnection failed to initialize: RemoteConnection failed to open pipe
08-28 21:52:20.802  3850  3984 I MicroDetectionWorker: #startMicroDetector [speakerMode: 0]
08-28 21:52:20.805  3850  3984 W ErrorReporter: reportError [type: 211, code: 393244, bug: 0]: errorCode: 393244, engine: 0
08-28 21:52:20.809  3850  3984 I MicroDetector: Keeping mic open: false
08-28 21:52:20.810  3850  3984 I MicroDetectionWorker: #onError(false)
08-28 21:52:25.817  3850  3984 I MicroDetectionWorker: #startMicroDetector [speakerMode: 0]
08-28 21:52:25.821  3850  3984 W ErrorReporter: reportError [type: 211, code: 393244, bug: 0]: errorCode: 393244, engine: 0
08-28 21:52:25.824  3850  3984 I MicroDetector: Keeping mic open: false
08-28 21:52:25.825  3850  3984 I MicroDetectionWorker: #onError(false)
08-28 21:52:30.832  3850  3984 I MicroDetectionWorker: #startMicroDetector [speakerMode: 0]
08-28 21:52:30.835  3850  3984 W ErrorReporter: reportError [type: 211, code: 393244, bug: 0]: errorCode: 393244, engine: 0
08-28 21:52:30.839  3850  3984 I MicroDetector: Keeping mic open: false
08-28 21:52:30.839  3850  3984 I MicroDetectionWorker: #onError(false)
08-28 21:52:35.847  3850  3984 I MicroDetectionWorker: #startMicroDetector [speakerMode: 0]
08-28 21:52:35.851  3850  3984 W ErrorReporter: reportError [type: 211, code: 393244, bug: 0]: errorCode: 393244, engine: 0
08-28 21:52:35.854  3850  3984 I MicroDetector: Keeping mic open: false
08-28 21:52:35.855  3850  8432 I DeviceStateChecker: DeviceStateChecker cancelled
08-28 21:52:35.855  3850  3984 I MicroDetectionWorker: #onError(false)
08-28 21:52:40.859  3850  3984 I MicroDetectionWorker: #startMicroDetector [speakerMode: 0]
08-28 21:52:40.860  3850  3984 W ErrorReporter: reportError [type: 211, code: 393244, bug: 0]: errorCode: 393244, engine: 0
08-28 21:52:40.862  3850  3984 I MicroDetector: Keeping mic open: false
08-28 21:52:40.862  3850  3984 I MicroDetectionWorker: #onError(false)
08-28 21:52:45.865  3850  3984 I MicroDetectionWorker: #startMicroDetector [speakerMode: 0]
08-28 21:52:45.866  3850  3984 W ErrorReporter: reportError [type: 211, code: 393244, bug: 0]: errorCode: 393244, engine: 0
08-28 21:52:45.867  3850  3984 I MicroDetector: Keeping mic open: false
08-28 21:52:45.867  3850  3984 I MicroDetectionWorker: #onError(false)
08-28 21:52:50.873  3850  3984 I MicroDetectionWorker: #startMicroDetector [speakerMode: 0]
08-28 21:52:50.876  3850  3984 W ErrorReporter: reportError [type: 211, code: 393244, bug: 0]: errorCode: 393244, engine: 0
08-28 21:52:50.881  3850  3984 I MicroDetector: Keeping mic open: false
08-28 21:52:50.881  3850  3984 I MicroDetectionWorker: #onError(false)
08-28 21:52:55.888  3850  3984 I MicroDetectionWorker: #startMicroDetector [speakerMode: 0]
08-28 21:52:55.892  3850  3984 W ErrorReporter: reportError [type: 211, code: 393244, bug: 0]: errorCode: 393244, engine: 0
08-28 21:52:55.896  3850  3984 I MicroDetector: Keeping mic open: false
08-28 21:52:55.897  3850  3984 I MicroDetectionWorker: #onError(false)
08-28 21:53:00.001  7575  7575 I AlarmClock: Periodic: Executing periodic callback for MINUTE because the period ended
08-28 21:53:00.002  7575  7575 I AlarmClock: Periodic: Executing periodic callback for MINUTE because the period ended
08-28 21:53:00.018  2212  2212 D KeyguardClockSwitch: Updating clock: 953
08-28 21:53:00.906  3850  3984 I MicroDetectionWorker: #startMicroDetector [speakerMode: 0]
08-28 21:53:00.909  3850  3984 W ErrorReporter: reportError [type: 211, code: 393244, bug: 0]: errorCode: 393244, engine: 0
08-28 21:53:00.912  3850  3984 I MicroDetector: Keeping mic open: false
08-28 21:53:00.912  3850  3984 I MicroDetectionWorker: #onError(false)
08-28 21:53:05.920  3850  3984 I MicroDetectionWorker: #startMicroDetector [speakerMode: 0]
08-28 21:53:05.923  3850  3984 W ErrorReporter: reportError [type: 211, code: 393244, bug: 0]: errorCode: 393244, engine: 0
08-28 21:53:05.927  3850  3984 I MicroDetector: Keeping mic open: false
08-28 21:53:05.930  3850  3984 I MicroDetectionWorker: #onError(false)
08-28 21:53:10.937  3850  3984 I MicroDetectionWorker: #startMicroDetector [speakerMode: 0]
08-28 21:53:10.939  3850  3984 W ErrorReporter: reportError [type: 211, code: 393244, bug: 0]: errorCode: 393244, engine: 0
08-28 21:53:10.943  3850  3984 I MicroDetector: Keeping mic open: false
08-28 21:53:10.943  3850  3984 I MicroDetectionWorker: #onError(false)
08-28 21:53:15.950  3850  3984 I MicroDetectionWorker: #startMicroDetector [speakerMode: 0]
08-28 21:53:15.953  3850  3984 W ErrorReporter: reportError [type: 211, code: 393244, bug: 0]: errorCode: 393244, engine: 0
08-28 21:53:15.956  3850  3984 I MicroDetector: Keeping mic open: false
08-28 21:53:15.956  3850  3984 I MicroDetectionWorker: #onError(false)
08-28 21:53:19.080  1916  1916 E netmgr  : Failed to open QEMU pipe 'qemud:network': Invalid argument
08-28 21:53:20.658  1922  1922 E wifi_forwarder: RemoteConnection failed to initialize: RemoteConnection failed to open pipe
08-28 21:53:20.964  3850  3984 I MicroDetectionWorker: #startMicroDetector [speakerMode: 0]
08-28 21:53:20.966  3850  3984 W ErrorReporter: reportError [type: 211, code: 393244, bug: 0]: errorCode: 393244, engine: 0
08-28 21:53:20.970  3850  3984 I MicroDetector: Keeping mic open: false
08-28 21:53:20.971  3850  3984 I MicroDetectionWorker: #onError(false)
08-28 21:53:25.977  3850  3984 I MicroDetectionWorker: #startMicroDetector [speakerMode: 0]
08-28 21:53:25.981  3850  3984 W ErrorReporter: reportError [type: 211, code: 393244, bug: 0]: errorCode: 393244, engine: 0
08-28 21:53:25.984  3850  3984 I MicroDetector: Keeping mic open: false
08-28 21:53:25.984  3850  3984 I MicroDetectionWorker: #onError(false)
08-28 21:53:30.991  3850  3984 I MicroDetectionWorker: #startMicroDetector [speakerMode: 0]
08-28 21:53:30.994  3850  3984 W ErrorReporter: reportError [type: 211, code: 393244, bug: 0]: errorCode: 393244, engine: 0
08-28 21:53:30.998  3850  3984 I MicroDetector: Keeping mic open: false
08-28 21:53:30.999  3850  8432 I DeviceStateChecker: DeviceStateChecker cancelled
08-28 21:53:30.999  3850  3984 I MicroDetectionWorker: #onError(false)
08-28 21:53:36.006  3850  3984 I MicroDetectionWorker: #startMicroDetector [speakerMode: 0]
08-28 21:53:36.008  3850  3984 W ErrorReporter: reportError [type: 211, code: 393244, bug: 0]: errorCode: 393244, engine: 0
08-28 21:53:36.013  3850  3984 I MicroDetector: Keeping mic open: false
08-28 21:53:36.013  3850  3984 I MicroDetectionWorker: #onError(false)
08-28 21:53:41.017  3850  3984 I MicroDetectionWorker: #startMicroDetector [speakerMode: 0]
08-28 21:53:41.018  3850  3984 W ErrorReporter: reportError [type: 211, code: 393244, bug: 0]: errorCode: 393244, engine: 0
08-28 21:53:41.020  3850  3984 I MicroDetector: Keeping mic open: false
08-28 21:53:41.020  3850  3984 I MicroDetectionWorker: #onError(false)
08-28 21:53:46.026  3850  3984 I MicroDetectionWorker: #startMicroDetector [speakerMode: 0]
08-28 21:53:46.029  3850  3984 W ErrorReporter: reportError [type: 211, code: 393244, bug: 0]: errorCode: 393244, engine: 0
08-28 21:53:46.034  3850  3984 I MicroDetector: Keeping mic open: false
08-28 21:53:46.034  3850  3984 I MicroDetectionWorker: #onError(false)
08-28 21:53:51.040  3850  3984 I MicroDetectionWorker: #startMicroDetector [speakerMode: 0]
08-28 21:53:51.043  3850  3984 W ErrorReporter: reportError [type: 211, code: 393244, bug: 0]: errorCode: 393244, engine: 0
08-28 21:53:51.048  3850  3984 I MicroDetector: Keeping mic open: false
08-28 21:53:51.048  3850  3984 I MicroDetectionWorker: #onError(false)
08-28 21:53:56.055  3850  3984 I MicroDetectionWorker: #startMicroDetector [speakerMode: 0]
08-28 21:53:56.058  3850  3984 W ErrorReporter: reportError [type: 211, code: 393244, bug: 0]: errorCode: 393244, engine: 0
08-28 21:53:56.064  3850  3984 I MicroDetector: Keeping mic open: false
08-28 21:53:56.064  3850  3984 I MicroDetectionWorker: #onError(false)
08-28 21:54:00.001  7575  7575 I AlarmClock: Periodic: Executing periodic callback for MINUTE because the period ended
08-28 21:54:00.001  7575  7575 I AlarmClock: Periodic: Executing periodic callback for MINUTE because the period ended
08-28 21:54:00.016  2212  2212 D KeyguardClockSwitch: Updating clock: 954
08-28 21:54:01.071  3850  3984 I MicroDetectionWorker: #startMicroDetector [speakerMode: 0]
08-28 21:54:01.073  3850  3984 W ErrorReporter: reportError [type: 211, code: 393244, bug: 0]: errorCode: 393244, engine: 0
08-28 21:54:01.076  3850  3984 I MicroDetector: Keeping mic open: false
08-28 21:54:01.077  3850  3984 I MicroDetectionWorker: #onError(false)
08-28 21:54:06.084  3850  3984 I MicroDetectionWorker: #startMicroDetector [speakerMode: 0]
08-28 21:54:06.086  3850  3984 W ErrorReporter: reportError [type: 211, code: 393244, bug: 0]: errorCode: 393244, engine: 0
08-28 21:54:06.089  3850  3984 I MicroDetector: Keeping mic open: false
08-28 21:54:06.089  3850  3984 I MicroDetectionWorker: #onError(false)
08-28 21:54:06.090  3850  8432 I DeviceStateChecker: DeviceStateChecker cancelled
08-28 21:54:11.096  3850  3984 I MicroDetectionWorker: #startMicroDetector [speakerMode: 0]
08-28 21:54:11.100  3850  3984 W ErrorReporter: reportError [type: 211, code: 393244, bug: 0]: errorCode: 393244, engine: 0
08-28 21:54:11.104  3850  3984 I MicroDetector: Keeping mic open: false
08-28 21:54:11.104  3850  3984 I MicroDetectionWorker: #onError(false)
08-28 21:54:11.105  3850  8432 I DeviceStateChecker: DeviceStateChecker cancelled
08-28 21:54:16.111  3850  3984 I MicroDetectionWorker: #startMicroDetector [speakerMode: 0]
08-28 21:54:16.115  3850  3984 W ErrorReporter: reportError [type: 211, code: 393244, bug: 0]: errorCode: 393244, engine: 0
08-28 21:54:16.117  3850  3984 I MicroDetector: Keeping mic open: false
08-28 21:54:16.118  3850  3984 I MicroDetectionWorker: #onError(false)
08-28 21:54:19.111  1916  1916 E netmgr  : Failed to open QEMU pipe 'qemud:network': Invalid argument
08-28 21:54:20.721  1922  1922 E wifi_forwarder: RemoteConnection failed to initialize: RemoteConnection failed to open pipe
08-28 21:54:21.124  3850  3984 I MicroDetectionWorker: #startMicroDetector [speakerMode: 0]
08-28 21:54:21.129  3850  3984 W ErrorReporter: reportError [type: 211, code: 393244, bug: 0]: errorCode: 393244, engine: 0
08-28 21:54:21.132  3850  3984 I MicroDetector: Keeping mic open: false
08-28 21:54:21.132  3850  8432 I DeviceStateChecker: DeviceStateChecker cancelled
08-28 21:54:21.132  3850  3984 I MicroDetectionWorker: #onError(false)
08-28 21:54:26.139  3850  3984 I MicroDetectionWorker: #startMicroDetector [speakerMode: 0]
08-28 21:54:26.142  3850  3984 W ErrorReporter: reportError [type: 211, code: 393244, bug: 0]: errorCode: 393244, engine: 0
08-28 21:54:26.147  3850  3984 I MicroDetector: Keeping mic open: false
08-28 21:54:26.148  3850  3984 I MicroDetectionWorker: #onError(false)
08-28 21:54:31.156  3850  3984 I MicroDetectionWorker: #startMicroDetector [speakerMode: 0]
08-28 21:54:31.159  3850  3984 W ErrorReporter: reportError [type: 211, code: 393244, bug: 0]: errorCode: 393244, engine: 0
08-28 21:54:31.164  3850  3984 I MicroDetector: Keeping mic open: false
08-28 21:54:31.164  3850  3984 I MicroDetectionWorker: #onError(false)
08-28 21:54:36.172  3850  3984 I MicroDetectionWorker: #startMicroDetector [speakerMode: 0]
08-28 21:54:36.175  3850  3984 W ErrorReporter: reportError [type: 211, code: 393244, bug: 0]: errorCode: 393244, engine: 0
08-28 21:54:36.180  3850  3984 I MicroDetector: Keeping mic open: false
08-28 21:54:36.181  3850  3984 I MicroDetectionWorker: #onError(false)
08-28 21:54:41.187  3850  3984 I MicroDetectionWorker: #startMicroDetector [speakerMode: 0]
08-28 21:54:41.191  3850  3984 W ErrorReporter: reportError [type: 211, code: 393244, bug: 0]: errorCode: 393244, engine: 0
08-28 21:54:41.194  3850  3984 I MicroDetector: Keeping mic open: false
08-28 21:54:41.196  3850  3984 I MicroDetectionWorker: #onError(false)
08-28 21:54:41.477  2014  2051 E memtrack: Couldn't load memtrack module
08-28 21:54:41.477  2014  2051 W android.os.Debug: failed to get memory consumption info: -1
08-28 21:54:45.440  2014  2882 D WificondControl: Scan result ready event
08-28 21:54:46.205  3850  3984 I MicroDetectionWorker: #startMicroDetector [speakerMode: 0]
08-28 21:54:46.208  3850  3984 W ErrorReporter: reportError [type: 211, code: 393244, bug: 0]: errorCode: 393244, engine: 0
08-28 21:54:46.213  3850  3984 I MicroDetector: Keeping mic open: false
08-28 21:54:46.213  3850  3984 I MicroDetectionWorker: #onError(false)
08-28 21:54:51.220  3850  3984 I MicroDetectionWorker: #startMicroDetector [speakerMode: 0]
08-28 21:54:51.224  3850  3984 W ErrorReporter: reportError [type: 211, code: 393244, bug: 0]: errorCode: 393244, engine: 0
08-28 21:54:51.227  3850  3984 I MicroDetector: Keeping mic open: false
08-28 21:54:51.227  3850  8431 I DeviceStateChecker: DeviceStateChecker cancelled
08-28 21:54:51.227  3850  3984 I MicroDetectionWorker: #onError(false)
08-28 21:54:56.235  3850  3984 I MicroDetectionWorker: #startMicroDetector [speakerMode: 0]
08-28 21:54:56.238  3850  3984 W ErrorReporter: reportError [type: 211, code: 393244, bug: 0]: errorCode: 393244, engine: 0
08-28 21:54:56.241  3850  3984 I MicroDetector: Keeping mic open: false
08-28 21:54:56.241  3850  3984 I MicroDetectionWorker: #onError(false)
08-28 21:55:00.014  2212  2212 D KeyguardClockSwitch: Updating clock: 955
08-28 21:55:00.062  7575  7575 I AlarmClock: Periodic: Executing periodic callback for MINUTE because the period ended
08-28 21:55:00.062  7575  7575 I AlarmClock: Periodic: Executing periodic callback for MINUTE because the period ended
08-28 21:55:01.250  3850  3984 I MicroDetectionWorker: #startMicroDetector [speakerMode: 0]
08-28 21:55:01.252  3850  3984 W ErrorReporter: reportError [type: 211, code: 393244, bug: 0]: errorCode: 393244, engine: 0
08-28 21:55:01.255  3850  3984 I MicroDetector: Keeping mic open: false
08-28 21:55:01.256  3850  3984 I MicroDetectionWorker: #onError(false)
08-28 21:55:06.263  3850  3984 I MicroDetectionWorker: #startMicroDetector [speakerMode: 0]
08-28 21:55:06.265  3850  3984 W ErrorReporter: reportError [type: 211, code: 393244, bug: 0]: errorCode: 393244, engine: 0
08-28 21:55:06.271  3850  3984 I MicroDetector: Keeping mic open: false
08-28 21:55:06.271  3850  3984 I MicroDetectionWorker: #onError(false)
08-28 21:55:11.277  3850  3984 I MicroDetectionWorker: #startMicroDetector [speakerMode: 0]
08-28 21:55:11.280  3850  3984 W ErrorReporter: reportError [type: 211, code: 393244, bug: 0]: errorCode: 393244, engine: 0
08-28 21:55:11.283  3850  3984 I MicroDetector: Keeping mic open: false
08-28 21:55:11.283  3850  3984 I MicroDetectionWorker: #onError(false)
08-28 21:55:11.284  3850  8431 I DeviceStateChecker: DeviceStateChecker cancelled
08-28 21:55:16.291  3850  3984 I MicroDetectionWorker: #startMicroDetector [speakerMode: 0]
08-28 21:55:16.293  3850  3984 W ErrorReporter: reportError [type: 211, code: 393244, bug: 0]: errorCode: 393244, engine: 0
08-28 21:55:16.297  3850  3984 I MicroDetector: Keeping mic open: false
08-28 21:55:16.299  3850  3984 I MicroDetectionWorker: #onError(false)
08-28 21:55:17.119  2014  2051 E memtrack: Couldn't load memtrack module
08-28 21:55:17.119  2014  2051 W android.os.Debug: failed to get memory consumption info: -1
08-28 21:55:19.129  1916  1916 E netmgr  : Failed to open QEMU pipe 'qemud:network': Invalid argument
08-28 21:55:20.782  1922  1922 E wifi_forwarder: RemoteConnection failed to initialize: RemoteConnection failed to open pipe
08-28 21:55:21.306  3850  3984 I MicroDetectionWorker: #startMicroDetector [speakerMode: 0]
08-28 21:55:21.309  3850  3984 W ErrorReporter: reportError [type: 211, code: 393244, bug: 0]: errorCode: 393244, engine: 0
08-28 21:55:21.315  3850  3984 I MicroDetector: Keeping mic open: false
08-28 21:55:21.315  3850  3984 I MicroDetectionWorker: #onError(false)
08-28 21:55:26.317  3850  3984 I MicroDetectionWorker: #startMicroDetector [speakerMode: 0]
08-28 21:55:26.318  3850  3984 W ErrorReporter: reportError [type: 211, code: 393244, bug: 0]: errorCode: 393244, engine: 0
08-28 21:55:26.319  3850  3984 I MicroDetector: Keeping mic open: false
08-28 21:55:26.319  3850  3984 I MicroDetectionWorker: #onError(false)
08-28 21:55:27.478  2014  2124 V InputDispatcher: Asynchronous input event injection succeeded.
08-28 21:55:27.486  2212  2533 D EGL_emulation: eglMakeCurrent: 0xd7f1a8a0: ver 2 0 (tinfo 0xd7f0f990)
08-28 21:55:27.492  1754  5599 W audio_hw_generic: Not supplying enough data to HAL, expected position 3868855 , only wrote 3868833
08-28 21:55:27.591  2014  2124 I WindowManager: Ignoring HOME; event canceled.
08-28 21:55:27.591  2014  2124 V InputDispatcher: Asynchronous input event injection succeeded.
08-28 21:55:28.027  1754  5599 W audio_hw_generic: Not supplying enough data to HAL, expected position 3892433 , only wrote 3891307
08-28 21:55:28.030  1754  5599 W audio_hw_generic: Not supplying enough data to HAL, expected position 3891426 , only wrote 3891307
