08-28 21:55:54.424  2194  2194 I BeaconBle: Client requested scan, settings=BleSettings [scanMode=ZERO_POWER, callbackType=ALL_MATCHES, reportDelayMillis=0, 1 filters, 0 clients, callingClientName=Places] [CONTEXT service_id=111 ]
08-28 21:55:54.425  2194  2194 I BeaconBle: Scan : No clients left, canceling alarm. [CONTEXT service_id=111 ]
08-28 21:55:54.425  2788  3679 I SP      : Scheduling: job start ({m:b, fg}), 1 started, 0 paused, 2 scheduled, 3 pending: manifests:emoji-20 @ * {m:b, fg}, manifests:emoji-predictor-20190205 * {m:b, bg}, manifests:next-word-predictor-20180920 * {m:b, bg}
08-28 21:55:54.425  2194  2194 E BeaconBle: Scan couldn't start for Places [CONTEXT service_id=111 ]
08-28 21:55:54.426  2194  2194 W Places  : BLE failure while scanning - code 5
08-28 21:55:54.441  2194  2207 I .gms.persisten: Background concurrent copying GC freed 94522(4128KB) AllocSpace objects, 31(2108KB) LOS objects, 40% free, 8991KB/14MB, paused 1.334ms total 186.989ms
08-28 21:55:54.466  2788  3679 I SP      : Requesting download of URL https://www.gstatic.com/android/keyboard/modelpack/emoji/20190401132437/superpacks_manifest.zip to emoji-20.zip.fetched (constraints: m:b)
08-28 21:55:54.496  2788  3679 I SP      : Successfully got manifest for delight-manifest: manifests:delight-2019100102
08-28 21:55:54.634  2788  3679 I SuperDelight: SuperDelightDownloadMetadataParser#parse(delight): Manifest parsed with 666 packs
08-28 21:55:54.647  2788  3679 I SP      : <==== Finishing job {m:b, fg}, 286 ms. elapsed since start
08-28 21:55:54.648  2788  8684 I SuperDelight: SuperDelightManager#syncDownloadableLanguageModels(delight): [OnDevice] Syncing for version 2019100102
08-28 21:55:54.651  2788  3679 I SP      : Download stopped: manifests:emoji-20, succeeded foreground, size: 5258
08-28 21:55:54.674  2788  3679 I SP      : Scheduling job with delay of 0s for {m:b, bg}, 2 candidates
08-28 21:55:54.722  2194  5630 W .gms.persisten: Long monitor contention with owner netscheduler-queue-handler (4759) at int aqtk.a(aqte, aauy)(:com.google.android.gms@202414022@20.24.14 (040700-319035315):88) waiters=0 in void aqtk.a(boolean, aeoe) for 259ms
08-28 21:55:54.725  2014  2014 I NotificationService: Cannot find enqueued record for key: 0|com.google.android.inputmethod.latin|1|null|10145
08-28 21:55:54.748  2194  5630 I NetworkScheduler.Stats: Task com.google.android.inputmethod.latin/ finished executing. cause:7 result: 1 elapsed_millis: 893 uptime_millis: 898 exec_start_elapsed_seconds: 4844 [CONTEXT service_id=218 ]
08-28 21:55:54.750  2788  3679 I SP      : Scheduling: download stopped, 0 started, 0 paused, 2 scheduled, 2 pending: manifests:emoji-predictor-20190205 * {m:b, bg}, manifests:next-word-predictor-20180920 * {m:b, bg}
08-28 21:55:54.785  2788  3679 I SuperDelight: DownloadSlicing#getSlices() : Locale = [en_US]
08-28 21:55:54.794  2788  3679 I SuperDelight: DownloadSlicing#getSlices(): result {slices=[delight:main_en_us_20180802_1], last batch=true, sync metadata=false}
08-28 21:55:54.795  2788  3679 I SP      : Syncing delight (2019100102) with slices: [main_en_us_20180802_1], metadata: false
08-28 21:55:54.839  2194  4759 I NetworkScheduler: ignoring stale queue check message
08-28 21:55:54.886  2788  2788 I SP      : ====> Starting job {m:b, bg}
08-28 21:55:54.900  2788  3679 I SuperDelight: SuperDelightMergingStrategy#merge(): selected[[main_en_us_20180802_1]] synced[[main_en_us_20180802_1]]
08-28 21:55:54.921  2788  3679 I SP      : Scheduling: job start ({m:b, bg}), 2 started, 0 paused, 0 scheduled, 2 pending: manifests:emoji-predictor-20190205 @ * {m:b, bg}, manifests:next-word-predictor-20180920 @ * {m:b, bg}
08-28 21:55:54.921  2788  3679 I SP      : Sync for delight succeeded in 139 ms: no changes
08-28 21:55:54.922  2788  3679 I SP      : Requesting download of URL https://www.gstatic.com/android/keyboard/emoji_predictor/superpacks-manifest-20190205.json to emoji-predictor-20190205.fetched (constraints: m:b)
08-28 21:55:54.922  2788  3679 I SP      : Requesting download of URL https://www.gstatic.com/android/keyboard/next_word_predictor/prod/superpacks-manifest-20180920.json to next-word-predictor-20180920.fetched (constraints: m:b)
08-28 21:55:54.929  2788  3679 I SP      : Successfully got manifest for emoji-manifest: manifests:emoji-20
08-28 21:55:54.952  2788  3679 I EmojiSlicingStrategy: matchEnabledLocalesWithPackLocales() : User enabled 1 locales; returning 1 slices
08-28 21:55:54.953  2788  3679 I SP      : Syncing emoji (20) with slices: [{56f61e93403a5c80d23070b28785cecd, m:*}], metadata: false
08-28 21:55:54.982  2194  5630 I NetworkScheduler.Stats: Task com.google.android.gms/com.google.android.gms.icing.proxy.IcingInternalCorporaUpdateService started execution. cause:7 exec_start_elapsed_seconds: 4845 [CONTEXT service_id=218 ]
08-28 21:55:55.016  2788  3679 I SP      : Scheduling: download registered, 1 started, 0 paused, 0 scheduled, 3 pending: manifests:emoji-predictor-20190205 @ {m:b, bg}, manifests:next-word-predictor-20180920 @ {m:b, bg}, emoji:56f61e93403a5c80d23070b28785cecd @ * {m:b, bg}
08-28 21:55:55.016  2788  3679 I SP      : Requesting download of URL https://www.gstatic.com/android/keyboard/emoji/20190401132437/en.zip to 56f61e93403a5c80d23070b28785cecd.zip.fetched (constraints: m:b)
08-28 21:55:55.031  2194  5630 I NetworkScheduler.Stats: Task com.google.android.gms/com.google.android.gms.icing.proxy.IcingInternalCorporaUpdateService finished executing. cause:7 result: 1 elapsed_millis: 232 uptime_millis: 232 exec_start_elapsed_seconds: 4845 [CONTEXT service_id=218 ]
08-28 21:55:55.051  2194  5630 I NetworkScheduler.Stats: Task com.google.android.inputmethod.latin/ started execution. cause:7 exec_start_elapsed_seconds: 4845 [CONTEXT service_id=218 ]
08-28 21:55:55.051  2788  3679 I SP      : Download stopped: manifests:emoji-predictor-20190205, succeeded, size: 588
08-28 21:55:55.084  2788  3679 I SP      : Scheduling: download stopped, 0 started, 0 paused, 0 scheduled, 2 pending: manifests:next-word-predictor-20180920 @ {m:b, bg}, emoji:56f61e93403a5c80d23070b28785cecd @ {m:b, bg}
08-28 21:55:55.131  2788  3679 I SP      : Download stopped: manifests:next-word-predictor-20180920, succeeded, size: 933
08-28 21:55:55.154  2788  3679 I SP      : Scheduling: download stopped, 0 started, 0 paused, 0 scheduled, 1 pending: emoji:56f61e93403a5c80d23070b28785cecd @ {m:b, bg}
08-28 21:55:55.170  2788  3679 I SP      : Successfully got manifest for emoji-predictor-manifest: manifests:emoji-predictor-20190205
08-28 21:55:55.209  2788  3679 I SP      : <==== Finishing job {m:b, bg}, 322 ms. elapsed since start
08-28 21:55:55.209  2788  3679 I SP      : Download stopped: emoji:56f61e93403a5c80d23070b28785cecd, succeeded, size: 61056
08-28 21:55:55.215  2194  8761 I NetworkScheduler.Stats: Task com.google.android.inputmethod.latin/ finished executing. cause:7 result: 1 elapsed_millis: 345 uptime_millis: 345 exec_start_elapsed_seconds: 4845 [CONTEXT service_id=218 ]
08-28 21:55:55.222  1754  1754 W audio_hw_generic: Not supplying enough data to HAL, expected position 4810854 , only wrote 4673270
08-28 21:55:55.267  2788  3679 I SP      : Syncing emoji-predictor (20190205) with slices: [tflite-emoji-pred-a69f4f3dd1a865206f8a5f8cdcd9f6d6], metadata: false
08-28 21:55:55.268  2788  3679 I SP      : Successfully got manifest for next-word-predictor-manifest: manifests:next-word-predictor-20180920
08-28 21:55:55.318  2788  3679 I SP      : Scheduling job with delay of 0s for {m:b, bg}, 1 candidates
08-28 21:55:55.339  2788  3679 I SP      : Scheduling: download registered, 0 started, 0 paused, 1 scheduled, 1 pending: emoji-predictor:tflite-emoji-pred-a69f4f3dd1a865206f8a5f8cdcd9f6d6 * {m:b, bg}
08-28 21:55:55.380  2194  5630 I NetworkScheduler.Stats: Task com.google.android.inputmethod.latin/ started execution. cause:7 exec_start_elapsed_seconds: 4845 [CONTEXT service_id=218 ]
08-28 21:55:55.382  2788  2788 I SP      : ====> Starting job {m:b, bg}
08-28 21:55:55.386  2788  3679 I SP      : Syncing next-word-predictor (20180920) with slices: [pie-nwp-20180807, tflite-nwp-20180920], metadata: false
08-28 21:55:55.414  2788  3679 I SP      : Scheduling: job start ({m:b, bg}), 1 started, 0 paused, 0 scheduled, 1 pending: emoji-predictor:tflite-emoji-pred-a69f4f3dd1a865206f8a5f8cdcd9f6d6 @ * {m:b, bg}
08-28 21:55:55.488  2788  3679 I SP      : Scheduling: download registered, 1 started, 0 paused, 0 scheduled, 2 pending: emoji-predictor:tflite-emoji-pred-a69f4f3dd1a865206f8a5f8cdcd9f6d6 @ {m:b, bg}, next-word-predictor:pie-nwp-20180807 @ * {m:b, bg}
08-28 21:55:55.509  2788  3679 I SP      : Scheduling: download registered, 1 started, 0 paused, 0 scheduled, 3 pending: emoji-predictor:tflite-emoji-pred-a69f4f3dd1a865206f8a5f8cdcd9f6d6 @ {m:b, bg}, next-word-predictor:pie-nwp-20180807 @ {m:b, bg}, next-word-predictor:tflite-nwp-20180920 @ * {m:b, bg}
08-28 21:55:55.529  2788  3679 I SP      : Requesting download of URL https://www.gstatic.com/android/keyboard/emoji_predictor/tflite-emoji-pred-a69f4f3dd1a865206f8a5f8cdcd9f6d6.zip to tflite-emoji-pred-a69f4f3dd1a865206f8a5f8cdcd9f6d6.zip.fetched (constraints: m:b)
08-28 21:55:55.531  2788  3679 I SP      : Requesting download of URL https://www.gstatic.com/android/keyboard/next_word_predictor/prod/pie-nwp-20180807.zip to pie-nwp-20180807.zip.fetched (constraints: m:b)
08-28 21:55:55.532  2788  3679 I SP      : Requesting download of URL https://www.gstatic.com/android/keyboard/next_word_predictor/prod/tflite-nwp-20180920.zip to tflite-nwp-20180920.zip.fetched (constraints: m:b)
08-28 21:55:55.534  2788  3679 I SP      : Sync for emoji succeeded in 583 ms: {added: [56f61e93403a5c80d23070b28785cecd], removed: [442dd7424a2b73ebe817b5223ec48db9], metadata: false
08-28 21:55:55.556  2014  2052 W BroadcastQueue: Background execution not allowed: receiving Intent { act=android.intent.action.DROPBOX_ENTRY_ADDED flg=0x10 (has extras) } to com.google.android.gms/.stats.service.DropBoxEntryAddedReceiver
08-28 21:55:55.556  2014  2052 W BroadcastQueue: Background execution not allowed: receiving Intent { act=android.intent.action.DROPBOX_ENTRY_ADDED flg=0x10 (has extras) } to com.google.android.gms/.chimera.GmsIntentOperationService$PersistentTrustedReceiver
08-28 21:55:55.580  2788  8656 I EmojiSuperpacksManager: processPackSet() : isBundled = false
08-28 21:55:55.582  2788  8680 I EmojiShortcutsLoader: Reading en_US emoji shortcuts
08-28 21:55:55.584  2788  8680 I EmojiShortcutsLoader: Read en_US emoji shortcuts successfully.
08-28 21:55:55.584  2788  8680 I EmojiShortcutsLoader: 1 emoji shortcut maps loaded.
08-28 21:55:55.587  2788  8680 I EmojiShortcutsLoader: Finished loading emoji shortcuts
08-28 21:55:55.850  2788  3679 I SP      : Download stopped: emoji-predictor:tflite-emoji-pred-a69f4f3dd1a865206f8a5f8cdcd9f6d6, succeeded, size: 1036909
08-28 21:55:55.894  2788  3679 I SP      : Scheduling: download stopped, 0 started, 0 paused, 0 scheduled, 2 pending: next-word-predictor:pie-nwp-20180807 @ {m:b, bg}, next-word-predictor:tflite-nwp-20180920 @ {m:b, bg}
08-28 21:55:56.133  2788  3679 I SP      : Download stopped: next-word-predictor:pie-nwp-20180807, succeeded, size: 1842621
08-28 21:55:56.158  2788  3679 I SP      : Scheduling: download stopped, 0 started, 0 paused, 0 scheduled, 1 pending: next-word-predictor:tflite-nwp-20180920 @ {m:b, bg}
08-28 21:55:56.234  2788  3679 I SP      : Sync for emoji-predictor succeeded in 979 ms: {added: [tflite-emoji-pred-a69f4f3dd1a865206f8a5f8cdcd9f6d6], metadata: false
08-28 21:55:56.363  2788  3679 I SP      : <==== Finishing job {m:b, bg}, 982 ms. elapsed since start
08-28 21:55:56.363  2788  3679 I SP      : Download stopped: next-word-predictor:tflite-nwp-20180920, succeeded, size: 1847381
08-28 21:55:56.368  2194  8761 I NetworkScheduler.Stats: Task com.google.android.inputmethod.latin/ finished executing. cause:7 result: 1 elapsed_millis: 1006 uptime_millis: 1006 exec_start_elapsed_seconds: 4845 [CONTEXT service_id=218 ]
08-28 21:55:56.723  2788  3679 I SP      : Sync for next-word-predictor succeeded in 1342 ms: {added: [pie-nwp-20180807, tflite-nwp-20180920], metadata: false
08-28 21:55:58.053  3850  3984 I MicroDetectionWorker: #startMicroDetector [speakerMode: 0]
08-28 21:55:58.055  3850  3984 W ErrorReporter: reportError [type: 211, code: 393244, bug: 0]: errorCode: 393244, engine: 0
08-28 21:55:58.059  3850  3984 I MicroDetector: Keeping mic open: false
08-28 21:55:58.060  3850  3984 I MicroDetectionWorker: #onError(false)
08-28 21:56:00.001  7575  7575 I AlarmClock: Periodic: Executing periodic callback for MINUTE because the period ended
08-28 21:56:00.008  7575  7575 I chatty  : uid=10133(com.google.android.deskclock) identical 2 lines
08-28 21:56:00.009  7575  7575 I AlarmClock: Periodic: Executing periodic callback for MINUTE because the period ended
08-28 21:56:00.025  2212  2212 D KeyguardClockSwitch: Updating clock: 956
08-28 21:56:03.065  3850  3984 I MicroDetectionWorker: #startMicroDetector [speakerMode: 0]
08-28 21:56:03.066  3850  3984 W ErrorReporter: reportError [type: 211, code: 393244, bug: 0]: errorCode: 393244, engine: 0
08-28 21:56:03.067  3850  3984 I MicroDetector: Keeping mic open: false
08-28 21:56:03.068  3850  3984 I MicroDetectionWorker: #onError(false)
08-28 21:56:08.075  3850  3984 I MicroDetectionWorker: #startMicroDetector [speakerMode: 0]
08-28 21:56:08.077  3850  3984 W ErrorReporter: reportError [type: 211, code: 393244, bug: 0]: errorCode: 393244, engine: 0
08-28 21:56:08.081  3850  3984 I MicroDetector: Keeping mic open: false
08-28 21:56:08.081  3850  3984 I MicroDetectionWorker: #onError(false)
08-28 21:56:08.086  3850  8710 I DeviceStateChecker: DeviceStateChecker cancelled
