08-28 21:55:45.198  7575  7588 W droid.deskcloc: Reducing the number of considered missed Gc histogram windows from 120 to 100
08-28 21:55:46.559  2014  3217 W InputReader: Device has associated, but no associated display id.
08-28 21:55:46.559  2014  3217 I chatty  : uid=1000(system) Binder:2014_10 identical 8 lines
08-28 21:55:46.559  2014  3217 W InputReader: Device has associated, but no associated display id.
08-28 21:55:46.578  1754  5599 W audio_hw_generic: Not supplying enough data to HAL, expected position 4395668 , only wrote 4395650
08-28 21:55:46.593  7575  7575 I AlarmClock: Changing world clocks from [] to [ChIJOwg_06VPwokRYv534QaPC8g]
08-28 21:55:46.645  7575  7575 I AppLifecycleTracker: onActivityPaused: 
08-28 21:55:46.647  2014  5322 W InputReader: Device has associated, but no associated display id.
08-28 21:55:46.650  2014  5322 I chatty  : uid=1000(system) Binder:2014_1D identical 28 lines
08-28 21:55:46.650  2014  5322 W InputReader: Device has associated, but no associated display id.
08-28 21:55:46.658  7575  7575 I AppLifecycleTracker: onActivityStarted: 
08-28 21:55:46.660  7575  7575 I AppLifecycleTracker: App foreground state unchanged: inForeground ? true
08-28 21:55:46.692  2014  3203 W UriGrantsManagerService: No permission grants found for com.google.android.deskclock
08-28 21:55:46.697  7575  7575 I AppLifecycleTracker: onActivityResumed: 
08-28 21:55:46.782  1765  1815 D gralloc_ranchu: gralloc_alloc: Creating ashmem region of size 14749696
08-28 21:55:46.807  1765  1815 I chatty  : uid=1000(system) HwBinder:1765_1 identical 1 line
08-28 21:55:46.822  1765  1815 D gralloc_ranchu: gralloc_alloc: Creating ashmem region of size 14749696
08-28 21:55:46.883  7575  7614 D EGL_emulation: eglMakeCurrent: 0xd494b4a0: ver 2 0 (tinfo 0xe009ffd0)
08-28 21:55:46.911  2014  2047 W InputReader: Device has associated, but no associated display id.
08-28 21:55:46.912  2014  2047 I chatty  : uid=1000(system) android.anim identical 8 lines
08-28 21:55:46.912  2014  2047 W InputReader: Device has associated, but no associated display id.
08-28 21:55:46.912  7575  7614 D EGL_emulation: eglMakeCurrent: 0xd494b4a0: ver 2 0 (tinfo 0xe009ffd0)
08-28 21:55:46.914  2014  2047 W InputReader: Device has associated, but no associated display id.
08-28 21:55:46.915  2014  2047 I chatty  : uid=1000(system) android.anim identical 8 lines
08-28 21:55:46.915  2014  2047 W InputReader: Device has associated, but no associated display id.
08-28 21:55:46.941  7575  7614 D EGL_emulation: eglMakeCurrent: 0xd494b4a0: ver 2 0 (tinfo 0xe009ffd0)
08-28 21:55:46.952  2788  2788 I PhenotypeExpConfig: refreshConfiguration() : Force = false : UpdateAvailable = true : Age = 79 minutes : MaxAge = 720 minutes
08-28 21:55:46.973  2788  2788 I AndroidIME: LatinIme.onDeactivate()
08-28 21:55:46.979  2212  2533 D EGL_emulation: eglMakeCurrent: 0xd7f1a8a0: ver 2 0 (tinfo 0xd7f0f990)
08-28 21:55:46.999  7575  7614 D EGL_emulation: eglMakeCurrent: 0xd494b4a0: ver 2 0 (tinfo 0xe009ffd0)
08-28 21:55:46.999  2788  8691 D EGL_emulation: eglMakeCurrent: 0xd7f1b8c0: ver 2 0 (tinfo 0xbc908be0)
08-28 21:55:47.070  7575  7614 D EGL_emulation: eglMakeCurrent: 0xd494b4a0: ver 2 0 (tinfo 0xe009ffd0)
08-28 21:55:47.367  7575  7575 I AppLifecycleTracker: onActivityStopped: 
08-28 21:55:47.371  7575  7575 I AppLifecycleTracker: App foreground state unchanged: inForeground ? true
08-28 21:55:47.378  7575  7575 I AppLifecycleTracker: onActivityDestroyed: 
08-28 21:55:49.711  1754  1896 W audio_hw_generic: Not supplying enough data to HAL, expected position 4670319 , only wrote 4533799
08-28 21:55:51.968  2788  3459 I PhenotypeIme: FetchConfigurationTask.fetchConfiguration() : com.google.android.inputmethod.latin
08-28 21:55:52.055  2014  2124 V InputDispatcher: Asynchronous input event injection succeeded.
08-28 21:55:52.059  1754  5599 W audio_hw_generic: Not supplying enough data to HAL, expected position 4533819 , only wrote 4533799
08-28 21:55:52.116  2788  3459 I UrgentSignal: Received signal: id: 316371177
08-28 21:55:52.117  2788  3459 I UrgentSignal: Signal target module: 1
08-28 21:55:52.117  2788  3459 I UrgentSignal: Signal target module: 1
08-28 21:55:52.128  2788  3459 I Delight5Facilitator: resetDecoder() : Locale = [en_US]
08-28 21:55:52.155  2788  8680 I MainLoader: Running LM loader for [en_US]
08-28 21:55:52.155  2788  8680 I SuperDelight: SuperDelightLanguageModelProvider#fetchLanguageModel(): 1 locales
08-28 21:55:52.155  2788  8693 I SuperDelight: initializeBundledDelightSuperpacks()
08-28 21:55:52.157  2788  3679 I SP      : Registering bundled_delight.20190203, url: null, constraints: *:*, flags: *, requested: 20190203, current: 20190203
08-28 21:55:52.162  2788  8683 I SuperDelight: SuperDelightManager#syncBundledLanguageModels(): Syncing for version 20190203
08-28 21:55:52.166  2788  3679 I SuperDelight: BundledSlicing#getSlices() : Locale = [en_US]
08-28 21:55:52.166  2788  3679 I SuperDelight: BundledSlicing#getSlices(): result {slices=[bundled_delight:main_en_us_20180802_2], last batch=true, sync metadata=false}
08-28 21:55:52.167  2788  3679 I SP      : Syncing bundled_delight (20190203) with slices: [main_en_us_20180802_2], metadata: false
08-28 21:55:52.200  2788  3459 I PhenotypeIme: FetchConfigurationTask.fetchConfiguration() : ConfigurationsResult = Persisted
08-28 21:55:52.208  2788  2788 I ShortcutsDataManager: startImportContentTask()
08-28 21:55:52.213  2788  2788 I EmojiSuperpacksManager: triggerSync() : isBundled = false
08-28 21:55:52.211  2788  3721 I ShortcutsDataManager: doInBackground()
08-28 21:55:52.218  2788  3721 I PersonalDictDataHandler: Locales = [en_US]
08-28 21:55:52.234  2788  8693 I SuperDelight: initializeDelightSuperpacks()
08-28 21:55:52.235  2788  8693 I SuperDelight: getDelightMetadataUriAndVersion(): Phenotype : 2019100102 : https://www.gstatic.com/android/keyboard/dictionarypack/Wheelharp-normal/metadata_for_launch_noac.json
08-28 21:55:52.235  2788  8693 I SuperDelight: initializeOverridesSuperpacks()
08-28 21:55:52.239  2788  3501 I Conv2QueryExtension: updateCandidateProvider(): isC2QAsynchronouslyTriggered: false
08-28 21:55:52.248  1748  1748 D Zygote  : Forked child process 8724
08-28 21:55:52.253  8724  8724 W d.process.acor: Unexpected CPU variant for X86 using defaults: x86
08-28 21:55:52.256  2014  2053 I ActivityManager: Start proc 8724:android.process.acore/u0a55 for content provider {com.android.providers.userdictionary/com.android.providers.userdictionary.UserDictionaryProvider}
08-28 21:55:52.258  2788  8684 I SuperDelight: SuperDelightManager#registerAndUpgradeSuperpacks(delight): current 20190203, required 2019100102
08-28 21:55:52.267  2788  8681 I SuperDelight: SuperDelightManager#syncOverridesLanguageModels(): Superpack delight_overrides not found or negative version provided
08-28 21:55:52.275  2788  3459 I PhenotypeIme: FetchConfigurationTask.fetchConfiguration() : Success after 310 ms
08-28 21:55:52.274  2788  3679 I SP      : Registering emoji.20, url: https://www.gstatic.com/android/keyboard/modelpack/emoji/20190401132437/superpacks_manifest.zip, constraints: m:*, flags: fg, requested: 20, current: 3
08-28 21:55:52.280  2014  2124 V InputDispatcher: Asynchronous input event injection succeeded.
08-28 21:55:52.282  2014  2043 D AutofillManagerService: Close system dialogs
08-28 21:55:52.282  2014  2044 I ActivityTaskManager: START u0 {act=android.intent.action.MAIN cat=[android.intent.category.HOME] flg=0x10000100 cmp=com.google.android.apps.nexuslauncher/.NexusLauncherActivity (has extras)} from uid 0
08-28 21:55:52.286  2212  2212 V StatusBar: mStatusBarWindow: com.android.systemui.statusbar.phone.StatusBarWindowView{4abb1d6 V.E...... ........ 0,0-1440,84} canPanelBeCollapsed(): false
08-28 21:55:52.288  2788  3679 I SP      : Sync for bundled_delight succeeded in 124 ms: no changes
08-28 21:55:52.288  2014  2044 W InputReader: Device has associated, but no associated display id.
08-28 21:55:52.289  2014  2044 I chatty  : uid=1000(system) android.ui identical 18 lines
08-28 21:55:52.289  2014  2044 W InputReader: Device has associated, but no associated display id.
08-28 21:55:52.308  1765  1815 D gralloc_ranchu: gralloc_alloc: Creating ashmem region of size 14749696
08-28 21:55:52.325  7575  7575 I AppLifecycleTracker: onActivityPaused: 
08-28 21:55:52.335  3850  5602 D EGL_emulation: eglMakeCurrent: 0xd494ab40: ver 2 0 (tinfo 0xbae42840)
08-28 21:55:52.343  2788  3679 I SP      : Scheduling job with delay of 0s for {m:b, fg}, 1 candidates
08-28 21:55:52.346  1765  1815 D gralloc_ranchu: gralloc_alloc: Creating ashmem region of size 14749696
08-28 21:55:52.395  2014  2014 W ActivityManager: Unable to start service Intent { act=android.service.appprediction.AppPredictionService cmp=com.google.android.as/com.google.android.apps.miphone.aiai.app.AiAiPredictionService } U=0: not found
08-28 21:55:52.395  2014  2014 W RemoteAppPredictionService: could not bind to Intent { act=android.service.appprediction.AppPredictionService cmp=com.google.android.as/com.google.android.apps.miphone.aiai.app.AiAiPredictionService } using flags 67108865
08-28 21:55:52.407  2014  2044 W Looper  : Slow dispatch took 102ms android.ui h=com.android.server.am.ActivityManagerService$UiHandler c=null m=31
08-28 21:55:52.367  1765  1815 D gralloc_ranchu: gralloc_alloc: Creating ashmem region of size 14749696
08-28 21:55:52.418  8724  8724 I d.process.acor: The ClassLoaderContext is a special shared library.
08-28 21:55:52.439  3850  3850 W ThreadPoolDumper: Queue length for executor EventBus is now 11. Perhaps some tasks are too long, or the pool is too small.
08-28 21:55:52.455  1765  1815 D gralloc_ranchu: gralloc_alloc: Creating ashmem region of size 14749696
08-28 21:55:52.476  3850  3984 W SessionLifecycleManager: Handover failed. Creating new session controller.
08-28 21:55:52.495  1765  1815 D gralloc_ranchu: gralloc_alloc: Creating ashmem region of size 14749696
08-28 21:55:52.509  8724  8724 I d.process.acor: The ClassLoaderContext is a special shared library.
08-28 21:55:52.532  2788  3679 I SP      : Scheduling: download registered, 0 started, 0 paused, 1 scheduled, 1 pending: manifests:emoji-20 * {m:b, fg}
08-28 21:55:52.534  2833  3697 D EGL_emulation: eglMakeCurrent: 0xd7f1a300: ver 2 0 (tinfo 0xd7f0f420)
08-28 21:55:52.558  1765  1815 D gralloc_ranchu: gralloc_alloc: Creating ashmem region of size 14749696
08-28 21:55:52.565  2788  3679 I SP      : Registering emoji-predictor.20190205, url: https://www.gstatic.com/android/keyboard/emoji_predictor/superpacks-manifest-20190205.json, constraints: *:*, flags: *, requested: 20190205, current: -1
08-28 21:55:52.568  8724  8724 I d.process.acor: The ClassLoaderContext is a special shared library.
08-28 21:55:52.571  8724  8724 I ContactsPerf: VoicemailContentProvider.onCreate start
08-28 21:55:52.574  2788  3679 I SP      : Registering delight.2019100102, url: https://www.gstatic.com/android/keyboard/dictionarypack/Wheelharp-normal/metadata_for_launch_noac.json, constraints: m:*, flags: *, requested: 2019100102, current: 20190203
08-28 21:55:52.589  2014  2047 W InputReader: Device has associated, but no associated display id.
08-28 21:55:52.590  2014  2047 I chatty  : uid=1000(system) android.anim identical 8 lines
08-28 21:55:52.590  2014  2047 W InputReader: Device has associated, but no associated display id.
08-28 21:55:52.591  8724  8724 I ContactsPerf: VoicemailContentProvider.onCreate finish
08-28 21:55:52.601  2788  3679 I SP      : Registering next-word-predictor.20180920, url: https://www.gstatic.com/android/keyboard/next_word_predictor/prod/superpacks-manifest-20180920.json, constraints: *:*, flags: *, requested: 20180920, current: -1
08-28 21:55:52.610  1765  1815 D gralloc_ranchu: gralloc_alloc: Creating ashmem region of size 9441280
08-28 21:55:52.657  2788  2788 I KeyboardViewHelper: Get view with height ratio:1.000000; experiment height ratio:1.000000.
08-28 21:55:52.660  2014  5322 W ActivityManager: Slow operation: 68ms so far, now at getContentProviderImpl: after updateLruProcess
08-28 21:55:52.668  2014  5322 W ActivityManager: Slow operation: 68ms so far, now at getContentProviderImpl: before updateOomAdj
08-28 21:55:52.669  2014  5322 W ActivityManager: Slow operation: 77ms so far, now at getContentProviderImpl: after updateOomAdj
08-28 21:55:52.669  2014  5322 W ActivityManager: Slow operation: 77ms so far, now at getContentProviderImpl: done!
08-28 21:55:52.690  2212  2533 D EGL_emulation: eglMakeCurrent: 0xd7f1a8a0: ver 2 0 (tinfo 0xd7f0f990)
08-28 21:55:52.701  2014  5322 D CountryDetector: The first listener is added
08-28 21:55:52.702  8724  8724 I ContactsDatabaseHelper: updateUseStrictPhoneNumberComparison: US
08-28 21:55:52.720  8724  8724 D ActivityThread: Loading provider contacts;com.android.contacts: com.android.providers.contacts.ContactsProvider2
08-28 21:55:52.722  2212  2533 D EGL_emulation: eglMakeCurrent: 0xd7f1a8a0: ver 2 0 (tinfo 0xd7f0f990)
08-28 21:55:52.758  3850  8660 E sb.v.u.LiteSuggestSourc: On-device lite suggest model loading error.
08-28 21:55:52.784  2212  2533 D EGL_emulation: eglMakeCurrent: 0xd7f1a8a0: ver 2 0 (tinfo 0xd7f0f990)
08-28 21:55:52.810  2212  2533 I chatty  : uid=10108(com.android.systemui) RenderThread identical 1 line
08-28 21:55:52.836  2212  2533 D EGL_emulation: eglMakeCurrent: 0xd7f1a8a0: ver 2 0 (tinfo 0xd7f0f990)
08-28 21:55:52.851  2788  3679 I SP      : Scheduling job with delay of 0s for {m:b, bg}, 1 candidates
08-28 21:55:52.858  2212  2533 D EGL_emulation: eglMakeCurrent: 0xd7f1a8a0: ver 2 0 (tinfo 0xd7f0f990)
08-28 21:55:52.906  2833  2847 I s.nexuslaunche: NativeAlloc concurrent copying GC freed 7729(436KB) AllocSpace objects, 2(104KB) LOS objects, 49% free, 2909KB/5818KB, paused 16.535ms total 185.080ms
08-28 21:55:52.906  2833  2847 W s.nexuslaunche: Reducing the number of considered missed Gc histogram windows from 122 to 100
08-28 21:55:52.909  2833  2849 W System  : A resource failed to call release. 
08-28 21:55:52.912  2212  2533 D EGL_emulation: eglMakeCurrent: 0xd7f1a8a0: ver 2 0 (tinfo 0xd7f0f990)
08-28 21:55:52.915  2833  2849 W System  : A resource failed to call release. 
08-28 21:55:52.922  3850  8431 W LocationOracle: No location history returned by ContextManager
08-28 21:55:52.926  2788  2788 I Choreographer: Skipped 30 frames!  The application may be doing too much work on its main thread.
08-28 21:55:52.936  2788  2802 I putmethod.lati: Background concurrent copying GC freed 13321(1188KB) AllocSpace objects, 4(872KB) LOS objects, 35% free, 10MB/16MB, paused 1.478ms total 577.742ms
08-28 21:55:52.991  2788  3679 I SP      : Scheduling job with delay of 0s for {m:b, fg}, 1 candidates
08-28 21:55:53.004  8724  8759 D ContactsDatabaseHelper: WAL enabled for contacts2.db: true
08-28 21:55:53.016  2788  2788 I SP      : ====> Starting job {m:b, fg}
08-28 21:55:53.033  3850  3984 I MicroDetectionWorker: #startMicroDetector [speakerMode: 0]
08-28 21:55:53.041  3850  3984 W ErrorReporter: reportError [type: 211, code: 393244, bug: 0]: errorCode: 393244, engine: 0
08-28 21:55:53.043  2212  2533 D EGL_emulation: eglMakeCurrent: 0xd7f1a8a0: ver 2 0 (tinfo 0xd7f0f990)
08-28 21:55:53.043  3850  3984 I MicroDetector: Keeping mic open: false
08-28 21:55:53.043  3850  3984 I MicroDetectionWorker: #onError(false)
08-28 21:55:53.070  2212  2533 D EGL_emulation: eglMakeCurrent: 0xd7f1a8a0: ver 2 0 (tinfo 0xd7f0f990)
08-28 21:55:53.098  2212  2533 D EGL_emulation: eglMakeCurrent: 0xd7f1a8a0: ver 2 0 (tinfo 0xd7f0f990)
08-28 21:55:53.113  2212  2249 I ndroid.systemu: NativeAlloc concurrent copying GC freed 43769(1304KB) AllocSpace objects, 0(0B) LOS objects, 49% free, 5527KB/10MB, paused 2.564ms total 297.168ms
08-28 21:55:53.111  2788  3679 I SP      : Scheduling: download registered, 0 started, 0 paused, 2 scheduled, 2 pending: manifests:emoji-20 * {m:b, fg}, manifests:emoji-predictor-20190205 * {m:b, bg}
08-28 21:55:53.174  2788  3721 I ShortcutsDataManager: importRecords() : Success : Count = 0
08-28 21:55:53.196  7575  7614 D EGL_emulation: eglMakeCurrent: 0xd494b4a0: ver 2 0 (tinfo 0xe009ffd0)
08-28 21:55:53.217  2194  5630 W .gms.persisten: Long monitor contention with owner netscheduler-queue-handler (4759) at int aqtk.a(aqte, aauy)(:com.google.android.gms@202414022@20.24.14 (040700-319035315):88) waiters=0 in int aqtk.c(aqqo) for 177ms
08-28 21:55:53.225  7575  7575 I AppLifecycleTracker: onActivityStopped: 
08-28 21:55:53.227  7575  7575 I AppLifecycleTracker: App transition to background
08-28 21:55:53.230  7575  7575 I AppLifecycleTracker: onActivitySaveInstanceState: 
08-28 21:55:53.245  2194  4051 W GCoreFlp: No location to return for getLastLocation()
08-28 21:55:53.248  2788  3679 I SP      : Scheduling job with delay of 0s for {m:b, bg}, 1 candidates
08-28 21:55:53.271  2788  2802 I putmethod.lati: Background young concurrent copying GC freed 38365(3627KB) AllocSpace objects, 7(1744KB) LOS objects, 18% free, 13MB/16MB, paused 4.853ms total 205.489ms
08-28 21:55:53.286  8724  8759 I ContactLocale: AddressBook Labels [[en_US]]: […, A, B, C, D, E, F, G, H, I, J, K, L, M, N, O, P, Q, R, S, T, U, V, W, X, Y, Z, Α, Β, Γ, Δ, Ε, Ζ, Η, Θ, Ι, Κ, Λ, Μ, Ν, Ξ, Ο, Π, Ρ, Σ, Τ, Υ, Φ, Χ, Ψ, Ω, …, А, Б, В, Г, Д, Ђ, Е, Є, Ж, З, И, І, Й, Ј, К, Л, Љ, М, Н, Њ, О, П, Р, С, Т, Ћ, У, Ф, Х, Ц, Ч, Џ, Ш, Щ, Ю, Я, …, א, ב, ג, ד, ה, ו, ז, ח, ט, י, כ, ל, מ, נ, ס, ע, פ, צ, ק, ר, ש, ת, …, ا, ب, ت, ث, ج, ح, خ, د, ذ, ر, ز, س, ش, ص, ض, ط, ظ, ع, غ, ف, ق, ك, ل, م, ن, ه, و, ي, …, ก, ข, ฃ, ค, ฅ, ฆ, ง, จ, ฉ, ช, ซ, ฌ, ญ, ฎ, ฏ, ฐ, ฑ, ฒ, ณ, ด, ต, ถ, ท, ธ, น, บ, ป, ผ, ฝ, พ, ฟ, ภ, ม, ย, ร, ฤ, ล, ฦ, ว, ศ, ษ, ส, ห, ฬ, อ, ฮ, …, ㄱ, ㄴ, ㄷ, ㄹ, ㅁ, ㅂ, ㅅ, ㅇ, ㅈ, ㅊ, ㅋ, ㅌ, ㅍ, ㅎ, …, あ, か, さ, た, な, は, ま, や, ら, わ, #, …]
08-28 21:55:53.289  8724  8760 W d.process.acor: Long monitor contention with owner Worker-1 (8759) at void com.android.providers.contacts.ContactLocaleUtils.setLocales(com.android.providers.contacts.LocaleSet)(ContactLocaleUtils.java:-1) waiters=1 in void com.android.providers.contacts.ContactLocaleUtils.setLocales(com.android.providers.contacts.LocaleSet) for 205ms
08-28 21:55:53.327  2212  2533 D EGL_emulation: eglMakeCurrent: 0xd7f1a8a0: ver 2 0 (tinfo 0xd7f0f990)
08-28 21:55:53.338  2194  2721 E ModuleIdSetter: exception when setting module id
08-28 21:55:53.338  2194  2721 E ModuleIdSetter: java.lang.IllegalStateException: Unable to get current module info in ModuleManager created with non-module Context
08-28 21:55:53.338  2194  2721 E ModuleIdSetter: 	at com.google.android.chimera.config.ModuleManager.getCurrentModule(:com.google.android.gms@202414022@20.24.14 (040700-319035315):2)
08-28 21:55:53.338  2194  2721 E ModuleIdSetter: 	at aewd.a(:com.google.android.gms@202414022@20.24.14 (040700-319035315):4)
08-28 21:55:53.338  2194  2721 E ModuleIdSetter: 	at aewg.b(:com.google.android.gms@202414022@20.24.14 (040700-319035315):9)
08-28 21:55:53.338  2194  2721 E ModuleIdSetter: 	at aeso.a(Unknown Source:0)
08-28 21:55:53.338  2194  2721 E ModuleIdSetter: 	at rpm.a(:com.google.android.gms@202414022@20.24.14 (040700-319035315):0)
08-28 21:55:53.338  2194  2721 E ModuleIdSetter: 	at rlv.c(:com.google.android.gms@202414022@20.24.14 (040700-319035315):1)
08-28 21:55:53.338  2194  2721 E ModuleIdSetter: 	at rlt.b(:com.google.android.gms@202414022@20.24.14 (040700-319035315):1)
08-28 21:55:53.338  2194  2721 E ModuleIdSetter: 	at rok.b(:com.google.android.gms@202414022@20.24.14 (040700-319035315):6)
08-28 21:55:53.338  2194  2721 E ModuleIdSetter: 	at rok.c(:com.google.android.gms@202414022@20.24.14 (040700-319035315):6)
08-28 21:55:53.338  2194  2721 E ModuleIdSetter: 	at rok.b(:com.google.android.gms@202414022@20.24.14 (040700-319035315):10)
08-28 21:55:53.338  2194  2721 E ModuleIdSetter: 	at rok.a(:com.google.android.gms@202414022@20.24.14 (040700-319035315):17)
08-28 21:55:53.338  2194  2721 E ModuleIdSetter: 	at rok.g(:com.google.android.gms@202414022@20.24.14 (040700-319035315):3)
08-28 21:55:53.338  2194  2721 E ModuleIdSetter: 	at sdr.a(:com.google.android.gms@202414022@20.24.14 (040700-319035315):2)
08-28 21:55:53.338  2194  2721 E ModuleIdSetter: 	at scr.a(:com.google.android.gms@202414022@20.24.14 (040700-319035315):10)
08-28 21:55:53.338  2194  2721 E ModuleIdSetter: 	at sci.a(:com.google.android.gms@202414022@20.24.14 (040700-319035315):0)
08-28 21:55:53.338  2194  2721 E ModuleIdSetter: 	at scl.handleMessage(:com.google.android.gms@202414022@20.24.14 (040700-319035315):28)
08-28 21:55:53.338  2194  2721 E ModuleIdSetter: 	at android.os.Handler.dispatchMessage(Handler.java:107)
08-28 21:55:53.338  2194  2721 E ModuleIdSetter: 	at aekz.a(:com.google.android.gms@202414022@20.24.14 (040700-319035315):2)
08-28 21:55:53.338  2194  2721 E ModuleIdSetter: 	at aekz.dispatchMessage(:com.google.android.gms@202414022@20.24.14 (040700-319035315):14)
08-28 21:55:53.338  2194  2721 E ModuleIdSetter: 	at android.os.Looper.loop(Looper.java:214)
08-28 21:55:53.338  2194  2721 E ModuleIdSetter: 	at android.os.HandlerThread.run(HandlerThread.java:67)
08-28 21:55:53.343  2788  3679 I SP      : Scheduling: download registered, 0 started, 0 paused, 1 scheduled, 3 pending: manifests:emoji-20 {m:b, fg}, manifests:emoji-predictor-20190205 {m:b, bg}, manifests:delight-2019100102 * {m:b, bg}
08-28 21:55:53.376  2194  8673 W ctxmgr  : [AclManager] No 3 for (accnt=account#-517948760#, com.google.android.gms(10111):UserVelocityProducer, vrsn=202414022, 0, 3pPkg = null ,  3pMdlId = null ,  pid = 2194). Was: 3 for 1, account#-517948760# [CONTEXT service_id=47 ]
08-28 21:55:53.377  8724  8760 D ContactsDatabaseHelper: WAL enabled for profile.db: false
08-28 21:55:53.414  2788  3721 I putmethod.lati: IncrementDisableThreadFlip blocked for 20.554ms
08-28 21:55:53.419  2788  3679 I SP      : Scheduling job with delay of 0s for {m:b, bg}, 1 candidates
08-28 21:55:53.446  2788  3721 I ShortcutsDataManager: importContentData() : Ending import process
08-28 21:55:53.473  2788  3679 I SP      : Scheduling: download registered, 0 started, 0 paused, 1 scheduled, 4 pending: manifests:emoji-20 {m:b, fg}, manifests:emoji-predictor-20190205 {m:b, bg}, manifests:delight-2019100102 * {m:b, bg}, manifests:next-word-predictor-20180920 {m:b, bg}
08-28 21:55:53.513  2014  2027 I system_server: NativeAlloc concurrent copying GC freed 67261(2888KB) AllocSpace objects, 9(256KB) LOS objects, 34% free, 11MB/17MB, paused 1.590ms total 245.709ms
08-28 21:55:53.513  2788  3679 I SP      : Scheduling job with delay of 0s for {m:b, bg}, 1 candidates
08-28 21:55:53.530  2788  3721 I PersonalLanguageModel: run() : Added 0 words and 0 shortcuts
08-28 21:55:53.541  2788  2802 I putmethod.lati: Background young concurrent copying GC freed 72689(3649KB) AllocSpace objects, 6(1008KB) LOS objects, 22% free, 13MB/16MB, paused 23.537ms total 145.883ms
08-28 21:55:53.549  2014  2045 I DropBoxManagerService: add tag=system_server_strictmode isTagEnabled=true flags=0x2
08-28 21:55:53.551  2788  3721 I DynamicLm: perform() : PERSONAL_DICTIONARY : cgq : Completed
08-28 21:55:53.555  2788  2788 I ShortcutsDataManager: onPostExecute() : Result = [2,0]
08-28 21:55:53.555  2788  2788 I ShortcutsDataManager: onImportFinished() : Result = 2 : Count = 0
08-28 21:55:53.569  1748  1748 D Zygote  : Forked child process 8768
08-28 21:55:53.554  2014  2045 I chatty  : uid=1000(system) android.io identical 1 line
08-28 21:55:53.573  2014  2045 I DropBoxManagerService: add tag=system_server_strictmode isTagEnabled=true flags=0x2
08-28 21:55:53.576  2014  2053 I ActivityManager: Start proc 8768:com.google.process.gapps/u0a125 for content provider {com.google.android.syncadapters.contacts/com.google.android.syncadapters.contacts.ProxyGalProvider}
08-28 21:55:53.604  8768  8768 W e.process.gapp: Unexpected CPU variant for X86 using defaults: x86
08-28 21:55:53.621  2194  4051 W GCoreFlp: No location to return for getLastLocation()
08-28 21:55:53.640  2194  8761 I LogUtils: [Places]: ?: Couldn't find platform key file. [CONTEXT service_id=253 ]
08-28 21:55:53.645  2788  3679 I SP      : Scheduling: job start ({m:b, fg}), 0 started, 0 paused, 1 scheduled, 4 pending: manifests:emoji-20 {m:b, fg}, manifests:emoji-predictor-20190205 {m:b, bg}, manifests:delight-2019100102 * {m:b, bg}, manifests:next-word-predictor-20180920 {m:b, bg}
08-28 21:55:53.645  2788  3679 I SP      : <==== Finishing job {m:b, fg}, 629 ms. elapsed since start
08-28 21:55:53.694  2788  8680 I SuperDelight: initializeDelightSuperpacks()
08-28 21:55:53.695  2788  8680 I SuperDelight: getDelightMetadataUriAndVersion(): Phenotype : 2019100102 : https://www.gstatic.com/android/keyboard/dictionarypack/Wheelharp-normal/metadata_for_launch_noac.json
08-28 21:55:53.704  2788  4078 I Delight5Decoder: loadLanguageModel() : MAIN, version [20180802]
08-28 21:55:53.704  2788  8680 I Delight5Facilitator: Running blacklist loader
08-28 21:55:53.705  2788  8680 I Delight5Facilitator: Running contacts language model loader
08-28 21:55:53.705  2788  4078 I native  : language-utils-delegator.cc:75 Adding en to delegate.
08-28 21:55:53.705  2788  4078 I native  : language-utils-delegator.cc:79 language en not found, so added it.
08-28 21:55:53.705  2788  8680 I Delight5Facilitator: Running personal language model loader
08-28 21:55:53.705  2788  8680 I Delight5Facilitator: Running user history language model loader
08-28 21:55:53.707  2788  8680 I EmojiShortcutsLoader: Reading en_US emoji shortcuts
08-28 21:55:53.708  2788  8681 I SuperDelight: SuperDelightManager#registerAndUpgradeSuperpacks(delight): current 20190203, required 2019100102
08-28 21:55:53.709  2788  3679 I SP      : Registering delight.2019100102, url: https://www.gstatic.com/android/keyboard/dictionarypack/Wheelharp-normal/metadata_for_launch_noac.json, constraints: m:*, flags: *, requested: 2019100102, current: 20190203
08-28 21:55:53.714  2788  8693 I AbstractSyncResult: onFailure(): delight.sync cancelled; expected if new request supersedes pending one.
08-28 21:55:53.732  1748  8769 I zygote  : Background young concurrent copying GC freed 28560(7465KB) AllocSpace objects, 0(0B) LOS objects, 86% free, 938KB/7082KB, paused 565us total 155.801ms
08-28 21:55:53.733  1748  8769 W zygote  : Reducing the number of considered missed Gc histogram windows from 484 to 100
08-28 21:55:53.825  2788  3679 I SP      : Scheduling job with delay of 0s for {m:b, bg}, 1 candidates
08-28 21:55:53.839  2788  2788 I SP      : ====> Starting job {m:b, bg}
08-28 21:55:53.858  2788  4078 I native  : proto-store.cc:45 File not found: '/data/user/0/com.google.android.inputmethod.latin/files/personal/adapt_state.en.dat'.
08-28 21:55:53.858  2788  4078 I native  : (This might be OK for example when a language is being loaded for the first time.)
08-28 21:55:53.860  2788  4078 I Delight5Decoder: Loaded main LM /data/user/0/com.google.android.inputmethod.latin/files/superpacks/delight/main_en_us_20180802_1
08-28 21:55:53.860  2788  4078 I Delight5Decoder: loadLanguageModel() : BLACKLIST, version [n/a]
08-28 21:55:53.862  2788  4078 I native  : blacklist-assembly.cc:115 LoadBlacklist en
08-28 21:55:53.863  2788  4078 I Delight5Decoder: Loaded dynamic LM /data/user/0/com.google.android.inputmethod.latin/files/personal/blacklist.en_us.list
08-28 21:55:53.863  2788  4078 I Delight5Decoder: loadLanguageModel() : PERSONAL_DICTIONARY, version [n/a]
08-28 21:55:53.871  2788  4078 I Delight5Decoder: Loaded dynamic LM /data/user/0/com.google.android.inputmethod.latin/files/personal/Personal.en_US.dict
08-28 21:55:53.873  8768  8768 D ApplicationLoaders: Returning zygote-cached class loader: /system/framework/android.hidl.base-V1.0-java.jar
08-28 21:55:53.873  8768  8768 D ApplicationLoaders: Returning zygote-cached class loader: /system/framework/android.hidl.manager-V1.0-java.jar
08-28 21:55:53.873  8768  8768 D ApplicationLoaders: Returning zygote-cached class loader: /system/framework/android.hidl.base-V1.0-java.jar
08-28 21:55:53.877  2788  8680 I EmojiShortcutsLoader: Read en_US emoji shortcuts successfully.
08-28 21:55:53.878  2788  8680 I EmojiShortcutsLoader: 1 emoji shortcut maps loaded.
08-28 21:55:53.885  8768  8768 I e.process.gapp: The ClassLoaderContext is a special shared library.
08-28 21:55:53.892  2788  8680 I EmojiShortcutsLoader: Finished loading emoji shortcuts
08-28 21:55:53.893  2788  8680 I Delight5Facilitator: Running email language model loader
08-28 21:55:53.901  8768  8768 I e.process.gapp: The ClassLoaderContext is a special shared library.
08-28 21:55:53.910  2194  2207 I .gms.persisten: WaitForGcToComplete blocked Background on None for 6.006ms
08-28 21:55:53.921  2788  4078 I Delight5Decoder: loadLanguageModel() : USER_HISTORY, version [n/a]
08-28 21:55:53.923  2788  4078 I Delight5Decoder: Loaded dynamic LM /data/user/0/com.google.android.inputmethod.latin/files/personal/userhistory/UserHistory.en_US.dict
08-28 21:55:53.927  2788  3679 I SP      : Scheduling: download registered, 0 started, 0 paused, 1 scheduled, 4 pending: manifests:emoji-20 {m:b, fg}, manifests:emoji-predictor-20190205 {m:b, bg}, manifests:next-word-predictor-20180920 {m:b, bg}, manifests:delight-2019100102 * {m:b, bg}
08-28 21:55:53.934  2788  3679 I SuperpacksMgr: delight.registerManifest() cancelled
08-28 21:55:53.991  2788  3679 I SP      : Scheduling: job start ({m:b, bg}), 1 started, 0 paused, 0 scheduled, 4 pending: manifests:emoji-20 {m:b, fg}, manifests:emoji-predictor-20190205 {m:b, bg}, manifests:next-word-predictor-20180920 {m:b, bg}, manifests:delight-2019100102 @ * {m:b, bg}
08-28 21:55:53.993  2788  3679 I SP      : Requesting download of URL https://www.gstatic.com/android/keyboard/dictionarypack/Wheelharp-normal/metadata_for_launch_noac.json to delight-2019100102.fetched (constraints: m:b)
08-28 21:55:54.009  8768  8768 I GoogleHttpClient: GMS http client unavailable, use old client
08-28 21:55:54.037  2788  8680 I EmojiPredTFLiteLoader: Using locale en_US for emoji prediction
08-28 21:55:54.044  2194  2194 I GeofencerStateMachine: removeGeofences: removeRequest=RemoveGeofencingRequest[REMOVE_BY_PENDING_INTENT pendingIntent=PendingIntent[creatorPackage=com.google.android.gms], packageName=com.google.android.gms]
08-28 21:55:54.047  2194  2194 I GeofencerStateMachine: removeGeofences: removeRequest=RemoveGeofencingRequest[REMOVE_BY_PENDING_INTENT pendingIntent=PendingIntent[creatorPackage=com.google.android.gms], packageName=com.google.android.gms]
08-28 21:55:54.079  8724  8759 W d.process.acor: Long monitor contention with owner Worker-1 (8760) at boolean android.os.BinderProxy.transactNative(int, android.os.Parcel, android.os.Parcel, int)(BinderProxy.java:-2) waiters=0 in android.content.IContentProvider android.app.ActivityThread.acquireProvider(android.content.Context, java.lang.String, int, boolean) for 475ms
08-28 21:55:54.094  2788  8730 I TenorApi: Fetched response from https://g.tenor.com/v1/categories with success = true
08-28 21:55:54.107  8768  8793 I ProxyGalProvider: QueryGalProvider delegation enabled
08-28 21:55:54.135  8768  8787 I ProxyGalProvider: QueryGalProvider delegation enabled
08-28 21:55:54.147  2194  8795 I PlacesLogger: [PlaceInferenceEngine]: [anon] Changed inference mode: 0 [CONTEXT service_id=253 ]
08-28 21:55:54.162  2194  8672 I LogUtils: [Places]: ?: Couldn't find platform key file. [CONTEXT service_id=253 ]
08-28 21:55:54.163  2194  8811 I LogUtils: [Places]: ?: Couldn't find platform key file. [CONTEXT service_id=253 ]
08-28 21:55:54.179  2403  5475 I PeopleChimeraService: onService. callbacks = aabq@3c2b224, request = com.google.android.gms.common.internal.GetServiceRequest@805018d
08-28 21:55:54.197  2194  8672 I LogUtils: [Places]: ?: Couldn't find platform key file. [CONTEXT service_id=253 ]
08-28 21:55:54.205  2194  2207 I .gms.persisten: Background young concurrent copying GC freed 66802(3399KB) AllocSpace objects, 9(304KB) LOS objects, 14% free, 12MB/14MB, paused 2.432ms total 294.465ms
08-28 21:55:54.205  2194  8673 I ctxmgr  : [ProducerStatusImpl] updateStateForNewContextData: inactive, contextName=7 [CONTEXT service_id=47 ]
08-28 21:55:54.206  2403  5475 I PeopleChimeraService: onService. callbacks = aabq@7f89d8e, request = com.google.android.gms.common.internal.GetServiceRequest@eb089af
08-28 21:55:54.208  2403  4353 E PeopleGalProvider: Gal task threw exception.
08-28 21:55:54.208  2403  4353 E PeopleGalProvider: java.lang.UnsupportedOperationException
08-28 21:55:54.208  2403  4353 E PeopleGalProvider: 	at com.google.android.gms.people.service.galprovider.PeopleGalChimeraProvider.a(:com.google.android.gms@202414022@20.24.14 (040700-319035315):22)
08-28 21:55:54.208  2403  4353 E PeopleGalProvider: 	at com.google.android.gms.people.service.galprovider.PeopleGalChimeraProvider.query(:com.google.android.gms@202414022@20.24.14 (040700-319035315):14)
08-28 21:55:54.208  2403  4353 E PeopleGalProvider: 	at qlv.query(:com.google.android.gms@202414022@20.24.14 (040700-319035315):3)
08-28 21:55:54.208  2403  4353 E PeopleGalProvider: 	at android.content.ContentProvider.query(ContentProvider.java:1214)
08-28 21:55:54.208  2403  4353 E PeopleGalProvider: 	at ctk.superQuery(:com.google.android.gms@202414022@20.24.14 (040700-319035315):2)
08-28 21:55:54.208  2403  4353 E PeopleGalProvider: 	at com.google.android.chimera.ContentProvider.query(:com.google.android.gms@202414022@20.24.14 (040700-319035315):2)
08-28 21:55:54.208  2403  4353 E PeopleGalProvider: 	at qlv.query(:com.google.android.gms@202414022@20.24.14 (040700-319035315):8)
08-28 21:55:54.208  2403  4353 E PeopleGalProvider: 	at android.content.ContentProvider.query(ContentProvider.java:1307)
08-28 21:55:54.208  2403  4353 E PeopleGalProvider: 	at ctk.superQuery(:com.google.android.gms@202414022@20.24.14 (040700-319035315):1)
08-28 21:55:54.208  2403  4353 E PeopleGalProvider: 	at com.google.android.chimera.ContentProvider.query(:com.google.android.gms@202414022@20.24.14 (040700-319035315):1)
08-28 21:55:54.208  2403  4353 E PeopleGalProvider: 	at ctk.query(:com.google.android.gms@202414022@20.24.14 (040700-319035315):2)
08-28 21:55:54.208  2403  4353 E PeopleGalProvider: 	at android.content.ContentProvider$Transport.query(ContentProvider.java:267)
08-28 21:55:54.208  2403  4353 E PeopleGalProvider: 	at android.content.ContentResolver.query(ContentResolver.java:944)
08-28 21:55:54.208  2403  4353 E PeopleGalProvider: 	at android.content.ContentResolver.query(ContentResolver.java:880)
08-28 21:55:54.208  2403  4353 E PeopleGalProvider: 	at android.content.ContentResolver.query(ContentResolver.java:836)
08-28 21:55:54.208  2403  4353 E PeopleGalProvider: 	at anvv.b(:com.google.android.gms@202414022@20.24.14 (040700-319035315):4)
08-28 21:55:54.208  2403  4353 E PeopleGalProvider: 	at anuy.a(:com.google.android.gms@202414022@20.24.14 (040700-319035315):5)
08-28 21:55:54.208  2403  4353 E PeopleGalProvider: 	at aabt.run(:com.google.android.gms@202414022@20.24.14 (040700-319035315):9)
08-28 21:55:54.208  2403  4353 E PeopleGalProvider: 	at bnin.run(:com.google.android.gms@202414022@20.24.14 (040700-319035315):2)
08-28 21:55:54.208  2403  4353 E PeopleGalProvider: 	at soy.b(:com.google.android.gms@202414022@20.24.14 (040700-319035315):12)
08-28 21:55:54.208  2403  4353 E PeopleGalProvider: 	at soy.run(:com.google.android.gms@202414022@20.24.14 (040700-319035315):7)
08-28 21:55:54.208  2403  4353 E PeopleGalProvider: 	at java.util.concurrent.ThreadPoolExecutor.runWorker(ThreadPoolExecutor.java:1167)
08-28 21:55:54.208  2403  4353 E PeopleGalProvider: 	at java.util.concurrent.ThreadPoolExecutor$Worker.run(ThreadPoolExecutor.java:641)
08-28 21:55:54.208  2403  4353 E PeopleGalProvider: 	at sux.run(:com.google.android.gms@202414022@20.24.14 (040700-319035315):0)
08-28 21:55:54.208  2403  4353 E PeopleGalProvider: 	at java.lang.Thread.run(Thread.java:919)
08-28 21:55:54.213  8768  8793 E ProxyGalProvider: QueryGalProvider in GmsCore failed.
08-28 21:55:54.213  8768  8793 E ProxyGalProvider: java.util.concurrent.ExecutionException: com.google.android.gms.common.api.ApiException: 102: 
08-28 21:55:54.213  8768  8793 E ProxyGalProvider: 	at com.google.android.gms.tasks.Tasks.zza(Tasks.java:61)
08-28 21:55:54.213  8768  8793 E ProxyGalProvider: 	at com.google.android.gms.tasks.Tasks.await(Tasks.java:33)
08-28 21:55:54.213  8768  8793 E ProxyGalProvider: 	at com.google.android.syncadapters.contacts.ProxyGalProvider.query(ProxyGalProvider.java:84)
08-28 21:55:54.213  8768  8793 E ProxyGalProvider: 	at android.content.ContentProvider.query(ContentProvider.java:1214)
08-28 21:55:54.213  8768  8793 E ProxyGalProvider: 	at android.content.ContentProvider.query(ContentProvider.java:1307)
08-28 21:55:54.213  8768  8793 E ProxyGalProvider: 	at android.content.ContentProvider$Transport.query(ContentProvider.java:267)
08-28 21:55:54.213  8768  8793 E ProxyGalProvider: 	at android.content.ContentProviderNative.onTransact(ContentProviderNative.java:104)
08-28 21:55:54.213  8768  8793 E ProxyGalProvider: 	at android.os.Binder.execTransactInternal(Binder.java:1021)
08-28 21:55:54.213  8768  8793 E ProxyGalProvider: 	at android.os.Binder.execTransact(Binder.java:994)
08-28 21:55:54.213  8768  8793 E ProxyGalProvider: Caused by: com.google.android.gms.common.api.ApiException: 102: 
08-28 21:55:54.213  8768  8793 E ProxyGalProvider: 	at com.google.android.gms.common.api.internal.zzdm.zza(TaskUtil.java:3)
08-28 21:55:54.213  8768  8793 E ProxyGalProvider: 	at com.google.android.gms.people.zzy.zza(GalProviderClient.java:2)
08-28 21:55:54.213  8768  8793 E ProxyGalProvider: 	at com.google.android.gms.people.internal.zzf.onTransact(IPeopleCallbacks.java:77)
08-28 21:55:54.213  8768  8793 E ProxyGalProvider: 	... 2 more
08-28 21:55:54.213  8768  8793 W ProxyGalProvider: GalProvider in GmsCore is not ready, using legacy one
08-28 21:55:54.213  8768  8793 W ProxyGalProvider: java.util.concurrent.ExecutionException: com.google.android.gms.common.api.ApiException: 102: 
08-28 21:55:54.213  8768  8793 W ProxyGalProvider: 	at com.google.android.gms.tasks.Tasks.zza(Tasks.java:61)
08-28 21:55:54.213  8768  8793 W ProxyGalProvider: 	at com.google.android.gms.tasks.Tasks.await(Tasks.java:33)
08-28 21:55:54.213  8768  8793 W ProxyGalProvider: 	at com.google.android.syncadapters.contacts.ProxyGalProvider.query(ProxyGalProvider.java:84)
08-28 21:55:54.213  8768  8793 W ProxyGalProvider: 	at android.content.ContentProvider.query(ContentProvider.java:1214)
08-28 21:55:54.213  8768  8793 W ProxyGalProvider: 	at android.content.ContentProvider.query(ContentProvider.java:1307)
08-28 21:55:54.213  8768  8793 W ProxyGalProvider: 	at android.content.ContentProvider$Transport.query(ContentProvider.java:267)
08-28 21:55:54.213  8768  8793 W ProxyGalProvider: 	at android.content.ContentProviderNative.onTransact(ContentProviderNative.java:104)
08-28 21:55:54.213  8768  8793 W ProxyGalProvider: 	at android.os.Binder.execTransactInternal(Binder.java:1021)
08-28 21:55:54.213  8768  8793 W ProxyGalProvider: 	at android.os.Binder.execTransact(Binder.java:994)
08-28 21:55:54.213  8768  8793 W ProxyGalProvider: Caused by: com.google.android.gms.common.api.ApiException: 102: 
08-28 21:55:54.213  8768  8793 W ProxyGalProvider: 	at com.google.android.gms.common.api.internal.zzdm.zza(TaskUtil.java:3)
08-28 21:55:54.213  8768  8793 W ProxyGalProvider: 	at com.google.android.gms.people.zzy.zza(GalProviderClient.java:2)
08-28 21:55:54.213  8768  8793 W ProxyGalProvider: 	at com.google.android.gms.people.internal.zzf.onTransact(IPeopleCallbacks.java:77)
08-28 21:55:54.213  8768  8793 W ProxyGalProvider: 	... 2 more
08-28 21:55:54.213  8768  8793 I ProxyGalProvider: QueryGalProvider in Legacy provider.
08-28 21:55:54.219  2194  4051 W GCoreFlp: No location to return for getLastLocation()
08-28 21:55:54.226  2194  8672 I LogUtils: [Places]: ?: Couldn't find platform key file. [CONTEXT service_id=253 ]
08-28 21:55:54.228  2403  4353 E PeopleGalProvider: Gal task threw exception.
08-28 21:55:54.228  2403  4353 E PeopleGalProvider: java.lang.UnsupportedOperationException
08-28 21:55:54.228  2403  4353 E PeopleGalProvider: 	at com.google.android.gms.people.service.galprovider.PeopleGalChimeraProvider.a(:com.google.android.gms@202414022@20.24.14 (040700-319035315):22)
08-28 21:55:54.228  2403  4353 E PeopleGalProvider: 	at com.google.android.gms.people.service.galprovider.PeopleGalChimeraProvider.query(:com.google.android.gms@202414022@20.24.14 (040700-319035315):14)
08-28 21:55:54.228  2403  4353 E PeopleGalProvider: 	at qlv.query(:com.google.android.gms@202414022@20.24.14 (040700-319035315):3)
08-28 21:55:54.228  2403  4353 E PeopleGalProvider: 	at android.content.ContentProvider.query(ContentProvider.java:1214)
08-28 21:55:54.228  2403  4353 E PeopleGalProvider: 	at ctk.superQuery(:com.google.android.gms@202414022@20.24.14 (040700-319035315):2)
08-28 21:55:54.228  2403  4353 E PeopleGalProvider: 	at com.google.android.chimera.ContentProvider.query(:com.google.android.gms@202414022@20.24.14 (040700-319035315):2)
08-28 21:55:54.228  2403  4353 E PeopleGalProvider: 	at qlv.query(:com.google.android.gms@202414022@20.24.14 (040700-319035315):8)
08-28 21:55:54.228  2403  4353 E PeopleGalProvider: 	at android.content.ContentProvider.query(ContentProvider.java:1307)
08-28 21:55:54.228  2403  4353 E PeopleGalProvider: 	at ctk.superQuery(:com.google.android.gms@202414022@20.24.14 (040700-319035315):1)
08-28 21:55:54.228  2403  4353 E PeopleGalProvider: 	at com.google.android.chimera.ContentProvider.query(:com.google.android.gms@202414022@20.24.14 (040700-319035315):1)
08-28 21:55:54.228  2403  4353 E PeopleGalProvider: 	at ctk.query(:com.google.android.gms@202414022@20.24.14 (040700-319035315):2)
08-28 21:55:54.228  2403  4353 E PeopleGalProvider: 	at android.content.ContentProvider$Transport.query(ContentProvider.java:267)
08-28 21:55:54.228  2403  4353 E PeopleGalProvider: 	at android.content.ContentResolver.query(ContentResolver.java:944)
08-28 21:55:54.228  2403  4353 E PeopleGalProvider: 	at android.content.ContentResolver.query(ContentResolver.java:880)
08-28 21:55:54.228  2403  4353 E PeopleGalProvider: 	at android.content.ContentResolver.query(ContentResolver.java:836)
08-28 21:55:54.228  2403  4353 E PeopleGalProvider: 	at anvv.b(:com.google.android.gms@202414022@20.24.14 (040700-319035315):4)
08-28 21:55:54.228  2403  4353 E PeopleGalProvider: 	at anuy.a(:com.google.android.gms@202414022@20.24.14 (040700-319035315):5)
08-28 21:55:54.228  2403  4353 E PeopleGalProvider: 	at aabt.run(:com.google.android.gms@202414022@20.24.14 (040700-319035315):9)
08-28 21:55:54.228  2403  4353 E PeopleGalProvider: 	at bnin.run(:com.google.android.gms@202414022@20.24.14 (040700-319035315):2)
08-28 21:55:54.228  2403  4353 E PeopleGalProvider: 	at soy.b(:com.google.android.gms@202414022@20.24.14 (040700-319035315):12)
08-28 21:55:54.228  2403  4353 E PeopleGalProvider: 	at soy.run(:com.google.android.gms@202414022@20.24.14 (040700-319035315):7)
08-28 21:55:54.228  2403  4353 E PeopleGalProvider: 	at java.util.concurrent.ThreadPoolExecutor.runWorker(ThreadPoolExecutor.java:1167)
08-28 21:55:54.228  2403  4353 E PeopleGalProvider: 	at java.util.concurrent.ThreadPoolExecutor$Worker.run(ThreadPoolExecutor.java:641)
08-28 21:55:54.228  2403  4353 E PeopleGalProvider: 	at sux.run(:com.google.android.gms@202414022@20.24.14 (040700-319035315):0)
08-28 21:55:54.228  2403  4353 E PeopleGalProvider: 	at java.lang.Thread.run(Thread.java:919)
08-28 21:55:54.230  8768  8787 E ProxyGalProvider: QueryGalProvider in GmsCore failed.
08-28 21:55:54.230  8768  8787 E ProxyGalProvider: java.util.concurrent.ExecutionException: com.google.android.gms.common.api.ApiException: 102: 
08-28 21:55:54.230  8768  8787 E ProxyGalProvider: 	at com.google.android.gms.tasks.Tasks.zza(Tasks.java:61)
08-28 21:55:54.230  8768  8787 E ProxyGalProvider: 	at com.google.android.gms.tasks.Tasks.await(Tasks.java:33)
08-28 21:55:54.230  8768  8787 E ProxyGalProvider: 	at com.google.android.syncadapters.contacts.ProxyGalProvider.query(ProxyGalProvider.java:84)
08-28 21:55:54.230  8768  8787 E ProxyGalProvider: 	at android.content.ContentProvider.query(ContentProvider.java:1214)
08-28 21:55:54.230  8768  8787 E ProxyGalProvider: 	at android.content.ContentProvider.query(ContentProvider.java:1307)
08-28 21:55:54.230  8768  8787 E ProxyGalProvider: 	at android.content.ContentProvider$Transport.query(ContentProvider.java:267)
08-28 21:55:54.230  8768  8787 E ProxyGalProvider: 	at android.content.ContentProviderNative.onTransact(ContentProviderNative.java:104)
08-28 21:55:54.230  8768  8787 E ProxyGalProvider: 	at android.os.Binder.execTransactInternal(Binder.java:1021)
08-28 21:55:54.230  8768  8787 E ProxyGalProvider: 	at android.os.Binder.execTransact(Binder.java:994)
08-28 21:55:54.230  8768  8787 E ProxyGalProvider: Caused by: com.google.android.gms.common.api.ApiException: 102: 
08-28 21:55:54.230  8768  8787 E ProxyGalProvider: 	at com.google.android.gms.common.api.internal.zzdm.zza(TaskUtil.java:3)
08-28 21:55:54.230  8768  8787 E ProxyGalProvider: 	at com.google.android.gms.people.zzy.zza(GalProviderClient.java:2)
08-28 21:55:54.230  8768  8787 E ProxyGalProvider: 	at com.google.android.gms.people.internal.zzf.onTransact(IPeopleCallbacks.java:77)
08-28 21:55:54.230  8768  8787 E ProxyGalProvider: 	... 2 more
08-28 21:55:54.230  8768  8787 W ProxyGalProvider: GalProvider in GmsCore is not ready, using legacy one
08-28 21:55:54.230  8768  8787 W ProxyGalProvider: java.util.concurrent.ExecutionException: com.google.android.gms.common.api.ApiException: 102: 
08-28 21:55:54.230  8768  8787 W ProxyGalProvider: 	at com.google.android.gms.tasks.Tasks.zza(Tasks.java:61)
08-28 21:55:54.230  8768  8787 W ProxyGalProvider: 	at com.google.android.gms.tasks.Tasks.await(Tasks.java:33)
08-28 21:55:54.230  8768  8787 W ProxyGalProvider: 	at com.google.android.syncadapters.contacts.ProxyGalProvider.query(ProxyGalProvider.java:84)
08-28 21:55:54.230  8768  8787 W ProxyGalProvider: 	at android.content.ContentProvider.query(ContentProvider.java:1214)
08-28 21:55:54.230  8768  8787 W ProxyGalProvider: 	at android.content.ContentProvider.query(ContentProvider.java:1307)
08-28 21:55:54.230  8768  8787 W ProxyGalProvider: 	at android.content.ContentProvider$Transport.query(ContentProvider.java:267)
08-28 21:55:54.230  8768  8787 W ProxyGalProvider: 	at android.content.ContentProviderNative.onTransact(ContentProviderNative.java:104)
08-28 21:55:54.230  8768  8787 W ProxyGalProvider: 	at android.os.Binder.execTransactInternal(Binder.java:1021)
08-28 21:55:54.230  8768  8787 W ProxyGalProvider: 	at android.os.Binder.execTransact(Binder.java:994)
08-28 21:55:54.230  8768  8787 W ProxyGalProvider: Caused by: com.google.android.gms.common.api.ApiException: 102: 
08-28 21:55:54.230  8768  8787 W ProxyGalProvider: 	at com.google.android.gms.common.api.internal.zzdm.zza(TaskUtil.java:3)
08-28 21:55:54.230  8768  8787 W ProxyGalProvider: 	at com.google.android.gms.people.zzy.zza(GalProviderClient.java:2)
08-28 21:55:54.230  8768  8787 W ProxyGalProvider: 	at com.google.android.gms.people.internal.zzf.onTransact(IPeopleCallbacks.java:77)
08-28 21:55:54.230  8768  8787 W ProxyGalProvider: 	... 2 more
08-28 21:55:54.230  8768  8787 I ProxyGalProvider: QueryGalProvider in Legacy provider.
08-28 21:55:54.233  2194  5630 I NetworkScheduler.Stats: Task com.google.android.inputmethod.latin/ started execution. cause:7 exec_start_elapsed_seconds: 4844 [CONTEXT service_id=218 ]
08-28 21:55:54.278  2194  4809 I LogUtils: [Places]: ?: Couldn't find platform key file. [CONTEXT service_id=253 ]
08-28 21:55:54.289  2194  4051 W GCoreFlp: No location to return for getLastLocation()
08-28 21:55:54.307  2788  3679 I SP      : <==== Finishing job {m:b, bg}, 467 ms. elapsed since start
08-28 21:55:54.307  2788  3679 I SP      : Download stopped: manifests:delight-2019100102, succeeded, size: 268519
08-28 21:55:54.319  2788  3679 I SP      : Scheduling job with delay of 0s for {m:b, bg}, 2 candidates
08-28 21:55:54.339  2788  3679 I SP      : Scheduling job with delay of 0s for {m:b, fg}, 1 candidates
08-28 21:55:54.342  8724  8760 I ContactDirectoryManager: deleted 0 stale rows which don't have any relevant directory
08-28 21:55:54.343  8724  8760 I ContactDirectoryManager: Discovered 0 contact directories in 831ms
08-28 21:55:54.345  8724  8759 I ContactDirectoryManager: deleted 0 stale rows which don't have any relevant directory
08-28 21:55:54.347  8724  8759 I ContactDirectoryManager: Discovered 0 contact directories in 767ms
08-28 21:55:54.350  2194  8673 I .gms.persisten: IncrementDisableThreadFlip blocked for 7.553ms
08-28 21:55:54.351  2194  5630 I .gms.persisten: IncrementDisableThreadFlip blocked for 8.282ms
08-28 21:55:54.361  2788  2788 I SP      : ====> Starting job {m:b, fg}
08-28 21:55:54.367  2194  8795 I LogUtils: [Places]: ?: PlacesBleScanner start() with priority 2 [CONTEXT service_id=253 ]
08-28 21:55:54.368  2194  8795 I PlacesLogger: [PlaceInferenceEngine]: [anon] Changed inference mode: 1 [CONTEXT service_id=253 ]
08-28 21:55:54.382  2788  3679 I SP      : Scheduling: download stopped, 0 started, 0 paused, 3 scheduled, 3 pending: manifests:emoji-20 * {m:b, fg}, manifests:emoji-predictor-20190205 * {m:b, bg}, manifests:next-word-predictor-20180920 * {m:b, bg}
08-28 21:55:54.400  2194  2194 E BeaconBle: Missing BluetoothAdapter [CONTEXT service_id=111 ]
08-28 21:55:54.400  2194  2194 I BeaconBle: BLE 'KK+' software access layer enabled [CONTEXT service_id=111 ]
08-28 21:55:54.401  2788  3679 I SP      : Scheduling job with delay of 0s for {m:b, bg}, 2 candidates
08-28 21:55:54.424  2194  4051 W GCoreFlp: No location to return for getLastLocation()
